Archive member included to satisfy reference by file (symbol)

/home/juan/Documents/VIII_Semestre/Labo_Micros/Labos_con_Luisja/Laboratorio_Microcontroladores/Laboratorio_4/src/libopencm3-examples/libopencm3/lib/libopencm3_stm32f4.a(fmc_common_f47.o)
                              sdram.o (sdram_timing)
/home/juan/Documents/VIII_Semestre/Labo_Micros/Labos_con_Luisja/Laboratorio_Microcontroladores/Laboratorio_4/src/libopencm3-examples/libopencm3/lib/libopencm3_stm32f4.a(gpio_common_all.o)
                              lcd.o (gpio_set)
/home/juan/Documents/VIII_Semestre/Labo_Micros/Labos_con_Luisja/Laboratorio_Microcontroladores/Laboratorio_4/src/libopencm3-examples/libopencm3/lib/libopencm3_stm32f4.a(gpio_common_f0234.o)
                              sdram.o (gpio_mode_setup)
/home/juan/Documents/VIII_Semestre/Labo_Micros/Labos_con_Luisja/Laboratorio_Microcontroladores/Laboratorio_4/src/libopencm3-examples/libopencm3/lib/libopencm3_stm32f4.a(rcc_common_all.o)
                              sdram.o (rcc_periph_clock_enable)
/home/juan/Documents/VIII_Semestre/Labo_Micros/Labos_con_Luisja/Laboratorio_Microcontroladores/Laboratorio_4/src/libopencm3-examples/libopencm3/lib/libopencm3_stm32f4.a(rcc.o)
                              clock.o (rcc_clock_setup_pll)
/home/juan/Documents/VIII_Semestre/Labo_Micros/Labos_con_Luisja/Laboratorio_Microcontroladores/Laboratorio_4/src/libopencm3-examples/libopencm3/lib/libopencm3_stm32f4.a(spi_common_all.o)
                              lcd.o (spi_enable)
/home/juan/Documents/VIII_Semestre/Labo_Micros/Labos_con_Luisja/Laboratorio_Microcontroladores/Laboratorio_4/src/libopencm3-examples/libopencm3/lib/libopencm3_stm32f4.a(spi_common_v1.o)
                              lcd.o (spi_init_master)
/home/juan/Documents/VIII_Semestre/Labo_Micros/Labos_con_Luisja/Laboratorio_Microcontroladores/Laboratorio_4/src/libopencm3-examples/libopencm3/lib/libopencm3_stm32f4.a(usart_common_all.o)
                              labo4.o (usart_set_baudrate)
/home/juan/Documents/VIII_Semestre/Labo_Micros/Labos_con_Luisja/Laboratorio_Microcontroladores/Laboratorio_4/src/libopencm3-examples/libopencm3/lib/libopencm3_stm32f4.a(usart_common_f124.o)
                              /home/juan/Documents/VIII_Semestre/Labo_Micros/Labos_con_Luisja/Laboratorio_Microcontroladores/Laboratorio_4/src/libopencm3-examples/libopencm3/lib/libopencm3_stm32f4.a(usart_common_all.o) (usart_send)
/home/juan/Documents/VIII_Semestre/Labo_Micros/Labos_con_Luisja/Laboratorio_Microcontroladores/Laboratorio_4/src/libopencm3-examples/libopencm3/lib/libopencm3_stm32f4.a(vector.o)
                              (reset_handler)
/home/juan/Documents/VIII_Semestre/Labo_Micros/Labos_con_Luisja/Laboratorio_Microcontroladores/Laboratorio_4/src/libopencm3-examples/libopencm3/lib/libopencm3_stm32f4.a(systick.o)
                              clock.o (systick_set_reload)
/home/juan/Documents/VIII_Semestre/Labo_Micros/Labos_con_Luisja/Laboratorio_Microcontroladores/Laboratorio_4/src/libopencm3-examples/libopencm3/lib/libopencm3_stm32f4.a(flash_common_all.o)
                              /home/juan/Documents/VIII_Semestre/Labo_Micros/Labos_con_Luisja/Laboratorio_Microcontroladores/Laboratorio_4/src/libopencm3-examples/libopencm3/lib/libopencm3_stm32f4.a(rcc.o) (flash_set_ws)
/home/juan/Documents/VIII_Semestre/Labo_Micros/Labos_con_Luisja/Laboratorio_Microcontroladores/Laboratorio_4/src/libopencm3-examples/libopencm3/lib/libopencm3_stm32f4.a(flash_common_idcache.o)
                              /home/juan/Documents/VIII_Semestre/Labo_Micros/Labos_con_Luisja/Laboratorio_Microcontroladores/Laboratorio_4/src/libopencm3-examples/libopencm3/lib/libopencm3_stm32f4.a(rcc.o) (flash_dcache_enable)
/home/juan/Documents/VIII_Semestre/Labo_Micros/Labos_con_Luisja/Laboratorio_Microcontroladores/Laboratorio_4/src/libopencm3-examples/libopencm3/lib/libopencm3_stm32f4.a(pwr.o)
                              /home/juan/Documents/VIII_Semestre/Labo_Micros/Labos_con_Luisja/Laboratorio_Microcontroladores/Laboratorio_4/src/libopencm3-examples/libopencm3/lib/libopencm3_stm32f4.a(rcc.o) (pwr_set_vos_scale)
/usr/lib/gcc/arm-none-eabi/9.2.1/../../../arm-none-eabi/lib/thumb/v7e-m+fp/hard/libc.a(lib_a-printf.o)
                              lcd.o (printf)
/usr/lib/gcc/arm-none-eabi/9.2.1/../../../arm-none-eabi/lib/thumb/v7e-m+fp/hard/libc.a(lib_a-puts.o)
                              labo4.o (puts)
/usr/lib/gcc/arm-none-eabi/9.2.1/../../../arm-none-eabi/lib/thumb/v7e-m+fp/hard/libc.a(lib_a-strlen.o)
                              /usr/lib/gcc/arm-none-eabi/9.2.1/../../../arm-none-eabi/lib/thumb/v7e-m+fp/hard/libc.a(lib_a-puts.o) (strlen)
/usr/lib/gcc/arm-none-eabi/9.2.1/../../../arm-none-eabi/lib/thumb/v7e-m+fp/hard/libc.a(lib_a-vfprintf.o)
                              /usr/lib/gcc/arm-none-eabi/9.2.1/../../../arm-none-eabi/lib/thumb/v7e-m+fp/hard/libc.a(lib_a-printf.o) (_vfprintf_r)
[...]
Memory Configuration

Name             Origin             Length             Attributes
rom              0x0000000008000000 0x0000000000200000 xr
ccm              0x0000000010000000 0x0000000000010000 xrw
ram              0x0000000020000000 0x0000000000030000 xrw
*default*        0x0000000000000000 0xffffffffffffffff

Linker script and memory map

LOAD sdram.o
LOAD lcd.o
LOAD clock.o
LOAD labo4.o
LOAD /home/juan/Documents/VIII_Semestre/Labo_Micros/Labos_con_Luisja/Laboratorio_Microcontroladores/Laboratorio_4/src/libopencm3-examples/libopencm3/lib/libopencm3_stm32f4.a
START GROUP
LOAD /usr/lib/gcc/arm-none-eabi/9.2.1/../../../arm-none-eabi/lib/thumb/v7e-m+fp/hard/libc.a
LOAD /usr/lib/gcc/arm-none-eabi/9.2.1/thumb/v7e-m+fp/hard/libgcc.a
LOAD /usr/lib/gcc/arm-none-eabi/9.2.1/../../../arm-none-eabi/lib/thumb/v7e-m+fp/hard/libnosys.a
END GROUP
START GROUP
LOAD /usr/lib/gcc/arm-none-eabi/9.2.1/thumb/v7e-m+fp/hard/libgcc.a
LOAD /usr/lib/gcc/arm-none-eabi/9.2.1/../../../arm-none-eabi/lib/thumb/v7e-m+fp/hard/libg.a
LOAD /usr/lib/gcc/arm-none-eabi/9.2.1/../../../arm-none-eabi/lib/thumb/v7e-m+fp/hard/libc.a
END GROUP

.text           0x0000000008000000     0x7f68
 *(.vectors)
 .vectors       0x0000000008000000      0x1ac /home/juan/Documents/VIII_Semestre/Labo_Micros/Labos_con_Luisja/Laboratorio_Microcontroladores/Laboratorio_4/src/libopencm3-examples/libopencm3/lib/libopencm3_stm32f4.a(vector.o)
                0x0000000008000000                vector_table
 *(.text*)
 .text.sdram_init
                0x00000000080001ac       0xfc sdram.o
                0x00000000080001ac                sdram_init
 .text.lcd_command
                0x00000000080002a8       0x64 lcd.o
 .text.lcd_draw_pixel
                0x000000000800030c       0x30 lcd.o
                0x000000000800030c                lcd_draw_pixel
 .text.lcd_show_frame
                0x000000000800033c       0x50 lcd.o
                0x000000000800033c                lcd_show_frame
 .text.lcd_init
                0x000000000800038c       0xf0 lcd.o
                0x000000000800038c                lcd_init
 .text.clock_setup
                0x000000000800047c       0x3c clock.o
                0x000000000800047c                clock_setup
 .text.sys_tick_handler
                0x00000000080004b8       0x20 clock.o
                0x00000000080004b8                sys_tick_handler
 .text.msleep   0x00000000080004d8       0x10 clock.o
                0x00000000080004d8                msleep
 .text.mandel   0x00000000080004e8       0xb4 labo4.o
                0x00000000080004e8                mandel
 .text.startup.main
                0x000000000800059c      0x10c labo4.o
                0x000000000800059c                main
 .text.uart_putc
                0x00000000080006a8       0x18 labo4.o
                0x00000000080006a8                uart_putc
 .text._write   0x00000000080006c0       0x34 labo4.o
                0x00000000080006c0                _write
 .text.sdram_timing
                0x00000000080006f4       0x4e /home/juan/Documents/VIII_Semestre/Labo_Micros/Labos_con_Luisja/Laboratorio_Microcontroladores/Laboratorio_4/src/libopencm3-examples/libopencm3/lib/libopencm3_stm32f4.a(fmc_common_f47.o)
                0x00000000080006f4                sdram_timing
 *fill*         0x0000000008000742        0x2 
 .text.sdram_command
                0x0000000008000744       0x64 /home/juan/Documents/VIII_Semestre/Labo_Micros/Labos_con_Luisja/Laboratorio_Microcontroladores/Laboratorio_4/src/libopencm3-examples/libopencm3/lib/libopencm3_stm32f4.a(fmc_common_f47.o)
                0x0000000008000744                sdram_command
 .text.gpio_set
                0x00000000080007a8        0x4 /home/juan/Documents/VIII_Semestre/Labo_Micros/Labos_con_Luisja/Laboratorio_Microcontroladores/Laboratorio_4/src/libopencm3-examples/libopencm3/lib/libopencm3_stm32f4.a(gpio_common_all.o)
                0x00000000080007a8                gpio_set
 .text.gpio_clear
                0x00000000080007ac        0x6 /home/juan/Documents/VIII_Semestre/Labo_Micros/Labos_con_Luisja/Laboratorio_Microcontroladores/Laboratorio_4/src/libopencm3-examples/libopencm3/lib/libopencm3_stm32f4.a(gpio_common_all.o)
                0x00000000080007ac                gpio_clear
 .text.gpio_toggle
                0x00000000080007b2       0x12 /home/juan/Documents/VIII_Semestre/Labo_Micros/Labos_con_Luisja/Laboratorio_Microcontroladores/Laboratorio_4/src/libopencm3-examples/libopencm3/lib/libopencm3_stm32f4.a(gpio_common_all.o)
                0x00000000080007b2                gpio_toggle
 .text.gpio_mode_setup
                0x00000000080007c4       0x40 /home/juan/Documents/VIII_Semestre/Labo_Micros/Labos_con_Luisja/Laboratorio_Microcontroladores/Laboratorio_4/src/libopencm3-examples/libopencm3/lib/libopencm3_stm32f4.a(gpio_common_f0234.o)
                0x00000000080007c4                gpio_mode_setup
 .text.gpio_set_output_options
                0x0000000008000804       0x36 /home/juan/Documents/VIII_Semestre/Labo_Micros/Labos_con_Luisja/Laboratorio_Microcontroladores/Laboratorio_4/src/libopencm3-examples/libopencm3/lib/libopencm3_stm32f4.a(gpio_common_f0234.o)
                0x0000000008000804                gpio_set_output_options
 .text.gpio_set_af
                0x000000000800083a       0x54 /home/juan/Documents/VIII_Semestre/Labo_Micros/Labos_con_Luisja/Laboratorio_Microcontroladores/Laboratorio_4/src/libopencm3-examples/libopencm3/lib/libopencm3_stm32f4.a(gpio_common_f0234.o)
                0x000000000800083a                gpio_set_af
 .text.rcc_periph_clock_enable
                0x000000000800088e       0x1c /home/juan/Documents/VIII_Semestre/Labo_Micros/Labos_con_Luisja/Laboratorio_Microcontroladores/Laboratorio_4/src/libopencm3-examples/libopencm3/lib/libopencm3_stm32f4.a(rcc_common_all.o)
                0x000000000800088e                rcc_periph_clock_enable
 *fill*         0x00000000080008aa        0x2 
 .text.rcc_is_osc_ready
                0x00000000080008ac       0x5c /home/juan/Documents/VIII_Semestre/Labo_Micros/Labos_con_Luisja/Laboratorio_Microcontroladores/Laboratorio_4/src/libopencm3-examples/libopencm3/lib/libopencm3_stm32f4.a(rcc.o)
                0x00000000080008ac                rcc_is_osc_ready
 .text.rcc_wait_for_osc_ready
                0x0000000008000908       0x10 /home/juan/Documents/VIII_Semestre/Labo_Micros/Labos_con_Luisja/Laboratorio_Microcontroladores/Laboratorio_4/src/libopencm3-examples/libopencm3/lib/libopencm3_stm32f4.a(rcc.o)
                0x0000000008000908                rcc_wait_for_osc_ready
 .text.rcc_osc_on
                0x0000000008000918       0x58 /home/juan/Documents/VIII_Semestre/Labo_Micros/Labos_con_Luisja/Laboratorio_Microcontroladores/Laboratorio_4/src/libopencm3-examples/libopencm3/lib/libopencm3_stm32f4.a(rcc.o)
                0x0000000008000918                rcc_osc_on
 .text.rcc_osc_off
                0x0000000008000970       0x58 /home/juan/Documents/VIII_Semestre/Labo_Micros/Labos_con_Luisja/Laboratorio_Microcontroladores/Laboratorio_4/src/libopencm3-examples/libopencm3/lib/libopencm3_stm32f4.a(rcc.o)
                0x0000000008000970                rcc_osc_off
 .text.rcc_set_sysclk_source
                0x00000000080009c8       0x14 /home/juan/Documents/VIII_Semestre/Labo_Micros/Labos_con_Luisja/Laboratorio_Microcontroladores/Laboratorio_4/src/libopencm3-examples/libopencm3/lib/libopencm3_stm32f4.a(rcc.o)
                0x00000000080009c8                rcc_set_sysclk_source
 .text.rcc_set_ppre2
                0x00000000080009dc       0x14 /home/juan/Documents/VIII_Semestre/Labo_Micros/Labos_con_Luisja/Laboratorio_Microcontroladores/Laboratorio_4/src/libopencm3-examples/libopencm3/lib/libopencm3_stm32f4.a(rcc.o)
                0x00000000080009dc                rcc_set_ppre2
 .text.rcc_set_ppre1
                0x00000000080009f0       0x14 /home/juan/Documents/VIII_Semestre/Labo_Micros/Labos_con_Luisja/Laboratorio_Microcontroladores/Laboratorio_4/src/libopencm3-examples/libopencm3/lib/libopencm3_stm32f4.a(rcc.o)
                0x00000000080009f0                rcc_set_ppre1
 .text.rcc_set_hpre
                0x0000000008000a04       0x14 /home/juan/Documents/VIII_Semestre/Labo_Micros/Labos_con_Luisja/Laboratorio_Microcontroladores/Laboratorio_4/src/libopencm3-examples/libopencm3/lib/libopencm3_stm32f4.a(rcc.o)
                0x0000000008000a04                rcc_set_hpre
 .text.rcc_set_main_pll_hsi
                0x0000000008000a18       0x44 /home/juan/Documents/VIII_Semestre/Labo_Micros/Labos_con_Luisja/Laboratorio_Microcontroladores/Laboratorio_4/src/libopencm3-examples/libopencm3/lib/libopencm3_stm32f4.a(rcc.o)
                0x0000000008000a18                rcc_set_main_pll_hsi
 .text.rcc_set_main_pll_hse
                0x0000000008000a5c       0x44 /home/juan/Documents/VIII_Semestre/Labo_Micros/Labos_con_Luisja/Laboratorio_Microcontroladores/Laboratorio_4/src/libopencm3-examples/libopencm3/lib/libopencm3_stm32f4.a(rcc.o)
                0x0000000008000a5c                rcc_set_main_pll_hse
 .text.rcc_clock_setup_pll
                0x0000000008000aa0       0xf4 /home/juan/Documents/VIII_Semestre/Labo_Micros/Labos_con_Luisja/Laboratorio_Microcontroladores/Laboratorio_4/src/libopencm3-examples/libopencm3/lib/libopencm3_stm32f4.a(rcc.o)
                0x0000000008000aa0                rcc_clock_setup_pll
 .text.spi_enable
                0x0000000008000b94        0xa /home/juan/Documents/VIII_Semestre/Labo_Micros/Labos_con_Luisja/Laboratorio_Microcontroladores/Laboratorio_4/src/libopencm3-examples/libopencm3/lib/libopencm3_stm32f4.a(spi_common_all.o)
                0x0000000008000b94                spi_enable
 .text.spi_xfer
                0x0000000008000b9e        0xe /home/juan/Documents/VIII_Semestre/Labo_Micros/Labos_con_Luisja/Laboratorio_Microcontroladores/Laboratorio_4/src/libopencm3-examples/libopencm3/lib/libopencm3_stm32f4.a(spi_common_all.o)
                0x0000000008000b9e                spi_xfer
 .text.spi_enable_ss_output
                0x0000000008000bac        0xa /home/juan/Documents/VIII_Semestre/Labo_Micros/Labos_con_Luisja/Laboratorio_Microcontroladores/Laboratorio_4/src/libopencm3-examples/libopencm3/lib/libopencm3_stm32f4.a(spi_common_all.o)
                0x0000000008000bac                spi_enable_ss_output
 .text.spi_init_master
                0x0000000008000bb6       0x28 /home/juan/Documents/VIII_Semestre/Labo_Micros/Labos_con_Luisja/Laboratorio_Microcontroladores/Laboratorio_4/src/libopencm3-examples/libopencm3/lib/libopencm3_stm32f4.a(spi_common_v1.o)
                0x0000000008000bb6                spi_init_master
 *fill*         0x0000000008000bde        0x2 
 .text.usart_set_baudrate
                0x0000000008000be0       0x2c /home/juan/Documents/VIII_Semestre/Labo_Micros/Labos_con_Luisja/Laboratorio_Microcontroladores/Laboratorio_4/src/libopencm3-examples/libopencm3/lib/libopencm3_stm32f4.a(usart_common_all.o)
                0x0000000008000be0                usart_set_baudrate
 .text.usart_set_databits
                0x0000000008000c0c       0x12 /home/juan/Documents/VIII_Semestre/Labo_Micros/Labos_con_Luisja/Laboratorio_Microcontroladores/Laboratorio_4/src/libopencm3-examples/libopencm3/lib/libopencm3_stm32f4.a(usart_common_all.o)
                0x0000000008000c0c                usart_set_databits
 .text.usart_set_stopbits
                0x0000000008000c1e        0xc /home/juan/Documents/VIII_Semestre/Labo_Micros/Labos_con_Luisja/Laboratorio_Microcontroladores/Laboratorio_4/src/libopencm3-examples/libopencm3/lib/libopencm3_stm32f4.a(usart_common_all.o)
                0x0000000008000c1e                usart_set_stopbits
 .text.usart_set_parity
                0x0000000008000c2a        0xc /home/juan/Documents/VIII_Semestre/Labo_Micros/Labos_con_Luisja/Laboratorio_Microcontroladores/Laboratorio_4/src/libopencm3-examples/libopencm3/lib/libopencm3_stm32f4.a(usart_common_all.o)
                0x0000000008000c2a                usart_set_parity
 .text.usart_set_mode
                0x0000000008000c36        0xc /home/juan/Documents/VIII_Semestre/Labo_Micros/Labos_con_Luisja/Laboratorio_Microcontroladores/Laboratorio_4/src/libopencm3-examples/libopencm3/lib/libopencm3_stm32f4.a(usart_common_all.o)
                0x0000000008000c36                usart_set_mode
 .text.usart_set_flow_control
                0x0000000008000c42        0xc /home/juan/Documents/VIII_Semestre/Labo_Micros/Labos_con_Luisja/Laboratorio_Microcontroladores/Laboratorio_4/src/libopencm3-examples/libopencm3/lib/libopencm3_stm32f4.a(usart_common_all.o)
                0x0000000008000c42                usart_set_flow_control
 .text.usart_enable
                0x0000000008000c4e        0xa /home/juan/Documents/VIII_Semestre/Labo_Micros/Labos_con_Luisja/Laboratorio_Microcontroladores/Laboratorio_4/src/libopencm3-examples/libopencm3/lib/libopencm3_stm32f4.a(usart_common_all.o)
                0x0000000008000c4e                usart_enable
 .text.blocking_handler
                0x0000000008000c58        0x2 /home/juan/Documents/VIII_Semestre/Labo_Micros/Labos_con_Luisja/Laboratorio_Microcontroladores/Laboratorio_4/src/libopencm3-examples/libopencm3/lib/libopencm3_stm32f4.a(vector.o)
                0x0000000008000c58                dma2_stream1_isr
                0x0000000008000c58                tim8_brk_tim12_isr
                0x0000000008000c58                dma1_stream7_isr
                0x0000000008000c58                usart3_isr
                0x0000000008000c58                tim7_isr
                0x0000000008000c58                dma2d_isr
                0x0000000008000c58                uart8_isr
                0x0000000008000c58                dma1_stream2_isr
                0x0000000008000c58                otg_hs_isr
                0x0000000008000c58                blocking_handler
                0x0000000008000c58                tim5_isr
                0x0000000008000c58                rtc_wkup_isr
                0x0000000008000c58                otg_fs_isr
                0x0000000008000c58                spi1_isr
                0x0000000008000c58                i2c3_er_isr
                0x0000000008000c58                exti2_isr
                0x0000000008000c58                spi5_isr
                0x0000000008000c58                usb_fs_wkup_isr
                0x0000000008000c58                tamp_stamp_isr
                0x0000000008000c58                can1_rx1_isr
                0x0000000008000c58                dma2_stream0_isr
                0x0000000008000c58                usart1_isr
                0x0000000008000c58                i2c3_ev_isr
                0x0000000008000c58                usage_fault_handler
                0x0000000008000c58                can2_rx0_isr
                0x0000000008000c58                dma1_stream6_isr
                0x0000000008000c58                can2_rx1_isr
                0x0000000008000c58                can1_sce_isr
                0x0000000008000c58                tim1_cc_isr
                0x0000000008000c58                can1_tx_isr
                0x0000000008000c58                tim1_up_tim10_isr
                0x0000000008000c58                sdio_isr
                0x0000000008000c58                eth_isr
                0x0000000008000c58                spi6_isr
                0x0000000008000c58                dma2_stream5_isr
                0x0000000008000c58                pvd_isr
                0x0000000008000c58                can1_rx0_isr
                0x0000000008000c58                rcc_isr
                0x0000000008000c58                dma2_stream3_isr
                0x0000000008000c58                flash_isr
                0x0000000008000c58                uart4_isr
                0x0000000008000c58                lcd_tft_isr
                0x0000000008000c58                rtc_alarm_isr
                0x0000000008000c58                exti15_10_isr
                0x0000000008000c58                hash_rng_isr
                0x0000000008000c58                tim1_trg_com_tim11_isr
                0x0000000008000c58                hard_fault_handler
                0x0000000008000c58                exti1_isr
                0x0000000008000c58                i2c1_ev_isr
                0x0000000008000c58                usart6_isr
                0x0000000008000c58                spi2_isr
                0x0000000008000c58                cryp_isr
                0x0000000008000c58                nvic_wwdg_isr
                0x0000000008000c58                dma1_stream1_isr
                0x0000000008000c58                dma2_stream4_isr
                0x0000000008000c58                exti3_isr
                0x0000000008000c58                tim3_isr
                0x0000000008000c58                usart2_isr
                0x0000000008000c58                sai1_isr
                0x0000000008000c58                fpu_isr
                0x0000000008000c58                dma1_stream4_isr
                0x0000000008000c58                i2c2_er_isr
                0x0000000008000c58                i2c2_ev_isr
                0x0000000008000c58                uart5_isr
                0x0000000008000c58                dma2_stream6_isr
                0x0000000008000c58                spi4_isr
                0x0000000008000c58                adc_isr
                0x0000000008000c58                dma2_stream7_isr
                0x0000000008000c58                tim8_up_tim13_isr
                0x0000000008000c58                fsmc_isr
                0x0000000008000c58                exti4_isr
                0x0000000008000c58                tim6_dac_isr
                0x0000000008000c58                dma1_stream3_isr
                0x0000000008000c58                tim8_trg_com_tim14_isr
                0x0000000008000c58                mem_manage_handler
                0x0000000008000c58                lcd_tft_err_isr
                0x0000000008000c58                can2_tx_isr
                0x0000000008000c58                exti9_5_isr
                0x0000000008000c58                tim1_brk_tim9_isr
                0x0000000008000c58                uart7_isr
                0x0000000008000c58                can2_sce_isr
                0x0000000008000c58                tim4_isr
                0x0000000008000c58                otg_hs_wkup_isr
                0x0000000008000c58                i2c1_er_isr
                0x0000000008000c58                dma1_stream0_isr
                0x0000000008000c58                tim8_cc_isr
                0x0000000008000c58                dcmi_isr
                0x0000000008000c58                dma2_stream2_isr
                0x0000000008000c58                eth_wkup_isr
                0x0000000008000c58                bus_fault_handler
                0x0000000008000c58                otg_hs_ep1_out_isr
                0x0000000008000c58                spi3_isr
                0x0000000008000c58                dma1_stream5_isr
                0x0000000008000c58                otg_hs_ep1_in_isr
                0x0000000008000c58                tim2_isr
                0x0000000008000c58                exti0_isr
 .text.null_handler
                0x0000000008000c5a        0x2 /home/juan/Documents/VIII_Semestre/Labo_Micros/Labos_con_Luisja/Laboratorio_Microcontroladores/Laboratorio_4/src/libopencm3-examples/libopencm3/lib/libopencm3_stm32f4.a(vector.o)
                0x0000000008000c5a                null_handler
                0x0000000008000c5a                sv_call_handler
                0x0000000008000c5a                pend_sv_handler
                0x0000000008000c5a                debug_monitor_handler
                0x0000000008000c5a                nmi_handler
 .text.reset_handler
                0x0000000008000c5c       0x98 /home/juan/Documents/VIII_Semestre/Labo_Micros/Labos_con_Luisja/Laboratorio_Microcontroladores/Laboratorio_4/src/libopencm3-examples/libopencm3/lib/libopencm3_stm32f4.a(vector.o)
                0x0000000008000c5c                reset_handler
 .text.systick_set_reload
                0x0000000008000cf4       0x10 /home/juan/Documents/VIII_Semestre/Labo_Micros/Labos_con_Luisja/Laboratorio_Microcontroladores/Laboratorio_4/src/libopencm3-examples/libopencm3/lib/libopencm3_stm32f4.a(systick.o)
                0x0000000008000cf4                systick_set_reload
 .text.systick_set_clocksource
                0x0000000008000d04       0x18 /home/juan/Documents/VIII_Semestre/Labo_Micros/Labos_con_Luisja/Laboratorio_Microcontroladores/Laboratorio_4/src/libopencm3-examples/libopencm3/lib/libopencm3_stm32f4.a(systick.o)
                0x0000000008000d04                systick_set_clocksource
 .text.systick_interrupt_enable
                0x0000000008000d1c       0x10 /home/juan/Documents/VIII_Semestre/Labo_Micros/Labos_con_Luisja/Laboratorio_Microcontroladores/Laboratorio_4/src/libopencm3-examples/libopencm3/lib/libopencm3_stm32f4.a(systick.o)
                0x0000000008000d1c                systick_interrupt_enable
 .text.systick_counter_enable
                0x0000000008000d2c       0x10 /home/juan/Documents/VIII_Semestre/Labo_Micros/Labos_con_Luisja/Laboratorio_Microcontroladores/Laboratorio_4/src/libopencm3-examples/libopencm3/lib/libopencm3_stm32f4.a(systick.o)
                0x0000000008000d2c                systick_counter_enable
 .text.flash_set_ws
                0x0000000008000d3c       0x14 /home/juan/Documents/VIII_Semestre/Labo_Micros/Labos_con_Luisja/Laboratorio_Microcontroladores/Laboratorio_4/src/libopencm3-examples/libopencm3/lib/libopencm3_stm32f4.a(flash_common_all.o)
                0x0000000008000d3c                flash_set_ws
 .text.flash_dcache_enable
                0x0000000008000d50       0x10 /home/juan/Documents/VIII_Semestre/Labo_Micros/Labos_con_Luisja/Laboratorio_Microcontroladores/Laboratorio_4/src/libopencm3-examples/libopencm3/lib/libopencm3_stm32f4.a(flash_common_idcache.o)
                0x0000000008000d50                flash_dcache_enable
 .text.flash_dcache_disable
                0x0000000008000d60       0x10 /home/juan/Documents/VIII_Semestre/Labo_Micros/Labos_con_Luisja/Laboratorio_Microcontroladores/Laboratorio_4/src/libopencm3-examples/libopencm3/lib/libopencm3_stm32f4.a(flash_common_idcache.o)
                0x0000000008000d60                flash_dcache_disable
 .text.flash_icache_enable
                0x0000000008000d70       0x10 /home/juan/Documents/VIII_Semestre/Labo_Micros/Labos_con_Luisja/Laboratorio_Microcontroladores/Laboratorio_4/src/libopencm3-examples/libopencm3/lib/libopencm3_stm32f4.a(flash_common_idcache.o)
                0x0000000008000d70                flash_icache_enable
 .text.flash_icache_disable
                0x0000000008000d80       0x10 /home/juan/Documents/VIII_Semestre/Labo_Micros/Labos_con_Luisja/Laboratorio_Microcontroladores/Laboratorio_4/src/libopencm3-examples/libopencm3/lib/libopencm3_stm32f4.a(flash_common_idcache.o)
                0x0000000008000d80                flash_icache_disable
 .text.pwr_set_vos_scale
                0x0000000008000d90       0x18 /home/juan/Documents/VIII_Semestre/Labo_Micros/Labos_con_Luisja/Laboratorio_Microcontroladores/Laboratorio_4/src/libopencm3-examples/libopencm3/lib/libopencm3_stm32f4.a(pwr.o)
                0x0000000008000d90                pwr_set_vos_scale
 .text          0x0000000008000da8       0x48 /usr/lib/gcc/arm-none-eabi/9.2.1/../../../arm-none-eabi/lib/thumb/v7e-m+fp/hard/libc.a(lib_a-printf.o)
                0x0000000008000da8                _printf_r
                0x0000000008000dc8                printf
 .text          0x0000000008000df0       0x78 /usr/lib/gcc/arm-none-eabi/9.2.1/../../../arm-none-eabi/lib/thumb/v7e-m+fp/hard/libc.a(lib_a-puts.o)
                0x0000000008000df0                _puts_r
                0x0000000008000e58                puts
 *fill*         0x0000000008000e68       0x18 
 .text          0x0000000008000e80       0xdc /usr/lib/gcc/arm-none-eabi/9.2.1/../../../arm-none-eabi/lib/thumb/v7e-m+fp/hard/libc.a(lib_a-strlen.o)
                0x0000000008000e80                strlen
 *fill*         0x0000000008000f5c        0x4 
 .text          0x0000000008000f60     0x1580 /usr/lib/gcc/arm-none-eabi/9.2.1/../../../arm-none-eabi/lib/thumb/v7e-m+fp/hard/libc.a(lib_a-vfprintf.o)
                0x0000000008000f60                _vfprintf_r
                0x000000000800245c                vfprintf
 .text          0x00000000080024e0       0xd0 /usr/lib/gcc/arm-none-eabi/9.2.1/../../../arm-none-eabi/lib/thumb/v7e-m+fp/hard/libc.a(lib_a-wsetup.o)
                0x00000000080024e0                __swsetup_r
 .text          0x00000000080025b0      0xfc0 /usr/lib/gcc/arm-none-eabi/9.2.1/../../../arm-none-eabi/lib/thumb/v7e-m+fp/hard/libc.a(lib_a-dtoa.o)
                0x00000000080026d4                _dtoa_r
 .text          0x0000000008003570      0x1a4 /usr/lib/gcc/arm-none-eabi/9.2.1/../../../arm-none-eabi/lib/thumb/v7e-m+fp/hard/libc.a(lib_a-fflush.o)
                0x0000000008003570                __sflush_r
                0x00000000080036bc                _fflush_r
                0x00000000080036f0                fflush
 .text          0x0000000008003714      0x1f4 /usr/lib/gcc/arm-none-eabi/9.2.1/../../../arm-none-eabi/lib/thumb/v7e-m+fp/hard/libc.a(lib_a-findfp.o)
                0x0000000008003718                _cleanup_r
                0x00000000080037fc                __sfmoreglue
                0x000000000800382c                __sfp
                0x00000000080038b4                _cleanup
                0x00000000080038c8                __sinit
                0x00000000080038d0                __sfp_lock_acquire
                0x00000000080038d4                __sfp_lock_release
                0x00000000080038d8                __sinit_lock_acquire
                0x00000000080038dc                __sinit_lock_release
                0x00000000080038e0                __fp_lock_all
                0x00000000080038f4                __fp_unlock_all
 .text          0x0000000008003908      0x294 /usr/lib/gcc/arm-none-eabi/9.2.1/../../../arm-none-eabi/lib/thumb/v7e-m+fp/hard/libc.a(lib_a-freer.o)
                0x0000000008003908                _malloc_trim_r
                0x00000000080039a8                _free_r
 .text          0x0000000008003b9c      0x308 /usr/lib/gcc/arm-none-eabi/9.2.1/../../../arm-none-eabi/lib/thumb/v7e-m+fp/hard/libc.a(lib_a-fvwrite.o)
                0x0000000008003b9c                __sfvwrite_r
 .text          0x0000000008003ea4       0xa0 /usr/lib/gcc/arm-none-eabi/9.2.1/../../../arm-none-eabi/lib/thumb/v7e-m+fp/hard/libc.a(lib_a-fwalk.o)
                0x0000000008003ea4                _fwalk
                0x0000000008003ef0                _fwalk_reent
 .text          0x0000000008003f44       0x14 /usr/lib/gcc/arm-none-eabi/9.2.1/../../../arm-none-eabi/lib/thumb/v7e-m+fp/hard/libc.a(lib_a-localeconv.o)
                0x0000000008003f44                __localeconv_l
                0x0000000008003f48                _localeconv_r
                0x0000000008003f50                localeconv
 .text          0x0000000008003f58       0xf0 /usr/lib/gcc/arm-none-eabi/9.2.1/../../../arm-none-eabi/lib/thumb/v7e-m+fp/hard/libc.a(lib_a-makebuf.o)
                0x0000000008003f58                __swhatbuf_r
                0x0000000008003fb4                __smakebuf_r
 .text          0x0000000008004048      0x564 /usr/lib/gcc/arm-none-eabi/9.2.1/../../../arm-none-eabi/lib/thumb/v7e-m+fp/hard/libc.a(lib_a-mallocr.o)
                0x0000000008004048                _malloc_r
 *fill*         0x00000000080045ac        0x4 
 .text          0x00000000080045b0       0xa0 /usr/lib/gcc/arm-none-eabi/9.2.1/../../../arm-none-eabi/lib/thumb/v7e-m+fp/hard/libc.a(lib_a-memchr.o)
                0x00000000080045b0                memchr
 .text          0x0000000008004650      0x134 /usr/lib/gcc/arm-none-eabi/9.2.1/../../../arm-none-eabi/lib/thumb/v7e-m+fp/hard/libc.a(lib_a-memcpy.o)
                0x0000000008004650                memcpy
 .text          0x0000000008004784       0xd0 /usr/lib/gcc/arm-none-eabi/9.2.1/../../../arm-none-eabi/lib/thumb/v7e-m+fp/hard/libc.a(lib_a-memmove.o)
                0x0000000008004784                memmove
 .text          0x0000000008004854       0xa0 /usr/lib/gcc/arm-none-eabi/9.2.1/../../../arm-none-eabi/lib/thumb/v7e-m+fp/hard/libc.a(lib_a-memset.o)
                0x0000000008004854                memset
 .text          0x00000000080048f4        0x8 /usr/lib/gcc/arm-none-eabi/9.2.1/../../../arm-none-eabi/lib/thumb/v7e-m+fp/hard/libc.a(lib_a-mlock.o)
                0x00000000080048f4                __malloc_lock
                0x00000000080048f8                __malloc_unlock
 .text          0x00000000080048fc      0x9a8 /usr/lib/gcc/arm-none-eabi/9.2.1/../../../arm-none-eabi/lib/thumb/v7e-m+fp/hard/libc.a(lib_a-mprec.o)
                0x00000000080048fc                _Balloc
                0x0000000008004948                _Bfree
                0x000000000800495c                __multadd
                0x0000000008004a00                __s2b
                0x0000000008004aac                __hi0bits
                0x0000000008004aec                __lo0bits
                0x0000000008004b4c                __i2b
                0x0000000008004b78                __multiply
                0x0000000008004cc4                __pow5mult
                0x0000000008004d5c                __lshift
                0x0000000008004e28                __mcmp
                0x0000000008004e60                __mdiff
                0x0000000008004f88                __ulp
                0x0000000008004fd8                __b2d
                0x0000000008005090                __d2b
                0x0000000008005164                __ratio
                0x00000000080051c4                _mprec_log10
                0x0000000008005204                __copybits
                0x000000000800524c                __any_on
 .text          0x00000000080052a4      0x36c /usr/lib/gcc/arm-none-eabi/9.2.1/../../../arm-none-eabi/lib/thumb/v7e-m+fp/hard/libc.a(lib_a-reallocr.o)
                0x00000000080052a4                _realloc_r
 .text          0x0000000008005610       0x24 /usr/lib/gcc/arm-none-eabi/9.2.1/../../../arm-none-eabi/lib/thumb/v7e-m+fp/hard/libc.a(lib_a-sbrkr.o)
                0x0000000008005610                _sbrk_r
 .text          0x0000000008005634       0x90 /usr/lib/gcc/arm-none-eabi/9.2.1/../../../arm-none-eabi/lib/thumb/v7e-m+fp/hard/libc.a(lib_a-stdio.o)
                0x0000000008005634                __sread
                0x0000000008005658                __seofread
                0x000000000800565c                __swrite
                0x000000000800569c                __sseek
                0x00000000080056bc                __sclose
 .text          0x00000000080056c4      0xd00 /usr/lib/gcc/arm-none-eabi/9.2.1/../../../arm-none-eabi/lib/thumb/v7e-m+fp/hard/libc.a(lib_a-vfiprintf.o)
                0x000000000800573c                __sprint_r
                0x0000000008005750                _vfiprintf_r
                0x0000000008006340                vfiprintf
 .text          0x00000000080063c4       0x2c /usr/lib/gcc/arm-none-eabi/9.2.1/../../../arm-none-eabi/lib/thumb/v7e-m+fp/hard/libc.a(lib_a-writer.o)
                0x00000000080063c4                _write_r
 .text          0x00000000080063f0       0x48 /usr/lib/gcc/arm-none-eabi/9.2.1/../../../arm-none-eabi/lib/thumb/v7e-m+fp/hard/libc.a(lib_a-assert.o)
                0x00000000080063f0                __assert_func
                0x000000000800642c                __assert
 .text          0x0000000008006438       0x60 /usr/lib/gcc/arm-none-eabi/9.2.1/../../../arm-none-eabi/lib/thumb/v7e-m+fp/hard/libc.a(lib_a-callocr.o)
                0x0000000008006438                _calloc_r
 .text          0x0000000008006498       0x24 /usr/lib/gcc/arm-none-eabi/9.2.1/../../../arm-none-eabi/lib/thumb/v7e-m+fp/hard/libc.a(lib_a-closer.o)
                0x0000000008006498                _close_r
 .text          0x00000000080064bc       0x98 /usr/lib/gcc/arm-none-eabi/9.2.1/../../../arm-none-eabi/lib/thumb/v7e-m+fp/hard/libc.a(lib_a-fclose.o)
                0x00000000080064bc                _fclose_r
                0x0000000008006544                fclose
 .text          0x0000000008006554       0x44 /usr/lib/gcc/arm-none-eabi/9.2.1/../../../arm-none-eabi/lib/thumb/v7e-m+fp/hard/libc.a(lib_a-fiprintf.o)
                0x0000000008006554                _fiprintf_r
                0x0000000008006570                fiprintf
 .text          0x0000000008006598      0x110 /usr/lib/gcc/arm-none-eabi/9.2.1/../../../arm-none-eabi/lib/thumb/v7e-m+fp/hard/libc.a(lib_a-fputwc.o)
                0x0000000008006598                __fputwc
                0x0000000008006640                _fputwc_r
                0x0000000008006668                fputwc
 .text          0x00000000080066a8       0x28 /usr/lib/gcc/arm-none-eabi/9.2.1/../../../arm-none-eabi/lib/thumb/v7e-m+fp/hard/libc.a(lib_a-fstatr.o)
                0x00000000080066a8                _fstat_r
 .text          0x00000000080066d0       0x24 /usr/lib/gcc/arm-none-eabi/9.2.1/../../../arm-none-eabi/lib/thumb/v7e-m+fp/hard/libc.a(lib_a-isattyr.o)
                0x00000000080066d0                _isatty_r
 .text          0x00000000080066f4       0x5c /usr/lib/gcc/arm-none-eabi/9.2.1/../../../arm-none-eabi/lib/thumb/v7e-m+fp/hard/libc.a(lib_a-locale.o)
                0x00000000080066f4                _setlocale_r
                0x0000000008006734                __locale_mb_cur_max
                0x0000000008006740                setlocale
 .text          0x0000000008006750       0x2c /usr/lib/gcc/arm-none-eabi/9.2.1/../../../arm-none-eabi/lib/thumb/v7e-m+fp/hard/libc.a(lib_a-lseekr.o)
                0x0000000008006750                _lseek_r
 .text          0x000000000800677c       0x40 /usr/lib/gcc/arm-none-eabi/9.2.1/../../../arm-none-eabi/lib/thumb/v7e-m+fp/hard/libc.a(lib_a-mbtowc_r.o)
                0x000000000800677c                _mbtowc_r
                0x0000000008006790                __ascii_mbtowc
 .text          0x00000000080067bc       0x2c /usr/lib/gcc/arm-none-eabi/9.2.1/../../../arm-none-eabi/lib/thumb/v7e-m+fp/hard/libc.a(lib_a-readr.o)
                0x00000000080067bc                _read_r
 *fill*         0x00000000080067e8       0x18 
 .text          0x0000000008006800      0x2dc /usr/lib/gcc/arm-none-eabi/9.2.1/../../../arm-none-eabi/lib/thumb/v7e-m+fp/hard/libc.a(lib_a-strcmp.o)
                0x0000000008006808                strcmp
 .text          0x0000000008006adc       0xc0 /usr/lib/gcc/arm-none-eabi/9.2.1/../../../arm-none-eabi/lib/thumb/v7e-m+fp/hard/libc.a(lib_a-wbuf.o)
                0x0000000008006adc                __swbuf_r
                0x0000000008006b8c                __swbuf
 .text          0x0000000008006b9c       0x7c /usr/lib/gcc/arm-none-eabi/9.2.1/../../../arm-none-eabi/lib/thumb/v7e-m+fp/hard/libc.a(lib_a-wcrtomb.o)
                0x0000000008006b9c                _wcrtomb_r
                0x0000000008006bd0                wcrtomb
 .text          0x0000000008006c18       0x30 /usr/lib/gcc/arm-none-eabi/9.2.1/../../../arm-none-eabi/lib/thumb/v7e-m+fp/hard/libc.a(lib_a-wctomb_r.o)
                0x0000000008006c18                _wctomb_r
                0x0000000008006c2c                __ascii_wctomb
 .text          0x0000000008006c48       0x10 /usr/lib/gcc/arm-none-eabi/9.2.1/../../../arm-none-eabi/lib/thumb/v7e-m+fp/hard/libc.a(lib_a-abort.o)
                0x0000000008006c48                abort
 .text          0x0000000008006c58      0x15c /usr/lib/gcc/arm-none-eabi/9.2.1/../../../arm-none-eabi/lib/thumb/v7e-m+fp/hard/libc.a(lib_a-signal.o)
                0x0000000008006c80                _init_signal_r
                0x0000000008006c8c                _signal_r
                0x0000000008006cc4                _raise_r
                0x0000000008006d1c                __sigtramp_r
                0x0000000008006d70                raise
                0x0000000008006d80                signal
                0x0000000008006d90                _init_signal
                0x0000000008006da4                __sigtramp
 .text          0x0000000008006db4       0x2c /usr/lib/gcc/arm-none-eabi/9.2.1/../../../arm-none-eabi/lib/thumb/v7e-m+fp/hard/libc.a(lib_a-signalr.o)
                0x0000000008006db4                _kill_r
                0x0000000008006ddc                _getpid_r
 .text          0x0000000008006de0      0x378 /usr/lib/gcc/arm-none-eabi/9.2.1/thumb/v7e-m+fp/hard/libgcc.a(_arm_addsubdf3.o)
                0x0000000008006de0                __aeabi_drsub
                0x0000000008006de8                __aeabi_dsub
                0x0000000008006de8                __subdf3
                0x0000000008006dec                __adddf3
                0x0000000008006dec                __aeabi_dadd
                0x0000000008007064                __aeabi_ui2d
                0x0000000008007064                __floatunsidf
                0x0000000008007084                __floatsidf
                0x0000000008007084                __aeabi_i2d
                0x00000000080070a8                __extendsfdf2
                0x00000000080070a8                __aeabi_f2d
                0x00000000080070ec                __aeabi_ul2d
                0x00000000080070ec                __floatundidf
                0x00000000080070fc                __floatdidf
                0x00000000080070fc                __aeabi_l2d
 .text          0x0000000008007158      0x424 /usr/lib/gcc/arm-none-eabi/9.2.1/thumb/v7e-m+fp/hard/libgcc.a(_arm_muldivdf3.o)
                0x0000000008007158                __aeabi_dmul
                0x0000000008007158                __muldf3
                0x00000000080073ac                __aeabi_ddiv
                0x00000000080073ac                __divdf3
 .text          0x000000000800757c      0x110 /usr/lib/gcc/arm-none-eabi/9.2.1/thumb/v7e-m+fp/hard/libgcc.a(_arm_cmpdf2.o)
                0x000000000800757c                __gtdf2
                0x000000000800757c                __gedf2
                0x0000000008007584                __ltdf2
                0x0000000008007584                __ledf2
                0x000000000800758c                __cmpdf2
                0x000000000800758c                __eqdf2
                0x000000000800758c                __nedf2
                0x0000000008007608                __aeabi_cdrcmple
                0x0000000008007618                __aeabi_cdcmple
                0x0000000008007618                __aeabi_cdcmpeq
                0x0000000008007628                __aeabi_dcmpeq
                0x000000000800763c                __aeabi_dcmplt
                0x0000000008007650                __aeabi_dcmple
                0x0000000008007664                __aeabi_dcmpge
                0x0000000008007678                __aeabi_dcmpgt
 .text          0x000000000800768c       0x2c /usr/lib/gcc/arm-none-eabi/9.2.1/thumb/v7e-m+fp/hard/libgcc.a(_arm_unorddf2.o)
                0x000000000800768c                __aeabi_dcmpun
                0x000000000800768c                __unorddf2
 .text          0x00000000080076b8       0x50 /usr/lib/gcc/arm-none-eabi/9.2.1/thumb/v7e-m+fp/hard/libgcc.a(_arm_fixdfsi.o)
                0x00000000080076b8                __fixdfsi
                0x00000000080076b8                __aeabi_d2iz
 .text          0x0000000008007708       0x30 /usr/lib/gcc/arm-none-eabi/9.2.1/thumb/v7e-m+fp/hard/libgcc.a(_aeabi_uldivmod.o)
                0x0000000008007708                __aeabi_uldivmod
 .text          0x0000000008007738      0x2c4 /usr/lib/gcc/arm-none-eabi/9.2.1/thumb/v7e-m+fp/hard/libgcc.a(_udivmoddi4.o)
                0x0000000008007738                __udivmoddi4
 .text          0x00000000080079fc        0x4 /usr/lib/gcc/arm-none-eabi/9.2.1/thumb/v7e-m+fp/hard/libgcc.a(_dvmd_tls.o)
                0x00000000080079fc                __aeabi_ldiv0
                0x00000000080079fc                __aeabi_idiv0
 .text          0x0000000008007a00       0x10 /usr/lib/gcc/arm-none-eabi/9.2.1/../../../arm-none-eabi/lib/thumb/v7e-m+fp/hard/libnosys.a(close.o)
                0x0000000008007a00                _close
 .text          0x0000000008007a10       0x10 /usr/lib/gcc/arm-none-eabi/9.2.1/../../../arm-none-eabi/lib/thumb/v7e-m+fp/hard/libnosys.a(fstat.o)
                0x0000000008007a10                _fstat
 .text          0x0000000008007a20       0x10 /usr/lib/gcc/arm-none-eabi/9.2.1/../../../arm-none-eabi/lib/thumb/v7e-m+fp/hard/libnosys.a(getpid.o)
                0x0000000008007a20                _getpid
 .text          0x0000000008007a30       0x10 /usr/lib/gcc/arm-none-eabi/9.2.1/../../../arm-none-eabi/lib/thumb/v7e-m+fp/hard/libnosys.a(isatty.o)
                0x0000000008007a30                _isatty
 .text          0x0000000008007a40       0x10 /usr/lib/gcc/arm-none-eabi/9.2.1/../../../arm-none-eabi/lib/thumb/v7e-m+fp/hard/libnosys.a(kill.o)
                0x0000000008007a40                _kill
 .text          0x0000000008007a50       0x10 /usr/lib/gcc/arm-none-eabi/9.2.1/../../../arm-none-eabi/lib/thumb/v7e-m+fp/hard/libnosys.a(lseek.o)
                0x0000000008007a50                _lseek
 .text          0x0000000008007a60       0x10 /usr/lib/gcc/arm-none-eabi/9.2.1/../../../arm-none-eabi/lib/thumb/v7e-m+fp/hard/libnosys.a(read.o)
                0x0000000008007a60                _read
 .text          0x0000000008007a70       0x1c /usr/lib/gcc/arm-none-eabi/9.2.1/../../../arm-none-eabi/lib/thumb/v7e-m+fp/hard/libnosys.a(sbrk.o)
                0x0000000008007a70                _sbrk
 .text          0x0000000008007a8c        0x4 /usr/lib/gcc/arm-none-eabi/9.2.1/../../../arm-none-eabi/lib/thumb/v7e-m+fp/hard/libnosys.a(_exit.o)
                0x0000000008007a8c                _exit
                0x0000000008007a90                . = ALIGN (0x4)
 *(.rodata*)
 .rodata.sdram_pins
                0x0000000008007a90       0x30 sdram.o
 .rodata.lcd_draw_pixel.str1.1
                0x0000000008007ac0       0x1c lcd.o
 .rodata.cmd_args
                0x0000000008007adc       0x3a lcd.o
 .rodata.initialization
                0x0000000008007b16       0x50 lcd.o
                0x0000000008007b16                initialization
 .rodata.main.str1.1
                0x0000000008007b66       0x14 labo4.o
 .rodata.CSWTCH.2
                0x0000000008007b7a        0x3 /home/juan/Documents/VIII_Semestre/Labo_Micros/Labos_con_Luisja/Laboratorio_Microcontroladores/Laboratorio_4/src/libopencm3-examples/libopencm3/lib/libopencm3_stm32f4.a(fmc_common_f47.o)
 *fill*         0x0000000008007b7d        0x3 
 .rodata.rcc_hse_8mhz_3v3
                0x0000000008007b80       0x54 /home/juan/Documents/VIII_Semestre/Labo_Micros/Labos_con_Luisja/Laboratorio_Microcontroladores/Laboratorio_4/src/libopencm3-examples/libopencm3/lib/libopencm3_stm32f4.a(rcc.o)
                0x0000000008007b80                rcc_hse_8mhz_3v3
 .rodata.str1.4
                0x0000000008007bd4        0x2 /usr/lib/gcc/arm-none-eabi/9.2.1/../../../arm-none-eabi/lib/thumb/v7e-m+fp/hard/libc.a(lib_a-puts.o)
 *fill*         0x0000000008007bd6        0x2 
 .rodata        0x0000000008007bd8       0x20 /usr/lib/gcc/arm-none-eabi/9.2.1/../../../arm-none-eabi/lib/thumb/v7e-m+fp/hard/libc.a(lib_a-vfprintf.o)
 .rodata.str1.4
                0x0000000008007bf8       0x42 /usr/lib/gcc/arm-none-eabi/9.2.1/../../../arm-none-eabi/lib/thumb/v7e-m+fp/hard/libc.a(lib_a-vfprintf.o)
 *fill*         0x0000000008007c3a        0x2 
 .rodata.str1.4
                0x0000000008007c3c       0x56 /usr/lib/gcc/arm-none-eabi/9.2.1/../../../arm-none-eabi/lib/thumb/v7e-m+fp/hard/libc.a(lib_a-dtoa.o)
                                         0x5a (size before relaxing)
 *fill*         0x0000000008007c92        0x2 
 .rodata        0x0000000008007c94        0x4 /usr/lib/gcc/arm-none-eabi/9.2.1/../../../arm-none-eabi/lib/thumb/v7e-m+fp/hard/libc.a(lib_a-impure.o)
                0x0000000008007c94                _global_impure_ptr
 .rodata        0x0000000008007c98      0x128 /usr/lib/gcc/arm-none-eabi/9.2.1/../../../arm-none-eabi/lib/thumb/v7e-m+fp/hard/libc.a(lib_a-mprec.o)
                0x0000000008007ca8                __mprec_tens
                0x0000000008007d70                __mprec_tinytens
                0x0000000008007d98                __mprec_bigtens
 .rodata.str1.4
                0x0000000008007dc0       0x33 /usr/lib/gcc/arm-none-eabi/9.2.1/../../../arm-none-eabi/lib/thumb/v7e-m+fp/hard/libc.a(lib_a-mprec.o)
                                         0x47 (size before relaxing)
 *fill*         0x0000000008007df3        0x1 
 .rodata        0x0000000008007df4       0x20 /usr/lib/gcc/arm-none-eabi/9.2.1/../../../arm-none-eabi/lib/thumb/v7e-m+fp/hard/libc.a(lib_a-vfiprintf.o)
 .rodata.str1.4
                0x0000000008007e14       0x2f /usr/lib/gcc/arm-none-eabi/9.2.1/../../../arm-none-eabi/lib/thumb/v7e-m+fp/hard/libc.a(lib_a-vfiprintf.o)
 .rodata.str1.4
                0x0000000008007e14       0x3f /usr/lib/gcc/arm-none-eabi/9.2.1/../../../arm-none-eabi/lib/thumb/v7e-m+fp/hard/libc.a(lib_a-assert.o)
                                         0x43 (size before relaxing)
 *fill*         0x0000000008007e53        0x1 
 .rodata.str1.4
                0x0000000008007e54        0xe /usr/lib/gcc/arm-none-eabi/9.2.1/../../../arm-none-eabi/lib/thumb/v7e-m+fp/hard/libc.a(lib_a-locale.o)
                                         0x12 (size before relaxing)
 *fill*         0x0000000008007e62        0x2 
 .rodata        0x0000000008007e64      0x101 /usr/lib/gcc/arm-none-eabi/9.2.1/../../../arm-none-eabi/lib/thumb/v7e-m+fp/hard/libc.a(lib_a-ctype_.o)
                0x0000000008007e64                _ctype_
                0x0000000008007f68                . = ALIGN (0x4)
 *fill*         0x0000000008007f65        0x3 

.glue_7         0x0000000008007f68        0x0
 .glue_7        0x0000000008007f68        0x0 linker stubs

.glue_7t        0x0000000008007f68        0x0
 .glue_7t       0x0000000008007f68        0x0 linker stubs

.vfp11_veneer   0x0000000008007f68        0x0
 .vfp11_veneer  0x0000000008007f68        0x0 linker stubs

.v4_bx          0x0000000008007f68        0x0
 .v4_bx         0x0000000008007f68        0x0 linker stubs

.iplt           0x0000000008007f68        0x0
 .iplt          0x0000000008007f68        0x0 sdram.o

.preinit_array  0x0000000008007f68        0x0
                0x0000000008007f68                . = ALIGN (0x4)
                0x0000000008007f68                __preinit_array_start = .
 *(.preinit_array)
                0x0000000008007f68                __preinit_array_end = .

.init_array     0x0000000008007f68        0x0
                0x0000000008007f68                . = ALIGN (0x4)
                0x0000000008007f68                __init_array_start = .
 *(SORT_BY_NAME(.init_array.*))
 *(.init_array)
                0x0000000008007f68                __init_array_end = .

.fini_array     0x0000000008007f68        0x0
                0x0000000008007f68                . = ALIGN (0x4)
                0x0000000008007f68                __fini_array_start = .
 *(.fini_array)
 *(SORT_BY_NAME(.fini_array.*))
                0x0000000008007f68                __fini_array_end = .

.ARM.extab
 *(.ARM.extab*)

.ARM.exidx      0x0000000008007f68        0x8
                0x0000000008007f68                __exidx_start = .
 *(.ARM.exidx*)
 .ARM.exidx     0x0000000008007f68        0x8 /usr/lib/gcc/arm-none-eabi/9.2.1/thumb/v7e-m+fp/hard/libgcc.a(_udivmoddi4.o)
                0x0000000008007f70                __exidx_end = .

.rel.dyn        0x0000000008007f70        0x0
 .rel.iplt      0x0000000008007f70        0x0 sdram.o
                0x0000000008007f70                . = ALIGN (0x4)
                0x0000000008007f70                _etext = .

.noinit
 *(.noinit*)
                0x0000000008007f70                . = ALIGN (0x4)

.data           0x0000000020000000      0xa24 load address 0x0000000008007f70
                0x0000000020000000                _data = .
 *(.data*)
 .data.timing   0x0000000020000000       0x1c sdram.o
 .data.lcd_colors
                0x000000002000001c       0x4c labo4.o
                0x000000002000001c                lcd_colors
 .data.rcc_ahb_frequency
                0x0000000020000068        0x4 /home/juan/Documents/VIII_Semestre/Labo_Micros/Labos_con_Luisja/Laboratorio_Microcontroladores/Laboratorio_4/src/libopencm3-examples/libopencm3/lib/libopencm3_stm32f4.a(rcc.o)
                0x0000000020000068                rcc_ahb_frequency
 .data.rcc_apb1_frequency
                0x000000002000006c        0x4 /home/juan/Documents/VIII_Semestre/Labo_Micros/Labos_con_Luisja/Laboratorio_Microcontroladores/Laboratorio_4/src/libopencm3-examples/libopencm3/lib/libopencm3_stm32f4.a(rcc.o)
                0x000000002000006c                rcc_apb1_frequency
 .data.rcc_apb2_frequency
                0x0000000020000070        0x4 /home/juan/Documents/VIII_Semestre/Labo_Micros/Labos_con_Luisja/Laboratorio_Microcontroladores/Laboratorio_4/src/libopencm3-examples/libopencm3/lib/libopencm3_stm32f4.a(rcc.o)
                0x0000000020000070                rcc_apb2_frequency
 *fill*         0x0000000020000074        0x4 
 .data          0x0000000020000078      0x430 /usr/lib/gcc/arm-none-eabi/9.2.1/../../../arm-none-eabi/lib/thumb/v7e-m+fp/hard/libc.a(lib_a-impure.o)
                0x0000000020000078                _impure_ptr
 .data          0x00000000200004a8      0x410 /usr/lib/gcc/arm-none-eabi/9.2.1/../../../arm-none-eabi/lib/thumb/v7e-m+fp/hard/libc.a(lib_a-mallocr.o)
                0x00000000200004a8                __malloc_av_
                0x00000000200008b0                __malloc_sbrk_base
                0x00000000200008b4                __malloc_trim_threshold
 .data          0x00000000200008b8      0x16c /usr/lib/gcc/arm-none-eabi/9.2.1/../../../arm-none-eabi/lib/thumb/v7e-m+fp/hard/libc.a(lib_a-locale.o)
                0x00000000200008b8                __global_locale
 *(.ramtext*)
                0x0000000020000a24                . = ALIGN (0x4)
                0x0000000020000a24                _edata = .
                0x0000000008007f70                _data_loadaddr = LOADADDR (.data)

.igot.plt       0x0000000020000a24        0x0 load address 0x0000000008008994
 .igot.plt      0x0000000020000a24        0x0 sdram.o

.bss            0x0000000020000a24       0x4c load address 0x0000000008008994
 *(.bss*)
 .bss.cur_frame
                0x0000000020000a24        0x4 lcd.o
                0x0000000020000a24                cur_frame
 .bss.display_frame
                0x0000000020000a28        0x4 lcd.o
                0x0000000020000a28                display_frame
 .bss.delay_timer
                0x0000000020000a2c        0x4 clock.o
 .bss.system_millis
                0x0000000020000a30        0x4 clock.o
 .bss           0x0000000020000a34       0x34 /usr/lib/gcc/arm-none-eabi/9.2.1/../../../arm-none-eabi/lib/thumb/v7e-m+fp/hard/libc.a(lib_a-mallocr.o)
                0x0000000020000a34                __malloc_top_pad
                0x0000000020000a38                __malloc_current_mallinfo
                0x0000000020000a60                __malloc_max_sbrked_mem
                0x0000000020000a64                __malloc_max_total_mem
 .bss           0x0000000020000a68        0x4 /usr/lib/gcc/arm-none-eabi/9.2.1/../../../arm-none-eabi/lib/thumb/v7e-m+fp/hard/libnosys.a(sbrk.o)
 *(COMMON)
 COMMON         0x0000000020000a6c        0x4 /usr/lib/gcc/arm-none-eabi/9.2.1/../../../arm-none-eabi/lib/thumb/v7e-m+fp/hard/libc.a(lib_a-reent.o)
                0x0000000020000a6c                errno
                0x0000000020000a70                . = ALIGN (0x4)
                0x0000000020000a70                _ebss = .

/DISCARD/
 *(.eh_frame)
                0x0000000020000a70                . = ALIGN (0x4)
                0x0000000020000a70                end = .
                0x0000000020030000                PROVIDE (_stack = (ORIGIN (ram) + LENGTH (ram)))
OUTPUT(labo4.elf elf32-littlearm)
LOAD linker stubs

.debug_info     0x0000000000000000    0x3488d
 .debug_info    0x0000000000000000      0x9fe sdram.o
 .debug_info    0x00000000000009fe     0x1559 lcd.o
 .debug_info    0x0000000000001f57      0xc12 clock.o
 .debug_info    0x0000000000002b69     0x14f8 labo4.o
 .debug_info    0x0000000000004061      0x209 /home/juan/Documents/VIII_Semestre/Labo_Micros/Labos_con_Luisja/Laboratorio_Microcontroladores/Laboratorio_4/src/libopencm3-examples/libopencm3/lib/libopencm3_stm32f4.a(fmc_common_f47.o)
 .debug_info    0x000000000000426a      0x24e /home/juan/Documents/VIII_Semestre/Labo_Micros/Labos_con_Luisja/Laboratorio_Microcontroladores/Laboratorio_4/src/libopencm3-examples/libopencm3/lib/libopencm3_stm32f4.a(gpio_common_all.o)
 .debug_info    0x00000000000044b8      0x20f /home/juan/Documents/VIII_Semestre/Labo_Micros/Labos_con_Luisja/Laboratorio_Microcontroladores/Laboratorio_4/src/libopencm3-examples/libopencm3/lib/libopencm3_stm32f4.a(gpio_common_f0234.o)
 .debug_info    0x00000000000046c7      0xaca /home/juan/Documents/VIII_Semestre/Labo_Micros/Labos_con_Luisja/Laboratorio_Microcontroladores/Laboratorio_4/src/libopencm3-examples/libopencm3/lib/libopencm3_stm32f4.a(rcc_common_all.o)
 .debug_info    0x0000000000005191     0x1124 /home/juan/Documents/VIII_Semestre/Labo_Micros/Labos_con_Luisja/Laboratorio_Microcontroladores/Laboratorio_4/src/libopencm3-examples/libopencm3/lib/libopencm3_stm32f4.a(rcc.o)
 .debug_info    0x00000000000062b5      0xbd0 /home/juan/Documents/VIII_Semestre/Labo_Micros/Labos_con_Luisja/Laboratorio_Microcontroladores/Laboratorio_4/src/libopencm3-examples/libopencm3/lib/libopencm3_stm32f4.a(spi_common_all.o)
 .debug_info    0x0000000000006e85      0x2f0 /home/juan/Documents/VIII_Semestre/Labo_Micros/Labos_con_Luisja/Laboratorio_Microcontroladores/Laboratorio_4/src/libopencm3-examples/libopencm3/lib/libopencm3_stm32f4.a(spi_common_v1.o)
 .debug_info    0x0000000000007175      0x71e /home/juan/Documents/VIII_Semestre/Labo_Micros/Labos_con_Luisja/Laboratorio_Microcontroladores/Laboratorio_4/src/libopencm3-examples/libopencm3/lib/libopencm3_stm32f4.a(usart_common_all.o)
 .debug_info    0x0000000000007893      0x2e6 /home/juan/Documents/VIII_Semestre/Labo_Micros/Labos_con_Luisja/Laboratorio_Microcontroladores/Laboratorio_4/src/libopencm3-examples/libopencm3/lib/libopencm3_stm32f4.a(vector.o)
 .debug_info    0x0000000000007b79      0x268 /home/juan/Documents/VIII_Semestre/Labo_Micros/Labos_con_Luisja/Laboratorio_Microcontroladores/Laboratorio_4/src/libopencm3-examples/libopencm3/lib/libopencm3_stm32f4.a(systick.o)
 .debug_info    0x0000000000007de1       0xf0 /home/juan/Documents/VIII_Semestre/Labo_Micros/Labos_con_Luisja/Laboratorio_Microcontroladores/Laboratorio_4/src/libopencm3-examples/libopencm3/lib/libopencm3_stm32f4.a(flash_common_all.o)
 .debug_info    0x0000000000007ed1       0xe8 /home/juan/Documents/VIII_Semestre/Labo_Micros/Labos_con_Luisja/Laboratorio_Microcontroladores/Laboratorio_4/src/libopencm3-examples/libopencm3/lib/libopencm3_stm32f4.a(flash_common_idcache.o)
 .debug_info    0x0000000000007fb9       0xdc /home/juan/Documents/VIII_Semestre/Labo_Micros/Labos_con_Luisja/Laboratorio_Microcontroladores/Laboratorio_4/src/libopencm3-examples/libopencm3/lib/libopencm3_stm32f4.a(pwr.o)
 .debug_info    0x0000000000008095      0xc35 /usr/lib/gcc/arm-none-eabi/9.2.1/../../../arm-none-eabi/lib/thumb/v7e-m+fp/hard/libc.a(lib_a-printf.o)
 .debug_info    0x0000000000008cca      0xce5 /usr/lib/gcc/arm-none-eabi/9.2.1/../../../arm-none-eabi/lib/thumb/v7e-m+fp/hard/libc.a(lib_a-puts.o)
 .debug_info    0x00000000000099af       0x26 /usr/lib/gcc/arm-none-eabi/9.2.1/../../../arm-none-eabi/lib/thumb/v7e-m+fp/hard/libc.a(lib_a-strlen.o)
 .debug_info    0x00000000000099d5     0x209a /usr/lib/gcc/arm-none-eabi/9.2.1/../../../arm-none-eabi/lib/thumb/v7e-m+fp/hard/libc.a(lib_a-vfprintf.o)
 .debug_info    0x000000000000ba6f      0xbf3 /usr/lib/gcc/arm-none-eabi/9.2.1/../../../arm-none-eabi/lib/thumb/v7e-m+fp/hard/libc.a(lib_a-wsetup.o)
 .debug_info    0x000000000000c662     0x1acf /usr/lib/gcc/arm-none-eabi/9.2.1/../../../arm-none-eabi/lib/thumb/v7e-m+fp/hard/libc.a(lib_a-dtoa.o)
 .debug_info    0x000000000000e131      0xd73 /usr/lib/gcc/arm-none-eabi/9.2.1/../../../arm-none-eabi/lib/thumb/v7e-m+fp/hard/libc.a(lib_a-fflush.o)
 .debug_info    0x000000000000eea4     0x1143 /usr/lib/gcc/arm-none-eabi/9.2.1/../../../arm-none-eabi/lib/thumb/v7e-m+fp/hard/libc.a(lib_a-findfp.o)
 .debug_info    0x000000000000ffe7      0xdc4 /usr/lib/gcc/arm-none-eabi/9.2.1/../../../arm-none-eabi/lib/thumb/v7e-m+fp/hard/libc.a(lib_a-freer.o)
 .debug_info    0x0000000000010dab      0xeed /usr/lib/gcc/arm-none-eabi/9.2.1/../../../arm-none-eabi/lib/thumb/v7e-m+fp/hard/libc.a(lib_a-fvwrite.o)
 .debug_info    0x0000000000011c98      0xca4 /usr/lib/gcc/arm-none-eabi/9.2.1/../../../arm-none-eabi/lib/thumb/v7e-m+fp/hard/libc.a(lib_a-fwalk.o)
 .debug_info    0x000000000001293c      0x92a /usr/lib/gcc/arm-none-eabi/9.2.1/../../../arm-none-eabi/lib/thumb/v7e-m+fp/hard/libc.a(lib_a-impure.o)
 .debug_info    0x0000000000013266      0xf49 /usr/lib/gcc/arm-none-eabi/9.2.1/../../../arm-none-eabi/lib/thumb/v7e-m+fp/hard/libc.a(lib_a-localeconv.o)
 .debug_info    0x00000000000141af      0xf69 /usr/lib/gcc/arm-none-eabi/9.2.1/../../../arm-none-eabi/lib/thumb/v7e-m+fp/hard/libc.a(lib_a-makebuf.o)
 .debug_info    0x0000000000015118      0xf41 /usr/lib/gcc/arm-none-eabi/9.2.1/../../../arm-none-eabi/lib/thumb/v7e-m+fp/hard/libc.a(lib_a-mallocr.o)
 .debug_info    0x0000000000016059       0x26 /usr/lib/gcc/arm-none-eabi/9.2.1/../../../arm-none-eabi/lib/thumb/v7e-m+fp/hard/libc.a(lib_a-memchr.o)
 .debug_info    0x000000000001607f       0x26 /usr/lib/gcc/arm-none-eabi/9.2.1/../../../arm-none-eabi/lib/thumb/v7e-m+fp/hard/libc.a(lib_a-memcpy.o)
 .debug_info    0x00000000000160a5      0xf2b /usr/lib/gcc/arm-none-eabi/9.2.1/../../../arm-none-eabi/lib/thumb/v7e-m+fp/hard/libc.a(lib_a-memmove.o)
 .debug_info    0x0000000000016fd0      0xf21 /usr/lib/gcc/arm-none-eabi/9.2.1/../../../arm-none-eabi/lib/thumb/v7e-m+fp/hard/libc.a(lib_a-memset.o)
 .debug_info    0x0000000000017ef1      0x961 /usr/lib/gcc/arm-none-eabi/9.2.1/../../../arm-none-eabi/lib/thumb/v7e-m+fp/hard/libc.a(lib_a-mlock.o)
 .debug_info    0x0000000000018852     0x228d /usr/lib/gcc/arm-none-eabi/9.2.1/../../../arm-none-eabi/lib/thumb/v7e-m+fp/hard/libc.a(lib_a-mprec.o)
 .debug_info    0x000000000001aadf      0xefd /usr/lib/gcc/arm-none-eabi/9.2.1/../../../arm-none-eabi/lib/thumb/v7e-m+fp/hard/libc.a(lib_a-reallocr.o)
 .debug_info    0x000000000001b9dc      0x9fb /usr/lib/gcc/arm-none-eabi/9.2.1/../../../arm-none-eabi/lib/thumb/v7e-m+fp/hard/libc.a(lib_a-sbrkr.o)
 .debug_info    0x000000000001c3d7      0xe67 /usr/lib/gcc/arm-none-eabi/9.2.1/../../../arm-none-eabi/lib/thumb/v7e-m+fp/hard/libc.a(lib_a-stdio.o)
 .debug_info    0x000000000001d23e     0x1eb6 /usr/lib/gcc/arm-none-eabi/9.2.1/../../../arm-none-eabi/lib/thumb/v7e-m+fp/hard/libc.a(lib_a-vfiprintf.o)
 .debug_info    0x000000000001f0f4      0xa2c /usr/lib/gcc/arm-none-eabi/9.2.1/../../../arm-none-eabi/lib/thumb/v7e-m+fp/hard/libc.a(lib_a-writer.o)
 .debug_info    0x000000000001fb20      0xa41 /usr/lib/gcc/arm-none-eabi/9.2.1/../../../arm-none-eabi/lib/thumb/v7e-m+fp/hard/libc.a(lib_a-assert.o)
 .debug_info    0x0000000000020561      0xc2f /usr/lib/gcc/arm-none-eabi/9.2.1/../../../arm-none-eabi/lib/thumb/v7e-m+fp/hard/libc.a(lib_a-callocr.o)
 .debug_info    0x0000000000021190      0x9d8 /usr/lib/gcc/arm-none-eabi/9.2.1/../../../arm-none-eabi/lib/thumb/v7e-m+fp/hard/libc.a(lib_a-closer.o)
 .debug_info    0x0000000000021b68      0xcd5 /usr/lib/gcc/arm-none-eabi/9.2.1/../../../arm-none-eabi/lib/thumb/v7e-m+fp/hard/libc.a(lib_a-fclose.o)
 .debug_info    0x000000000002283d      0xa71 /usr/lib/gcc/arm-none-eabi/9.2.1/../../../arm-none-eabi/lib/thumb/v7e-m+fp/hard/libc.a(lib_a-fiprintf.o)
 .debug_info    0x00000000000232ae      0xe4a /usr/lib/gcc/arm-none-eabi/9.2.1/../../../arm-none-eabi/lib/thumb/v7e-m+fp/hard/libc.a(lib_a-fputwc.o)
 .debug_info    0x00000000000240f8      0xc24 /usr/lib/gcc/arm-none-eabi/9.2.1/../../../arm-none-eabi/lib/thumb/v7e-m+fp/hard/libc.a(lib_a-fstatr.o)
 .debug_info    0x0000000000024d1c      0x9d8 /usr/lib/gcc/arm-none-eabi/9.2.1/../../../arm-none-eabi/lib/thumb/v7e-m+fp/hard/libc.a(lib_a-isattyr.o)
 .debug_info    0x00000000000256f4     0x10ca /usr/lib/gcc/arm-none-eabi/9.2.1/../../../arm-none-eabi/lib/thumb/v7e-m+fp/hard/libc.a(lib_a-locale.o)
 .debug_info    0x00000000000267be      0xa0d /usr/lib/gcc/arm-none-eabi/9.2.1/../../../arm-none-eabi/lib/thumb/v7e-m+fp/hard/libc.a(lib_a-lseekr.o)
 .debug_info    0x00000000000271cb     0x1044 /usr/lib/gcc/arm-none-eabi/9.2.1/../../../arm-none-eabi/lib/thumb/v7e-m+fp/hard/libc.a(lib_a-mbtowc_r.o)
 .debug_info    0x000000000002820f      0xa25 /usr/lib/gcc/arm-none-eabi/9.2.1/../../../arm-none-eabi/lib/thumb/v7e-m+fp/hard/libc.a(lib_a-readr.o)
 .debug_info    0x0000000000028c34      0xac5 /usr/lib/gcc/arm-none-eabi/9.2.1/../../../arm-none-eabi/lib/thumb/v7e-m+fp/hard/libc.a(lib_a-reent.o)
 .debug_info    0x00000000000296f9       0x26 /usr/lib/gcc/arm-none-eabi/9.2.1/../../../arm-none-eabi/lib/thumb/v7e-m+fp/hard/libc.a(lib_a-strcmp.o)
 .debug_info    0x000000000002971f      0xc90 /usr/lib/gcc/arm-none-eabi/9.2.1/../../../arm-none-eabi/lib/thumb/v7e-m+fp/hard/libc.a(lib_a-wbuf.o)
 .debug_info    0x000000000002a3af     0x10b3 /usr/lib/gcc/arm-none-eabi/9.2.1/../../../arm-none-eabi/lib/thumb/v7e-m+fp/hard/libc.a(lib_a-wcrtomb.o)
 .debug_info    0x000000000002b462      0xffd /usr/lib/gcc/arm-none-eabi/9.2.1/../../../arm-none-eabi/lib/thumb/v7e-m+fp/hard/libc.a(lib_a-wctomb_r.o)
 .debug_info    0x000000000002c45f      0x9b5 /usr/lib/gcc/arm-none-eabi/9.2.1/../../../arm-none-eabi/lib/thumb/v7e-m+fp/hard/libc.a(lib_a-abort.o)
 .debug_info    0x000000000002ce14      0xe91 /usr/lib/gcc/arm-none-eabi/9.2.1/../../../arm-none-eabi/lib/thumb/v7e-m+fp/hard/libc.a(lib_a-ctype_.o)
 .debug_info    0x000000000002dca5      0xd5c /usr/lib/gcc/arm-none-eabi/9.2.1/../../../arm-none-eabi/lib/thumb/v7e-m+fp/hard/libc.a(lib_a-signal.o)
 .debug_info    0x000000000002ea01      0xa44 /usr/lib/gcc/arm-none-eabi/9.2.1/../../../arm-none-eabi/lib/thumb/v7e-m+fp/hard/libc.a(lib_a-signalr.o)
 .debug_info    0x000000000002f445       0x26 /usr/lib/gcc/arm-none-eabi/9.2.1/thumb/v7e-m+fp/hard/libgcc.a(_arm_addsubdf3.o)
 .debug_info    0x000000000002f46b       0x26 /usr/lib/gcc/arm-none-eabi/9.2.1/thumb/v7e-m+fp/hard/libgcc.a(_arm_muldivdf3.o)
 .debug_info    0x000000000002f491       0x26 /usr/lib/gcc/arm-none-eabi/9.2.1/thumb/v7e-m+fp/hard/libgcc.a(_arm_cmpdf2.o)
 .debug_info    0x000000000002f4b7       0x26 /usr/lib/gcc/arm-none-eabi/9.2.1/thumb/v7e-m+fp/hard/libgcc.a(_arm_unorddf2.o)
 .debug_info    0x000000000002f4dd       0x26 /usr/lib/gcc/arm-none-eabi/9.2.1/thumb/v7e-m+fp/hard/libgcc.a(_arm_fixdfsi.o)
 .debug_info    0x000000000002f503       0x26 /usr/lib/gcc/arm-none-eabi/9.2.1/thumb/v7e-m+fp/hard/libgcc.a(_aeabi_uldivmod.o)
 .debug_info    0x000000000002f529      0xd7c /usr/lib/gcc/arm-none-eabi/9.2.1/thumb/v7e-m+fp/hard/libgcc.a(_udivmoddi4.o)
 .debug_info    0x00000000000302a5       0x26 /usr/lib/gcc/arm-none-eabi/9.2.1/thumb/v7e-m+fp/hard/libgcc.a(_dvmd_tls.o)
 .debug_info    0x00000000000302cb      0x96e /usr/lib/gcc/arm-none-eabi/9.2.1/../../../arm-none-eabi/lib/thumb/v7e-m+fp/hard/libnosys.a(close.o)
 .debug_info    0x0000000000030c39      0xbb1 /usr/lib/gcc/arm-none-eabi/9.2.1/../../../arm-none-eabi/lib/thumb/v7e-m+fp/hard/libnosys.a(fstat.o)
 .debug_info    0x00000000000317ea      0x959 /usr/lib/gcc/arm-none-eabi/9.2.1/../../../arm-none-eabi/lib/thumb/v7e-m+fp/hard/libnosys.a(getpid.o)
 .debug_info    0x0000000000032143      0x96e /usr/lib/gcc/arm-none-eabi/9.2.1/../../../arm-none-eabi/lib/thumb/v7e-m+fp/hard/libnosys.a(isatty.o)
 .debug_info    0x0000000000032ab1      0x97c /usr/lib/gcc/arm-none-eabi/9.2.1/../../../arm-none-eabi/lib/thumb/v7e-m+fp/hard/libnosys.a(kill.o)
 .debug_info    0x000000000003342d      0x990 /usr/lib/gcc/arm-none-eabi/9.2.1/../../../arm-none-eabi/lib/thumb/v7e-m+fp/hard/libnosys.a(lseek.o)
 .debug_info    0x0000000000033dbd      0x990 /usr/lib/gcc/arm-none-eabi/9.2.1/../../../arm-none-eabi/lib/thumb/v7e-m+fp/hard/libnosys.a(read.o)
 .debug_info    0x000000000003474d       0x9d /usr/lib/gcc/arm-none-eabi/9.2.1/../../../arm-none-eabi/lib/thumb/v7e-m+fp/hard/libnosys.a(sbrk.o)
 .debug_info    0x00000000000347ea       0xa3 /usr/lib/gcc/arm-none-eabi/9.2.1/../../../arm-none-eabi/lib/thumb/v7e-m+fp/hard/libnosys.a(_exit.o)

.debug_abbrev   0x0000000000000000     0xa216
 .debug_abbrev  0x0000000000000000      0x1a7 sdram.o
 .debug_abbrev  0x00000000000001a7      0x3df lcd.o
 .debug_abbrev  0x0000000000000586      0x2c3 clock.o
 .debug_abbrev  0x0000000000000849      0x39b labo4.o
 .debug_abbrev  0x0000000000000be4      0x10c /home/juan/Documents/VIII_Semestre/Labo_Micros/Labos_con_Luisja/Laboratorio_Microcontroladores/Laboratorio_4/src/libopencm3-examples/libopencm3/lib/libopencm3_stm32f4.a(fmc_common_f47.o)
 .debug_abbrev  0x0000000000000cf0      0x116 /home/juan/Documents/VIII_Semestre/Labo_Micros/Labos_con_Luisja/Laboratorio_Microcontroladores/Laboratorio_4/src/libopencm3-examples/libopencm3/lib/libopencm3_stm32f4.a(gpio_common_all.o)
 .debug_abbrev  0x0000000000000e06       0xbf /home/juan/Documents/VIII_Semestre/Labo_Micros/Labos_con_Luisja/Laboratorio_Microcontroladores/Laboratorio_4/src/libopencm3-examples/libopencm3/lib/libopencm3_stm32f4.a(gpio_common_f0234.o)
 .debug_abbrev  0x0000000000000ec5      0x1da /home/juan/Documents/VIII_Semestre/Labo_Micros/Labos_con_Luisja/Laboratorio_Microcontroladores/Laboratorio_4/src/libopencm3-examples/libopencm3/lib/libopencm3_stm32f4.a(rcc_common_all.o)
 .debug_abbrev  0x000000000000109f      0x2d1 /home/juan/Documents/VIII_Semestre/Labo_Micros/Labos_con_Luisja/Laboratorio_Microcontroladores/Laboratorio_4/src/libopencm3-examples/libopencm3/lib/libopencm3_stm32f4.a(rcc.o)
 .debug_abbrev  0x0000000000001370      0x244 /home/juan/Documents/VIII_Semestre/Labo_Micros/Labos_con_Luisja/Laboratorio_Microcontroladores/Laboratorio_4/src/libopencm3-examples/libopencm3/lib/libopencm3_stm32f4.a(spi_common_all.o)
 .debug_abbrev  0x00000000000015b4      0x13e /home/juan/Documents/VIII_Semestre/Labo_Micros/Labos_con_Luisja/Laboratorio_Microcontroladores/Laboratorio_4/src/libopencm3-examples/libopencm3/lib/libopencm3_stm32f4.a(spi_common_v1.o)
 .debug_abbrev  0x00000000000016f2      0x182 /home/juan/Documents/VIII_Semestre/Labo_Micros/Labos_con_Luisja/Laboratorio_Microcontroladores/Laboratorio_4/src/libopencm3-examples/libopencm3/lib/libopencm3_stm32f4.a(usart_common_all.o)
 .debug_abbrev  0x0000000000001874      0x15b /home/juan/Documents/VIII_Semestre/Labo_Micros/Labos_con_Luisja/Laboratorio_Microcontroladores/Laboratorio_4/src/libopencm3-examples/libopencm3/lib/libopencm3_stm32f4.a(vector.o)
 .debug_abbrev  0x00000000000019cf      0x155 /home/juan/Documents/VIII_Semestre/Labo_Micros/Labos_con_Luisja/Laboratorio_Microcontroladores/Laboratorio_4/src/libopencm3-examples/libopencm3/lib/libopencm3_stm32f4.a(systick.o)
 .debug_abbrev  0x0000000000001b24       0x9a /home/juan/Documents/VIII_Semestre/Labo_Micros/Labos_con_Luisja/Laboratorio_Microcontroladores/Laboratorio_4/src/libopencm3-examples/libopencm3/lib/libopencm3_stm32f4.a(flash_common_all.o)
 .debug_abbrev  0x0000000000001bbe       0x56 /home/juan/Documents/VIII_Semestre/Labo_Micros/Labos_con_Luisja/Laboratorio_Microcontroladores/Laboratorio_4/src/libopencm3-examples/libopencm3/lib/libopencm3_stm32f4.a(flash_common_idcache.o)
 .debug_abbrev  0x0000000000001c14       0x9c /home/juan/Documents/VIII_Semestre/Labo_Micros/Labos_con_Luisja/Laboratorio_Microcontroladores/Laboratorio_4/src/libopencm3-examples/libopencm3/lib/libopencm3_stm32f4.a(pwr.o)
 .debug_abbrev  0x0000000000001cb0      0x2b2 /usr/lib/gcc/arm-none-eabi/9.2.1/../../../arm-none-eabi/lib/thumb/v7e-m+fp/hard/libc.a(lib_a-printf.o)
 .debug_abbrev  0x0000000000001f62      0x2c5 /usr/lib/gcc/arm-none-eabi/9.2.1/../../../arm-none-eabi/lib/thumb/v7e-m+fp/hard/libc.a(lib_a-puts.o)
 .debug_abbrev  0x0000000000002227       0x14 /usr/lib/gcc/arm-none-eabi/9.2.1/../../../arm-none-eabi/lib/thumb/v7e-m+fp/hard/libc.a(lib_a-strlen.o)
 .debug_abbrev  0x000000000000223b      0x466 /usr/lib/gcc/arm-none-eabi/9.2.1/../../../arm-none-eabi/lib/thumb/v7e-m+fp/hard/libc.a(lib_a-vfprintf.o)
 .debug_abbrev  0x00000000000026a1      0x283 /usr/lib/gcc/arm-none-eabi/9.2.1/../../../arm-none-eabi/lib/thumb/v7e-m+fp/hard/libc.a(lib_a-wsetup.o)
 .debug_abbrev  0x0000000000002924      0x343 /usr/lib/gcc/arm-none-eabi/9.2.1/../../../arm-none-eabi/lib/thumb/v7e-m+fp/hard/libc.a(lib_a-dtoa.o)
 .debug_abbrev  0x0000000000002c67      0x322 /usr/lib/gcc/arm-none-eabi/9.2.1/../../../arm-none-eabi/lib/thumb/v7e-m+fp/hard/libc.a(lib_a-fflush.o)
 .debug_abbrev  0x0000000000002f89      0x425 /usr/lib/gcc/arm-none-eabi/9.2.1/../../../arm-none-eabi/lib/thumb/v7e-m+fp/hard/libc.a(lib_a-findfp.o)
 .debug_abbrev  0x00000000000033ae      0x2c9 /usr/lib/gcc/arm-none-eabi/9.2.1/../../../arm-none-eabi/lib/thumb/v7e-m+fp/hard/libc.a(lib_a-freer.o)
 .debug_abbrev  0x0000000000003677      0x2ae /usr/lib/gcc/arm-none-eabi/9.2.1/../../../arm-none-eabi/lib/thumb/v7e-m+fp/hard/libc.a(lib_a-fvwrite.o)
 .debug_abbrev  0x0000000000003925      0x24e /usr/lib/gcc/arm-none-eabi/9.2.1/../../../arm-none-eabi/lib/thumb/v7e-m+fp/hard/libc.a(lib_a-fwalk.o)
 .debug_abbrev  0x0000000000003b73      0x1b8 /usr/lib/gcc/arm-none-eabi/9.2.1/../../../arm-none-eabi/lib/thumb/v7e-m+fp/hard/libc.a(lib_a-impure.o)
 .debug_abbrev  0x0000000000003d2b      0x27d /usr/lib/gcc/arm-none-eabi/9.2.1/../../../arm-none-eabi/lib/thumb/v7e-m+fp/hard/libc.a(lib_a-localeconv.o)
 .debug_abbrev  0x0000000000003fa8      0x334 /usr/lib/gcc/arm-none-eabi/9.2.1/../../../arm-none-eabi/lib/thumb/v7e-m+fp/hard/libc.a(lib_a-makebuf.o)
 .debug_abbrev  0x00000000000042dc      0x321 /usr/lib/gcc/arm-none-eabi/9.2.1/../../../arm-none-eabi/lib/thumb/v7e-m+fp/hard/libc.a(lib_a-mallocr.o)
 .debug_abbrev  0x00000000000045fd       0x14 /usr/lib/gcc/arm-none-eabi/9.2.1/../../../arm-none-eabi/lib/thumb/v7e-m+fp/hard/libc.a(lib_a-memchr.o)
 .debug_abbrev  0x0000000000004611       0x14 /usr/lib/gcc/arm-none-eabi/9.2.1/../../../arm-none-eabi/lib/thumb/v7e-m+fp/hard/libc.a(lib_a-memcpy.o)
 .debug_abbrev  0x0000000000004625      0x21c /usr/lib/gcc/arm-none-eabi/9.2.1/../../../arm-none-eabi/lib/thumb/v7e-m+fp/hard/libc.a(lib_a-memmove.o)
 .debug_abbrev  0x0000000000004841      0x217 /usr/lib/gcc/arm-none-eabi/9.2.1/../../../arm-none-eabi/lib/thumb/v7e-m+fp/hard/libc.a(lib_a-memset.o)
 .debug_abbrev  0x0000000000004a58      0x203 /usr/lib/gcc/arm-none-eabi/9.2.1/../../../arm-none-eabi/lib/thumb/v7e-m+fp/hard/libc.a(lib_a-mlock.o)
 .debug_abbrev  0x0000000000004c5b      0x4b7 /usr/lib/gcc/arm-none-eabi/9.2.1/../../../arm-none-eabi/lib/thumb/v7e-m+fp/hard/libc.a(lib_a-mprec.o)
 .debug_abbrev  0x0000000000005112      0x2a8 /usr/lib/gcc/arm-none-eabi/9.2.1/../../../arm-none-eabi/lib/thumb/v7e-m+fp/hard/libc.a(lib_a-reallocr.o)
 .debug_abbrev  0x00000000000053ba      0x250 /usr/lib/gcc/arm-none-eabi/9.2.1/../../../arm-none-eabi/lib/thumb/v7e-m+fp/hard/libc.a(lib_a-sbrkr.o)
 .debug_abbrev  0x000000000000560a      0x2ad /usr/lib/gcc/arm-none-eabi/9.2.1/../../../arm-none-eabi/lib/thumb/v7e-m+fp/hard/libc.a(lib_a-stdio.o)
 .debug_abbrev  0x00000000000058b7      0x468 /usr/lib/gcc/arm-none-eabi/9.2.1/../../../arm-none-eabi/lib/thumb/v7e-m+fp/hard/libc.a(lib_a-vfiprintf.o)
 .debug_abbrev  0x0000000000005d1f      0x22a /usr/lib/gcc/arm-none-eabi/9.2.1/../../../arm-none-eabi/lib/thumb/v7e-m+fp/hard/libc.a(lib_a-writer.o)
 .debug_abbrev  0x0000000000005f49      0x23d /usr/lib/gcc/arm-none-eabi/9.2.1/../../../arm-none-eabi/lib/thumb/v7e-m+fp/hard/libc.a(lib_a-assert.o)
 .debug_abbrev  0x0000000000006186      0x275 /usr/lib/gcc/arm-none-eabi/9.2.1/../../../arm-none-eabi/lib/thumb/v7e-m+fp/hard/libc.a(lib_a-callocr.o)
 .debug_abbrev  0x00000000000063fb      0x225 /usr/lib/gcc/arm-none-eabi/9.2.1/../../../arm-none-eabi/lib/thumb/v7e-m+fp/hard/libc.a(lib_a-closer.o)
 .debug_abbrev  0x0000000000006620      0x327 /usr/lib/gcc/arm-none-eabi/9.2.1/../../../arm-none-eabi/lib/thumb/v7e-m+fp/hard/libc.a(lib_a-fclose.o)
 .debug_abbrev  0x0000000000006947      0x255 /usr/lib/gcc/arm-none-eabi/9.2.1/../../../arm-none-eabi/lib/thumb/v7e-m+fp/hard/libc.a(lib_a-fiprintf.o)
 .debug_abbrev  0x0000000000006b9c      0x38c /usr/lib/gcc/arm-none-eabi/9.2.1/../../../arm-none-eabi/lib/thumb/v7e-m+fp/hard/libc.a(lib_a-fputwc.o)
 .debug_abbrev  0x0000000000006f28      0x239 /usr/lib/gcc/arm-none-eabi/9.2.1/../../../arm-none-eabi/lib/thumb/v7e-m+fp/hard/libc.a(lib_a-fstatr.o)
 .debug_abbrev  0x0000000000007161      0x225 /usr/lib/gcc/arm-none-eabi/9.2.1/../../../arm-none-eabi/lib/thumb/v7e-m+fp/hard/libc.a(lib_a-isattyr.o)
 .debug_abbrev  0x0000000000007386      0x2e8 /usr/lib/gcc/arm-none-eabi/9.2.1/../../../arm-none-eabi/lib/thumb/v7e-m+fp/hard/libc.a(lib_a-locale.o)
 .debug_abbrev  0x000000000000766e      0x239 /usr/lib/gcc/arm-none-eabi/9.2.1/../../../arm-none-eabi/lib/thumb/v7e-m+fp/hard/libc.a(lib_a-lseekr.o)
 .debug_abbrev  0x00000000000078a7      0x25f /usr/lib/gcc/arm-none-eabi/9.2.1/../../../arm-none-eabi/lib/thumb/v7e-m+fp/hard/libc.a(lib_a-mbtowc_r.o)
 .debug_abbrev  0x0000000000007b06      0x225 /usr/lib/gcc/arm-none-eabi/9.2.1/../../../arm-none-eabi/lib/thumb/v7e-m+fp/hard/libc.a(lib_a-readr.o)
 .debug_abbrev  0x0000000000007d2b      0x2ba /usr/lib/gcc/arm-none-eabi/9.2.1/../../../arm-none-eabi/lib/thumb/v7e-m+fp/hard/libc.a(lib_a-reent.o)
 .debug_abbrev  0x0000000000007fe5       0x14 /usr/lib/gcc/arm-none-eabi/9.2.1/../../../arm-none-eabi/lib/thumb/v7e-m+fp/hard/libc.a(lib_a-strcmp.o)
 .debug_abbrev  0x0000000000007ff9      0x2c3 /usr/lib/gcc/arm-none-eabi/9.2.1/../../../arm-none-eabi/lib/thumb/v7e-m+fp/hard/libc.a(lib_a-wbuf.o)
 .debug_abbrev  0x00000000000082bc      0x256 /usr/lib/gcc/arm-none-eabi/9.2.1/../../../arm-none-eabi/lib/thumb/v7e-m+fp/hard/libc.a(lib_a-wcrtomb.o)
 .debug_abbrev  0x0000000000008512      0x269 /usr/lib/gcc/arm-none-eabi/9.2.1/../../../arm-none-eabi/lib/thumb/v7e-m+fp/hard/libc.a(lib_a-wctomb_r.o)
 .debug_abbrev  0x000000000000877b      0x20b /usr/lib/gcc/arm-none-eabi/9.2.1/../../../arm-none-eabi/lib/thumb/v7e-m+fp/hard/libc.a(lib_a-abort.o)
 .debug_abbrev  0x0000000000008986      0x1b6 /usr/lib/gcc/arm-none-eabi/9.2.1/../../../arm-none-eabi/lib/thumb/v7e-m+fp/hard/libc.a(lib_a-ctype_.o)
 .debug_abbrev  0x0000000000008b3c      0x36b /usr/lib/gcc/arm-none-eabi/9.2.1/../../../arm-none-eabi/lib/thumb/v7e-m+fp/hard/libc.a(lib_a-signal.o)
 .debug_abbrev  0x0000000000008ea7      0x255 /usr/lib/gcc/arm-none-eabi/9.2.1/../../../arm-none-eabi/lib/thumb/v7e-m+fp/hard/libc.a(lib_a-signalr.o)
 .debug_abbrev  0x00000000000090fc       0x14 /usr/lib/gcc/arm-none-eabi/9.2.1/thumb/v7e-m+fp/hard/libgcc.a(_arm_addsubdf3.o)
 .debug_abbrev  0x0000000000009110       0x14 /usr/lib/gcc/arm-none-eabi/9.2.1/thumb/v7e-m+fp/hard/libgcc.a(_arm_muldivdf3.o)
 .debug_abbrev  0x0000000000009124       0x14 /usr/lib/gcc/arm-none-eabi/9.2.1/thumb/v7e-m+fp/hard/libgcc.a(_arm_cmpdf2.o)
 .debug_abbrev  0x0000000000009138       0x14 /usr/lib/gcc/arm-none-eabi/9.2.1/thumb/v7e-m+fp/hard/libgcc.a(_arm_unorddf2.o)
 .debug_abbrev  0x000000000000914c       0x14 /usr/lib/gcc/arm-none-eabi/9.2.1/thumb/v7e-m+fp/hard/libgcc.a(_arm_fixdfsi.o)
 .debug_abbrev  0x0000000000009160       0x14 /usr/lib/gcc/arm-none-eabi/9.2.1/thumb/v7e-m+fp/hard/libgcc.a(_aeabi_uldivmod.o)
 .debug_abbrev  0x0000000000009174      0x1c2 /usr/lib/gcc/arm-none-eabi/9.2.1/thumb/v7e-m+fp/hard/libgcc.a(_udivmoddi4.o)
 .debug_abbrev  0x0000000000009336       0x14 /usr/lib/gcc/arm-none-eabi/9.2.1/thumb/v7e-m+fp/hard/libgcc.a(_dvmd_tls.o)
 .debug_abbrev  0x000000000000934a      0x1ea /usr/lib/gcc/arm-none-eabi/9.2.1/../../../arm-none-eabi/lib/thumb/v7e-m+fp/hard/libnosys.a(close.o)
 .debug_abbrev  0x0000000000009534      0x1fd /usr/lib/gcc/arm-none-eabi/9.2.1/../../../arm-none-eabi/lib/thumb/v7e-m+fp/hard/libnosys.a(fstat.o)
 .debug_abbrev  0x0000000000009731      0x1d6 /usr/lib/gcc/arm-none-eabi/9.2.1/../../../arm-none-eabi/lib/thumb/v7e-m+fp/hard/libnosys.a(getpid.o)
 .debug_abbrev  0x0000000000009907      0x1ea /usr/lib/gcc/arm-none-eabi/9.2.1/../../../arm-none-eabi/lib/thumb/v7e-m+fp/hard/libnosys.a(isatty.o)
 .debug_abbrev  0x0000000000009af1      0x1fb /usr/lib/gcc/arm-none-eabi/9.2.1/../../../arm-none-eabi/lib/thumb/v7e-m+fp/hard/libnosys.a(kill.o)
 .debug_abbrev  0x0000000000009cec      0x20f /usr/lib/gcc/arm-none-eabi/9.2.1/../../../arm-none-eabi/lib/thumb/v7e-m+fp/hard/libnosys.a(lseek.o)
 .debug_abbrev  0x0000000000009efb      0x20f /usr/lib/gcc/arm-none-eabi/9.2.1/../../../arm-none-eabi/lib/thumb/v7e-m+fp/hard/libnosys.a(read.o)
 .debug_abbrev  0x000000000000a10a       0xa2 /usr/lib/gcc/arm-none-eabi/9.2.1/../../../arm-none-eabi/lib/thumb/v7e-m+fp/hard/libnosys.a(sbrk.o)
 .debug_abbrev  0x000000000000a1ac       0x6a /usr/lib/gcc/arm-none-eabi/9.2.1/../../../arm-none-eabi/lib/thumb/v7e-m+fp/hard/libnosys.a(_exit.o)

.debug_loc      0x0000000000000000    0x14884
 .debug_loc     0x0000000000000000       0xde sdram.o
 .debug_loc     0x00000000000000de      0x320 lcd.o
 .debug_loc     0x00000000000003fe      0x4d0 labo4.o
 .debug_loc     0x00000000000008ce      0x590 /home/juan/Documents/VIII_Semestre/Labo_Micros/Labos_con_Luisja/Laboratorio_Microcontroladores/Laboratorio_4/src/libopencm3-examples/libopencm3/lib/libopencm3_stm32f4.a(fmc_common_f47.o)
 .debug_loc     0x0000000000000e5e       0xbe /home/juan/Documents/VIII_Semestre/Labo_Micros/Labos_con_Luisja/Laboratorio_Microcontroladores/Laboratorio_4/src/libopencm3-examples/libopencm3/lib/libopencm3_stm32f4.a(gpio_common_all.o)
 .debug_loc     0x0000000000000f1c      0x14d /home/juan/Documents/VIII_Semestre/Labo_Micros/Labos_con_Luisja/Laboratorio_Microcontroladores/Laboratorio_4/src/libopencm3-examples/libopencm3/lib/libopencm3_stm32f4.a(gpio_common_f0234.o)
 .debug_loc     0x0000000000001069      0x120 /home/juan/Documents/VIII_Semestre/Labo_Micros/Labos_con_Luisja/Laboratorio_Microcontroladores/Laboratorio_4/src/libopencm3-examples/libopencm3/lib/libopencm3_stm32f4.a(rcc_common_all.o)
 .debug_loc     0x0000000000001189      0x8c7 /home/juan/Documents/VIII_Semestre/Labo_Micros/Labos_con_Luisja/Laboratorio_Microcontroladores/Laboratorio_4/src/libopencm3-examples/libopencm3/lib/libopencm3_stm32f4.a(rcc.o)
 .debug_loc     0x0000000000001a50      0x226 /home/juan/Documents/VIII_Semestre/Labo_Micros/Labos_con_Luisja/Laboratorio_Microcontroladores/Laboratorio_4/src/libopencm3-examples/libopencm3/lib/libopencm3_stm32f4.a(spi_common_all.o)
 .debug_loc     0x0000000000001c76      0x149 /home/juan/Documents/VIII_Semestre/Labo_Micros/Labos_con_Luisja/Laboratorio_Microcontroladores/Laboratorio_4/src/libopencm3-examples/libopencm3/lib/libopencm3_stm32f4.a(spi_common_v1.o)
 .debug_loc     0x0000000000001dbf      0x206 /home/juan/Documents/VIII_Semestre/Labo_Micros/Labos_con_Luisja/Laboratorio_Microcontroladores/Laboratorio_4/src/libopencm3-examples/libopencm3/lib/libopencm3_stm32f4.a(usart_common_all.o)
 .debug_loc     0x0000000000001fc5      0x128 /home/juan/Documents/VIII_Semestre/Labo_Micros/Labos_con_Luisja/Laboratorio_Microcontroladores/Laboratorio_4/src/libopencm3-examples/libopencm3/lib/libopencm3_stm32f4.a(vector.o)
 .debug_loc     0x00000000000020ed      0x192 /home/juan/Documents/VIII_Semestre/Labo_Micros/Labos_con_Luisja/Laboratorio_Microcontroladores/Laboratorio_4/src/libopencm3-examples/libopencm3/lib/libopencm3_stm32f4.a(systick.o)
 .debug_loc     0x000000000000227f       0x47 /home/juan/Documents/VIII_Semestre/Labo_Micros/Labos_con_Luisja/Laboratorio_Microcontroladores/Laboratorio_4/src/libopencm3-examples/libopencm3/lib/libopencm3_stm32f4.a(flash_common_all.o)
 .debug_loc     0x00000000000022c6       0x47 /home/juan/Documents/VIII_Semestre/Labo_Micros/Labos_con_Luisja/Laboratorio_Microcontroladores/Laboratorio_4/src/libopencm3-examples/libopencm3/lib/libopencm3_stm32f4.a(pwr.o)
 .debug_loc     0x000000000000230d       0x64 /usr/lib/gcc/arm-none-eabi/9.2.1/../../../arm-none-eabi/lib/thumb/v7e-m+fp/hard/libc.a(lib_a-printf.o)
 .debug_loc     0x0000000000002371      0x11a /usr/lib/gcc/arm-none-eabi/9.2.1/../../../arm-none-eabi/lib/thumb/v7e-m+fp/hard/libc.a(lib_a-puts.o)
 .debug_loc     0x000000000000248b     0x364f /usr/lib/gcc/arm-none-eabi/9.2.1/../../../arm-none-eabi/lib/thumb/v7e-m+fp/hard/libc.a(lib_a-vfprintf.o)
 .debug_loc     0x0000000000005ada       0xba /usr/lib/gcc/arm-none-eabi/9.2.1/../../../arm-none-eabi/lib/thumb/v7e-m+fp/hard/libc.a(lib_a-wsetup.o)
 .debug_loc     0x0000000000005b94     0x305a /usr/lib/gcc/arm-none-eabi/9.2.1/../../../arm-none-eabi/lib/thumb/v7e-m+fp/hard/libc.a(lib_a-dtoa.o)
 .debug_loc     0x0000000000008bee      0x334 /usr/lib/gcc/arm-none-eabi/9.2.1/../../../arm-none-eabi/lib/thumb/v7e-m+fp/hard/libc.a(lib_a-fflush.o)
 .debug_loc     0x0000000000008f22      0x32c /usr/lib/gcc/arm-none-eabi/9.2.1/../../../arm-none-eabi/lib/thumb/v7e-m+fp/hard/libc.a(lib_a-findfp.o)
 .debug_loc     0x000000000000924e      0x6f8 /usr/lib/gcc/arm-none-eabi/9.2.1/../../../arm-none-eabi/lib/thumb/v7e-m+fp/hard/libc.a(lib_a-freer.o)
 .debug_loc     0x0000000000009946      0x669 /usr/lib/gcc/arm-none-eabi/9.2.1/../../../arm-none-eabi/lib/thumb/v7e-m+fp/hard/libc.a(lib_a-fvwrite.o)
 .debug_loc     0x0000000000009faf      0x24f /usr/lib/gcc/arm-none-eabi/9.2.1/../../../arm-none-eabi/lib/thumb/v7e-m+fp/hard/libc.a(lib_a-fwalk.o)
 .debug_loc     0x000000000000a1fe       0x6f /usr/lib/gcc/arm-none-eabi/9.2.1/../../../arm-none-eabi/lib/thumb/v7e-m+fp/hard/libc.a(lib_a-localeconv.o)
 .debug_loc     0x000000000000a26d      0x192 /usr/lib/gcc/arm-none-eabi/9.2.1/../../../arm-none-eabi/lib/thumb/v7e-m+fp/hard/libc.a(lib_a-makebuf.o)
 .debug_loc     0x000000000000a3ff      0xf44 /usr/lib/gcc/arm-none-eabi/9.2.1/../../../arm-none-eabi/lib/thumb/v7e-m+fp/hard/libc.a(lib_a-mallocr.o)
 .debug_loc     0x000000000000b343      0x2f1 /usr/lib/gcc/arm-none-eabi/9.2.1/../../../arm-none-eabi/lib/thumb/v7e-m+fp/hard/libc.a(lib_a-memmove.o)
 .debug_loc     0x000000000000b634      0x231 /usr/lib/gcc/arm-none-eabi/9.2.1/../../../arm-none-eabi/lib/thumb/v7e-m+fp/hard/libc.a(lib_a-memset.o)
 .debug_loc     0x000000000000b865     0x234e /usr/lib/gcc/arm-none-eabi/9.2.1/../../../arm-none-eabi/lib/thumb/v7e-m+fp/hard/libc.a(lib_a-mprec.o)
 .debug_loc     0x000000000000dbb3     0x12c8 /usr/lib/gcc/arm-none-eabi/9.2.1/../../../arm-none-eabi/lib/thumb/v7e-m+fp/hard/libc.a(lib_a-reallocr.o)
 .debug_loc     0x000000000000ee7b       0x6c /usr/lib/gcc/arm-none-eabi/9.2.1/../../../arm-none-eabi/lib/thumb/v7e-m+fp/hard/libc.a(lib_a-sbrkr.o)
 .debug_loc     0x000000000000eee7      0x393 /usr/lib/gcc/arm-none-eabi/9.2.1/../../../arm-none-eabi/lib/thumb/v7e-m+fp/hard/libc.a(lib_a-stdio.o)
 .debug_loc     0x000000000000f27a     0x25f3 /usr/lib/gcc/arm-none-eabi/9.2.1/../../../arm-none-eabi/lib/thumb/v7e-m+fp/hard/libc.a(lib_a-vfiprintf.o)
 .debug_loc     0x000000000001186d       0xdd /usr/lib/gcc/arm-none-eabi/9.2.1/../../../arm-none-eabi/lib/thumb/v7e-m+fp/hard/libc.a(lib_a-writer.o)
 .debug_loc     0x000000000001194a      0x15c /usr/lib/gcc/arm-none-eabi/9.2.1/../../../arm-none-eabi/lib/thumb/v7e-m+fp/hard/libc.a(lib_a-assert.o)
 .debug_loc     0x0000000000011aa6      0x2d6 /usr/lib/gcc/arm-none-eabi/9.2.1/../../../arm-none-eabi/lib/thumb/v7e-m+fp/hard/libc.a(lib_a-callocr.o)
 .debug_loc     0x0000000000011d7c       0x6c /usr/lib/gcc/arm-none-eabi/9.2.1/../../../arm-none-eabi/lib/thumb/v7e-m+fp/hard/libc.a(lib_a-closer.o)
 .debug_loc     0x0000000000011de8      0x179 /usr/lib/gcc/arm-none-eabi/9.2.1/../../../arm-none-eabi/lib/thumb/v7e-m+fp/hard/libc.a(lib_a-fclose.o)
 .debug_loc     0x0000000000011f61       0xa6 /usr/lib/gcc/arm-none-eabi/9.2.1/../../../arm-none-eabi/lib/thumb/v7e-m+fp/hard/libc.a(lib_a-fiprintf.o)
 .debug_loc     0x0000000000012007      0x3cc /usr/lib/gcc/arm-none-eabi/9.2.1/../../../arm-none-eabi/lib/thumb/v7e-m+fp/hard/libc.a(lib_a-fputwc.o)
 .debug_loc     0x00000000000123d3       0xab /usr/lib/gcc/arm-none-eabi/9.2.1/../../../arm-none-eabi/lib/thumb/v7e-m+fp/hard/libc.a(lib_a-fstatr.o)
 .debug_loc     0x000000000001247e       0x6c /usr/lib/gcc/arm-none-eabi/9.2.1/../../../arm-none-eabi/lib/thumb/v7e-m+fp/hard/libc.a(lib_a-isattyr.o)
 .debug_loc     0x00000000000124ea      0x189 /usr/lib/gcc/arm-none-eabi/9.2.1/../../../arm-none-eabi/lib/thumb/v7e-m+fp/hard/libc.a(lib_a-locale.o)
 .debug_loc     0x0000000000012673       0xdd /usr/lib/gcc/arm-none-eabi/9.2.1/../../../arm-none-eabi/lib/thumb/v7e-m+fp/hard/libc.a(lib_a-lseekr.o)
 .debug_loc     0x0000000000012750      0x21d /usr/lib/gcc/arm-none-eabi/9.2.1/../../../arm-none-eabi/lib/thumb/v7e-m+fp/hard/libc.a(lib_a-mbtowc_r.o)
 .debug_loc     0x000000000001296d       0xdd /usr/lib/gcc/arm-none-eabi/9.2.1/../../../arm-none-eabi/lib/thumb/v7e-m+fp/hard/libc.a(lib_a-readr.o)
 .debug_loc     0x0000000000012a4a      0x152 /usr/lib/gcc/arm-none-eabi/9.2.1/../../../arm-none-eabi/lib/thumb/v7e-m+fp/hard/libc.a(lib_a-reent.o)
 .debug_loc     0x0000000000012b9c      0x1b0 /usr/lib/gcc/arm-none-eabi/9.2.1/../../../arm-none-eabi/lib/thumb/v7e-m+fp/hard/libc.a(lib_a-wbuf.o)
 .debug_loc     0x0000000000012d4c      0x2b1 /usr/lib/gcc/arm-none-eabi/9.2.1/../../../arm-none-eabi/lib/thumb/v7e-m+fp/hard/libc.a(lib_a-wcrtomb.o)
 .debug_loc     0x0000000000012ffd      0x13a /usr/lib/gcc/arm-none-eabi/9.2.1/../../../arm-none-eabi/lib/thumb/v7e-m+fp/hard/libc.a(lib_a-wctomb_r.o)
 .debug_loc     0x0000000000013137      0x560 /usr/lib/gcc/arm-none-eabi/9.2.1/../../../arm-none-eabi/lib/thumb/v7e-m+fp/hard/libc.a(lib_a-signal.o)
 .debug_loc     0x0000000000013697       0xd0 /usr/lib/gcc/arm-none-eabi/9.2.1/../../../arm-none-eabi/lib/thumb/v7e-m+fp/hard/libc.a(lib_a-signalr.o)
 .debug_loc     0x0000000000013767      0xfa2 /usr/lib/gcc/arm-none-eabi/9.2.1/thumb/v7e-m+fp/hard/libgcc.a(_udivmoddi4.o)
 .debug_loc     0x0000000000014709       0x25 /usr/lib/gcc/arm-none-eabi/9.2.1/../../../arm-none-eabi/lib/thumb/v7e-m+fp/hard/libnosys.a(close.o)
 .debug_loc     0x000000000001472e       0x25 /usr/lib/gcc/arm-none-eabi/9.2.1/../../../arm-none-eabi/lib/thumb/v7e-m+fp/hard/libnosys.a(fstat.o)
 .debug_loc     0x0000000000014753       0x25 /usr/lib/gcc/arm-none-eabi/9.2.1/../../../arm-none-eabi/lib/thumb/v7e-m+fp/hard/libnosys.a(isatty.o)
 .debug_loc     0x0000000000014778       0x25 /usr/lib/gcc/arm-none-eabi/9.2.1/../../../arm-none-eabi/lib/thumb/v7e-m+fp/hard/libnosys.a(kill.o)
 .debug_loc     0x000000000001479d       0x4a /usr/lib/gcc/arm-none-eabi/9.2.1/../../../arm-none-eabi/lib/thumb/v7e-m+fp/hard/libnosys.a(lseek.o)
 .debug_loc     0x00000000000147e7       0x4a /usr/lib/gcc/arm-none-eabi/9.2.1/../../../arm-none-eabi/lib/thumb/v7e-m+fp/hard/libnosys.a(read.o)
 .debug_loc     0x0000000000014831       0x3e /usr/lib/gcc/arm-none-eabi/9.2.1/../../../arm-none-eabi/lib/thumb/v7e-m+fp/hard/libnosys.a(sbrk.o)
 .debug_loc     0x000000000001486f       0x15 /usr/lib/gcc/arm-none-eabi/9.2.1/../../../arm-none-eabi/lib/thumb/v7e-m+fp/hard/libnosys.a(_exit.o)

.debug_aranges  0x0000000000000000      0xe98
 .debug_aranges
                0x0000000000000000       0x20 sdram.o
 .debug_aranges
                0x0000000000000020       0x38 lcd.o
 .debug_aranges
                0x0000000000000058       0x38 clock.o
 .debug_aranges
                0x0000000000000090       0x38 labo4.o
 .debug_aranges
                0x00000000000000c8       0x28 /home/juan/Documents/VIII_Semestre/Labo_Micros/Labos_con_Luisja/Laboratorio_Microcontroladores/Laboratorio_4/src/libopencm3-examples/libopencm3/lib/libopencm3_stm32f4.a(fmc_common_f47.o)
 .debug_aranges
                0x00000000000000f0       0x50 /home/juan/Documents/VIII_Semestre/Labo_Micros/Labos_con_Luisja/Laboratorio_Microcontroladores/Laboratorio_4/src/libopencm3-examples/libopencm3/lib/libopencm3_stm32f4.a(gpio_common_all.o)
 .debug_aranges
                0x0000000000000140       0x30 /home/juan/Documents/VIII_Semestre/Labo_Micros/Labos_con_Luisja/Laboratorio_Microcontroladores/Laboratorio_4/src/libopencm3-examples/libopencm3/lib/libopencm3_stm32f4.a(gpio_common_f0234.o)
 .debug_aranges
                0x0000000000000170       0x60 /home/juan/Documents/VIII_Semestre/Labo_Micros/Labos_con_Luisja/Laboratorio_Microcontroladores/Laboratorio_4/src/libopencm3-examples/libopencm3/lib/libopencm3_stm32f4.a(rcc_common_all.o)
 .debug_aranges
                0x00000000000001d0      0x110 /home/juan/Documents/VIII_Semestre/Labo_Micros/Labos_con_Luisja/Laboratorio_Microcontroladores/Laboratorio_4/src/libopencm3-examples/libopencm3/lib/libopencm3_stm32f4.a(rcc.o)
 .debug_aranges
                0x00000000000002e0      0x178 /home/juan/Documents/VIII_Semestre/Labo_Micros/Labos_con_Luisja/Laboratorio_Microcontroladores/Laboratorio_4/src/libopencm3-examples/libopencm3/lib/libopencm3_stm32f4.a(spi_common_all.o)
 .debug_aranges
                0x0000000000000458       0x30 /home/juan/Documents/VIII_Semestre/Labo_Micros/Labos_con_Luisja/Laboratorio_Microcontroladores/Laboratorio_4/src/libopencm3-examples/libopencm3/lib/libopencm3_stm32f4.a(spi_common_v1.o)
 .debug_aranges
                0x0000000000000488       0xd8 /home/juan/Documents/VIII_Semestre/Labo_Micros/Labos_con_Luisja/Laboratorio_Microcontroladores/Laboratorio_4/src/libopencm3-examples/libopencm3/lib/libopencm3_stm32f4.a(usart_common_all.o)
 .debug_aranges
                0x0000000000000560       0x30 /home/juan/Documents/VIII_Semestre/Labo_Micros/Labos_con_Luisja/Laboratorio_Microcontroladores/Laboratorio_4/src/libopencm3-examples/libopencm3/lib/libopencm3_stm32f4.a(vector.o)
 .debug_aranges
                0x0000000000000590       0x78 /home/juan/Documents/VIII_Semestre/Labo_Micros/Labos_con_Luisja/Laboratorio_Microcontroladores/Laboratorio_4/src/libopencm3-examples/libopencm3/lib/libopencm3_stm32f4.a(systick.o)
 .debug_aranges
                0x0000000000000608       0x38 /home/juan/Documents/VIII_Semestre/Labo_Micros/Labos_con_Luisja/Laboratorio_Microcontroladores/Laboratorio_4/src/libopencm3-examples/libopencm3/lib/libopencm3_stm32f4.a(flash_common_all.o)
 .debug_aranges
                0x0000000000000640       0x48 /home/juan/Documents/VIII_Semestre/Labo_Micros/Labos_con_Luisja/Laboratorio_Microcontroladores/Laboratorio_4/src/libopencm3-examples/libopencm3/lib/libopencm3_stm32f4.a(flash_common_idcache.o)
 .debug_aranges
                0x0000000000000688       0x20 /home/juan/Documents/VIII_Semestre/Labo_Micros/Labos_con_Luisja/Laboratorio_Microcontroladores/Laboratorio_4/src/libopencm3-examples/libopencm3/lib/libopencm3_stm32f4.a(pwr.o)
 .debug_aranges
                0x00000000000006a8       0x20 /usr/lib/gcc/arm-none-eabi/9.2.1/../../../arm-none-eabi/lib/thumb/v7e-m+fp/hard/libc.a(lib_a-printf.o)
 .debug_aranges
                0x00000000000006c8       0x20 /usr/lib/gcc/arm-none-eabi/9.2.1/../../../arm-none-eabi/lib/thumb/v7e-m+fp/hard/libc.a(lib_a-puts.o)
 .debug_aranges
                0x00000000000006e8       0x20 /usr/lib/gcc/arm-none-eabi/9.2.1/../../../arm-none-eabi/lib/thumb/v7e-m+fp/hard/libc.a(lib_a-strlen.o)
 .debug_aranges
                0x0000000000000708       0x20 /usr/lib/gcc/arm-none-eabi/9.2.1/../../../arm-none-eabi/lib/thumb/v7e-m+fp/hard/libc.a(lib_a-vfprintf.o)
 .debug_aranges
                0x0000000000000728       0x20 /usr/lib/gcc/arm-none-eabi/9.2.1/../../../arm-none-eabi/lib/thumb/v7e-m+fp/hard/libc.a(lib_a-wsetup.o)
 .debug_aranges
                0x0000000000000748       0x20 /usr/lib/gcc/arm-none-eabi/9.2.1/../../../arm-none-eabi/lib/thumb/v7e-m+fp/hard/libc.a(lib_a-dtoa.o)
 .debug_aranges
                0x0000000000000768       0x20 /usr/lib/gcc/arm-none-eabi/9.2.1/../../../arm-none-eabi/lib/thumb/v7e-m+fp/hard/libc.a(lib_a-fflush.o)
 .debug_aranges
                0x0000000000000788       0x20 /usr/lib/gcc/arm-none-eabi/9.2.1/../../../arm-none-eabi/lib/thumb/v7e-m+fp/hard/libc.a(lib_a-findfp.o)
 .debug_aranges
                0x00000000000007a8       0x20 /usr/lib/gcc/arm-none-eabi/9.2.1/../../../arm-none-eabi/lib/thumb/v7e-m+fp/hard/libc.a(lib_a-freer.o)
 .debug_aranges
                0x00000000000007c8       0x20 /usr/lib/gcc/arm-none-eabi/9.2.1/../../../arm-none-eabi/lib/thumb/v7e-m+fp/hard/libc.a(lib_a-fvwrite.o)
 .debug_aranges
                0x00000000000007e8       0x20 /usr/lib/gcc/arm-none-eabi/9.2.1/../../../arm-none-eabi/lib/thumb/v7e-m+fp/hard/libc.a(lib_a-fwalk.o)
 .debug_aranges
                0x0000000000000808       0x18 /usr/lib/gcc/arm-none-eabi/9.2.1/../../../arm-none-eabi/lib/thumb/v7e-m+fp/hard/libc.a(lib_a-impure.o)
 .debug_aranges
                0x0000000000000820       0x20 /usr/lib/gcc/arm-none-eabi/9.2.1/../../../arm-none-eabi/lib/thumb/v7e-m+fp/hard/libc.a(lib_a-localeconv.o)
 .debug_aranges
                0x0000000000000840       0x20 /usr/lib/gcc/arm-none-eabi/9.2.1/../../../arm-none-eabi/lib/thumb/v7e-m+fp/hard/libc.a(lib_a-makebuf.o)
 .debug_aranges
                0x0000000000000860       0x20 /usr/lib/gcc/arm-none-eabi/9.2.1/../../../arm-none-eabi/lib/thumb/v7e-m+fp/hard/libc.a(lib_a-mallocr.o)
 .debug_aranges
                0x0000000000000880       0x20 /usr/lib/gcc/arm-none-eabi/9.2.1/../../../arm-none-eabi/lib/thumb/v7e-m+fp/hard/libc.a(lib_a-memchr.o)
 .debug_aranges
                0x00000000000008a0       0x20 /usr/lib/gcc/arm-none-eabi/9.2.1/../../../arm-none-eabi/lib/thumb/v7e-m+fp/hard/libc.a(lib_a-memcpy.o)
 .debug_aranges
                0x00000000000008c0       0x20 /usr/lib/gcc/arm-none-eabi/9.2.1/../../../arm-none-eabi/lib/thumb/v7e-m+fp/hard/libc.a(lib_a-memmove.o)
 .debug_aranges
                0x00000000000008e0       0x20 /usr/lib/gcc/arm-none-eabi/9.2.1/../../../arm-none-eabi/lib/thumb/v7e-m+fp/hard/libc.a(lib_a-memset.o)
 .debug_aranges
                0x0000000000000900       0x20 /usr/lib/gcc/arm-none-eabi/9.2.1/../../../arm-none-eabi/lib/thumb/v7e-m+fp/hard/libc.a(lib_a-mlock.o)
 .debug_aranges
                0x0000000000000920       0x20 /usr/lib/gcc/arm-none-eabi/9.2.1/../../../arm-none-eabi/lib/thumb/v7e-m+fp/hard/libc.a(lib_a-mprec.o)
 .debug_aranges
                0x0000000000000940       0x20 /usr/lib/gcc/arm-none-eabi/9.2.1/../../../arm-none-eabi/lib/thumb/v7e-m+fp/hard/libc.a(lib_a-reallocr.o)
 .debug_aranges