Archive member included to satisfy reference by file (symbol)

/home/licit/Documentos/libopencm3/libopencm3-examples/libopencm3/lib/libopencm3_stm32f4.a(fmc_common_f47.o)
                              sdram.o (sdram_timing)
/home/licit/Documentos/libopencm3/libopencm3-examples/libopencm3/lib/libopencm3_stm32f4.a(gpio_common_all.o)
                              lcd-spi.o (gpio_set)
/home/licit/Documentos/libopencm3/libopencm3-examples/libopencm3/lib/libopencm3_stm32f4.a(gpio_common_f0234.o)
                              sdram.o (gpio_mode_setup)
/home/licit/Documentos/libopencm3/libopencm3-examples/libopencm3/lib/libopencm3_stm32f4.a(rcc_common_all.o)
                              sdram.o (rcc_periph_clock_enable)
/home/licit/Documentos/libopencm3/libopencm3-examples/libopencm3/lib/libopencm3_stm32f4.a(rcc.o)
                              clock.o (rcc_clock_setup_pll)
/home/licit/Documentos/libopencm3/libopencm3-examples/libopencm3/lib/libopencm3_stm32f4.a(spi_common_all.o)
                              lcd-spi.o (spi_enable)
/home/licit/Documentos/libopencm3/libopencm3-examples/libopencm3/lib/libopencm3_stm32f4.a(spi_common_v1.o)
                              lcd-spi.o (spi_init_master)
/home/licit/Documentos/libopencm3/libopencm3-examples/libopencm3/lib/libopencm3_stm32f4.a(usart_common_all.o)
                              console.o (usart_set_baudrate)
/home/licit/Documentos/libopencm3/libopencm3-examples/libopencm3/lib/libopencm3_stm32f4.a(usart_common_f124.o)
                              /home/licit/Documentos/libopencm3/libopencm3-examples/libopencm3/lib/libopencm3_stm32f4.a(usart_common_all.o) (usart_send)
/home/licit/Documentos/libopencm3/libopencm3-examples/libopencm3/lib/libopencm3_stm32f4.a(vector.o)
                              (reset_handler)
/home/licit/Documentos/libopencm3/libopencm3-examples/libopencm3/lib/libopencm3_stm32f4.a(systick.o)
                              clock.o (systick_set_reload)
/home/licit/Documentos/libopencm3/libopencm3-examples/libopencm3/lib/libopencm3_stm32f4.a(scb.o)
                              console.o (scb_reset_system)
/home/licit/Documentos/libopencm3/libopencm3-examples/libopencm3/lib/libopencm3_stm32f4.a(nvic.o)
                              console.o (nvic_enable_irq)
/home/licit/Documentos/libopencm3/libopencm3-examples/libopencm3/lib/libopencm3_stm32f4.a(flash_common_all.o)
                              /home/licit/Documentos/libopencm3/libopencm3-examples/libopencm3/lib/libopencm3_stm32f4.a(rcc.o) (flash_set_ws)
/home/licit/Documentos/libopencm3/libopencm3-examples/libopencm3/lib/libopencm3_stm32f4.a(flash_common_idcache.o)
                              /home/licit/Documentos/libopencm3/libopencm3-examples/libopencm3/lib/libopencm3_stm32f4.a(rcc.o) (flash_dcache_enable)
/home/licit/Documentos/libopencm3/libopencm3-examples/libopencm3/lib/libopencm3_stm32f4.a(pwr.o)
                              /home/licit/Documentos/libopencm3/libopencm3-examples/libopencm3/lib/libopencm3_stm32f4.a(rcc.o) (pwr_set_vos_scale)

Discarded input sections

 .group         0x0000000000000000        0xc sdram.o
 .group         0x0000000000000000        0xc sdram.o
 .group         0x0000000000000000        0xc sdram.o
 .group         0x0000000000000000        0xc sdram.o
 .group         0x0000000000000000        0xc sdram.o
 .group         0x0000000000000000        0xc sdram.o
 .group         0x0000000000000000        0xc sdram.o
 .group         0x0000000000000000        0xc sdram.o
 .group         0x0000000000000000        0xc sdram.o
 .group         0x0000000000000000        0xc sdram.o
 .group         0x0000000000000000        0xc sdram.o
 .group         0x0000000000000000        0xc sdram.o
 .group         0x0000000000000000        0xc sdram.o
 .group         0x0000000000000000        0xc sdram.o
 .group         0x0000000000000000        0xc sdram.o
 .group         0x0000000000000000        0xc sdram.o
 .text          0x0000000000000000        0x0 sdram.o
 .data          0x0000000000000000        0x0 sdram.o
 .bss           0x0000000000000000        0x0 sdram.o
 .group         0x0000000000000000        0xc clock.o
 .group         0x0000000000000000        0xc clock.o
 .group         0x0000000000000000        0xc clock.o
 .group         0x0000000000000000        0xc clock.o
 .group         0x0000000000000000        0xc clock.o
 .group         0x0000000000000000        0xc clock.o
 .group         0x0000000000000000        0xc clock.o
 .group         0x0000000000000000        0xc clock.o
 .group         0x0000000000000000        0xc clock.o
 .group         0x0000000000000000        0xc clock.o
 .group         0x0000000000000000        0xc clock.o
 .group         0x0000000000000000        0xc clock.o
 .group         0x0000000000000000        0xc clock.o
 .text          0x0000000000000000        0x0 clock.o
 .data          0x0000000000000000        0x0 clock.o
 .bss           0x0000000000000000        0x0 clock.o
 .text.mtime    0x0000000000000000        0xc clock.o
[...]
Memory Configuration

Name             Origin             Length             Attributes
rom              0x0000000008000000 0x0000000000200000 xr
ccm              0x0000000010000000 0x0000000000010000 xrw
ram              0x0000000020000000 0x0000000000030000 xrw
*default*        0x0000000000000000 0xffffffffffffffff

Linker script and memory map

LOAD sdram.o
LOAD clock.o
LOAD console.o
LOAD lcd-spi.o
LOAD gfx.o
LOAD labo4.o
LOAD /usr/lib/gcc/arm-none-eabi/8.3.1/../../../arm-none-eabi/lib/thumb/v7e-m+fp/hard/libm.a
LOAD /home/licit/Documentos/libopencm3/libopencm3-examples/libopencm3/lib/libopencm3_stm32f4.a
START GROUP
LOAD /usr/lib/gcc/arm-none-eabi/8.3.1/../../../arm-none-eabi/lib/thumb/v7e-m+fp/hard/libc.a
LOAD /usr/lib/gcc/arm-none-eabi/8.3.1/thumb/v7e-m+fp/hard/libgcc.a
LOAD /usr/lib/gcc/arm-none-eabi/8.3.1/../../../arm-none-eabi/lib/thumb/v7e-m+fp/hard/libnosys.a
END GROUP
START GROUP
LOAD /usr/lib/gcc/arm-none-eabi/8.3.1/thumb/v7e-m+fp/hard/libgcc.a
LOAD /usr/lib/gcc/arm-none-eabi/8.3.1/../../../arm-none-eabi/lib/thumb/v7e-m+fp/hard/libg.a
LOAD /usr/lib/gcc/arm-none-eabi/8.3.1/../../../arm-none-eabi/lib/thumb/v7e-m+fp/hard/libc.a
END GROUP

.text           0x0000000008000000     0x17f4
 *(.vectors)
 .vectors       0x0000000008000000      0x1ac /home/licit/Documentos/libopencm3/libopencm3-examples/libopencm3/lib/libopencm3_stm32f4.a(vector.o)
                0x0000000008000000                vector_table
 *(.text*)
 .text.sdram_init
                0x00000000080001ac       0xf8 sdram.o
                0x00000000080001ac                sdram_init
 .text.sys_tick_handler
                0x00000000080002a4       0x10 clock.o
                0x00000000080002a4                sys_tick_handler
 .text.msleep   0x00000000080002b4       0x14 clock.o
                0x00000000080002b4                msleep
 .text.clock_setup
                0x00000000080002c8       0x28 clock.o
                0x00000000080002c8                clock_setup
 .text.usart1_isr
                0x00000000080002f0       0x58 console.o
                0x00000000080002f0                usart1_isr
 .text.console_putc
                0x0000000008000348       0x18 console.o
                0x0000000008000348                console_putc
 .text.console_puts
                0x0000000008000360       0x1e console.o
                0x0000000008000360                console_puts
 *fill*         0x000000000800037e        0x2 
 .text.console_setup
                0x0000000008000380       0x80 console.o
                0x0000000008000380                console_setup
 .text.lcd_command
                0x0000000008000400       0x64 lcd-spi.o
 .text.print_hex
                0x0000000008000464       0x4c lcd-spi.o
 .text.lcd_draw_pixel
                0x00000000080004b0       0x14 lcd-spi.o
                0x00000000080004b0                lcd_draw_pixel
 .text.lcd_show_frame
                0x00000000080004c4       0x50 lcd-spi.o
                0x00000000080004c4                lcd_show_frame
 .text.lcd_spi_init
                0x0000000008000514      0x1b4 lcd-spi.o
                0x0000000008000514                lcd_spi_init
 .text.gfx_drawPixel
                0x00000000080006c8       0x2c gfx.o
                0x00000000080006c8                gfx_drawPixel
 .text.gfx_init
                0x00000000080006f4       0x20 gfx.o
                0x00000000080006f4                gfx_init
 .text.gfx_drawLine
                0x0000000008000714       0xb6 gfx.o
                0x0000000008000714                gfx_drawLine
 .text.gfx_drawFastVLine
                0x00000000080007ca       0x16 gfx.o
                0x00000000080007ca                gfx_drawFastVLine
 .text.gfx_fillRect
                0x00000000080007e0       0x2a gfx.o
                0x00000000080007e0                gfx_fillRect
 *fill*         0x000000000800080a        0x2 
 .text.gfx_fillScreen
                0x000000000800080c       0x20 gfx.o
                0x000000000800080c                gfx_fillScreen
 .text.gfx_drawChar
                0x000000000800082c       0xdc gfx.o
                0x000000000800082c                gfx_drawChar
 .text.gfx_write
                0x0000000008000908       0x74 gfx.o
                0x0000000008000908                gfx_write
 .text.gfx_puts
                0x000000000800097c       0x12 gfx.o
                0x000000000800097c                gfx_puts
 *fill*         0x000000000800098e        0x2 
 .text.gfx_setCursor
                0x0000000008000990        0xc gfx.o
                0x0000000008000990                gfx_setCursor
 .text.gfx_setTextSize
                0x000000000800099c       0x10 gfx.o
                0x000000000800099c                gfx_setTextSize
 .text.gfx_setTextColor
                0x00000000080009ac        0xc gfx.o
                0x00000000080009ac                gfx_setTextColor
 .text.startup.main
                0x00000000080009b8       0xfc labo4.o
                0x00000000080009b8                main
 .text.sdram_timing
                0x0000000008000ab4       0x4e /home/licit/Documentos/libopencm3/libopencm3-examples/libopencm3/lib/libopencm3_stm32f4.a(fmc_common_f47.o)
                0x0000000008000ab4                sdram_timing
 *fill*         0x0000000008000b02        0x2 
 .text.sdram_command
                0x0000000008000b04       0x64 /home/licit/Documentos/libopencm3/libopencm3-examples/libopencm3/lib/libopencm3_stm32f4.a(fmc_common_f47.o)
                0x0000000008000b04                sdram_command
 .text.gpio_set
                0x0000000008000b68        0x4 /home/licit/Documentos/libopencm3/libopencm3-examples/libopencm3/lib/libopencm3_stm32f4.a(gpio_common_all.o)
                0x0000000008000b68                gpio_set
 .text.gpio_clear
                0x0000000008000b6c        0x6 /home/licit/Documentos/libopencm3/libopencm3-examples/libopencm3/lib/libopencm3_stm32f4.a(gpio_common_all.o)
                0x0000000008000b6c                gpio_clear
 .text.gpio_mode_setup
                0x0000000008000b72       0x44 /home/licit/Documentos/libopencm3/libopencm3-examples/libopencm3/lib/libopencm3_stm32f4.a(gpio_common_f0234.o)
                0x0000000008000b72                gpio_mode_setup
 .text.gpio_set_output_options
                0x0000000008000bb6       0x36 /home/licit/Documentos/libopencm3/libopencm3-examples/libopencm3/lib/libopencm3_stm32f4.a(gpio_common_f0234.o)
                0x0000000008000bb6                gpio_set_output_options
 .text.gpio_set_af
                0x0000000008000bec       0x54 /home/licit/Documentos/libopencm3/libopencm3-examples/libopencm3/lib/libopencm3_stm32f4.a(gpio_common_f0234.o)
                0x0000000008000bec                gpio_set_af
 .text.rcc_periph_clock_enable
                0x0000000008000c40       0x1a /home/licit/Documentos/libopencm3/libopencm3-examples/libopencm3/lib/libopencm3_stm32f4.a(rcc_common_all.o)
                0x0000000008000c40                rcc_periph_clock_enable
 *fill*         0x0000000008000c5a        0x2 
 .text.rcc_is_osc_ready
                0x0000000008000c5c       0x5c /home/licit/Documentos/libopencm3/libopencm3-examples/libopencm3/lib/libopencm3_stm32f4.a(rcc.o)
                0x0000000008000c5c                rcc_is_osc_ready
 .text.rcc_wait_for_osc_ready
                0x0000000008000cb8       0x10 /home/licit/Documentos/libopencm3/libopencm3-examples/libopencm3/lib/libopencm3_stm32f4.a(rcc.o)
                0x0000000008000cb8                rcc_wait_for_osc_ready
 .text.rcc_osc_on
                0x0000000008000cc8       0x58 /home/licit/Documentos/libopencm3/libopencm3-examples/libopencm3/lib/libopencm3_stm32f4.a(rcc.o)
                0x0000000008000cc8                rcc_osc_on
 .text.rcc_osc_off
                0x0000000008000d20       0x58 /home/licit/Documentos/libopencm3/libopencm3-examples/libopencm3/lib/libopencm3_stm32f4.a(rcc.o)
                0x0000000008000d20                rcc_osc_off
 .text.rcc_set_sysclk_source
                0x0000000008000d78       0x14 /home/licit/Documentos/libopencm3/libopencm3-examples/libopencm3/lib/libopencm3_stm32f4.a(rcc.o)
                0x0000000008000d78                rcc_set_sysclk_source
 .text.rcc_set_ppre2
                0x0000000008000d8c       0x14 /home/licit/Documentos/libopencm3/libopencm3-examples/libopencm3/lib/libopencm3_stm32f4.a(rcc.o)
                0x0000000008000d8c                rcc_set_ppre2
 .text.rcc_set_ppre1
                0x0000000008000da0       0x14 /home/licit/Documentos/libopencm3/libopencm3-examples/libopencm3/lib/libopencm3_stm32f4.a(rcc.o)
                0x0000000008000da0                rcc_set_ppre1
 .text.rcc_set_hpre
                0x0000000008000db4       0x14 /home/licit/Documentos/libopencm3/libopencm3-examples/libopencm3/lib/libopencm3_stm32f4.a(rcc.o)
                0x0000000008000db4                rcc_set_hpre
 .text.rcc_set_main_pll_hsi
                0x0000000008000dc8       0x44 /home/licit/Documentos/libopencm3/libopencm3-examples/libopencm3/lib/libopencm3_stm32f4.a(rcc.o)
                0x0000000008000dc8                rcc_set_main_pll_hsi
 .text.rcc_set_main_pll_hse
                0x0000000008000e0c       0x44 /home/licit/Documentos/libopencm3/libopencm3-examples/libopencm3/lib/libopencm3_stm32f4.a(rcc.o)
                0x0000000008000e0c                rcc_set_main_pll_hse
 .text.rcc_clock_setup_pll
                0x0000000008000e50       0xf4 /home/licit/Documentos/libopencm3/libopencm3-examples/libopencm3/lib/libopencm3_stm32f4.a(rcc.o)
                0x0000000008000e50                rcc_clock_setup_pll
 .text.spi_enable
                0x0000000008000f44        0xa /home/licit/Documentos/libopencm3/libopencm3-examples/libopencm3/lib/libopencm3_stm32f4.a(spi_common_all.o)
                0x0000000008000f44                spi_enable
 .text.spi_xfer
                0x0000000008000f4e        0xe /home/licit/Documentos/libopencm3/libopencm3-examples/libopencm3/lib/libopencm3_stm32f4.a(spi_common_all.o)
                0x0000000008000f4e                spi_xfer
 .text.spi_enable_ss_output
                0x0000000008000f5c        0xa /home/licit/Documentos/libopencm3/libopencm3-examples/libopencm3/lib/libopencm3_stm32f4.a(spi_common_all.o)
                0x0000000008000f5c                spi_enable_ss_output
 .text.spi_init_master
                0x0000000008000f66       0x28 /home/licit/Documentos/libopencm3/libopencm3-examples/libopencm3/lib/libopencm3_stm32f4.a(spi_common_v1.o)
                0x0000000008000f66                spi_init_master
 *fill*         0x0000000008000f8e        0x2 
 .text.usart_set_baudrate
                0x0000000008000f90       0x2c /home/licit/Documentos/libopencm3/libopencm3-examples/libopencm3/lib/libopencm3_stm32f4.a(usart_common_all.o)
                0x0000000008000f90                usart_set_baudrate
 .text.usart_set_databits
                0x0000000008000fbc       0x12 /home/licit/Documentos/libopencm3/libopencm3-examples/libopencm3/lib/libopencm3_stm32f4.a(usart_common_all.o)
                0x0000000008000fbc                usart_set_databits
 .text.usart_set_stopbits
                0x0000000008000fce        0xc /home/licit/Documentos/libopencm3/libopencm3-examples/libopencm3/lib/libopencm3_stm32f4.a(usart_common_all.o)
                0x0000000008000fce                usart_set_stopbits
 .text.usart_set_parity
                0x0000000008000fda        0xc /home/licit/Documentos/libopencm3/libopencm3-examples/libopencm3/lib/libopencm3_stm32f4.a(usart_common_all.o)
                0x0000000008000fda                usart_set_parity
 .text.usart_set_mode
                0x0000000008000fe6        0xc /home/licit/Documentos/libopencm3/libopencm3-examples/libopencm3/lib/libopencm3_stm32f4.a(usart_common_all.o)
                0x0000000008000fe6                usart_set_mode
 .text.usart_set_flow_control
                0x0000000008000ff2        0xc /home/licit/Documentos/libopencm3/libopencm3-examples/libopencm3/lib/libopencm3_stm32f4.a(usart_common_all.o)
                0x0000000008000ff2                usart_set_flow_control
 .text.usart_enable
                0x0000000008000ffe        0xa /home/licit/Documentos/libopencm3/libopencm3-examples/libopencm3/lib/libopencm3_stm32f4.a(usart_common_all.o)
                0x0000000008000ffe                usart_enable
 .text.usart_enable_rx_interrupt
                0x0000000008001008        0xa /home/licit/Documentos/libopencm3/libopencm3-examples/libopencm3/lib/libopencm3_stm32f4.a(usart_common_all.o)
                0x0000000008001008                usart_enable_rx_interrupt
 .text.blocking_handler
                0x0000000008001012        0x2 /home/licit/Documentos/libopencm3/libopencm3-examples/libopencm3/lib/libopencm3_stm32f4.a(vector.o)
                0x0000000008001012                dma2_stream1_isr
                0x0000000008001012                tim8_brk_tim12_isr
                0x0000000008001012                dma1_stream7_isr
                0x0000000008001012                usart3_isr
                0x0000000008001012                tim7_isr
                0x0000000008001012                dma2d_isr
                0x0000000008001012                uart8_isr
                0x0000000008001012                dma1_stream2_isr
                0x0000000008001012                otg_hs_isr
                0x0000000008001012                blocking_handler
                0x0000000008001012                tim5_isr
                0x0000000008001012                rtc_wkup_isr
                0x0000000008001012                otg_fs_isr
                0x0000000008001012                spi1_isr
                0x0000000008001012                i2c3_er_isr
                0x0000000008001012                exti2_isr
                0x0000000008001012                spi5_isr
                0x0000000008001012                usb_fs_wkup_isr
                0x0000000008001012                tamp_stamp_isr
                0x0000000008001012                can1_rx1_isr
                0x0000000008001012                dma2_stream0_isr
                0x0000000008001012                i2c3_ev_isr
                0x0000000008001012                usage_fault_handler
                0x0000000008001012                can2_rx0_isr
                0x0000000008001012                dma1_stream6_isr
                0x0000000008001012                can2_rx1_isr
                0x0000000008001012                can1_sce_isr
                0x0000000008001012                tim1_cc_isr
                0x0000000008001012                can1_tx_isr
                0x0000000008001012                tim1_up_tim10_isr
                0x0000000008001012                sdio_isr
                0x0000000008001012                eth_isr
                0x0000000008001012                spi6_isr
                0x0000000008001012                dma2_stream5_isr
                0x0000000008001012                pvd_isr
                0x0000000008001012                can1_rx0_isr
                0x0000000008001012                rcc_isr
                0x0000000008001012                dma2_stream3_isr
                0x0000000008001012                flash_isr
                0x0000000008001012                uart4_isr
                0x0000000008001012                lcd_tft_isr
                0x0000000008001012                rtc_alarm_isr
                0x0000000008001012                exti15_10_isr
                0x0000000008001012                hash_rng_isr
                0x0000000008001012                tim1_trg_com_tim11_isr
                0x0000000008001012                hard_fault_handler
                0x0000000008001012                exti1_isr
                0x0000000008001012                i2c1_ev_isr
                0x0000000008001012                usart6_isr
                0x0000000008001012                spi2_isr
                0x0000000008001012                cryp_isr
                0x0000000008001012                nvic_wwdg_isr
                0x0000000008001012                dma1_stream1_isr
                0x0000000008001012                dma2_stream4_isr
                0x0000000008001012                exti3_isr
                0x0000000008001012                tim3_isr
                0x0000000008001012                usart2_isr
                0x0000000008001012                sai1_isr
                0x0000000008001012                fpu_isr
                0x0000000008001012                dma1_stream4_isr
                0x0000000008001012                i2c2_er_isr
                0x0000000008001012                i2c2_ev_isr
                0x0000000008001012                uart5_isr
                0x0000000008001012                dma2_stream6_isr
                0x0000000008001012                spi4_isr
                0x0000000008001012                adc_isr
                0x0000000008001012                dma2_stream7_isr
                0x0000000008001012                tim8_up_tim13_isr
                0x0000000008001012                fsmc_isr
                0x0000000008001012                exti4_isr
                0x0000000008001012                tim6_dac_isr
                0x0000000008001012                dma1_stream3_isr
                0x0000000008001012                tim8_trg_com_tim14_isr
                0x0000000008001012                mem_manage_handler
                0x0000000008001012                lcd_tft_err_isr
                0x0000000008001012                can2_tx_isr
                0x0000000008001012                exti9_5_isr
                0x0000000008001012                tim1_brk_tim9_isr
                0x0000000008001012                uart7_isr
                0x0000000008001012                can2_sce_isr
                0x0000000008001012                tim4_isr
                0x0000000008001012                otg_hs_wkup_isr
                0x0000000008001012                i2c1_er_isr
                0x0000000008001012                dma1_stream0_isr
                0x0000000008001012                tim8_cc_isr
                0x0000000008001012                dcmi_isr
                0x0000000008001012                dma2_stream2_isr
                0x0000000008001012                eth_wkup_isr
                0x0000000008001012                bus_fault_handler
                0x0000000008001012                otg_hs_ep1_out_isr
                0x0000000008001012                spi3_isr
                0x0000000008001012                dma1_stream5_isr
                0x0000000008001012                otg_hs_ep1_in_isr
                0x0000000008001012                tim2_isr
                0x0000000008001012                exti0_isr
 .text.null_handler
                0x0000000008001014        0x2 /home/licit/Documentos/libopencm3/libopencm3-examples/libopencm3/lib/libopencm3_stm32f4.a(vector.o)
                0x0000000008001014                null_handler
                0x0000000008001014                sv_call_handler
                0x0000000008001014                pend_sv_handler
                0x0000000008001014                debug_monitor_handler
                0x0000000008001014                nmi_handler
 *fill*         0x0000000008001016        0x2 
 .text.reset_handler
                0x0000000008001018       0x98 /home/licit/Documentos/libopencm3/libopencm3-examples/libopencm3/lib/libopencm3_stm32f4.a(vector.o)
                0x0000000008001018                reset_handler
 .text.systick_set_reload
                0x00000000080010b0       0x10 /home/licit/Documentos/libopencm3/libopencm3-examples/libopencm3/lib/libopencm3_stm32f4.a(systick.o)
                0x00000000080010b0                systick_set_reload
 .text.systick_set_clocksource
                0x00000000080010c0       0x18 /home/licit/Documentos/libopencm3/libopencm3-examples/libopencm3/lib/libopencm3_stm32f4.a(systick.o)
                0x00000000080010c0                systick_set_clocksource
 .text.systick_interrupt_enable
                0x00000000080010d8       0x10 /home/licit/Documentos/libopencm3/libopencm3-examples/libopencm3/lib/libopencm3_stm32f4.a(systick.o)
                0x00000000080010d8                systick_interrupt_enable
 .text.systick_counter_enable
                0x00000000080010e8       0x10 /home/licit/Documentos/libopencm3/libopencm3-examples/libopencm3/lib/libopencm3_stm32f4.a(systick.o)
                0x00000000080010e8                systick_counter_enable
 .text.scb_reset_system
                0x00000000080010f8       0x10 /home/licit/Documentos/libopencm3/libopencm3-examples/libopencm3/lib/libopencm3_stm32f4.a(scb.o)
                0x00000000080010f8                scb_reset_system
 .text.nvic_enable_irq
                0x0000000008001108       0x1c /home/licit/Documentos/libopencm3/libopencm3-examples/libopencm3/lib/libopencm3_stm32f4.a(nvic.o)
                0x0000000008001108                nvic_enable_irq
 .text.flash_set_ws
                0x0000000008001124       0x14 /home/licit/Documentos/libopencm3/libopencm3-examples/libopencm3/lib/libopencm3_stm32f4.a(flash_common_all.o)
                0x0000000008001124                flash_set_ws
 .text.flash_dcache_enable
                0x0000000008001138       0x10 /home/licit/Documentos/libopencm3/libopencm3-examples/libopencm3/lib/libopencm3_stm32f4.a(flash_common_idcache.o)
                0x0000000008001138                flash_dcache_enable
 .text.flash_dcache_disable
                0x0000000008001148       0x10 /home/licit/Documentos/libopencm3/libopencm3-examples/libopencm3/lib/libopencm3_stm32f4.a(flash_common_idcache.o)
                0x0000000008001148                flash_dcache_disable
 .text.flash_icache_enable
                0x0000000008001158       0x10 /home/licit/Documentos/libopencm3/libopencm3-examples/libopencm3/lib/libopencm3_stm32f4.a(flash_common_idcache.o)
                0x0000000008001158                flash_icache_enable
 .text.flash_icache_disable
                0x0000000008001168       0x10 /home/licit/Documentos/libopencm3/libopencm3-examples/libopencm3/lib/libopencm3_stm32f4.a(flash_common_idcache.o)
                0x0000000008001168                flash_icache_disable
 .text.pwr_set_vos_scale
                0x0000000008001178       0x18 /home/licit/Documentos/libopencm3/libopencm3-examples/libopencm3/lib/libopencm3_stm32f4.a(pwr.o)
                0x0000000008001178                pwr_set_vos_scale
                0x0000000008001190                . = ALIGN (0x4)
 *(.rodata*)
 .rodata.sdram_pins
                0x0000000008001190       0x30 sdram.o
 .rodata.cmd_args
                0x00000000080011c0       0x3a lcd-spi.o
 .rodata.initialization
                0x00000000080011fa       0x50 lcd-spi.o
                0x00000000080011fa                initialization
 .rodata.lcd_spi_init.str1.1
                0x000000000800124a       0x62 lcd-spi.o
 .rodata.print_hex.str1.1
                0x00000000080012ac        0x3 lcd-spi.o
 .rodata.mcm_font
                0x00000000080012af      0x480 gfx.o
 .rodata.main.str1.1
                0x000000000800172f       0x6c labo4.o
 .rodata.CSWTCH.0
                0x000000000800179b        0x3 /home/licit/Documentos/libopencm3/libopencm3-examples/libopencm3/lib/libopencm3_stm32f4.a(fmc_common_f47.o)
 *fill*         0x000000000800179e        0x2 
 .rodata.rcc_hse_8mhz_3v3
                0x00000000080017a0       0x54 /home/licit/Documentos/libopencm3/libopencm3-examples/libopencm3/lib/libopencm3_stm32f4.a(rcc.o)
                0x00000000080017a0                rcc_hse_8mhz_3v3
                0x00000000080017f4                . = ALIGN (0x4)

.glue_7         0x00000000080017f4        0x0
 .glue_7        0x00000000080017f4        0x0 linker stubs

.glue_7t        0x00000000080017f4        0x0
 .glue_7t       0x00000000080017f4        0x0 linker stubs

.vfp11_veneer   0x00000000080017f4        0x0
 .vfp11_veneer  0x00000000080017f4        0x0 linker stubs

.v4_bx          0x00000000080017f4        0x0
 .v4_bx         0x00000000080017f4        0x0 linker stubs

.iplt           0x00000000080017f4        0x0
 .iplt          0x00000000080017f4        0x0 sdram.o

.rel.dyn        0x00000000080017f4        0x0
 .rel.iplt      0x00000000080017f4        0x0 sdram.o

.preinit_array  0x00000000080017f4        0x0
                0x00000000080017f4                . = ALIGN (0x4)
                0x00000000080017f4                __preinit_array_start = .
 *(.preinit_array)
                0x00000000080017f4                __preinit_array_end = .

.init_array     0x00000000080017f4        0x0
                0x00000000080017f4                . = ALIGN (0x4)
                0x00000000080017f4                __init_array_start = .
 *(SORT_BY_NAME(.init_array.*))
 *(.init_array)
                0x00000000080017f4                __init_array_end = .

.fini_array     0x00000000080017f4        0x0
                0x00000000080017f4                . = ALIGN (0x4)
                0x00000000080017f4                __fini_array_start = .
 *(.fini_array)
 *(SORT_BY_NAME(.fini_array.*))
                0x00000000080017f4                __fini_array_end = .

.ARM.extab
 *(.ARM.extab*)

.ARM.exidx      0x00000000080017f4        0x0
                0x00000000080017f4                __exidx_start = .
 *(.ARM.exidx*)
                0x00000000080017f4                __exidx_end = .
                0x00000000080017f4                . = ALIGN (0x4)
                0x00000000080017f4                _etext = .

.noinit
 *(.noinit*)
                0x00000000080017f4                . = ALIGN (0x4)

.data           0x0000000020000000       0x28 load address 0x00000000080017f4
                0x0000000020000000                _data = .
 *(.data*)
 .data.timing   0x0000000020000000       0x1c sdram.o
 .data.rcc_ahb_frequency
                0x000000002000001c        0x4 /home/licit/Documentos/libopencm3/libopencm3-examples/libopencm3/lib/libopencm3_stm32f4.a(rcc.o)
                0x000000002000001c                rcc_ahb_frequency
 .data.rcc_apb1_frequency
                0x0000000020000020        0x4 /home/licit/Documentos/libopencm3/libopencm3-examples/libopencm3/lib/libopencm3_stm32f4.a(rcc.o)
                0x0000000020000020                rcc_apb1_frequency
 .data.rcc_apb2_frequency
                0x0000000020000024        0x4 /home/licit/Documentos/libopencm3/libopencm3-examples/libopencm3/lib/libopencm3_stm32f4.a(rcc.o)
                0x0000000020000024                rcc_apb2_frequency
 *(.ramtext*)
                0x0000000020000028                . = ALIGN (0x4)
                0x0000000020000028                _edata = .
                0x00000000080017f4                _data_loadaddr = LOADADDR (.data)

.igot.plt       0x0000000020000028        0x0 load address 0x000000000800181c
 .igot.plt      0x0000000020000028        0x0 sdram.o

.bss            0x0000000020000028       0xa8 load address 0x000000000800181c
 *(.bss*)
 .bss.system_millis
                0x0000000020000028        0x4 clock.o
 .bss.recv_buf  0x000000002000002c       0x80 console.o
                0x000000002000002c                recv_buf
 .bss.recv_ndx_cur
                0x00000000200000ac        0x4 console.o
                0x00000000200000ac                recv_ndx_cur
 .bss.recv_ndx_nxt
                0x00000000200000b0        0x4 console.o
                0x00000000200000b0                recv_ndx_nxt
 .bss.cur_frame
                0x00000000200000b4        0x4 lcd-spi.o
                0x00000000200000b4                cur_frame
 .bss.display_frame
                0x00000000200000b8        0x4 lcd-spi.o
                0x00000000200000b8                display_frame
 .bss.__gfx_state
                0x00000000200000bc       0x14 gfx.o
                0x00000000200000bc                __gfx_state
 *(COMMON)
                0x00000000200000d0                . = ALIGN (0x4)
                0x00000000200000d0                _ebss = .

/DISCARD/
 *(.eh_frame)
                0x00000000200000d0                . = ALIGN (0x4)
                0x00000000200000d0                end = .
                0x0000000020030000                PROVIDE (_stack = (ORIGIN (ram) + LENGTH (ram)))
OUTPUT(labo4.elf elf32-littlearm)
LOAD linker stubs

.debug_info     0x0000000000000000     0xa039
 .debug_info    0x0000000000000000      0x9fb sdram.o
 .debug_info    0x00000000000009fb      0x351 clock.o
 .debug_info    0x0000000000000d4c      0xacb console.o
 .debug_info    0x0000000000001817      0xed3 lcd-spi.o
 .debug_info    0x00000000000026ea     0x200f gfx.o
 .debug_info    0x00000000000046f9      0xd38 labo4.o
 .debug_info    0x0000000000005431      0x203 /home/licit/Documentos/libopencm3/libopencm3-examples/libopencm3/lib/libopencm3_stm32f4.a(fmc_common_f47.o)
 .debug_info    0x0000000000005634      0x24e /home/licit/Documentos/libopencm3/libopencm3-examples/libopencm3/lib/libopencm3_stm32f4.a(gpio_common_all.o)
 .debug_info    0x0000000000005882      0x20f /home/licit/Documentos/libopencm3/libopencm3-examples/libopencm3/lib/libopencm3_stm32f4.a(gpio_common_f0234.o)
 .debug_info    0x0000000000005a91      0xaee /home/licit/Documentos/libopencm3/libopencm3-examples/libopencm3/lib/libopencm3_stm32f4.a(rcc_common_all.o)
 .debug_info    0x000000000000657f     0x111e /home/licit/Documentos/libopencm3/libopencm3-examples/libopencm3/lib/libopencm3_stm32f4.a(rcc.o)
 .debug_info    0x000000000000769d      0xbc4 /home/licit/Documentos/libopencm3/libopencm3-examples/libopencm3/lib/libopencm3_stm32f4.a(spi_common_all.o)
 .debug_info    0x0000000000008261      0x2ea /home/licit/Documentos/libopencm3/libopencm3-examples/libopencm3/lib/libopencm3_stm32f4.a(spi_common_v1.o)
 .debug_info    0x000000000000854b      0x710 /home/licit/Documentos/libopencm3/libopencm3-examples/libopencm3/lib/libopencm3_stm32f4.a(usart_common_all.o)
 .debug_info    0x0000000000008c5b      0x333 /home/licit/Documentos/libopencm3/libopencm3-examples/libopencm3/lib/libopencm3_stm32f4.a(vector.o)
 .debug_info    0x0000000000008f8e      0x268 /home/licit/Documentos/libopencm3/libopencm3-examples/libopencm3/lib/libopencm3_stm32f4.a(systick.o)
 .debug_info    0x00000000000091f6      0x962 /home/licit/Documentos/libopencm3/libopencm3-examples/libopencm3/lib/libopencm3_stm32f4.a(scb.o)
 .debug_info    0x0000000000009b58      0x22d /home/licit/Documentos/libopencm3/libopencm3-examples/libopencm3/lib/libopencm3_stm32f4.a(nvic.o)
 .debug_info    0x0000000000009d85       0xf0 /home/licit/Documentos/libopencm3/libopencm3-examples/libopencm3/lib/libopencm3_stm32f4.a(flash_common_all.o)
 .debug_info    0x0000000000009e75       0xe8 /home/licit/Documentos/libopencm3/libopencm3-examples/libopencm3/lib/libopencm3_stm32f4.a(flash_common_idcache.o)
 .debug_info    0x0000000000009f5d       0xdc /home/licit/Documentos/libopencm3/libopencm3-examples/libopencm3/lib/libopencm3_stm32f4.a(pwr.o)

.debug_abbrev   0x0000000000000000     0x2360
 .debug_abbrev  0x0000000000000000      0x1a7 sdram.o
 .debug_abbrev  0x00000000000001a7      0x1a7 clock.o
 .debug_abbrev  0x000000000000034e      0x251 console.o
 .debug_abbrev  0x000000000000059f      0x3b4 lcd-spi.o
 .debug_abbrev  0x0000000000000953      0x43f gfx.o
 .debug_abbrev  0x0000000000000d92      0x21c labo4.o
 .debug_abbrev  0x0000000000000fae      0x11d /home/licit/Documentos/libopencm3/libopencm3-examples/libopencm3/lib/libopencm3_stm32f4.a(fmc_common_f47.o)
 .debug_abbrev  0x00000000000010cb      0x116 /home/licit/Documentos/libopencm3/libopencm3-examples/libopencm3/lib/libopencm3_stm32f4.a(gpio_common_all.o)
 .debug_abbrev  0x00000000000011e1       0xbf /home/licit/Documentos/libopencm3/libopencm3-examples/libopencm3/lib/libopencm3_stm32f4.a(gpio_common_f0234.o)
 .debug_abbrev  0x00000000000012a0      0x1da /home/licit/Documentos/libopencm3/libopencm3-examples/libopencm3/lib/libopencm3_stm32f4.a(rcc_common_all.o)
 .debug_abbrev  0x000000000000147a      0x2d1 /home/licit/Documentos/libopencm3/libopencm3-examples/libopencm3/lib/libopencm3_stm32f4.a(rcc.o)
 .debug_abbrev  0x000000000000174b      0x241 /home/licit/Documentos/libopencm3/libopencm3-examples/libopencm3/lib/libopencm3_stm32f4.a(spi_common_all.o)
 .debug_abbrev  0x000000000000198c      0x13e /home/licit/Documentos/libopencm3/libopencm3-examples/libopencm3/lib/libopencm3_stm32f4.a(spi_common_v1.o)
 .debug_abbrev  0x0000000000001aca      0x182 /home/licit/Documentos/libopencm3/libopencm3-examples/libopencm3/lib/libopencm3_stm32f4.a(usart_common_all.o)
 .debug_abbrev  0x0000000000001c4c      0x18c /home/licit/Documentos/libopencm3/libopencm3-examples/libopencm3/lib/libopencm3_stm32f4.a(vector.o)
 .debug_abbrev  0x0000000000001dd8      0x155 /home/licit/Documentos/libopencm3/libopencm3-examples/libopencm3/lib/libopencm3_stm32f4.a(systick.o)
 .debug_abbrev  0x0000000000001f2d      0x1f2 /home/licit/Documentos/libopencm3/libopencm3-examples/libopencm3/lib/libopencm3_stm32f4.a(scb.o)
 .debug_abbrev  0x000000000000211f       0xb5 /home/licit/Documentos/libopencm3/libopencm3-examples/libopencm3/lib/libopencm3_stm32f4.a(nvic.o)
 .debug_abbrev  0x00000000000021d4       0x9a /home/licit/Documentos/libopencm3/libopencm3-examples/libopencm3/lib/libopencm3_stm32f4.a(flash_common_all.o)
 .debug_abbrev  0x000000000000226e       0x56 /home/licit/Documentos/libopencm3/libopencm3-examples/libopencm3/lib/libopencm3_stm32f4.a(flash_common_idcache.o)
 .debug_abbrev  0x00000000000022c4       0x9c /home/licit/Documentos/libopencm3/libopencm3-examples/libopencm3/lib/libopencm3_stm32f4.a(pwr.o)

.debug_loc      0x0000000000000000     0x38ee
 .debug_loc     0x0000000000000000       0xde sdram.o
 .debug_loc     0x00000000000000de       0x3a clock.o
 .debug_loc     0x0000000000000118      0x1f3 console.o
 .debug_loc     0x000000000000030b      0x49d lcd-spi.o
 .debug_loc     0x00000000000007a8     0x1667 gfx.o
 .debug_loc     0x0000000000001e0f      0x556 /home/licit/Documentos/libopencm3/libopencm3-examples/libopencm3/lib/libopencm3_stm32f4.a(fmc_common_f47.o)
 .debug_loc     0x0000000000002365       0xbe /home/licit/Documentos/libopencm3/libopencm3-examples/libopencm3/lib/libopencm3_stm32f4.a(gpio_common_all.o)
 .debug_loc     0x0000000000002423      0x14d /home/licit/Documentos/libopencm3/libopencm3-examples/libopencm3/lib/libopencm3_stm32f4.a(gpio_common_f0234.o)
 .debug_loc     0x0000000000002570      0x16a /home/licit/Documentos/libopencm3/libopencm3-examples/libopencm3/lib/libopencm3_stm32f4.a(rcc_common_all.o)
 .debug_loc     0x00000000000026da      0x87d /home/licit/Documentos/libopencm3/libopencm3-examples/libopencm3/lib/libopencm3_stm32f4.a(rcc.o)
 .debug_loc     0x0000000000002f57      0x1ec /home/licit/Documentos/libopencm3/libopencm3-examples/libopencm3/lib/libopencm3_stm32f4.a(spi_common_all.o)
 .debug_loc     0x0000000000003143      0x124 /home/licit/Documentos/libopencm3/libopencm3-examples/libopencm3/lib/libopencm3_stm32f4.a(spi_common_v1.o)
 .debug_loc     0x0000000000003267      0x1e1 /home/licit/Documentos/libopencm3/libopencm3-examples/libopencm3/lib/libopencm3_stm32f4.a(usart_common_all.o)
 .debug_loc     0x0000000000003448      0x114 /home/licit/Documentos/libopencm3/libopencm3-examples/libopencm3/lib/libopencm3_stm32f4.a(vector.o)
 .debug_loc     0x000000000000355c      0x192 /home/licit/Documentos/libopencm3/libopencm3-examples/libopencm3/lib/libopencm3_stm32f4.a(systick.o)
 .debug_loc     0x00000000000036ee       0x25 /home/licit/Documentos/libopencm3/libopencm3-examples/libopencm3/lib/libopencm3_stm32f4.a(scb.o)
 .debug_loc     0x0000000000003713      0x14d /home/licit/Documentos/libopencm3/libopencm3-examples/libopencm3/lib/libopencm3_stm32f4.a(nvic.o)
 .debug_loc     0x0000000000003860       0x47 /home/licit/Documentos/libopencm3/libopencm3-examples/libopencm3/lib/libopencm3_stm32f4.a(flash_common_all.o)
 .debug_loc     0x00000000000038a7       0x47 /home/licit/Documentos/libopencm3/libopencm3-examples/libopencm3/lib/libopencm3_stm32f4.a(pwr.o)

.debug_aranges  0x0000000000000000      0x878
 .debug_aranges
                0x0000000000000000       0x20 sdram.o
 .debug_aranges
                0x0000000000000020       0x38 clock.o
 .debug_aranges
                0x0000000000000058       0x48 console.o
 .debug_aranges
                0x00000000000000a0       0x40 lcd-spi.o
 .debug_aranges
                0x00000000000000e0       0xf8 gfx.o
 .debug_aranges
                0x00000000000001d8       0x20 labo4.o
 .debug_aranges
                0x00000000000001f8       0x28 /home/licit/Documentos/libopencm3/libopencm3-examples/libopencm3/lib/libopencm3_stm32f4.a(fmc_common_f47.o)
 .debug_aranges
                0x0000000000000220       0x50 /home/licit/Documentos/libopencm3/libopencm3-examples/libopencm3/lib/libopencm3_stm32f4.a(gpio_common_all.o)
 .debug_aranges
                0x0000000000000270       0x30 /home/licit/Documentos/libopencm3/libopencm3-examples/libopencm3/lib/libopencm3_stm32f4.a(gpio_common_f0234.o)
 .debug_aranges
                0x00000000000002a0       0x70 /home/licit/Documentos/libopencm3/libopencm3-examples/libopencm3/lib/libopencm3_stm32f4.a(rcc_common_all.o)
 .debug_aranges
                0x0000000000000310      0x110 /home/licit/Documentos/libopencm3/libopencm3-examples/libopencm3/lib/libopencm3_stm32f4.a(rcc.o)
 .debug_aranges
                0x0000000000000420      0x178 /home/licit/Documentos/libopencm3/libopencm3-examples/libopencm3/lib/libopencm3_stm32f4.a(spi_common_all.o)
 .debug_aranges
                0x0000000000000598       0x30 /home/licit/Documentos/libopencm3/libopencm3-examples/libopencm3/lib/libopencm3_stm32f4.a(spi_common_v1.o)
 .debug_aranges
                0x00000000000005c8       0xd8 /home/licit/Documentos/libopencm3/libopencm3-examples/libopencm3/lib/libopencm3_stm32f4.a(usart_common_all.o)
 .debug_aranges
                0x00000000000006a0       0x30 /home/licit/Documentos/libopencm3/libopencm3-examples/libopencm3/lib/libopencm3_stm32f4.a(vector.o)
 .debug_aranges
                0x00000000000006d0       0x78 /home/licit/Documentos/libopencm3/libopencm3-examples/libopencm3/lib/libopencm3_stm32f4.a(systick.o)
 .debug_aranges
                0x0000000000000748       0x30 /home/licit/Documentos/libopencm3/libopencm3-examples/libopencm3/lib/libopencm3_stm32f4.a(scb.o)
 .debug_aranges
                0x0000000000000778       0x60 /home/licit/Documentos/libopencm3/libopencm3-examples/libopencm3/lib/libopencm3_stm32f4.a(nvic.o)
 .debug_aranges
                0x00000000000007d8       0x38 /home/licit/Documentos/libopencm3/libopencm3-examples/libopencm3/lib/libopencm3_stm32f4.a(flash_common_all.o)
 .debug_aranges
                0x0000000000000810       0x48 /home/licit/Documentos/libopencm3/libopencm3-examples/libopencm3/lib/libopencm3_stm32f4.a(flash_common_idcache.o)
 .debug_aranges
                0x0000000000000858       0x20 /home/licit/Documentos/libopencm3/libopencm3-examples/libopencm3/lib/libopencm3_stm32f4.a(pwr.o)

.debug_ranges   0x0000000000000000      0x898
 .debug_ranges  0x0000000000000000       0x10 sdram.o
 .debug_ranges  0x0000000000000010       0x28 clock.o
 .debug_ranges  0x0000000000000038       0x38 console.o
 .debug_ranges  0x0000000000000070       0xb0 lcd-spi.o
 .debug_ranges  0x0000000000000120      0x130 gfx.o
 .debug_ranges  0x0000000000000250       0x10 labo4.o
 .debug_ranges  0x0000000000000260       0x18 /home/licit/Documentos/libopencm3/libopencm3-examples/libopencm3/lib/libopencm3_stm32f4.a(fmc_common_f47.o)
 .debug_ranges  0x0000000000000278       0x40 /home/licit/Documentos/libopencm3/libopencm3-examples/libopencm3/lib/libopencm3_stm32f4.a(gpio_common_all.o)
 .debug_ranges  0x00000000000002b8       0x20 /home/licit/Documentos/libopencm3/libopencm3-examples/libopencm3/lib/libopencm3_stm32f4.a(gpio_common_f0234.o)
 .debug_ranges  0x00000000000002d8       0x60 /home/licit/Documentos/libopencm3/libopencm3-examples/libopencm3/lib/libopencm3_stm32f4.a(rcc_common_all.o)
 .debug_ranges  0x0000000000000338      0x178 /home/licit/Documentos/libopencm3/libopencm3-examples/libopencm3/lib/libopencm3_stm32f4.a(rcc.o)
 .debug_ranges  0x00000000000004b0      0x168 /home/licit/Documentos/libopencm3/libopencm3-examples/libopencm3/lib/libopencm3_stm32f4.a(spi_common_all.o)
 .debug_ranges  0x0000000000000618       0x20 /home/licit/Documentos/libopencm3/libopencm3-examples/libopencm3/lib/libopencm3_stm32f4.a(spi_common_v1.o)
 .debug_ranges  0x0000000000000638       0xc8 /home/licit/Documentos/libopencm3/libopencm3-examples/libopencm3/lib/libopencm3_stm32f4.a(usart_common_all.o)
 .debug_ranges  0x0000000000000700       0x38 /home/licit/Documentos/libopencm3/libopencm3-examples/libopencm3/lib/libopencm3_stm32f4.a(vector.o)
 .debug_ranges  0x0000000000000738       0x80 /home/licit/Documentos/libopencm3/libopencm3-examples/libopencm3/lib/libopencm3_stm32f4.a(systick.o)
 .debug_ranges  0x00000000000007b8       0x20 /home/licit/Documentos/libopencm3/libopencm3-examples/libopencm3/lib/libopencm3_stm32f4.a(scb.o)
 .debug_ranges  0x00000000000007d8       0x50 /home/licit/Documentos/libopencm3/libopencm3-examples/libopencm3/lib/libopencm3_stm32f4.a(nvic.o)
 .debug_ranges  0x0000000000000828       0x28 /home/licit/Documentos/libopencm3/libopencm3-examples/libopencm3/lib/libopencm3_stm32f4.a(flash_common_all.o)
 .debug_ranges  0x0000000000000850       0x38 /home/licit/Documentos/libopencm3/libopencm3-examples/libopencm3/lib/libopencm3_stm32f4.a(flash_common_idcache.o)
 .debug_ranges  0x0000000000000888       0x10 /home/licit/Documentos/libopencm3/libopencm3-examples/libopencm3/lib/libopencm3_stm32f4.a(pwr.o)

.debug_macro    0x0000000000000000     0x5bec
 .debug_macro   0x0000000000000000       0xf7 sdram.o
 .debug_macro   0x00000000000000f7      0xa90 sdram.o
 .debug_macro   0x0000000000000b87      0x34e sdram.o
 .debug_macro   0x0000000000000ed5       0x1c sdram.o
 .debug_macro   0x0000000000000ef1       0x22 sdram.o
 .debug_macro   0x0000000000000f13       0xe8 sdram.o
 .debug_macro   0x0000000000000ffb       0x76 sdram.o
 .debug_macro   0x0000000000001071      0x280 sdram.o
 .debug_macro   0x00000000000012f1       0x76 sdram.o
 .debug_macro   0x0000000000001367      0x37e sdram.o
 .debug_macro   0x00000000000016e5       0xca sdram.o
 .debug_macro   0x00000000000017af       0x8e sdram.o
 .debug_macro   0x000000000000183d       0x28 sdram.o
 .debug_macro   0x0000000000001865      0xcea sdram.o
 .debug_macro   0x000000000000254f      0x285 sdram.o
 .debug_macro   0x00000000000027d4      0x2b3 sdram.o
 .debug_macro   0x0000000000002a87       0x16 sdram.o
 .debug_macro   0x0000000000002a9d       0xc1 clock.o
 .debug_macro   0x0000000000002b5e       0x6e clock.o
 .debug_macro   0x0000000000002bcc      0x22c clock.o
 .debug_macro   0x0000000000002df8       0x6f clock.o
 .debug_macro   0x0000000000002e67      0x1b6 console.o
 .debug_macro   0x000000000000301d       0x22 console.o
 .debug_macro   0x000000000000303f       0x52 console.o
 .debug_macro   0x0000000000003091       0x18 console.o
 .debug_macro   0x00000000000030a9       0x5c console.o
 .debug_macro   0x0000000000003105       0x35 console.o
 .debug_macro   0x000000000000313a       0x34 console.o
 .debug_macro   0x000000000000316e       0x94 console.o
 .debug_macro   0x0000000000003202      0x29e console.o
 .debug_macro   0x00000000000034a0       0xa0 console.o
 .debug_macro   0x0000000000003540       0x70 console.o
 .debug_macro   0x00000000000035b0      0x458 console.o
 .debug_macro   0x0000000000003a08       0x1f console.o
 .debug_macro   0x0000000000003a27       0x16 console.o
 .debug_macro   0x0000000000003a3d      0x131 lcd-spi.o
 .debug_macro   0x0000000000003b6e      0x2eb lcd-spi.o
 .debug_macro   0x0000000000003e59       0x16 lcd-spi.o
 .debug_macro   0x0000000000003e6f       0x22 lcd-spi.o
 .debug_macro   0x0000000000003e91       0x76 lcd-spi.o
 .debug_macro   0x0000000000003f07      0x125 gfx.o
 .debug_macro   0x000000000000402c      0x16d gfx.o
 .debug_macro   0x0000000000004199       0x16 gfx.o
 .debug_macro   0x00000000000041af       0x43 gfx.o
 .debug_macro   0x00000000000041f2       0x57 gfx.o
 .debug_macro   0x0000000000004249       0x34 gfx.o
 .debug_macro   0x000000000000427d       0x10 gfx.o
 .debug_macro   0x000000000000428d       0x52 gfx.o
 .debug_macro   0x00000000000042df      0x182 gfx.o
 .debug_macro   0x0000000000004461      0x35c gfx.o
 .debug_macro   0x00000000000047bd       0xde gfx.o
 .debug_macro   0x000000000000489b       0x16 gfx.o
 .debug_macro   0x00000000000048b1       0x35 gfx.o
 .debug_macro   0x00000000000048e6       0x22 gfx.o
 .debug_macro   0x0000000000004908       0x58 gfx.o
 .debug_macro   0x0000000000004960       0x16 gfx.o
 .debug_macro   0x0000000000004976      0x10a labo4.o
 .debug_macro   0x0000000000004a80       0x10 labo4.o
 .debug_macro   0x0000000000004a90       0x75 /home/licit/Documentos/libopencm3/libopencm3-examples/libopencm3/lib/libopencm3_stm32f4.a(fmc_common_f47.o)
 .debug_macro   0x0000000000004b05       0x88 /home/licit/Documentos/libopencm3/libopencm3-examples/libopencm3/lib/libopencm3_stm32f4.a(gpio_common_all.o)
 .debug_macro   0x0000000000004b8d       0x88 /home/licit/Documentos/libopencm3/libopencm3-examples/libopencm3/lib/libopencm3_stm32f4.a(gpio_common_f0234.o)
 .debug_macro   0x0000000000004c15       0xa7 /home/licit/Documentos/libopencm3/libopencm3-examples/libopencm3/lib/libopencm3_stm32f4.a(rcc_common_all.o)
 .debug_macro   0x0000000000004cbc       0xdb /home/licit/Documentos/libopencm3/libopencm3-examples/libopencm3/lib/libopencm3_stm32f4.a(rcc.o)
 .debug_macro   0x0000000000004d97       0x16 /home/licit/Documentos/libopencm3/libopencm3-examples/libopencm3/lib/libopencm3_stm32f4.a(rcc.o)
 .debug_macro   0x0000000000004dad       0x1c /home/licit/Documentos/libopencm3/libopencm3-examples/libopencm3/lib/libopencm3_stm32f4.a(rcc.o)
 .debug_macro   0x0000000000004dc9      0x143 /home/licit/Documentos/libopencm3/libopencm3-examples/libopencm3/lib/libopencm3_stm32f4.a(rcc.o)
 .debug_macro   0x0000000000004f0c       0x10 /home/licit/Documentos/libopencm3/libopencm3-examples/libopencm3/lib/libopencm3_stm32f4.a(rcc.o)
 .debug_macro   0x0000000000004f1c       0xb6 /home/licit/Documentos/libopencm3/libopencm3-examples/libopencm3/lib/libopencm3_stm32f4.a(spi_common_all.o)
 .debug_macro   0x0000000000004fd2       0xb6 /home/licit/Documentos/libopencm3/libopencm3-examples/libopencm3/lib/libopencm3_stm32f4.a(spi_common_v1.o)
 .debug_macro   0x0000000000005088       0xc2 /home/licit/Documentos/libopencm3/libopencm3-examples/libopencm3/lib/libopencm3_stm32f4.a(usart_common_all.o)
 .debug_macro   0x000000000000514a       0x8a /home/licit/Documentos/libopencm3/libopencm3-examples/libopencm3/lib/libopencm3_stm32f4.a(vector.o)
 .debug_macro   0x00000000000051d4      0x452 /home/licit/Documentos/libopencm3/libopencm3-examples/libopencm3/lib/libopencm3_stm32f4.a(vector.o)
 .debug_macro   0x0000000000005626       0x49 /home/licit/Documentos/libopencm3/libopencm3-examples/libopencm3/lib/libopencm3_stm32f4.a(systick.o)
 .debug_macro   0x000000000000566f       0x69 /home/licit/Documentos/libopencm3/libopencm3-examples/libopencm3/lib/libopencm3_stm32f4.a(systick.o)
 .debug_macro   0x00000000000056d8      0x123 /home/licit/Documentos/libopencm3/libopencm3-examples/libopencm3/lib/libopencm3_stm32f4.a(scb.o)
 .debug_macro   0x00000000000057fb      0x10e /home/licit/Documentos/libopencm3/libopencm3-examples/libopencm3/lib/libopencm3_stm32f4.a(scb.o)
 .debug_macro   0x0000000000005909       0x86 /home/licit/Documentos/libopencm3/libopencm3-examples/libopencm3/lib/libopencm3_stm32f4.a(scb.o)
 .debug_macro   0x000000000000598f       0x6a /home/licit/Documentos/libopencm3/libopencm3-examples/libopencm3/lib/libopencm3_stm32f4.a(nvic.o)
 .debug_macro   0x00000000000059f9       0x68 /home/licit/Documentos/libopencm3/libopencm3-examples/libopencm3/lib/libopencm3_stm32f4.a(nvic.o)
 .debug_macro   0x0000000000005a61       0x8e /home/licit/Documentos/libopencm3/libopencm3-examples/libopencm3/lib/libopencm3_stm32f4.a(flash_common_all.o)
 .debug_macro   0x0000000000005aef       0x8e /home/licit/Documentos/libopencm3/libopencm3-examples/libopencm3/lib/libopencm3_stm32f4.a(flash_common_idcache.o)
 .debug_macro   0x0000000000005b7d       0x6f /home/licit/Documentos/libopencm3/libopencm3-examples/libopencm3/lib/libopencm3_stm32f4.a(pwr.o)

.debug_line     0x0000000000000000     0x584c
 .debug_line    0x0000000000000000      0x3a3 sdram.o
 .debug_line    0x00000000000003a3      0x386 clock.o
 .debug_line    0x0000000000000729      0x6d2 console.o
 .debug_line    0x0000000000000dfb      0x664 lcd-spi.o
 .debug_line    0x000000000000145f      0xccc gfx.o
 .debug_line    0x000000000000212b      0x23c labo4.o
 .debug_line    0x0000000000002367      0x26e /home/licit/Documentos/libopencm3/libopencm3-examples/libopencm3/lib/libopencm3_stm32f4.a(fmc_common_f47.o)
 .debug_line    0x00000000000025d5      0x2a5 /home/licit/Documentos/libopencm3/libopencm3-examples/libopencm3/lib/libopencm3_stm32f4.a(gpio_common_all.o)
 .debug_line    0x000000000000287a      0x330 /home/licit/Documentos/libopencm3/libopencm3-examples/libopencm3/lib/libopencm3_stm32f4.a(gpio_common_f0234.o)
 .debug_line    0x0000000000002baa      0x35e /home/licit/Documentos/libopencm3/libopencm3-examples/libopencm3/lib/libopencm3_stm32f4.a(rcc_common_all.o)
 .debug_line    0x0000000000002f08      0x9b1 /home/licit/Documentos/libopencm3/libopencm3-examples/libopencm3/lib/libopencm3_stm32f4.a(rcc.o)
 .debug_line    0x00000000000038b9      0x7ed /home/licit/Documentos/libopencm3/libopencm3-examples/libopencm3/lib/libopencm3_stm32f4.a(spi_common_all.o)
 .debug_line    0x00000000000040a6      0x26c /home/licit/Documentos/libopencm3/libopencm3-examples/libopencm3/lib/libopencm3_stm32f4.a(spi_common_v1.o)
 .debug_line    0x0000000000004312      0x52b /home/licit/Documentos/libopencm3/libopencm3-examples/libopencm3/lib/libopencm3_stm32f4.a(usart_common_all.o)
 .debug_line    0x000000000000483d      0x2c3 /home/licit/Documentos/libopencm3/libopencm3-examples/libopencm3/lib/libopencm3_stm32f4.a(vector.o)
 .debug_line    0x0000000000004b00      0x26e /home/licit/Documentos/libopencm3/libopencm3-examples/libopencm3/lib/libopencm3_stm32f4.a(systick.o)
 .debug_line    0x0000000000004d6e      0x232 /home/licit/Documentos/libopencm3/libopencm3-examples/libopencm3/lib/libopencm3_stm32f4.a(scb.o)
 .debug_line    0x0000000000004fa0      0x27e /home/licit/Documentos/libopencm3/libopencm3-examples/libopencm3/lib/libopencm3_stm32f4.a(nvic.o)
 .debug_line    0x000000000000521e      0x245 /home/licit/Documentos/libopencm3/libopencm3-examples/libopencm3/lib/libopencm3_stm32f4.a(flash_common_all.o)
 .debug_line    0x0000000000005463      0x25e /home/licit/Documentos/libopencm3/libopencm3-examples/libopencm3/lib/libopencm3_stm32f4.a(flash_common_idcache.o)
 .debug_line    0x00000000000056c1      0x18b /home/licit/Documentos/libopencm3/libopencm3-examples/libopencm3/lib/libopencm3_stm32f4.a(pwr.o)

.debug_str      0x0000000000000000    0x16a26
 .debug_str     0x0000000000000000     0xbf72 sdram.o
                                       0xc14f (size before relaxing)
 .debug_str     0x000000000000bf72      0xcca clock.o
                                       0x99b7 (size before relaxing)
 .debug_str     0x000000000000cc3c     0x2fcb console.o
                                       0xe062 (size before relaxing)
 .debug_str     0x000000000000fc07     0x1091 lcd-spi.o
                                       0xc1d4 (size before relaxing)
 .debug_str     0x0000000000010c98     0x34dd gfx.o
                                       0x72f7 (size before relaxing)
 .debug_str     0x0000000000014175        0x8 labo4.o
                                       0x71ec (size before relaxing)
 .debug_str     0x000000000001417d      0x157 /home/licit/Documentos/libopencm3/libopencm3-examples/libopencm3/lib/libopencm3_stm32f4.a(fmc_common_f47.o)
                                       0x6891 (size before relaxing)
 .debug_str     0x00000000000142d4       0x7b /home/licit/Documentos/libopencm3/libopencm3-examples/libopencm3/lib/libopencm3_stm32f4.a(gpio_common_all.o)
                                       0x627a (size before relaxing)
 .debug_str     0x000000000001434f       0x61 /home/licit/Documentos/libopencm3/libopencm3-examples/libopencm3/lib/libopencm3_stm32f4.a(gpio_common_f0234.o)
                                       0x6292 (size before relaxing)
 .debug_str     0x00000000000143b0      0x475 /home/licit/Documentos/libopencm3/libopencm3-examples/libopencm3/lib/libopencm3_stm32f4.a(rcc_common_all.o)
                                       0x96fb (size before relaxing)
 .debug_str     0x0000000000014825      0xad3 /home/licit/Documentos/libopencm3/libopencm3-examples/libopencm3/lib/libopencm3_stm32f4.a(rcc.o)
                                       0x9e12 (size before relaxing)
 .debug_str     0x00000000000152f8      0x3fa /home/licit/Documentos/libopencm3/libopencm3-examples/libopencm3/lib/libopencm3_stm32f4.a(spi_common_all.o)
                                       0xa17b (size before relaxing)
 .debug_str     0x00000000000156f2       0x50 /home/licit/Documentos/libopencm3/libopencm3-examples/libopencm3/lib/libopencm3_stm32f4.a(spi_common_v1.o)
                                       0x9afc (size before relaxing)
 .debug_str     0x0000000000015742      0x1fe /home/licit/Documentos/libopencm3/libopencm3-examples/libopencm3/lib/libopencm3_stm32f4.a(usart_common_all.o)
                                       0xa181 (size before relaxing)
 .debug_str     0x0000000000015940      0xe72 /home/licit/Documentos/libopencm3/libopencm3-examples/libopencm3/lib/libopencm3_stm32f4.a(vector.o)
                                       0x6b36 (size before relaxing)
 .debug_str     0x00000000000167b2       0xbd /home/licit/Documentos/libopencm3/libopencm3-examples/libopencm3/lib/libopencm3_stm32f4.a(systick.o)
                                       0x4193 (size before relaxing)
 .debug_str     0x000000000001686f       0x42 /home/licit/Documentos/libopencm3/libopencm3-examples/libopencm3/lib/libopencm3_stm32f4.a(scb.o)
                                       0x847f (size before relaxing)
 .debug_str     0x00000000000168b1       0xc4 /home/licit/Documentos/libopencm3/libopencm3-examples/libopencm3/lib/libopencm3_stm32f4.a(nvic.o)
                                       0x5da1 (size before relaxing)
 .debug_str     0x0000000000016975       0x64 /home/licit/Documentos/libopencm3/libopencm3-examples/libopencm3/lib/libopencm3_stm32f4.a(flash_common_all.o)
                                       0x55dc (size before relaxing)
 .debug_str     0x00000000000169d9       0x47 /home/licit/Documentos/libopencm3/libopencm3-examples/libopencm3/lib/libopencm3_stm32f4.a(flash_common_idcache.o)
                                       0x55fe (size before relaxing)
 .debug_str     0x0000000000016a20        0x6 /home/licit/Documentos/libopencm3/libopencm3-examples/libopencm3/lib/libopencm3_stm32f4.a(pwr.o)
                                       0x51da (size before relaxing)

.comment        0x0000000000000000       0x51
 .comment       0x0000000000000000       0x51 sdram.o
                                         0x52 (size before relaxing)
 .comment       0x0000000000000051       0x52 clock.o
 .comment       0x0000000000000051       0x52 console.o
 .comment       0x0000000000000051       0x52 lcd-spi.o
 .comment       0x0000000000000051       0x52 gfx.o
 .comment       0x0000000000000051       0x52 labo4.o
 .comment       0x0000000000000051       0x52 /home/licit/Documentos/libopencm3/libopencm3-examples/libopencm3/lib/libopencm3_stm32f4.a(fmc_common_f47.o)
 .comment       0x0000000000000051       0x52 /home/licit/Documentos/libopencm3/libopencm3-examples/libopencm3/lib/libopencm3_stm32f4.a(gpio_common_all.o)
 .comment       0x0000000000000051       0x52 /home/licit/Documentos/libopencm3/libopencm3-examples/libopencm3/lib/libopencm3_stm32f4.a(gpio_common_f0234.o)
 .comment       0x0000000000000051       0x52 /home/licit/Documentos/libopencm3/libopencm3-examples/libopencm3/lib/libopencm3_stm32f4.a(rcc_common_all.o)
 .comment       0x0000000000000051       0x52 /home/licit/Documentos/libopencm3/libopencm3-examples/libopencm3/lib/libopencm3_stm32f4.a(rcc.o)
 .comment       0x0000000000000051       0x52 /home/licit/Documentos/libopencm3/libopencm3-examples/libopencm3/lib/libopencm3_stm32f4.a(spi_common_all.o)
 .comment       0x0000000000000051       0x52 /home/licit/Documentos/libopencm3/libopencm3-examples/libopencm3/lib/libopencm3_stm32f4.a(spi_common_v1.o)
 .comment       0x0000000000000051       0x52 /home/licit/Documentos/libopencm3/libopencm3-examples/libopencm3/lib/libopencm3_stm32f4.a(usart_common_all.o)
 .comment       0x0000000000000051       0x52 /home/licit/Documentos/libopencm3/libopencm3-examples/libopencm3/lib/libopencm3_stm32f4.a(vector.o)
 .comment       0x0000000000000051       0x52 /home/licit/Documentos/libopencm3/libopencm3-examples/libopencm3/lib/libopencm3_stm32f4.a(systick.o)
 .comment       0x0000000000000051       0x52 /home/licit/Documentos/libopencm3/libopencm3-examples/libopencm3/lib/libopencm3_stm32f4.a(scb.o)
 .comment       0x0000000000000051       0x52 /home/licit/Documentos/libopencm3/libopencm3-examples/libopencm3/lib/libopencm3_stm32f4.a(nvic.o)
 .comment       0x0000000000000051       0x52 /home/licit/Documentos/libopencm3/libopencm3-examples/libopencm3/lib/libopencm3_stm32f4.a(flash_common_all.o)
 .comment       0x0000000000000051       0x52 /home/licit/Documentos/libopencm3/libopencm3-examples/libopencm3/lib/libopencm3_stm32f4.a(flash_common_idcache.o)
 .comment       0x0000000000000051       0x52 /home/licit/Documentos/libopencm3/libopencm3-examples/libopencm3/lib/libopencm3_stm32f4.a(pwr.o)

.ARM.attributes
                0x0000000000000000       0x34
 .ARM.attributes
                0x0000000000000000       0x34 sdram.o
 .ARM.attributes
                0x0000000000000034       0x34 clock.o
 .ARM.attributes
                0x0000000000000068       0x34 console.o
 .ARM.attributes
                0x000000000000009c       0x34 lcd-spi.o
 .ARM.attributes
                0x00000000000000d0       0x34 gfx.o
 .ARM.attributes
                0x0000000000000104       0x34 labo4.o
 .ARM.attributes
                0x0000000000000138       0x34 /home/licit/Documentos/libopencm3/libopencm3-examples/libopencm3/lib/libopencm3_stm32f4.a(fmc_common_f47.o)
 .ARM.attributes
                0x000000000000016c       0x34 /home/licit/Documentos/libopencm3/libopencm3-examples/libopencm3/lib/libopencm3_stm32f4.a(gpio_common_all.o)
 .ARM.attributes
                0x00000000000001a0       0x34 /home/licit/Documentos/libopencm3/libopencm3-examples/libopencm3/lib/libopencm3_stm32f4.a(gpio_common_f0234.o)
 .ARM.attributes
                0x00000000000001d4       0x34 /home/licit/Documentos/libopencm3/libopencm3-examples/libopencm3/lib/libopencm3_stm32f4.a(rcc_common_all.o)
 .ARM.attributes
                0x0000000000000208       0x34 /home/licit/Documentos/libopencm3/libopencm3-examples/libopencm3/lib/libopencm3_stm32f4.a(rcc.o)
 .ARM.attributes
                0x000000000000023c       0x34 /home/licit/Documentos/libopencm3/libopencm3-examples/libopencm3/lib/libopencm3_stm32f4.a(spi_common_all.o)
 .ARM.attributes
                0x0000000000000270       0x34 /home/licit/Documentos/libopencm3/libopencm3-examples/libopencm3/lib/libopencm3_stm32f4.a(spi_common_v1.o)
 .ARM.attributes
                0x00000000000002a4       0x34 /home/licit/Documentos/libopencm3/libopencm3-examples/libopencm3/lib/libopencm3_stm32f4.a(usart_common_all.o)
 .ARM.attributes
                0x00000000000002d8       0x34 /home/licit/Documentos/libopencm3/libopencm3-examples/libopencm3/lib/libopencm3_stm32f4.a(vector.o)
 .ARM.attributes
                0x000000000000030c       0x34 /home/licit/Documentos/libopencm3/libopencm3-examples/libopencm3/lib/libopencm3_stm32f4.a(systick.o)
 .ARM.attributes
                0x0000000000000340       0x34 /home/licit/Documentos/libopencm3/libopencm3-examples/libopencm3/lib/libopencm3_stm32f4.a(scb.o)
 .ARM.attributes
                0x0000000000000374       0x34 /home/licit/Documentos/libopencm3/libopencm3-examples/libopencm3/lib/libopencm3_stm32f4.a(nvic.o)
 .ARM.attributes
                0x00000000000003a8       0x34 /home/licit/Documentos/libopencm3/libopencm3-examples/libopencm3/lib/libopencm3_stm32f4.a(flash_common_all.o)
 .ARM.attributes
                0x00000000000003dc       0x34 /home/licit/Documentos/libopencm3/libopencm3-examples/libopencm3/lib/libopencm3_stm32f4.a(flash_common_idcache.o)
 .ARM.attributes
                0x0000000000000410       0x34 /home/licit/Documentos/libopencm3/libopencm3-examples/libopencm3/lib/libopencm3_stm32f4.a(pwr.o)

.debug_frame    0x0000000000000000     0x11c4
 .debug_frame   0x0000000000000000       0x30 sdram.o
 .debug_frame   0x0000000000000030       0x5c clock.o
 .debug_frame   0x000000000000008c       0xb0 console.o
 .debug_frame   0x000000000000013c       0xc4 lcd-spi.o
 .debug_frame   0x0000000000000200      0x3a8 gfx.o
 .debug_frame   0x00000000000005a8       0x28 labo4.o
 .debug_frame   0x00000000000005d0       0x38 /home/licit/Documentos/libopencm3/libopencm3-examples/libopencm3/lib/libopencm3_stm32f4.a(fmc_common_f47.o)
 .debug_frame   0x0000000000000608       0x80 /home/licit/Documentos/libopencm3/libopencm3-examples/libopencm3/lib/libopencm3_stm32f4.a(gpio_common_all.o)
 .debug_frame   0x0000000000000688       0x70 /home/licit/Documentos/libopencm3/libopencm3-examples/libopencm3/lib/libopencm3_stm32f4.a(gpio_common_f0234.o)
 .debug_frame   0x00000000000006f8       0xe0 /home/licit/Documentos/libopencm3/libopencm3-examples/libopencm3/lib/libopencm3_stm32f4.a(rcc_common_all.o)
 .debug_frame   0x00000000000007d8      0x234 /home/licit/Documentos/libopencm3/libopencm3-examples/libopencm3/lib/libopencm3_stm32f4.a(rcc.o)
 .debug_frame   0x0000000000000a0c      0x2d0 /home/licit/Documentos/libopencm3/libopencm3-examples/libopencm3/lib/libopencm3_stm32f4.a(spi_common_all.o)
 .debug_frame   0x0000000000000cdc       0x4c /home/licit/Documentos/libopencm3/libopencm3-examples/libopencm3/lib/libopencm3_stm32f4.a(spi_common_v1.o)
 .debug_frame   0x0000000000000d28      0x1b8 /home/licit/Documentos/libopencm3/libopencm3-examples/libopencm3/lib/libopencm3_stm32f4.a(usart_common_all.o)
 .debug_frame   0x0000000000000ee0       0x4c /home/licit/Documentos/libopencm3/libopencm3-examples/libopencm3/lib/libopencm3_stm32f4.a(vector.o)
 .debug_frame   0x0000000000000f2c       0xd8 /home/licit/Documentos/libopencm3/libopencm3-examples/libopencm3/lib/libopencm3_stm32f4.a(systick.o)
 .debug_frame   0x0000000000001004       0x40 /home/licit/Documentos/libopencm3/libopencm3-examples/libopencm3/lib/libopencm3_stm32f4.a(scb.o)
 .debug_frame   0x0000000000001044       0xa0 /home/licit/Documentos/libopencm3/libopencm3-examples/libopencm3/lib/libopencm3_stm32f4.a(nvic.o)
 .debug_frame   0x00000000000010e4       0x50 /home/licit/Documentos/libopencm3/libopencm3-examples/libopencm3/lib/libopencm3_stm32f4.a(flash_common_all.o)
 .debug_frame   0x0000000000001134       0x70 /home/licit/Documentos/libopencm3/libopencm3-examples/libopencm3/lib/libopencm3_stm32f4.a(flash_common_idcache.o)
 .debug_frame   0x00000000000011a4       0x20 /home/licit/Documentos/libopencm3/libopencm3-examples/libopencm3/lib/libopencm3_stm32f4.a(pwr.o)

Cross Reference Table

Symbol                                            File
__fini_array_end                                  /home/licit/Documentos/libopencm3/libopencm3-examples/libopencm3/lib/libopencm3_stm32f4.a(vector.o)
__fini_array_start                                /home/licit/Documentos/libopencm3/libopencm3-examples/libopencm3/lib/libopencm3_stm32f4.a(vector.o)
__gfx_state                                       gfx.o
__init_array_end                                  /home/licit/Documentos/libopencm3/libopencm3-examples/libopencm3/lib/libopencm3_stm32f4.a(vector.o)
__init_array_start                                /home/licit/Documentos/libopencm3/libopencm3-examples/libopencm3/lib/libopencm3_stm32f4.a(vector.o)
__preinit_array_end                               /home/licit/Documentos/libopencm3/libopencm3-examples/libopencm3/lib/libopencm3_stm32f4.a(vector.o)
__preinit_array_start                             /home/licit/Documentos/libopencm3/libopencm3-examples/libopencm3/lib/libopencm3_stm32f4.a(vector.o)
_data                                             /home/licit/Documentos/libopencm3/libopencm3-examples/libopencm3/lib/libopencm3_stm32f4.a(vector.o)
_data_loadaddr                                    /home/licit/Documentos/libopencm3/libopencm3-examples/libopencm3/lib/libopencm3_stm32f4.a(vector.o)
_ebss                                             /home/licit/Documentos/libopencm3/libopencm3-examples/libopencm3/lib/libopencm3_stm32f4.a(vector.o)
_edata                                            /home/licit/Documentos/libopencm3/libopencm3-examples/libopencm3/lib/libopencm3_stm32f4.a(vector.o)
_stack                                            /home/licit/Documentos/libopencm3/libopencm3-examples/libopencm3/lib/libopencm3_stm32f4.a(vector.o)
adc_isr                                           /home/licit/Documentos/libopencm3/libopencm3-examples/libopencm3/lib/libopencm3_stm32f4.a(vector.o)
blocking_handler                                  /home/licit/Documentos/libopencm3/libopencm3-examples/libopencm3/lib/libopencm3_stm32f4.a(vector.o)
bus_fault_handler                                 /home/licit/Documentos/libopencm3/libopencm3-examples/libopencm3/lib/libopencm3_stm32f4.a(vector.o)
can1_rx0_isr                                      /home/licit/Documentos/libopencm3/libopencm3-examples/libopencm3/lib/libopencm3_stm32f4.a(vector.o)
can1_rx1_isr                                      /home/licit/Documentos/libopencm3/libopencm3-examples/libopencm3/lib/libopencm3_stm32f4.a(vector.o)
can1_sce_isr                                      /home/licit/Documentos/libopencm3/libopencm3-examples/libopencm3/lib/libopencm3_stm32f4.a(vector.o)
can1_tx_isr                                       /home/licit/Documentos/libopencm3/libopencm3-examples/libopencm3/lib/libopencm3_stm32f4.a(vector.o)
can2_rx0_isr                                      /home/licit/Documentos/libopencm3/libopencm3-examples/libopencm3/lib/libopencm3_stm32f4.a(vector.o)
can2_rx1_isr                                      /home/licit/Documentos/libopencm3/libopencm3-examples/libopencm3/lib/libopencm3_stm32f4.a(vector.o)
can2_sce_isr                                      /home/licit/Documentos/libopencm3/libopencm3-examples/libopencm3/lib/libopencm3_stm32f4.a(vector.o)
can2_tx_isr                                       /home/licit/Documentos/libopencm3/libopencm3-examples/libopencm3/lib/libopencm3_stm32f4.a(vector.o)
clock_setup                                       clock.o
                                                  labo4.o
console_getc                                      console.o
console_gets                                      console.o
console_putc                                      console.o
                                                  lcd-spi.o
console_puts                                      console.o
                                                  lcd-spi.o
console_setup                                     console.o
                                                  labo4.o
cryp_isr                                          /home/licit/Documentos/libopencm3/libopencm3-examples/libopencm3/lib/libopencm3_stm32f4.a(vector.o)
cur_frame                                         lcd-spi.o
dcmi_isr                                          /home/licit/Documentos/libopencm3/libopencm3-examples/libopencm3/lib/libopencm3_stm32f4.a(vector.o)
debug_monitor_handler                             /home/licit/Documentos/libopencm3/libopencm3-examples/libopencm3/lib/libopencm3_stm32f4.a(vector.o)
display_frame                                     lcd-spi.o
dma1_stream0_isr                                  /home/licit/Documentos/libopencm3/libopencm3-examples/libopencm3/lib/libopencm3_stm32f4.a(vector.o)
dma1_stream1_isr                                  /home/licit/Documentos/libopencm3/libopencm3-examples/libopencm3/lib/libopencm3_stm32f4.a(vector.o)
dma1_stream2_isr                                  /home/licit/Documentos/libopencm3/libopencm3-examples/libopencm3/lib/libopencm3_stm32f4.a(vector.o)
dma1_stream3_isr                                  /home/licit/Documentos/libopencm3/libopencm3-examples/libopencm3/lib/libopencm3_stm32f4.a(vector.o)
dma1_stream4_isr                                  /home/licit/Documentos/libopencm3/libopencm3-examples/libopencm3/lib/libopencm3_stm32f4.a(vector.o)
dma1_stream5_isr                                  /home/licit/Documentos/libopencm3/libopencm3-examples/libopencm3/lib/libopencm3_stm32f4.a(vector.o)
dma1_stream6_isr                                  /home/licit/Documentos/libopencm3/libopencm3-examples/libopencm3/lib/libopencm3_stm32f4.a(vector.o)
dma1_stream7_isr                                  /home/licit/Documentos/libopencm3/libopencm3-examples/libopencm3/lib/libopencm3_stm32f4.a(vector.o)
dma2_stream0_isr                                  /home/licit/Documentos/libopencm3/libopencm3-examples/libopencm3/lib/libopencm3_stm32f4.a(vector.o)
dma2_stream1_isr                                  /home/licit/Documentos/libopencm3/libopencm3-examples/libopencm3/lib/libopencm3_stm32f4.a(vector.o)
dma2_stream2_isr                                  /home/licit/Documentos/libopencm3/libopencm3-examples/libopencm3/lib/libopencm3_stm32f4.a(vector.o)
dma2_stream3_isr                                  /home/licit/Documentos/libopencm3/libopencm3-examples/libopencm3/lib/libopencm3_stm32f4.a(vector.o)
dma2_stream4_isr                                  /home/licit/Documentos/libopencm3/libopencm3-examples/libopencm3/lib/libopencm3_stm32f4.a(vector.o)
dma2_stream5_isr                                  /home/licit/Documentos/libopencm3/libopencm3-examples/libopencm3/lib/libopencm3_stm32f4.a(vector.o)
dma2_stream6_isr                                  /home/licit/Documentos/libopencm3/libopencm3-examples/libopencm3/lib/libopencm3_stm32f4.a(vector.o)
dma2_stream7_isr                                  /home/licit/Documentos/libopencm3/libopencm3-examples/libopencm3/lib/libopencm3_stm32f4.a(vector.o)
dma2d_isr                                         /home/licit/Documentos/libopencm3/libopencm3-examples/libopencm3/lib/libopencm3_stm32f4.a(vector.o)
eth_isr                                           /home/licit/Documentos/libopencm3/libopencm3-examples/libopencm3/lib/libopencm3_stm32f4.a(vector.o)
eth_wkup_isr                                      /home/licit/Documentos/libopencm3/libopencm3-examples/libopencm3/lib/libopencm3_stm32f4.a(vector.o)
exti0_isr                                         /home/licit/Documentos/libopencm3/libopencm3-examples/libopencm3/lib/libopencm3_stm32f4.a(vector.o)
exti15_10_isr                                     /home/licit/Documentos/libopencm3/libopencm3-examples/libopencm3/lib/libopencm3_stm32f4.a(vector.o)
exti1_isr                                         /home/licit/Documentos/libopencm3/libopencm3-examples/libopencm3/lib/libopencm3_stm32f4.a(vector.o)
exti2_isr                                         /home/licit/Documentos/libopencm3/libopencm3-examples/libopencm3/lib/libopencm3_stm32f4.a(vector.o)
exti3_isr                                         /home/licit/Documentos/libopencm3/libopencm3-examples/libopencm3/lib/libopencm3_stm32f4.a(vector.o)
exti4_isr                                         /home/licit/Documentos/libopencm3/libopencm3-examples/libopencm3/lib/libopencm3_stm32f4.a(vector.o)
exti9_5_isr                                       /home/licit/Documentos/libopencm3/libopencm3-examples/libopencm3/lib/libopencm3_stm32f4.a(vector.o)
flash_dcache_disable                              /home/licit/Documentos/libopencm3/libopencm3-examples/libopencm3/lib/libopencm3_stm32f4.a(flash_common_idcache.o)
                                                  /home/licit/Documentos/libopencm3/libopencm3-examples/libopencm3/lib/libopencm3_stm32f4.a(rcc.o)
flash_dcache_enable                               /home/licit/Documentos/libopencm3/libopencm3-examples/libopencm3/lib/libopencm3_stm32f4.a(flash_common_idcache.o)
                                                  /home/licit/Documentos/libopencm3/libopencm3-examples/libopencm3/lib/libopencm3_stm32f4.a(rcc.o)
flash_dcache_reset                                /home/licit/Documentos/libopencm3/libopencm3-examples/libopencm3/lib/libopencm3_stm32f4.a(flash_common_idcache.o)
flash_icache_disable                              /home/licit/Documentos/libopencm3/libopencm3-examples/libopencm3/lib/libopencm3_stm32f4.a(flash_common_idcache.o)
                                                  /home/licit/Documentos/libopencm3/libopencm3-examples/libopencm3/lib/libopencm3_stm32f4.a(rcc.o)
flash_icache_enable                               /home/licit/Documentos/libopencm3/libopencm3-examples/libopencm3/lib/libopencm3_stm32f4.a(flash_common_idcache.o)
                                                  /home/licit/Documentos/libopencm3/libopencm3-examples/libopencm3/lib/libopencm3_stm32f4.a(rcc.o)
flash_icache_reset                                /home/licit/Documentos/libopencm3/libopencm3-examples/libopencm3/lib/libopencm3_stm32f4.a(flash_common_idcache.o)
flash_isr                                         /home/licit/Documentos/libopencm3/libopencm3-examples/libopencm3/lib/libopencm3_stm32f4.a(vector.o)
flash_prefetch_disable                            /home/licit/Documentos/libopencm3/libopencm3-examples/libopencm3/lib/libopencm3_stm32f4.a(flash_common_all.o)
flash_prefetch_enable                             /home/licit/Documentos/libopencm3/libopencm3-examples/libopencm3/lib/libopencm3_stm32f4.a(flash_common_all.o)
flash_set_ws                                      /home/licit/Documentos/libopencm3/libopencm3-examples/libopencm3/lib/libopencm3_stm32f4.a(flash_common_all.o)
                                                  /home/licit/Documentos/libopencm3/libopencm3-examples/libopencm3/lib/libopencm3_stm32f4.a(rcc.o)
flash_unlock_option_bytes                         /home/licit/Documentos/libopencm3/libopencm3-examples/libopencm3/lib/libopencm3_stm32f4.a(flash_common_all.o)
fpu_isr                                           /home/licit/Documentos/libopencm3/libopencm3-examples/libopencm3/lib/libopencm3_stm32f4.a(vector.o)
fsmc_isr                                          /home/licit/Documentos/libopencm3/libopencm3-examples/libopencm3/lib/libopencm3_stm32f4.a(vector.o)
gfx_drawBitmap                                    gfx.o
gfx_drawChar                                      gfx.o
gfx_drawCircle                                    gfx.o
gfx_drawCircleHelper                              gfx.o
gfx_drawFastHLine                                 gfx.o
gfx_drawFastVLine                                 gfx.o
gfx_drawLine                                      gfx.o
gfx_drawPixel                                     gfx.o
gfx_drawRect                                      gfx.o
gfx_drawRoundRect                                 gfx.o
gfx_drawTriangle                                  gfx.o
gfx_fillCircle                                    gfx.o
gfx_fillCircleHelper                              gfx.o
gfx_fillRect                                      gfx.o
gfx_fillRoundRect                                 gfx.o
gfx_fillScreen                                    gfx.o
                                                  labo4.o
gfx_fillTriangle                                  gfx.o
gfx_getRotation                                   gfx.o
gfx_height                                        gfx.o
gfx_init                                          gfx.o
                                                  labo4.o
gfx_puts                                          gfx.o
                                                  labo4.o
gfx_setCursor                                     gfx.o
                                                  labo4.o
gfx_setRotation                                   gfx.o
gfx_setTextColor                                  gfx.o
                                                  labo4.o
gfx_setTextSize                                   gfx.o
                                                  labo4.o
gfx_setTextWrap                                   gfx.o
gfx_width                                         gfx.o
gfx_write                                         gfx.o
gpio_clear                                        /home/licit/Documentos/libopencm3/libopencm3-examples/libopencm3/lib/libopencm3_stm32f4.a(gpio_common_all.o)
                                                  lcd-spi.o
gpio_get                                          /home/licit/Documentos/libopencm3/libopencm3-examples/libopencm3/lib/libopencm3_stm32f4.a(gpio_common_all.o)
gpio_mode_setup                                   /home/licit/Documentos/libopencm3/libopencm3-examples/libopencm3/lib/libopencm3_stm32f4.a(gpio_common_f0234.o)
                                                  lcd-spi.o
                                                  console.o
                                                  sdram.o
gpio_port_config_lock                             /home/licit/Documentos/libopencm3/libopencm3-examples/libopencm3/lib/libopencm3_stm32f4.a(gpio_common_all.o)
gpio_port_read                                    /home/licit/Documentos/libopencm3/libopencm3-examples/libopencm3/lib/libopencm3_stm32f4.a(gpio_common_all.o)
gpio_port_write                                   /home/licit/Documentos/libopencm3/libopencm3-examples/libopencm3/lib/libopencm3_stm32f4.a(gpio_common_all.o)
gpio_set                                          /home/licit/Documentos/libopencm3/libopencm3-examples/libopencm3/lib/libopencm3_stm32f4.a(gpio_common_all.o)
                                                  lcd-spi.o
gpio_set_af                                       /home/licit/Documentos/libopencm3/libopencm3-examples/libopencm3/lib/libopencm3_stm32f4.a(gpio_common_f0234.o)
                                                  lcd-spi.o
                                                  console.o
                                                  sdram.o
gpio_set_output_options                           /home/licit/Documentos/libopencm3/libopencm3-examples/libopencm3/lib/libopencm3_stm32f4.a(gpio_common_f0234.o)
                                                  sdram.o
gpio_toggle                                       /home/licit/Documentos/libopencm3/libopencm3-examples/libopencm3/lib/libopencm3_stm32f4.a(gpio_common_all.o)
hard_fault_handler                                /home/licit/Documentos/libopencm3/libopencm3-examples/libopencm3/lib/libopencm3_stm32f4.a(vector.o)
hash_rng_isr                                      /home/licit/Documentos/libopencm3/libopencm3-examples/libopencm3/lib/libopencm3_stm32f4.a(vector.o)
i2c1_er_isr                                       /home/licit/Documentos/libopencm3/libopencm3-examples/libopencm3/lib/libopencm3_stm32f4.a(vector.o)
i2c1_ev_isr                                       /home/licit/Documentos/libopencm3/libopencm3-examples/libopencm3/lib/libopencm3_stm32f4.a(vector.o)
i2c2_er_isr                                       /home/licit/Documentos/libopencm3/libopencm3-examples/libopencm3/lib/libopencm3_stm32f4.a(vector.o)
i2c2_ev_isr                                       /home/licit/Documentos/libopencm3/libopencm3-examples/libopencm3/lib/libopencm3_stm32f4.a(vector.o)
i2c3_er_isr                                       /home/licit/Documentos/libopencm3/libopencm3-examples/libopencm3/lib/libopencm3_stm32f4.a(vector.o)
i2c3_ev_isr                                       /home/licit/Documentos/libopencm3/libopencm3-examples/libopencm3/lib/libopencm3_stm32f4.a(vector.o)
initialization                                    lcd-spi.o
lcd_draw_pixel                                    lcd-spi.o
                                                  labo4.o
lcd_show_frame                                    lcd-spi.o
                                                  labo4.o
lcd_spi_init                                      lcd-spi.o
                                                  labo4.o
lcd_tft_err_isr                                   /home/licit/Documentos/libopencm3/libopencm3-examples/libopencm3/lib/libopencm3_stm32f4.a(vector.o)
lcd_tft_isr                                       /home/licit/Documentos/libopencm3/libopencm3-examples/libopencm3/lib/libopencm3_stm32f4.a(vector.o)
main                                              labo4.o
                                                  /home/licit/Documentos/libopencm3/libopencm3-examples/libopencm3/lib/libopencm3_stm32f4.a(vector.o)
mem_manage_handler                                /home/licit/Documentos/libopencm3/libopencm3-examples/libopencm3/lib/libopencm3_stm32f4.a(vector.o)
msleep                                            clock.o
                                                  lcd-spi.o
                                                  sdram.o
mtime                                             clock.o
nmi_handler                                       /home/licit/Documentos/libopencm3/libopencm3-examples/libopencm3/lib/libopencm3_stm32f4.a(vector.o)
null_handler                                      /home/licit/Documentos/libopencm3/libopencm3-examples/libopencm3/lib/libopencm3_stm32f4.a(vector.o)
nvic_clear_pending_irq                            /home/licit/Documentos/libopencm3/libopencm3-examples/libopencm3/lib/libopencm3_stm32f4.a(nvic.o)
nvic_disable_irq                                  /home/licit/Documentos/libopencm3/libopencm3-examples/libopencm3/lib/libopencm3_stm32f4.a(nvic.o)
nvic_enable_irq                                   /home/licit/Documentos/libopencm3/libopencm3-examples/libopencm3/lib/libopencm3_stm32f4.a(nvic.o)
                                                  console.o
nvic_generate_software_interrupt                  /home/licit/Documentos/libopencm3/libopencm3-examples/libopencm3/lib/libopencm3_stm32f4.a(nvic.o)
nvic_get_active_irq                               /home/licit/Documentos/libopencm3/libopencm3-examples/libopencm3/lib/libopencm3_stm32f4.a(nvic.o)
nvic_get_irq_enabled                              /home/licit/Documentos/libopencm3/libopencm3-examples/libopencm3/lib/libopencm3_stm32f4.a(nvic.o)
nvic_get_pending_irq                              /home/licit/Documentos/libopencm3/libopencm3-examples/libopencm3/lib/libopencm3_stm32f4.a(nvic.o)
nvic_set_pending_irq                              /home/licit/Documentos/libopencm3/libopencm3-examples/libopencm3/lib/libopencm3_stm32f4.a(nvic.o)
nvic_set_priority                                 /home/licit/Documentos/libopencm3/libopencm3-examples/libopencm3/lib/libopencm3_stm32f4.a(nvic.o)
nvic_wwdg_isr                                     /home/licit/Documentos/libopencm3/libopencm3-examples/libopencm3/lib/libopencm3_stm32f4.a(vector.o)
otg_fs_isr                                        /home/licit/Documentos/libopencm3/libopencm3-examples/libopencm3/lib/libopencm3_stm32f4.a(vector.o)
otg_hs_ep1_in_isr                                 /home/licit/Documentos/libopencm3/libopencm3-examples/libopencm3/lib/libopencm3_stm32f4.a(vector.o)
otg_hs_ep1_out_isr                                /home/licit/Documentos/libopencm3/libopencm3-examples/libopencm3/lib/libopencm3_stm32f4.a(vector.o)
otg_hs_isr                                        /home/licit/Documentos/libopencm3/libopencm3-examples/libopencm3/lib/libopencm3_stm32f4.a(vector.o)
otg_hs_wkup_isr                                   /home/licit/Documentos/libopencm3/libopencm3-examples/libopencm3/lib/libopencm3_stm32f4.a(vector.o)
pend_sv_handler                                   /home/licit/Documentos/libopencm3/libopencm3-examples/libopencm3/lib/libopencm3_stm32f4.a(vector.o)
pvd_isr                                           /home/licit/Documentos/libopencm3/libopencm3-examples/libopencm3/lib/libopencm3_stm32f4.a(vector.o)
pwr_set_vos_scale                                 /home/licit/Documentos/libopencm3/libopencm3-examples/libopencm3/lib/libopencm3_stm32f4.a(pwr.o)
                                                  /home/licit/Documentos/libopencm3/libopencm3-examples/libopencm3/lib/libopencm3_stm32f4.a(rcc.o)
rcc_ahb_frequency                                 /home/licit/Documentos/libopencm3/libopencm3-examples/libopencm3/lib/libopencm3_stm32f4.a(rcc.o)
rcc_apb1_frequency                                /home/licit/Documentos/libopencm3/libopencm3-examples/libopencm3/lib/libopencm3_stm32f4.a(rcc.o)
                                                  /home/licit/Documentos/libopencm3/libopencm3-examples/libopencm3/lib/libopencm3_stm32f4.a(usart_common_all.o)
rcc_apb2_frequency                                /home/licit/Documentos/libopencm3/libopencm3-examples/libopencm3/lib/libopencm3_stm32f4.a(rcc.o)
                                                  /home/licit/Documentos/libopencm3/libopencm3-examples/libopencm3/lib/libopencm3_stm32f4.a(usart_common_all.o)
rcc_clock_setup_hse_3v3                           /home/licit/Documentos/libopencm3/libopencm3-examples/libopencm3/lib/libopencm3_stm32f4.a(rcc.o)
rcc_clock_setup_pll                               /home/licit/Documentos/libopencm3/libopencm3-examples/libopencm3/lib/libopencm3_stm32f4.a(rcc.o)
                                                  clock.o
rcc_css_disable                                   /home/licit/Documentos/libopencm3/libopencm3-examples/libopencm3/lib/libopencm3_stm32f4.a(rcc.o)
rcc_css_enable                                    /home/licit/Documentos/libopencm3/libopencm3-examples/libopencm3/lib/libopencm3_stm32f4.a(rcc.o)
rcc_css_int_clear                                 /home/licit/Documentos/libopencm3/libopencm3-examples/libopencm3/lib/libopencm3_stm32f4.a(rcc.o)
rcc_css_int_flag                                  /home/licit/Documentos/libopencm3/libopencm3-examples/libopencm3/lib/libopencm3_stm32f4.a(rcc.o)
rcc_get_div_from_hpre                             /home/licit/Documentos/libopencm3/libopencm3-examples/libopencm3/lib/libopencm3_stm32f4.a(rcc_common_all.o)
rcc_get_i2c_clk_freq                              /home/licit/Documentos/libopencm3/libopencm3-examples/libopencm3/lib/libopencm3_stm32f4.a(rcc.o)
rcc_get_spi_clk_freq                              /home/licit/Documentos/libopencm3/libopencm3-examples/libopencm3/lib/libopencm3_stm32f4.a(rcc.o)
rcc_get_timer_clk_freq                            /home/licit/Documentos/libopencm3/libopencm3-examples/libopencm3/lib/libopencm3_stm32f4.a(rcc.o)
rcc_get_usart_clk_freq                            /home/licit/Documentos/libopencm3/libopencm3-examples/libopencm3/lib/libopencm3_stm32f4.a(rcc.o)
rcc_hse_12mhz_3v3                                 /home/licit/Documentos/libopencm3/libopencm3-examples/libopencm3/lib/libopencm3_stm32f4.a(rcc.o)
rcc_hse_16mhz_3v3                                 /home/licit/Documentos/libopencm3/libopencm3-examples/libopencm3/lib/libopencm3_stm32f4.a(rcc.o)
rcc_hse_25mhz_3v3                                 /home/licit/Documentos/libopencm3/libopencm3-examples/libopencm3/lib/libopencm3_stm32f4.a(rcc.o)
rcc_hse_8mhz_3v3                                  /home/licit/Documentos/libopencm3/libopencm3-examples/libopencm3/lib/libopencm3_stm32f4.a(rcc.o)
                                                  clock.o
rcc_hsi_configs                                   /home/licit/Documentos/libopencm3/libopencm3-examples/libopencm3/lib/libopencm3_stm32f4.a(rcc.o)
rcc_is_osc_ready                                  /home/licit/Documentos/libopencm3/libopencm3-examples/libopencm3/lib/libopencm3_stm32f4.a(rcc.o)
rcc_isr                                           /home/licit/Documentos/libopencm3/libopencm3-examples/libopencm3/lib/libopencm3_stm32f4.a(vector.o)
rcc_osc_bypass_disable                            /home/licit/Documentos/libopencm3/libopencm3-examples/libopencm3/lib/libopencm3_stm32f4.a(rcc_common_all.o)
rcc_osc_bypass_enable                             /home/licit/Documentos/libopencm3/libopencm3-examples/libopencm3/lib/libopencm3_stm32f4.a(rcc_common_all.o)
rcc_osc_off                                       /home/licit/Documentos/libopencm3/libopencm3-examples/libopencm3/lib/libopencm3_stm32f4.a(rcc.o)
rcc_osc_on                                        /home/licit/Documentos/libopencm3/libopencm3-examples/libopencm3/lib/libopencm3_stm32f4.a(rcc.o)
rcc_osc_ready_int_clear                           /home/licit/Documentos/libopencm3/libopencm3-examples/libopencm3/lib/libopencm3_stm32f4.a(rcc.o)
rcc_osc_ready_int_disable                         /home/licit/Documentos/libopencm3/libopencm3-examples/libopencm3/lib/libopencm3_stm32f4.a(rcc.o)
rcc_osc_ready_int_enable                          /home/licit/Documentos/libopencm3/libopencm3-examples/libopencm3/lib/libopencm3_stm32f4.a(rcc.o)
rcc_osc_ready_int_flag                            /home/licit/Documentos/libopencm3/libopencm3-examples/libopencm3/lib/libopencm3_stm32f4.a(rcc.o)
rcc_periph_clock_disable                          /home/licit/Documentos/libopencm3/libopencm3-examples/libopencm3/lib/libopencm3_stm32f4.a(rcc_common_all.o)
rcc_periph_clock_enable                           /home/licit/Documentos/libopencm3/libopencm3-examples/libopencm3/lib/libopencm3_stm32f4.a(rcc_common_all.o)
                                                  /home/licit/Documentos/libopencm3/libopencm3-examples/libopencm3/lib/libopencm3_stm32f4.a(rcc.o)
                                                  lcd-spi.o
                                                  console.o
                                                  sdram.o
rcc_periph_reset_hold                             /home/licit/Documentos/libopencm3/libopencm3-examples/libopencm3/lib/libopencm3_stm32f4.a(rcc_common_all.o)
rcc_periph_reset_pulse                            /home/licit/Documentos/libopencm3/libopencm3-examples/libopencm3/lib/libopencm3_stm32f4.a(rcc_common_all.o)
                                                  /home/licit/Documentos/libopencm3/libopencm3-examples/libopencm3/lib/libopencm3_stm32f4.a(spi_common_all.o)
rcc_periph_reset_release                          /home/licit/Documentos/libopencm3/libopencm3-examples/libopencm3/lib/libopencm3_stm32f4.a(rcc_common_all.o)
rcc_peripheral_clear_reset                        /home/licit/Documentos/libopencm3/libopencm3-examples/libopencm3/lib/libopencm3_stm32f4.a(rcc_common_all.o)
rcc_peripheral_disable_clock                      /home/licit/Documentos/libopencm3/libopencm3-examples/libopencm3/lib/libopencm3_stm32f4.a(rcc_common_all.o)
rcc_peripheral_enable_clock                       /home/licit/Documentos/libopencm3/libopencm3-examples/libopencm3/lib/libopencm3_stm32f4.a(rcc_common_all.o)
rcc_peripheral_reset                              /home/licit/Documentos/libopencm3/libopencm3-examples/libopencm3/lib/libopencm3_stm32f4.a(rcc_common_all.o)
rcc_plli2s_config                                 /home/licit/Documentos/libopencm3/libopencm3-examples/libopencm3/lib/libopencm3_stm32f4.a(rcc.o)
rcc_pllsai_config                                 /home/licit/Documentos/libopencm3/libopencm3-examples/libopencm3/lib/libopencm3_stm32f4.a(rcc.o)
rcc_pllsai_postscalers                            /home/licit/Documentos/libopencm3/libopencm3-examples/libopencm3/lib/libopencm3_stm32f4.a(rcc.o)
rcc_set_hpre                                      /home/licit/Documentos/libopencm3/libopencm3-examples/libopencm3/lib/libopencm3_stm32f4.a(rcc.o)
rcc_set_main_pll_hse                              /home/licit/Documentos/libopencm3/libopencm3-examples/libopencm3/lib/libopencm3_stm32f4.a(rcc.o)
rcc_set_main_pll_hsi                              /home/licit/Documentos/libopencm3/libopencm3-examples/libopencm3/lib/libopencm3_stm32f4.a(rcc.o)
rcc_set_mco                                       /home/licit/Documentos/libopencm3/libopencm3-examples/libopencm3/lib/libopencm3_stm32f4.a(rcc_common_all.o)
rcc_set_pll_source                                /home/licit/Documentos/libopencm3/libopencm3-examples/libopencm3/lib/libopencm3_stm32f4.a(rcc.o)
rcc_set_ppre1                                     /home/licit/Documentos/libopencm3/libopencm3-examples/libopencm3/lib/libopencm3_stm32f4.a(rcc.o)
rcc_set_ppre2                                     /home/licit/Documentos/libopencm3/libopencm3-examples/libopencm3/lib/libopencm3_stm32f4.a(rcc.o)
rcc_set_rtcpre                                    /home/licit/Documentos/libopencm3/libopencm3-examples/libopencm3/lib/libopencm3_stm32f4.a(rcc.o)
rcc_set_sysclk_source                             /home/licit/Documentos/libopencm3/libopencm3-examples/libopencm3/lib/libopencm3_stm32f4.a(rcc.o)
rcc_system_clock_source                           /home/licit/Documentos/libopencm3/libopencm3-examples/libopencm3/lib/libopencm3_stm32f4.a(rcc.o)
rcc_wait_for_osc_ready                            /home/licit/Documentos/libopencm3/libopencm3-examples/libopencm3/lib/libopencm3_stm32f4.a(rcc.o)
rcc_wait_for_sysclk_status                        /home/licit/Documentos/libopencm3/libopencm3-examples/libopencm3/lib/libopencm3_stm32f4.a(rcc.o)
recv_buf                                          console.o
recv_ndx_cur                                      console.o
recv_ndx_nxt                                      console.o
reset_handler                                     /home/licit/Documentos/libopencm3/libopencm3-examples/libopencm3/lib/libopencm3_stm32f4.a(vector.o)
rtc_alarm_isr                                     /home/licit/Documentos/libopencm3/libopencm3-examples/libopencm3/lib/libopencm3_stm32f4.a(vector.o)
rtc_wkup_isr                                      /home/licit/Documentos/libopencm3/libopencm3-examples/libopencm3/lib/libopencm3_stm32f4.a(vector.o)
sai1_isr                                          /home/licit/Documentos/libopencm3/libopencm3-examples/libopencm3/lib/libopencm3_stm32f4.a(vector.o)
scb_reset_core                                    /home/licit/Documentos/libopencm3/libopencm3-examples/libopencm3/lib/libopencm3_stm32f4.a(scb.o)
scb_reset_system                                  /home/licit/Documentos/libopencm3/libopencm3-examples/libopencm3/lib/libopencm3_stm32f4.a(scb.o)
                                                  console.o
scb_set_priority_grouping                         /home/licit/Documentos/libopencm3/libopencm3-examples/libopencm3/lib/libopencm3_stm32f4.a(scb.o)
sdio_isr                                          /home/licit/Documentos/libopencm3/libopencm3-examples/libopencm3/lib/libopencm3_stm32f4.a(vector.o)
sdram_command                                     /home/licit/Documentos/libopencm3/libopencm3-examples/libopencm3/lib/libopencm3_stm32f4.a(fmc_common_f47.o)