Archive member included to satisfy reference by file (symbol)

/home/luisja01/Documents/Laboratorio_de_Micros/libopencm3-examples/libopencm3/lib/libopencm3_stm32f4.a(adc_common_v1.o)
                              labo5.o (adc_power_off)
/home/luisja01/Documents/Laboratorio_de_Micros/libopencm3-examples/libopencm3/lib/libopencm3_stm32f4.a(adc_common_v1_multi.o)
                              labo5.o (adc_power_on)
/home/luisja01/Documents/Laboratorio_de_Micros/libopencm3-examples/libopencm3/lib/libopencm3_stm32f4.a(adc_common_f47.o)
                              labo5.o (adc_set_sample_time_on_all_channels)
/home/luisja01/Documents/Laboratorio_de_Micros/libopencm3-examples/libopencm3/lib/libopencm3_stm32f4.a(fmc_common_f47.o)
                              sdram.o (sdram_timing)
/home/luisja01/Documents/Laboratorio_de_Micros/libopencm3-examples/libopencm3/lib/libopencm3_stm32f4.a(gpio_common_all.o)
                              lcd-spi.o (gpio_set)
/home/luisja01/Documents/Laboratorio_de_Micros/libopencm3-examples/libopencm3/lib/libopencm3_stm32f4.a(gpio_common_f0234.o)
                              sdram.o (gpio_mode_setup)
/home/luisja01/Documents/Laboratorio_de_Micros/libopencm3-examples/libopencm3/lib/libopencm3_stm32f4.a(rcc_common_all.o)
                              sdram.o (rcc_periph_clock_enable)
/home/luisja01/Documents/Laboratorio_de_Micros/libopencm3-examples/libopencm3/lib/libopencm3_stm32f4.a(rcc.o)
                              clock.o (rcc_clock_setup_pll)
/home/luisja01/Documents/Laboratorio_de_Micros/libopencm3-examples/libopencm3/lib/libopencm3_stm32f4.a(spi_common_all.o)
                              lcd-spi.o (spi_enable)
/home/luisja01/Documents/Laboratorio_de_Micros/libopencm3-examples/libopencm3/lib/libopencm3_stm32f4.a(spi_common_v1.o)
                              lcd-spi.o (spi_init_master)
/home/luisja01/Documents/Laboratorio_de_Micros/libopencm3-examples/libopencm3/lib/libopencm3_stm32f4.a(usart_common_all.o)
                              console.o (usart_set_baudrate)
/home/luisja01/Documents/Laboratorio_de_Micros/libopencm3-examples/libopencm3/lib/libopencm3_stm32f4.a(usart_common_f124.o)
                              /home/luisja01/Documents/Laboratorio_de_Micros/libopencm3-examples/libopencm3/lib/libopencm3_stm32f4.a(usart_common_all.o) (usart_send)
/home/luisja01/Documents/Laboratorio_de_Micros/libopencm3-examples/libopencm3/lib/libopencm3_stm32f4.a(vector.o)
                              (reset_handler)
/home/luisja01/Documents/Laboratorio_de_Micros/libopencm3-examples/libopencm3/lib/libopencm3_stm32f4.a(systick.o)
                              clock.o (systick_set_reload)
/home/luisja01/Documents/Laboratorio_de_Micros/libopencm3-examples/libopencm3/lib/libopencm3_stm32f4.a(scb.o)
                              console.o (scb_reset_system)
/home/luisja01/Documents/Laboratorio_de_Micros/libopencm3-examples/libopencm3/lib/libopencm3_stm32f4.a(nvic.o)
                              console.o (nvic_enable_irq)
/home/luisja01/Documents/Laboratorio_de_Micros/libopencm3-examples/libopencm3/lib/libopencm3_stm32f4.a(flash_common_all.o)
                              /home/luisja01/Documents/Laboratorio_de_Micros/libopencm3-examples/libopencm3/lib/libopencm3_stm32f4.a(rcc.o) (flash_set_ws)
/home/luisja01/Documents/Laboratorio_de_Micros/libopencm3-examples/libopencm3/lib/libopencm3_stm32f4.a(flash_common_idcache.o)
                              /home/luisja01/Documents/Laboratorio_de_Micros/libopencm3-examples/libopencm3/lib/libopencm3_stm32f4.a(rcc.o) (flash_dcache_enable)
/home/luisja01/Documents/Laboratorio_de_Micros/libopencm3-examples/libopencm3/lib/libopencm3_stm32f4.a(pwr.o)
                              /home/luisja01/Documents/Laboratorio_de_Micros/libopencm3-examples/libopencm3/lib/libopencm3_stm32f4.a(rcc.o) (pwr_set_vos_scale)
/usr/lib/gcc/arm-none-eabi/9.2.1/../../../arm-none-eabi/lib/thumb/v7e-m+fp/hard/libc.a(lib_a-sprintf.o)
                              labo5.o (sprintf)
/usr/lib/gcc/arm-none-eabi/9.2.1/../../../arm-none-eabi/lib/thumb/v7e-m+fp/hard/libc.a(lib_a-strcat.o)
                              labo5.o (strcat)
/usr/lib/gcc/arm-none-eabi/9.2.1/../../../arm-none-eabi/lib/thumb/v7e-m+fp/hard/libc.a(lib_a-strcpy.o)
                              labo5.o (strcpy)
/usr/lib/gcc/arm-none-eabi/9.2.1/../../../arm-none-eabi/lib/thumb/v7e-m+fp/hard/libc.a(lib_a-svfprintf.o)
                              /usr/lib/gcc/arm-none-eabi/9.2.1/../../../arm-none-eabi/lib/thumb/v7e-m+fp/hard/libc.a(lib_a-sprintf.o) (_svfprintf_r)
/usr/lib/gcc/arm-none-eabi/9.2.1/../../../arm-none-eabi/lib/thumb/v7e-m+fp/hard/libc.a(lib_a-dtoa.o)
                              /usr/lib/gcc/arm-none-eabi/9.2.1/../../../arm-none-eabi/lib/thumb/v7e-m+fp/hard/libc.a(lib_a-svfprintf.o) (_dtoa_r)
/usr/lib/gcc/arm-none-eabi/9.2.1/../../../arm-none-eabi/lib/thumb/v7e-m+fp/hard/libc.a(lib_a-impure.o)
[...]
Memory Configuration

Name             Origin             Length             Attributes
rom              0x0000000008000000 0x0000000000200000 xr
ccm              0x0000000010000000 0x0000000000010000 xrw
ram              0x0000000020000000 0x0000000000030000 xrw
*default*        0x0000000000000000 0xffffffffffffffff

Linker script and memory map

LOAD sdram.o
LOAD clock.o
LOAD console.o
LOAD lcd-spi.o
LOAD gfx.o
LOAD labo5.o
LOAD /usr/lib/gcc/arm-none-eabi/9.2.1/../../../arm-none-eabi/lib/thumb/v7e-m+fp/hard/libm.a
LOAD /home/luisja01/Documents/Laboratorio_de_Micros/libopencm3-examples/libopencm3/lib/libopencm3_stm32f4.a
START GROUP
LOAD /usr/lib/gcc/arm-none-eabi/9.2.1/../../../arm-none-eabi/lib/thumb/v7e-m+fp/hard/libc.a
LOAD /usr/lib/gcc/arm-none-eabi/9.2.1/thumb/v7e-m+fp/hard/libgcc.a
LOAD /usr/lib/gcc/arm-none-eabi/9.2.1/../../../arm-none-eabi/lib/thumb/v7e-m+fp/hard/libnosys.a
END GROUP
START GROUP
LOAD /usr/lib/gcc/arm-none-eabi/9.2.1/thumb/v7e-m+fp/hard/libgcc.a
LOAD /usr/lib/gcc/arm-none-eabi/9.2.1/../../../arm-none-eabi/lib/thumb/v7e-m+fp/hard/libg.a
LOAD /usr/lib/gcc/arm-none-eabi/9.2.1/../../../arm-none-eabi/lib/thumb/v7e-m+fp/hard/libc.a
END GROUP

.text           0x0000000008000000     0x9bc8
 *(.vectors)
 .vectors       0x0000000008000000      0x1ac /home/luisja01/Documents/Laboratorio_de_Micros/libopencm3-examples/libopencm3/lib/libopencm3_stm32f4.a(vector.o)
                0x0000000008000000                vector_table
 *(.text*)
 .text.sdram_init
                0x00000000080001ac       0xfc sdram.o
                0x00000000080001ac                sdram_init
 .text.sys_tick_handler
                0x00000000080002a8       0x10 clock.o
                0x00000000080002a8                sys_tick_handler
 .text.msleep   0x00000000080002b8       0x14 clock.o
                0x00000000080002b8                msleep
 .text.clock_setup
                0x00000000080002cc       0x28 clock.o
                0x00000000080002cc                clock_setup
 .text.usart1_isr
                0x00000000080002f4       0x58 console.o
                0x00000000080002f4                usart1_isr
 .text.console_putc
                0x000000000800034c       0x18 console.o
                0x000000000800034c                console_putc
 .text.console_puts
                0x0000000008000364       0x1e console.o
                0x0000000008000364                console_puts
 *fill*         0x0000000008000382        0x2 
 .text.console_setup
                0x0000000008000384       0x80 console.o
                0x0000000008000384                console_setup
 .text.lcd_command
                0x0000000008000404       0x64 lcd-spi.o
 .text.print_hex
                0x0000000008000468       0x4c lcd-spi.o
 .text.lcd_draw_pixel
                0x00000000080004b4       0x14 lcd-spi.o
                0x00000000080004b4                lcd_draw_pixel
 .text.lcd_show_frame
                0x00000000080004c8       0x50 lcd-spi.o
                0x00000000080004c8                lcd_show_frame
 .text.lcd_spi_init
                0x0000000008000518      0x1b0 lcd-spi.o
                0x0000000008000518                lcd_spi_init
 .text.gfx_drawPixel
                0x00000000080006c8       0x2c gfx.o
                0x00000000080006c8                gfx_drawPixel
 .text.gfx_init
                0x00000000080006f4       0x20 gfx.o
                0x00000000080006f4                gfx_init
 .text.gfx_drawLine
                0x0000000008000714       0xb4 gfx.o
                0x0000000008000714                gfx_drawLine
 .text.gfx_drawFastVLine
                0x00000000080007c8       0x16 gfx.o
                0x00000000080007c8                gfx_drawFastVLine
 .text.gfx_fillRect
                0x00000000080007de       0x2a gfx.o
                0x00000000080007de                gfx_fillRect
 .text.gfx_fillScreen
                0x0000000008000808       0x20 gfx.o
                0x0000000008000808                gfx_fillScreen
 .text.gfx_drawChar
                0x0000000008000828       0xdc gfx.o
                0x0000000008000828                gfx_drawChar
 .text.gfx_write
                0x0000000008000904       0x70 gfx.o
                0x0000000008000904                gfx_write
 .text.gfx_puts
                0x0000000008000974       0x12 gfx.o
                0x0000000008000974                gfx_puts
 *fill*         0x0000000008000986        0x2 
 .text.gfx_setCursor
                0x0000000008000988        0xc gfx.o
                0x0000000008000988                gfx_setCursor
 .text.gfx_setTextSize
                0x0000000008000994       0x10 gfx.o
                0x0000000008000994                gfx_setTextSize
 .text.gfx_setTextColor
                0x00000000080009a4        0xc gfx.o
                0x00000000080009a4                gfx_setTextColor
 .text.read_xyz
                0x00000000080009b0      0x20c labo5.o
                0x00000000080009b0                read_xyz
 .text.print_decimal
                0x0000000008000bbc       0x52 labo5.o
                0x0000000008000bbc                print_decimal
 *fill*         0x0000000008000c0e        0x2 
 .text.startup.main
                0x0000000008000c10      0x498 labo5.o
                0x0000000008000c10                main
 .text.adc_power_off
                0x00000000080010a8        0xa /home/luisja01/Documents/Laboratorio_de_Micros/libopencm3-examples/libopencm3/lib/libopencm3_stm32f4.a(adc_common_v1.o)
                0x00000000080010a8                adc_power_off
 .text.adc_disable_scan_mode
                0x00000000080010b2        0xa /home/luisja01/Documents/Laboratorio_de_Micros/libopencm3-examples/libopencm3/lib/libopencm3_stm32f4.a(adc_common_v1.o)
                0x00000000080010b2                adc_disable_scan_mode
 .text.adc_eoc  0x00000000080010bc        0x8 /home/luisja01/Documents/Laboratorio_de_Micros/libopencm3-examples/libopencm3/lib/libopencm3_stm32f4.a(adc_common_v1.o)
                0x00000000080010bc                adc_eoc
 .text.adc_read_regular
                0x00000000080010c4        0x4 /home/luisja01/Documents/Laboratorio_de_Micros/libopencm3-examples/libopencm3/lib/libopencm3_stm32f4.a(adc_common_v1.o)
                0x00000000080010c4                adc_read_regular
 .text.adc_set_regular_sequence
                0x00000000080010c8       0x72 /home/luisja01/Documents/Laboratorio_de_Micros/libopencm3-examples/libopencm3/lib/libopencm3_stm32f4.a(adc_common_v1.o)
                0x00000000080010c8                adc_set_regular_sequence
 .text.adc_start_conversion_regular
                0x000000000800113a       0x14 /home/luisja01/Documents/Laboratorio_de_Micros/libopencm3-examples/libopencm3/lib/libopencm3_stm32f4.a(adc_common_v1.o)
                0x000000000800113a                adc_start_conversion_regular
 .text.adc_power_on
                0x000000000800114e        0xa /home/luisja01/Documents/Laboratorio_de_Micros/libopencm3-examples/libopencm3/lib/libopencm3_stm32f4.a(adc_common_v1_multi.o)
                0x000000000800114e                adc_power_on
 .text.adc_set_sample_time_on_all_channels
                0x0000000008001158       0x2a /home/luisja01/Documents/Laboratorio_de_Micros/libopencm3-examples/libopencm3/lib/libopencm3_stm32f4.a(adc_common_f47.o)
                0x0000000008001158                adc_set_sample_time_on_all_channels
 .text.sdram_timing
                0x0000000008001182       0x4e /home/luisja01/Documents/Laboratorio_de_Micros/libopencm3-examples/libopencm3/lib/libopencm3_stm32f4.a(fmc_common_f47.o)
                0x0000000008001182                sdram_timing
 .text.sdram_command
                0x00000000080011d0       0x64 /home/luisja01/Documents/Laboratorio_de_Micros/libopencm3-examples/libopencm3/lib/libopencm3_stm32f4.a(fmc_common_f47.o)
                0x00000000080011d0                sdram_command
 .text.gpio_set
                0x0000000008001234        0x4 /home/luisja01/Documents/Laboratorio_de_Micros/libopencm3-examples/libopencm3/lib/libopencm3_stm32f4.a(gpio_common_all.o)
                0x0000000008001234                gpio_set
 .text.gpio_clear
                0x0000000008001238        0x6 /home/luisja01/Documents/Laboratorio_de_Micros/libopencm3-examples/libopencm3/lib/libopencm3_stm32f4.a(gpio_common_all.o)
                0x0000000008001238                gpio_clear
 .text.gpio_get
                0x000000000800123e        0x6 /home/luisja01/Documents/Laboratorio_de_Micros/libopencm3-examples/libopencm3/lib/libopencm3_stm32f4.a(gpio_common_all.o)
                0x000000000800123e                gpio_get
 .text.gpio_toggle
                0x0000000008001244       0x12 /home/luisja01/Documents/Laboratorio_de_Micros/libopencm3-examples/libopencm3/lib/libopencm3_stm32f4.a(gpio_common_all.o)
                0x0000000008001244                gpio_toggle
 .text.gpio_mode_setup
                0x0000000008001256       0x40 /home/luisja01/Documents/Laboratorio_de_Micros/libopencm3-examples/libopencm3/lib/libopencm3_stm32f4.a(gpio_common_f0234.o)
                0x0000000008001256                gpio_mode_setup
 .text.gpio_set_output_options
                0x0000000008001296       0x36 /home/luisja01/Documents/Laboratorio_de_Micros/libopencm3-examples/libopencm3/lib/libopencm3_stm32f4.a(gpio_common_f0234.o)
                0x0000000008001296                gpio_set_output_options
 .text.gpio_set_af
                0x00000000080012cc       0x54 /home/luisja01/Documents/Laboratorio_de_Micros/libopencm3-examples/libopencm3/lib/libopencm3_stm32f4.a(gpio_common_f0234.o)
                0x00000000080012cc                gpio_set_af
 .text.rcc_periph_clock_enable
                0x0000000008001320       0x1c /home/luisja01/Documents/Laboratorio_de_Micros/libopencm3-examples/libopencm3/lib/libopencm3_stm32f4.a(rcc_common_all.o)
                0x0000000008001320                rcc_periph_clock_enable
 .text.rcc_is_osc_ready
                0x000000000800133c       0x5c /home/luisja01/Documents/Laboratorio_de_Micros/libopencm3-examples/libopencm3/lib/libopencm3_stm32f4.a(rcc.o)
                0x000000000800133c                rcc_is_osc_ready
 .text.rcc_wait_for_osc_ready
                0x0000000008001398       0x10 /home/luisja01/Documents/Laboratorio_de_Micros/libopencm3-examples/libopencm3/lib/libopencm3_stm32f4.a(rcc.o)
                0x0000000008001398                rcc_wait_for_osc_ready
 .text.rcc_osc_on
                0x00000000080013a8       0x58 /home/luisja01/Documents/Laboratorio_de_Micros/libopencm3-examples/libopencm3/lib/libopencm3_stm32f4.a(rcc.o)
                0x00000000080013a8                rcc_osc_on
 .text.rcc_osc_off
                0x0000000008001400       0x58 /home/luisja01/Documents/Laboratorio_de_Micros/libopencm3-examples/libopencm3/lib/libopencm3_stm32f4.a(rcc.o)
                0x0000000008001400                rcc_osc_off
 .text.rcc_set_sysclk_source
                0x0000000008001458       0x14 /home/luisja01/Documents/Laboratorio_de_Micros/libopencm3-examples/libopencm3/lib/libopencm3_stm32f4.a(rcc.o)
                0x0000000008001458                rcc_set_sysclk_source
 .text.rcc_set_ppre2
                0x000000000800146c       0x14 /home/luisja01/Documents/Laboratorio_de_Micros/libopencm3-examples/libopencm3/lib/libopencm3_stm32f4.a(rcc.o)
                0x000000000800146c                rcc_set_ppre2
 .text.rcc_set_ppre1
                0x0000000008001480       0x14 /home/luisja01/Documents/Laboratorio_de_Micros/libopencm3-examples/libopencm3/lib/libopencm3_stm32f4.a(rcc.o)
                0x0000000008001480                rcc_set_ppre1
 .text.rcc_set_hpre
                0x0000000008001494       0x14 /home/luisja01/Documents/Laboratorio_de_Micros/libopencm3-examples/libopencm3/lib/libopencm3_stm32f4.a(rcc.o)
                0x0000000008001494                rcc_set_hpre
 .text.rcc_set_main_pll_hsi
                0x00000000080014a8       0x44 /home/luisja01/Documents/Laboratorio_de_Micros/libopencm3-examples/libopencm3/lib/libopencm3_stm32f4.a(rcc.o)
                0x00000000080014a8                rcc_set_main_pll_hsi
 .text.rcc_set_main_pll_hse
                0x00000000080014ec       0x44 /home/luisja01/Documents/Laboratorio_de_Micros/libopencm3-examples/libopencm3/lib/libopencm3_stm32f4.a(rcc.o)
                0x00000000080014ec                rcc_set_main_pll_hse
 .text.rcc_clock_setup_pll
                0x0000000008001530       0xf4 /home/luisja01/Documents/Laboratorio_de_Micros/libopencm3-examples/libopencm3/lib/libopencm3_stm32f4.a(rcc.o)
                0x0000000008001530                rcc_clock_setup_pll
 .text.spi_enable
                0x0000000008001624        0xa /home/luisja01/Documents/Laboratorio_de_Micros/libopencm3-examples/libopencm3/lib/libopencm3_stm32f4.a(spi_common_all.o)
                0x0000000008001624                spi_enable
 .text.spi_send
                0x000000000800162e        0xa /home/luisja01/Documents/Laboratorio_de_Micros/libopencm3-examples/libopencm3/lib/libopencm3_stm32f4.a(spi_common_all.o)
                0x000000000800162e                spi_send
 .text.spi_read
                0x0000000008001638        0xc /home/luisja01/Documents/Laboratorio_de_Micros/libopencm3-examples/libopencm3/lib/libopencm3_stm32f4.a(spi_common_all.o)
                0x0000000008001638                spi_read
 .text.spi_xfer
                0x0000000008001644        0xe /home/luisja01/Documents/Laboratorio_de_Micros/libopencm3-examples/libopencm3/lib/libopencm3_stm32f4.a(spi_common_all.o)
                0x0000000008001644                spi_xfer
 .text.spi_set_unidirectional_mode
                0x0000000008001652        0xa /home/luisja01/Documents/Laboratorio_de_Micros/libopencm3-examples/libopencm3/lib/libopencm3_stm32f4.a(spi_common_all.o)
                0x0000000008001652                spi_set_unidirectional_mode
 .text.spi_set_full_duplex_mode
                0x000000000800165c        0xa /home/luisja01/Documents/Laboratorio_de_Micros/libopencm3-examples/libopencm3/lib/libopencm3_stm32f4.a(spi_common_all.o)
                0x000000000800165c                spi_set_full_duplex_mode
 .text.spi_enable_software_slave_management
                0x0000000008001666       0x12 /home/luisja01/Documents/Laboratorio_de_Micros/libopencm3-examples/libopencm3/lib/libopencm3_stm32f4.a(spi_common_all.o)
                0x0000000008001666                spi_enable_software_slave_management
 .text.spi_set_nss_high
                0x0000000008001678        0xa /home/luisja01/Documents/Laboratorio_de_Micros/libopencm3-examples/libopencm3/lib/libopencm3_stm32f4.a(spi_common_all.o)
                0x0000000008001678                spi_set_nss_high
 .text.spi_send_msb_first
                0x0000000008001682        0xa /home/luisja01/Documents/Laboratorio_de_Micros/libopencm3-examples/libopencm3/lib/libopencm3_stm32f4.a(spi_common_all.o)
                0x0000000008001682                spi_send_msb_first
 .text.spi_set_baudrate_prescaler
                0x000000000800168c       0x16 /home/luisja01/Documents/Laboratorio_de_Micros/libopencm3-examples/libopencm3/lib/libopencm3_stm32f4.a(spi_common_all.o)
                0x000000000800168c                spi_set_baudrate_prescaler
 .text.spi_set_master_mode
                0x00000000080016a2        0xa /home/luisja01/Documents/Laboratorio_de_Micros/libopencm3-examples/libopencm3/lib/libopencm3_stm32f4.a(spi_common_all.o)
                0x00000000080016a2                spi_set_master_mode
 .text.spi_set_clock_polarity_0
                0x00000000080016ac        0xa /home/luisja01/Documents/Laboratorio_de_Micros/libopencm3-examples/libopencm3/lib/libopencm3_stm32f4.a(spi_common_all.o)
                0x00000000080016ac                spi_set_clock_polarity_0
 .text.spi_set_clock_phase_0
                0x00000000080016b6        0xa /home/luisja01/Documents/Laboratorio_de_Micros/libopencm3-examples/libopencm3/lib/libopencm3_stm32f4.a(spi_common_all.o)
                0x00000000080016b6                spi_set_clock_phase_0
 .text.spi_enable_ss_output
                0x00000000080016c0        0xa /home/luisja01/Documents/Laboratorio_de_Micros/libopencm3-examples/libopencm3/lib/libopencm3_stm32f4.a(spi_common_all.o)
                0x00000000080016c0                spi_enable_ss_output
 .text.spi_init_master
                0x00000000080016ca       0x28 /home/luisja01/Documents/Laboratorio_de_Micros/libopencm3-examples/libopencm3/lib/libopencm3_stm32f4.a(spi_common_v1.o)
                0x00000000080016ca                spi_init_master
 *fill*         0x00000000080016f2        0x2 
 .text.usart_set_baudrate
                0x00000000080016f4       0x2c /home/luisja01/Documents/Laboratorio_de_Micros/libopencm3-examples/libopencm3/lib/libopencm3_stm32f4.a(usart_common_all.o)
                0x00000000080016f4                usart_set_baudrate
 .text.usart_set_databits
                0x0000000008001720       0x12 /home/luisja01/Documents/Laboratorio_de_Micros/libopencm3-examples/libopencm3/lib/libopencm3_stm32f4.a(usart_common_all.o)
                0x0000000008001720                usart_set_databits
 .text.usart_set_stopbits
                0x0000000008001732        0xc /home/luisja01/Documents/Laboratorio_de_Micros/libopencm3-examples/libopencm3/lib/libopencm3_stm32f4.a(usart_common_all.o)
                0x0000000008001732                usart_set_stopbits
 .text.usart_set_parity
                0x000000000800173e        0xc /home/luisja01/Documents/Laboratorio_de_Micros/libopencm3-examples/libopencm3/lib/libopencm3_stm32f4.a(usart_common_all.o)
                0x000000000800173e                usart_set_parity
 .text.usart_set_mode
                0x000000000800174a        0xc /home/luisja01/Documents/Laboratorio_de_Micros/libopencm3-examples/libopencm3/lib/libopencm3_stm32f4.a(usart_common_all.o)
                0x000000000800174a                usart_set_mode
 .text.usart_set_flow_control
                0x0000000008001756        0xc /home/luisja01/Documents/Laboratorio_de_Micros/libopencm3-examples/libopencm3/lib/libopencm3_stm32f4.a(usart_common_all.o)
                0x0000000008001756                usart_set_flow_control
 .text.usart_enable
                0x0000000008001762        0xa /home/luisja01/Documents/Laboratorio_de_Micros/libopencm3-examples/libopencm3/lib/libopencm3_stm32f4.a(usart_common_all.o)
                0x0000000008001762                usart_enable
 .text.usart_enable_rx_interrupt
                0x000000000800176c        0xa /home/luisja01/Documents/Laboratorio_de_Micros/libopencm3-examples/libopencm3/lib/libopencm3_stm32f4.a(usart_common_all.o)
                0x000000000800176c                usart_enable_rx_interrupt
 .text.blocking_handler
                0x0000000008001776        0x2 /home/luisja01/Documents/Laboratorio_de_Micros/libopencm3-examples/libopencm3/lib/libopencm3_stm32f4.a(vector.o)
                0x0000000008001776                dma2_stream1_isr
                0x0000000008001776                tim8_brk_tim12_isr
                0x0000000008001776                dma1_stream7_isr
                0x0000000008001776                usart3_isr
                0x0000000008001776                tim7_isr
                0x0000000008001776                dma2d_isr
                0x0000000008001776                uart8_isr
                0x0000000008001776                dma1_stream2_isr
                0x0000000008001776                otg_hs_isr
                0x0000000008001776                blocking_handler
                0x0000000008001776                tim5_isr
                0x0000000008001776                rtc_wkup_isr
                0x0000000008001776                otg_fs_isr
                0x0000000008001776                spi1_isr
                0x0000000008001776                i2c3_er_isr
                0x0000000008001776                exti2_isr
                0x0000000008001776                spi5_isr
                0x0000000008001776                usb_fs_wkup_isr
                0x0000000008001776                tamp_stamp_isr
                0x0000000008001776                can1_rx1_isr
                0x0000000008001776                dma2_stream0_isr
                0x0000000008001776                i2c3_ev_isr
                0x0000000008001776                usage_fault_handler
                0x0000000008001776                can2_rx0_isr
                0x0000000008001776                dma1_stream6_isr
                0x0000000008001776                can2_rx1_isr
                0x0000000008001776                can1_sce_isr
                0x0000000008001776                tim1_cc_isr
                0x0000000008001776                can1_tx_isr
                0x0000000008001776                tim1_up_tim10_isr
                0x0000000008001776                sdio_isr
                0x0000000008001776                eth_isr
                0x0000000008001776                spi6_isr
                0x0000000008001776                dma2_stream5_isr
                0x0000000008001776                pvd_isr
                0x0000000008001776                can1_rx0_isr
                0x0000000008001776                rcc_isr
                0x0000000008001776                dma2_stream3_isr
                0x0000000008001776                flash_isr
                0x0000000008001776                uart4_isr
                0x0000000008001776                lcd_tft_isr
                0x0000000008001776                rtc_alarm_isr
                0x0000000008001776                exti15_10_isr
                0x0000000008001776                hash_rng_isr
                0x0000000008001776                tim1_trg_com_tim11_isr
                0x0000000008001776                hard_fault_handler
                0x0000000008001776                exti1_isr
                0x0000000008001776                i2c1_ev_isr
                0x0000000008001776                usart6_isr
                0x0000000008001776                spi2_isr
                0x0000000008001776                cryp_isr
                0x0000000008001776                nvic_wwdg_isr
                0x0000000008001776                dma1_stream1_isr
                0x0000000008001776                dma2_stream4_isr
                0x0000000008001776                exti3_isr
                0x0000000008001776                tim3_isr
                0x0000000008001776                usart2_isr
                0x0000000008001776                sai1_isr
                0x0000000008001776                fpu_isr
                0x0000000008001776                dma1_stream4_isr
                0x0000000008001776                i2c2_er_isr
                0x0000000008001776                i2c2_ev_isr
                0x0000000008001776                uart5_isr
                0x0000000008001776                dma2_stream6_isr
                0x0000000008001776                spi4_isr
                0x0000000008001776                adc_isr
                0x0000000008001776                dma2_stream7_isr
                0x0000000008001776                tim8_up_tim13_isr
                0x0000000008001776                fsmc_isr
                0x0000000008001776                exti4_isr
                0x0000000008001776                tim6_dac_isr
                0x0000000008001776                dma1_stream3_isr
                0x0000000008001776                tim8_trg_com_tim14_isr
                0x0000000008001776                mem_manage_handler
                0x0000000008001776                lcd_tft_err_isr
                0x0000000008001776                can2_tx_isr
                0x0000000008001776                exti9_5_isr
                0x0000000008001776                tim1_brk_tim9_isr
                0x0000000008001776                uart7_isr
                0x0000000008001776                can2_sce_isr
                0x0000000008001776                tim4_isr
                0x0000000008001776                otg_hs_wkup_isr
                0x0000000008001776                i2c1_er_isr
                0x0000000008001776                dma1_stream0_isr
                0x0000000008001776                tim8_cc_isr
                0x0000000008001776                dcmi_isr
                0x0000000008001776                dma2_stream2_isr
                0x0000000008001776                eth_wkup_isr
                0x0000000008001776                bus_fault_handler
                0x0000000008001776                otg_hs_ep1_out_isr
                0x0000000008001776                spi3_isr
                0x0000000008001776                dma1_stream5_isr
                0x0000000008001776                otg_hs_ep1_in_isr
                0x0000000008001776                tim2_isr
                0x0000000008001776                exti0_isr
 .text.null_handler
                0x0000000008001778        0x2 /home/luisja01/Documents/Laboratorio_de_Micros/libopencm3-examples/libopencm3/lib/libopencm3_stm32f4.a(vector.o)
                0x0000000008001778                null_handler
                0x0000000008001778                sv_call_handler
                0x0000000008001778                pend_sv_handler
                0x0000000008001778                debug_monitor_handler
                0x0000000008001778                nmi_handler
 *fill*         0x000000000800177a        0x2 
 .text.reset_handler
                0x000000000800177c       0x98 /home/luisja01/Documents/Laboratorio_de_Micros/libopencm3-examples/libopencm3/lib/libopencm3_stm32f4.a(vector.o)
                0x000000000800177c                reset_handler
 .text.systick_set_reload
                0x0000000008001814       0x10 /home/luisja01/Documents/Laboratorio_de_Micros/libopencm3-examples/libopencm3/lib/libopencm3_stm32f4.a(systick.o)
                0x0000000008001814                systick_set_reload
 .text.systick_set_clocksource
                0x0000000008001824       0x18 /home/luisja01/Documents/Laboratorio_de_Micros/libopencm3-examples/libopencm3/lib/libopencm3_stm32f4.a(systick.o)
                0x0000000008001824                systick_set_clocksource
 .text.systick_interrupt_enable
                0x000000000800183c       0x10 /home/luisja01/Documents/Laboratorio_de_Micros/libopencm3-examples/libopencm3/lib/libopencm3_stm32f4.a(systick.o)
                0x000000000800183c                systick_interrupt_enable
 .text.systick_counter_enable
                0x000000000800184c       0x10 /home/luisja01/Documents/Laboratorio_de_Micros/libopencm3-examples/libopencm3/lib/libopencm3_stm32f4.a(systick.o)
                0x000000000800184c                systick_counter_enable
 .text.scb_reset_system
                0x000000000800185c       0x10 /home/luisja01/Documents/Laboratorio_de_Micros/libopencm3-examples/libopencm3/lib/libopencm3_stm32f4.a(scb.o)
                0x000000000800185c                scb_reset_system
 .text.nvic_enable_irq
                0x000000000800186c       0x1c /home/luisja01/Documents/Laboratorio_de_Micros/libopencm3-examples/libopencm3/lib/libopencm3_stm32f4.a(nvic.o)
                0x000000000800186c                nvic_enable_irq
 .text.flash_set_ws
                0x0000000008001888       0x14 /home/luisja01/Documents/Laboratorio_de_Micros/libopencm3-examples/libopencm3/lib/libopencm3_stm32f4.a(flash_common_all.o)
                0x0000000008001888                flash_set_ws
 .text.flash_dcache_enable
                0x000000000800189c       0x10 /home/luisja01/Documents/Laboratorio_de_Micros/libopencm3-examples/libopencm3/lib/libopencm3_stm32f4.a(flash_common_idcache.o)
                0x000000000800189c                flash_dcache_enable
 .text.flash_dcache_disable
                0x00000000080018ac       0x10 /home/luisja01/Documents/Laboratorio_de_Micros/libopencm3-examples/libopencm3/lib/libopencm3_stm32f4.a(flash_common_idcache.o)
                0x00000000080018ac                flash_dcache_disable
 .text.flash_icache_enable
                0x00000000080018bc       0x10 /home/luisja01/Documents/Laboratorio_de_Micros/libopencm3-examples/libopencm3/lib/libopencm3_stm32f4.a(flash_common_idcache.o)
                0x00000000080018bc                flash_icache_enable
 .text.flash_icache_disable
                0x00000000080018cc       0x10 /home/luisja01/Documents/Laboratorio_de_Micros/libopencm3-examples/libopencm3/lib/libopencm3_stm32f4.a(flash_common_idcache.o)
                0x00000000080018cc                flash_icache_disable
 .text.pwr_set_vos_scale
                0x00000000080018dc       0x18 /home/luisja01/Documents/Laboratorio_de_Micros/libopencm3-examples/libopencm3/lib/libopencm3_stm32f4.a(pwr.o)
                0x00000000080018dc                pwr_set_vos_scale
 .text          0x00000000080018f4       0x80 /usr/lib/gcc/arm-none-eabi/9.2.1/../../../arm-none-eabi/lib/thumb/v7e-m+fp/hard/libc.a(lib_a-sprintf.o)
                0x00000000080018f4                _sprintf_r
                0x0000000008001930                sprintf
 .text          0x0000000008001974       0x40 /usr/lib/gcc/arm-none-eabi/9.2.1/../../../arm-none-eabi/lib/thumb/v7e-m+fp/hard/libc.a(lib_a-strcat.o)
                0x0000000008001974                strcat
 .text          0x00000000080019b4       0xbc /usr/lib/gcc/arm-none-eabi/9.2.1/../../../arm-none-eabi/lib/thumb/v7e-m+fp/hard/libc.a(lib_a-strcpy.o)
                0x00000000080019b4                strcpy
 .text          0x0000000008001a70     0x1498 /usr/lib/gcc/arm-none-eabi/9.2.1/../../../arm-none-eabi/lib/thumb/v7e-m+fp/hard/libc.a(lib_a-svfprintf.o)
                0x0000000008001a70                _svfprintf_r
 .text          0x0000000008002f08      0xfc0 /usr/lib/gcc/arm-none-eabi/9.2.1/../../../arm-none-eabi/lib/thumb/v7e-m+fp/hard/libc.a(lib_a-dtoa.o)
                0x000000000800302c                _dtoa_r
 .text          0x0000000008003ec8       0x14 /usr/lib/gcc/arm-none-eabi/9.2.1/../../../arm-none-eabi/lib/thumb/v7e-m+fp/hard/libc.a(lib_a-localeconv.o)
                0x0000000008003ec8                __localeconv_l
                0x0000000008003ecc                _localeconv_r
                0x0000000008003ed4                localeconv
 .text          0x0000000008003edc      0x564 /usr/lib/gcc/arm-none-eabi/9.2.1/../../../arm-none-eabi/lib/thumb/v7e-m+fp/hard/libc.a(lib_a-mallocr.o)
                0x0000000008003edc                _malloc_r
 .text          0x0000000008004440       0xa0 /usr/lib/gcc/arm-none-eabi/9.2.1/../../../arm-none-eabi/lib/thumb/v7e-m+fp/hard/libc.a(lib_a-memchr.o)
                0x0000000008004440                memchr
 .text          0x00000000080044e0      0x134 /usr/lib/gcc/arm-none-eabi/9.2.1/../../../arm-none-eabi/lib/thumb/v7e-m+fp/hard/libc.a(lib_a-memcpy.o)
                0x00000000080044e0                memcpy
 .text          0x0000000008004614        0x8 /usr/lib/gcc/arm-none-eabi/9.2.1/../../../arm-none-eabi/lib/thumb/v7e-m+fp/hard/libc.a(lib_a-mlock.o)
                0x0000000008004614                __malloc_lock
                0x0000000008004618                __malloc_unlock
 .text          0x000000000800461c      0x9a8 /usr/lib/gcc/arm-none-eabi/9.2.1/../../../arm-none-eabi/lib/thumb/v7e-m+fp/hard/libc.a(lib_a-mprec.o)
                0x000000000800461c                _Balloc
                0x0000000008004668                _Bfree
                0x000000000800467c                __multadd
                0x0000000008004720                __s2b
                0x00000000080047cc                __hi0bits
                0x000000000800480c                __lo0bits
                0x000000000800486c                __i2b
                0x0000000008004898                __multiply
                0x00000000080049e4                __pow5mult
                0x0000000008004a7c                __lshift
                0x0000000008004b48                __mcmp
                0x0000000008004b80                __mdiff
                0x0000000008004ca8                __ulp
                0x0000000008004cf8                __b2d
                0x0000000008004db0                __d2b
                0x0000000008004e84                __ratio
                0x0000000008004ee4                _mprec_log10
                0x0000000008004f24                __copybits
                0x0000000008004f6c                __any_on
 .text          0x0000000008004fc4       0x24 /usr/lib/gcc/arm-none-eabi/9.2.1/../../../arm-none-eabi/lib/thumb/v7e-m+fp/hard/libc.a(lib_a-sbrkr.o)
                0x0000000008004fc4                _sbrk_r
 *fill*         0x0000000008004fe8       0x18 
 .text          0x0000000008005000       0xdc /usr/lib/gcc/arm-none-eabi/9.2.1/../../../arm-none-eabi/lib/thumb/v7e-m+fp/hard/libc.a(lib_a-strlen.o)
                0x0000000008005000                strlen
 .text          0x00000000080050dc      0xb64 /usr/lib/gcc/arm-none-eabi/9.2.1/../../../arm-none-eabi/lib/thumb/v7e-m+fp/hard/libc.a(lib_a-svfiprintf.o)
                0x00000000080050dc                __ssprint_r
                0x00000000080051d4                _svfiprintf_r
 .text          0x0000000008005c40       0x48 /usr/lib/gcc/arm-none-eabi/9.2.1/../../../arm-none-eabi/lib/thumb/v7e-m+fp/hard/libc.a(lib_a-assert.o)
                0x0000000008005c40                __assert_func
                0x0000000008005c7c                __assert
 .text          0x0000000008005c88       0x60 /usr/lib/gcc/arm-none-eabi/9.2.1/../../../arm-none-eabi/lib/thumb/v7e-m+fp/hard/libc.a(lib_a-callocr.o)
                0x0000000008005c88                _calloc_r
 .text          0x0000000008005ce8       0x44 /usr/lib/gcc/arm-none-eabi/9.2.1/../../../arm-none-eabi/lib/thumb/v7e-m+fp/hard/libc.a(lib_a-fiprintf.o)
                0x0000000008005ce8                _fiprintf_r
                0x0000000008005d04                fiprintf
 .text          0x0000000008005d2c      0x294 /usr/lib/gcc/arm-none-eabi/9.2.1/../../../arm-none-eabi/lib/thumb/v7e-m+fp/hard/libc.a(lib_a-freer.o)
                0x0000000008005d2c                _malloc_trim_r
                0x0000000008005dcc                _free_r
 .text          0x0000000008005fc0       0x5c /usr/lib/gcc/arm-none-eabi/9.2.1/../../../arm-none-eabi/lib/thumb/v7e-m+fp/hard/libc.a(lib_a-locale.o)
                0x0000000008005fc0                _setlocale_r
                0x0000000008006000                __locale_mb_cur_max
                0x000000000800600c                setlocale
 .text          0x000000000800601c       0x40 /usr/lib/gcc/arm-none-eabi/9.2.1/../../../arm-none-eabi/lib/thumb/v7e-m+fp/hard/libc.a(lib_a-mbtowc_r.o)
                0x000000000800601c                _mbtowc_r
                0x0000000008006030                __ascii_mbtowc
 .text          0x000000000800605c       0xd0 /usr/lib/gcc/arm-none-eabi/9.2.1/../../../arm-none-eabi/lib/thumb/v7e-m+fp/hard/libc.a(lib_a-memmove.o)
                0x000000000800605c                memmove
 .text          0x000000000800612c       0xa0 /usr/lib/gcc/arm-none-eabi/9.2.1/../../../arm-none-eabi/lib/thumb/v7e-m+fp/hard/libc.a(lib_a-memset.o)
                0x000000000800612c                memset
 .text          0x00000000080061cc      0x36c /usr/lib/gcc/arm-none-eabi/9.2.1/../../../arm-none-eabi/lib/thumb/v7e-m+fp/hard/libc.a(lib_a-reallocr.o)
                0x00000000080061cc                _realloc_r
 *fill*         0x0000000008006538        0x8 
 .text          0x0000000008006540      0x2dc /usr/lib/gcc/arm-none-eabi/9.2.1/../../../arm-none-eabi/lib/thumb/v7e-m+fp/hard/libc.a(lib_a-strcmp.o)
                0x0000000008006548                strcmp
 .text          0x000000000800681c      0xd00 /usr/lib/gcc/arm-none-eabi/9.2.1/../../../arm-none-eabi/lib/thumb/v7e-m+fp/hard/libc.a(lib_a-vfiprintf.o)
                0x0000000008006894                __sprint_r
                0x00000000080068a8                _vfiprintf_r
                0x0000000008007498                vfiprintf
 .text          0x000000000800751c       0x30 /usr/lib/gcc/arm-none-eabi/9.2.1/../../../arm-none-eabi/lib/thumb/v7e-m+fp/hard/libc.a(lib_a-wctomb_r.o)
                0x000000000800751c                _wctomb_r
                0x0000000008007530                __ascii_wctomb
 .text          0x000000000800754c       0xd0 /usr/lib/gcc/arm-none-eabi/9.2.1/../../../arm-none-eabi/lib/thumb/v7e-m+fp/hard/libc.a(lib_a-wsetup.o)
                0x000000000800754c                __swsetup_r
 .text          0x000000000800761c       0x10 /usr/lib/gcc/arm-none-eabi/9.2.1/../../../arm-none-eabi/lib/thumb/v7e-m+fp/hard/libc.a(lib_a-abort.o)
                0x000000000800761c                abort
 .text          0x000000000800762c      0x1a4 /usr/lib/gcc/arm-none-eabi/9.2.1/../../../arm-none-eabi/lib/thumb/v7e-m+fp/hard/libc.a(lib_a-fflush.o)
                0x000000000800762c                __sflush_r
                0x0000000008007778                _fflush_r
                0x00000000080077ac                fflush
 .text          0x00000000080077d0      0x1f4 /usr/lib/gcc/arm-none-eabi/9.2.1/../../../arm-none-eabi/lib/thumb/v7e-m+fp/hard/libc.a(lib_a-findfp.o)
                0x00000000080077d4                _cleanup_r
                0x00000000080078b8                __sfmoreglue
                0x00000000080078e8                __sfp
                0x0000000008007970                _cleanup
                0x0000000008007984                __sinit
                0x000000000800798c                __sfp_lock_acquire
                0x0000000008007990                __sfp_lock_release
                0x0000000008007994                __sinit_lock_acquire
                0x0000000008007998                __sinit_lock_release
                0x000000000800799c                __fp_lock_all
                0x00000000080079b0                __fp_unlock_all
 .text          0x00000000080079c4      0x110 /usr/lib/gcc/arm-none-eabi/9.2.1/../../../arm-none-eabi/lib/thumb/v7e-m+fp/hard/libc.a(lib_a-fputwc.o)
                0x00000000080079c4                __fputwc
                0x0000000008007a6c                _fputwc_r
                0x0000000008007a94                fputwc
 .text          0x0000000008007ad4      0x308 /usr/lib/gcc/arm-none-eabi/9.2.1/../../../arm-none-eabi/lib/thumb/v7e-m+fp/hard/libc.a(lib_a-fvwrite.o)
                0x0000000008007ad4                __sfvwrite_r
 .text          0x0000000008007ddc       0xa0 /usr/lib/gcc/arm-none-eabi/9.2.1/../../../arm-none-eabi/lib/thumb/v7e-m+fp/hard/libc.a(lib_a-fwalk.o)
                0x0000000008007ddc                _fwalk
                0x0000000008007e28                _fwalk_reent
 .text          0x0000000008007e7c       0xf0 /usr/lib/gcc/arm-none-eabi/9.2.1/../../../arm-none-eabi/lib/thumb/v7e-m+fp/hard/libc.a(lib_a-makebuf.o)
                0x0000000008007e7c                __swhatbuf_r
                0x0000000008007ed8                __smakebuf_r
 .text          0x0000000008007f6c      0x15c /usr/lib/gcc/arm-none-eabi/9.2.1/../../../arm-none-eabi/lib/thumb/v7e-m+fp/hard/libc.a(lib_a-signal.o)
                0x0000000008007f94                _init_signal_r
                0x0000000008007fa0                _signal_r
                0x0000000008007fd8                _raise_r
                0x0000000008008030                __sigtramp_r
                0x0000000008008084                raise
                0x0000000008008094                signal
                0x00000000080080a4                _init_signal
                0x00000000080080b8                __sigtramp
 .text          0x00000000080080c8       0x2c /usr/lib/gcc/arm-none-eabi/9.2.1/../../../arm-none-eabi/lib/thumb/v7e-m+fp/hard/libc.a(lib_a-signalr.o)
                0x00000000080080c8                _kill_r
                0x00000000080080f0                _getpid_r
 .text          0x00000000080080f4       0x90 /usr/lib/gcc/arm-none-eabi/9.2.1/../../../arm-none-eabi/lib/thumb/v7e-m+fp/hard/libc.a(lib_a-stdio.o)
                0x00000000080080f4                __sread
                0x0000000008008118                __seofread
                0x000000000800811c                __swrite
                0x000000000800815c                __sseek
                0x000000000800817c                __sclose
 .text          0x0000000008008184       0xc0 /usr/lib/gcc/arm-none-eabi/9.2.1/../../../arm-none-eabi/lib/thumb/v7e-m+fp/hard/libc.a(lib_a-wbuf.o)
                0x0000000008008184                __swbuf_r
                0x0000000008008234                __swbuf
 .text          0x0000000008008244       0x7c /usr/lib/gcc/arm-none-eabi/9.2.1/../../../arm-none-eabi/lib/thumb/v7e-m+fp/hard/libc.a(lib_a-wcrtomb.o)
                0x0000000008008244                _wcrtomb_r
                0x0000000008008278                wcrtomb
 .text          0x00000000080082c0       0x2c /usr/lib/gcc/arm-none-eabi/9.2.1/../../../arm-none-eabi/lib/thumb/v7e-m+fp/hard/libc.a(lib_a-writer.o)
                0x00000000080082c0                _write_r
 .text          0x00000000080082ec       0x24 /usr/lib/gcc/arm-none-eabi/9.2.1/../../../arm-none-eabi/lib/thumb/v7e-m+fp/hard/libc.a(lib_a-closer.o)
                0x00000000080082ec                _close_r
 .text          0x0000000008008310       0x98 /usr/lib/gcc/arm-none-eabi/9.2.1/../../../arm-none-eabi/lib/thumb/v7e-m+fp/hard/libc.a(lib_a-fclose.o)
                0x0000000008008310                _fclose_r
                0x0000000008008398                fclose
 .text          0x00000000080083a8       0x28 /usr/lib/gcc/arm-none-eabi/9.2.1/../../../arm-none-eabi/lib/thumb/v7e-m+fp/hard/libc.a(lib_a-fstatr.o)
                0x00000000080083a8                _fstat_r
 .text          0x00000000080083d0       0x24 /usr/lib/gcc/arm-none-eabi/9.2.1/../../../arm-none-eabi/lib/thumb/v7e-m+fp/hard/libc.a(lib_a-isattyr.o)
                0x00000000080083d0                _isatty_r
 .text          0x00000000080083f4       0x2c /usr/lib/gcc/arm-none-eabi/9.2.1/../../../arm-none-eabi/lib/thumb/v7e-m+fp/hard/libc.a(lib_a-lseekr.o)
                0x00000000080083f4                _lseek_r
 .text          0x0000000008008420       0x2c /usr/lib/gcc/arm-none-eabi/9.2.1/../../../arm-none-eabi/lib/thumb/v7e-m+fp/hard/libc.a(lib_a-readr.o)
                0x0000000008008420                _read_r
 .text          0x000000000800844c      0x378 /usr/lib/gcc/arm-none-eabi/9.2.1/thumb/v7e-m+fp/hard/libgcc.a(_arm_addsubdf3.o)
                0x000000000800844c                __aeabi_drsub
                0x0000000008008454                __aeabi_dsub
                0x0000000008008454                __subdf3
                0x0000000008008458                __adddf3
                0x0000000008008458                __aeabi_dadd
                0x00000000080086d0                __aeabi_ui2d
                0x00000000080086d0                __floatunsidf
                0x00000000080086f0                __floatsidf
                0x00000000080086f0                __aeabi_i2d
                0x0000000008008714                __extendsfdf2
                0x0000000008008714                __aeabi_f2d
                0x0000000008008758                __aeabi_ul2d
                0x0000000008008758                __floatundidf
                0x0000000008008768                __floatdidf
                0x0000000008008768                __aeabi_l2d
 .text          0x00000000080087c4      0x424 /usr/lib/gcc/arm-none-eabi/9.2.1/thumb/v7e-m+fp/hard/libgcc.a(_arm_muldivdf3.o)
                0x00000000080087c4                __aeabi_dmul
                0x00000000080087c4                __muldf3
                0x0000000008008a18                __aeabi_ddiv
                0x0000000008008a18                __divdf3
 .text          0x0000000008008be8      0x110 /usr/lib/gcc/arm-none-eabi/9.2.1/thumb/v7e-m+fp/hard/libgcc.a(_arm_cmpdf2.o)
                0x0000000008008be8                __gtdf2
                0x0000000008008be8                __gedf2
                0x0000000008008bf0                __ltdf2
                0x0000000008008bf0                __ledf2
                0x0000000008008bf8                __cmpdf2
                0x0000000008008bf8                __eqdf2
                0x0000000008008bf8                __nedf2
                0x0000000008008c74                __aeabi_cdrcmple
                0x0000000008008c84                __aeabi_cdcmple
                0x0000000008008c84                __aeabi_cdcmpeq
                0x0000000008008c94                __aeabi_dcmpeq
                0x0000000008008ca8                __aeabi_dcmplt
                0x0000000008008cbc                __aeabi_dcmple
                0x0000000008008cd0                __aeabi_dcmpge
                0x0000000008008ce4                __aeabi_dcmpgt
 .text          0x0000000008008cf8       0x2c /usr/lib/gcc/arm-none-eabi/9.2.1/thumb/v7e-m+fp/hard/libgcc.a(_arm_unorddf2.o)
                0x0000000008008cf8                __aeabi_dcmpun
                0x0000000008008cf8                __unorddf2
 .text          0x0000000008008d24       0x50 /usr/lib/gcc/arm-none-eabi/9.2.1/thumb/v7e-m+fp/hard/libgcc.a(_arm_fixdfsi.o)
                0x0000000008008d24                __fixdfsi
                0x0000000008008d24                __aeabi_d2iz
 .text          0x0000000008008d74       0xa0 /usr/lib/gcc/arm-none-eabi/9.2.1/thumb/v7e-m+fp/hard/libgcc.a(_arm_truncdfsf2.o)
                0x0000000008008d74                __aeabi_d2f
                0x0000000008008d74                __truncdfsf2
 .text          0x0000000008008e14       0x30 /usr/lib/gcc/arm-none-eabi/9.2.1/thumb/v7e-m+fp/hard/libgcc.a(_aeabi_uldivmod.o)
                0x0000000008008e14                __aeabi_uldivmod
 .text          0x0000000008008e44      0x2c4 /usr/lib/gcc/arm-none-eabi/9.2.1/thumb/v7e-m+fp/hard/libgcc.a(_udivmoddi4.o)
                0x0000000008008e44                __udivmoddi4
 .text          0x0000000008009108        0x4 /usr/lib/gcc/arm-none-eabi/9.2.1/thumb/v7e-m+fp/hard/libgcc.a(_dvmd_tls.o)
                0x0000000008009108                __aeabi_ldiv0
                0x0000000008009108                __aeabi_idiv0
 .text          0x000000000800910c       0x10 /usr/lib/gcc/arm-none-eabi/9.2.1/../../../arm-none-eabi/lib/thumb/v7e-m+fp/hard/libnosys.a(close.o)
                0x000000000800910c                _close
 .text          0x000000000800911c       0x10 /usr/lib/gcc/arm-none-eabi/9.2.1/../../../arm-none-eabi/lib/thumb/v7e-m+fp/hard/libnosys.a(fstat.o)
                0x000000000800911c                _fstat
 .text          0x000000000800912c       0x10 /usr/lib/gcc/arm-none-eabi/9.2.1/../../../arm-none-eabi/lib/thumb/v7e-m+fp/hard/libnosys.a(getpid.o)
                0x000000000800912c                _getpid
 .text          0x000000000800913c       0x10 /usr/lib/gcc/arm-none-eabi/9.2.1/../../../arm-none-eabi/lib/thumb/v7e-m+fp/hard/libnosys.a(isatty.o)
                0x000000000800913c                _isatty
 .text          0x000000000800914c       0x10 /usr/lib/gcc/arm-none-eabi/9.2.1/../../../arm-none-eabi/lib/thumb/v7e-m+fp/hard/libnosys.a(kill.o)
                0x000000000800914c                _kill
 .text          0x000000000800915c       0x10 /usr/lib/gcc/arm-none-eabi/9.2.1/../../../arm-none-eabi/lib/thumb/v7e-m+fp/hard/libnosys.a(lseek.o)
                0x000000000800915c                _lseek
 .text          0x000000000800916c       0x10 /usr/lib/gcc/arm-none-eabi/9.2.1/../../../arm-none-eabi/lib/thumb/v7e-m+fp/hard/libnosys.a(read.o)
                0x000000000800916c                _read
 .text          0x000000000800917c       0x1c /usr/lib/gcc/arm-none-eabi/9.2.1/../../../arm-none-eabi/lib/thumb/v7e-m+fp/hard/libnosys.a(sbrk.o)
                0x000000000800917c                _sbrk
 .text          0x0000000008009198       0x10 /usr/lib/gcc/arm-none-eabi/9.2.1/../../../arm-none-eabi/lib/thumb/v7e-m+fp/hard/libnosys.a(write.o)
                0x0000000008009198                _write
 .text          0x00000000080091a8        0x4 /usr/lib/gcc/arm-none-eabi/9.2.1/../../../arm-none-eabi/lib/thumb/v7e-m+fp/hard/libnosys.a(_exit.o)
                0x00000000080091a8                _exit
                0x00000000080091ac                . = ALIGN (0x4)
 *(.rodata*)
 .rodata.sdram_pins
                0x00000000080091ac       0x30 sdram.o
 .rodata.print_hex.str1.1
                0x00000000080091dc        0x3 lcd-spi.o
 .rodata.lcd_spi_init.str1.1
                0x00000000080091df       0x62 lcd-spi.o
 .rodata.cmd_args
                0x0000000008009241       0x3a lcd-spi.o
 *fill*         0x000000000800927b        0x1 
 .rodata.initialization
                0x000000000800927c       0x50 lcd-spi.o
                0x000000000800927c                initialization
 .rodata.mcm_font
                0x00000000080092cc      0x480 gfx.o
 .rodata.main.str1.1
                0x000000000800974c       0x72 labo5.o
                                         0x74 (size before relaxing)
 .rodata.CSWTCH.2
                0x00000000080097be        0x3 /home/luisja01/Documents/Laboratorio_de_Micros/libopencm3-examples/libopencm3/lib/libopencm3_stm32f4.a(fmc_common_f47.o)
 *fill*         0x00000000080097c1        0x3 
 .rodata.rcc_hse_8mhz_3v3
                0x00000000080097c4       0x54 /home/luisja01/Documents/Laboratorio_de_Micros/libopencm3-examples/libopencm3/lib/libopencm3_stm32f4.a(rcc.o)
                0x00000000080097c4                rcc_hse_8mhz_3v3
 .rodata        0x0000000008009818       0x20 /usr/lib/gcc/arm-none-eabi/9.2.1/../../../arm-none-eabi/lib/thumb/v7e-m+fp/hard/libc.a(lib_a-svfprintf.o)
 .rodata.str1.4
                0x0000000008009838       0x42 /usr/lib/gcc/arm-none-eabi/9.2.1/../../../arm-none-eabi/lib/thumb/v7e-m+fp/hard/libc.a(lib_a-svfprintf.o)
 *fill*         0x000000000800987a        0x2 
 .rodata.str1.4
                0x000000000800987c       0x56 /usr/lib/gcc/arm-none-eabi/9.2.1/../../../arm-none-eabi/lib/thumb/v7e-m+fp/hard/libc.a(lib_a-dtoa.o)
                                         0x5a (size before relaxing)
 *fill*         0x00000000080098d2        0x2 
 .rodata        0x00000000080098d4        0x4 /usr/lib/gcc/arm-none-eabi/9.2.1/../../../arm-none-eabi/lib/thumb/v7e-m+fp/hard/libc.a(lib_a-impure.o)
                0x00000000080098d4                _global_impure_ptr
 .rodata        0x00000000080098d8      0x128 /usr/lib/gcc/arm-none-eabi/9.2.1/../../../arm-none-eabi/lib/thumb/v7e-m+fp/hard/libc.a(lib_a-mprec.o)
                0x00000000080098e8                __mprec_tens
                0x00000000080099b0                __mprec_tinytens
                0x00000000080099d8                __mprec_bigtens
 .rodata.str1.4
                0x0000000008009a00       0x33 /usr/lib/gcc/arm-none-eabi/9.2.1/../../../arm-none-eabi/lib/thumb/v7e-m+fp/hard/libc.a(lib_a-mprec.o)
                                         0x47 (size before relaxing)
 *fill*         0x0000000008009a33        0x1 
 .rodata        0x0000000008009a34       0x20 /usr/lib/gcc/arm-none-eabi/9.2.1/../../../arm-none-eabi/lib/thumb/v7e-m+fp/hard/libc.a(lib_a-svfiprintf.o)
 .rodata.str1.4
                0x0000000008009a54       0x2f /usr/lib/gcc/arm-none-eabi/9.2.1/../../../arm-none-eabi/lib/thumb/v7e-m+fp/hard/libc.a(lib_a-svfiprintf.o)
 .rodata.str1.4
                0x0000000008009a54       0x3f /usr/lib/gcc/arm-none-eabi/9.2.1/../../../arm-none-eabi/lib/thumb/v7e-m+fp/hard/libc.a(lib_a-assert.o)
                                         0x43 (size before relaxing)
 *fill*         0x0000000008009a93        0x1 
 .rodata.str1.4
                0x0000000008009a94        0xe /usr/lib/gcc/arm-none-eabi/9.2.1/../../../arm-none-eabi/lib/thumb/v7e-m+fp/hard/libc.a(lib_a-locale.o)
                                         0x12 (size before relaxing)
 *fill*         0x0000000008009aa2        0x2 
 .rodata        0x0000000008009aa4       0x20 /usr/lib/gcc/arm-none-eabi/9.2.1/../../../arm-none-eabi/lib/thumb/v7e-m+fp/hard/libc.a(lib_a-vfiprintf.o)
 .rodata.str1.4
                0x0000000008009ac4       0x2f /usr/lib/gcc/arm-none-eabi/9.2.1/../../../arm-none-eabi/lib/thumb/v7e-m+fp/hard/libc.a(lib_a-vfiprintf.o)
 .rodata        0x0000000008009ac4      0x101 /usr/lib/gcc/arm-none-eabi/9.2.1/../../../arm-none-eabi/lib/thumb/v7e-m+fp/hard/libc.a(lib_a-ctype_.o)
                0x0000000008009ac4                _ctype_
                0x0000000008009bc8                . = ALIGN (0x4)
 *fill*         0x0000000008009bc5        0x3 

.glue_7         0x0000000008009bc8        0x0
 .glue_7        0x0000000008009bc8        0x0 linker stubs

.glue_7t        0x0000000008009bc8        0x0
 .glue_7t       0x0000000008009bc8        0x0 linker stubs

.vfp11_veneer   0x0000000008009bc8        0x0
 .vfp11_veneer  0x0000000008009bc8        0x0 linker stubs

.v4_bx          0x0000000008009bc8        0x0
 .v4_bx         0x0000000008009bc8        0x0 linker stubs

.iplt           0x0000000008009bc8        0x0
 .iplt          0x0000000008009bc8        0x0 sdram.o

.preinit_array  0x0000000008009bc8        0x0
                0x0000000008009bc8                . = ALIGN (0x4)
                0x0000000008009bc8                __preinit_array_start = .
 *(.preinit_array)
                0x0000000008009bc8                __preinit_array_end = .

.init_array     0x0000000008009bc8        0x0
                0x0000000008009bc8                . = ALIGN (0x4)
                0x0000000008009bc8                __init_array_start = .
 *(SORT_BY_NAME(.init_array.*))
 *(.init_array)
                0x0000000008009bc8                __init_array_end = .

.fini_array     0x0000000008009bc8        0x0
                0x0000000008009bc8                . = ALIGN (0x4)
                0x0000000008009bc8                __fini_array_start = .
 *(.fini_array)
 *(SORT_BY_NAME(.fini_array.*))
                0x0000000008009bc8                __fini_array_end = .

.ARM.extab
 *(.ARM.extab*)

.ARM.exidx      0x0000000008009bc8        0x8
                0x0000000008009bc8                __exidx_start = .
 *(.ARM.exidx*)
 .ARM.exidx     0x0000000008009bc8        0x8 /usr/lib/gcc/arm-none-eabi/9.2.1/thumb/v7e-m+fp/hard/libgcc.a(_udivmoddi4.o)
                0x0000000008009bd0                __exidx_end = .

.rel.dyn        0x0000000008009bd0        0x0
 .rel.iplt      0x0000000008009bd0        0x0 sdram.o
                0x0000000008009bd0                . = ALIGN (0x4)
                0x0000000008009bd0                _etext = .

.noinit
 *(.noinit*)
                0x0000000008009bd0                . = ALIGN (0x4)

.data           0x0000000020000000      0x9d4 load address 0x0000000008009bd0
                0x0000000020000000                _data = .
 *(.data*)
 .data.timing   0x0000000020000000       0x1c sdram.o
 .data.rcc_ahb_frequency
                0x000000002000001c        0x4 /home/luisja01/Documents/Laboratorio_de_Micros/libopencm3-examples/libopencm3/lib/libopencm3_stm32f4.a(rcc.o)
                0x000000002000001c                rcc_ahb_frequency
 .data.rcc_apb1_frequency
                0x0000000020000020        0x4 /home/luisja01/Documents/Laboratorio_de_Micros/libopencm3-examples/libopencm3/lib/libopencm3_stm32f4.a(rcc.o)
                0x0000000020000020                rcc_apb1_frequency
 .data.rcc_apb2_frequency
                0x0000000020000024        0x4 /home/luisja01/Documents/Laboratorio_de_Micros/libopencm3-examples/libopencm3/lib/libopencm3_stm32f4.a(rcc.o)
                0x0000000020000024                rcc_apb2_frequency
 .data          0x0000000020000028      0x430 /usr/lib/gcc/arm-none-eabi/9.2.1/../../../arm-none-eabi/lib/thumb/v7e-m+fp/hard/libc.a(lib_a-impure.o)
                0x0000000020000028                _impure_ptr
 .data          0x0000000020000458      0x410 /usr/lib/gcc/arm-none-eabi/9.2.1/../../../arm-none-eabi/lib/thumb/v7e-m+fp/hard/libc.a(lib_a-mallocr.o)
                0x0000000020000458                __malloc_av_
                0x0000000020000860                __malloc_sbrk_base
                0x0000000020000864                __malloc_trim_threshold
 .data          0x0000000020000868      0x16c /usr/lib/gcc/arm-none-eabi/9.2.1/../../../arm-none-eabi/lib/thumb/v7e-m+fp/hard/libc.a(lib_a-locale.o)
                0x0000000020000868                __global_locale
 *(.ramtext*)
                0x00000000200009d4                . = ALIGN (0x4)
                0x00000000200009d4                _edata = .
                0x0000000008009bd0                _data_loadaddr = LOADADDR (.data)

.igot.plt       0x00000000200009d4        0x0 load address 0x000000000800a5a4
 .igot.plt      0x00000000200009d4        0x0 sdram.o

.bss            0x00000000200009d4       0xe4 load address 0x000000000800a5a4
 *(.bss*)
 .bss.system_millis
                0x00000000200009d4        0x4 clock.o
 .bss.recv_buf  0x00000000200009d8       0x80 console.o
                0x00000000200009d8                recv_buf
 .bss.recv_ndx_cur
                0x0000000020000a58        0x4 console.o
                0x0000000020000a58                recv_ndx_cur
 .bss.recv_ndx_nxt
                0x0000000020000a5c        0x4 console.o
                0x0000000020000a5c                recv_ndx_nxt
 .bss.cur_frame
                0x0000000020000a60        0x4 lcd-spi.o
                0x0000000020000a60                cur_frame
 .bss.display_frame
                0x0000000020000a64        0x4 lcd-spi.o
                0x0000000020000a64                display_frame
 .bss.__gfx_state
                0x0000000020000a68       0x14 gfx.o
                0x0000000020000a68                __gfx_state
 .bss           0x0000000020000a7c       0x34 /usr/lib/gcc/arm-none-eabi/9.2.1/../../../arm-none-eabi/lib/thumb/v7e-m+fp/hard/libc.a(lib_a-mallocr.o)
                0x0000000020000a7c                __malloc_top_pad
                0x0000000020000a80                __malloc_current_mallinfo
                0x0000000020000aa8                __malloc_max_sbrked_mem
                0x0000000020000aac                __malloc_max_total_mem
 .bss           0x0000000020000ab0        0x4 /usr/lib/gcc/arm-none-eabi/9.2.1/../../../arm-none-eabi/lib/thumb/v7e-m+fp/hard/libnosys.a(sbrk.o)
 *(COMMON)
 COMMON         0x0000000020000ab4        0x4 /usr/lib/gcc/arm-none-eabi/9.2.1/../../../arm-none-eabi/lib/thumb/v7e-m+fp/hard/libc.a(lib_a-reent.o)
                0x0000000020000ab4                errno
                0x0000000020000ab8                . = ALIGN (0x4)
                0x0000000020000ab8                _ebss = .

/DISCARD/
 *(.eh_frame)
                0x0000000020000ab8                . = ALIGN (0x4)
                0x0000000020000ab8                end = .
                0x0000000020030000                PROVIDE (_stack = (ORIGIN (ram) + LENGTH (ram)))
OUTPUT(labo5.elf elf32-littlearm)
LOAD linker stubs

.debug_info     0x0000000000000000    0x3b6cd
 .debug_info    0x0000000000000000      0x9fe sdram.o
 .debug_info    0x00000000000009fe      0x351 clock.o
 .debug_info    0x0000000000000d4f      0xac7 console.o
 .debug_info    0x0000000000001816      0xec9 lcd-spi.o
 .debug_info    0x00000000000026df     0x20a2 gfx.o
 .debug_info    0x0000000000004781     0x264e labo5.o
 .debug_info    0x0000000000006dcf      0x8c5 /home/luisja01/Documents/Laboratorio_de_Micros/libopencm3-examples/libopencm3/lib/libopencm3_stm32f4.a(adc_common_v1.o)
 .debug_info    0x0000000000007694      0x3c3 /home/luisja01/Documents/Laboratorio_de_Micros/libopencm3-examples/libopencm3/lib/libopencm3_stm32f4.a(adc_common_v1_multi.o)
 .debug_info    0x0000000000007a57      0x187 /home/luisja01/Documents/Laboratorio_de_Micros/libopencm3-examples/libopencm3/lib/libopencm3_stm32f4.a(adc_common_f47.o)
 .debug_info    0x0000000000007bde      0x209 /home/luisja01/Documents/Laboratorio_de_Micros/libopencm3-examples/libopencm3/lib/libopencm3_stm32f4.a(fmc_common_f47.o)
 .debug_info    0x0000000000007de7      0x24e /home/luisja01/Documents/Laboratorio_de_Micros/libopencm3-examples/libopencm3/lib/libopencm3_stm32f4.a(gpio_common_all.o)
 .debug_info    0x0000000000008035      0x20f /home/luisja01/Documents/Laboratorio_de_Micros/libopencm3-examples/libopencm3/lib/libopencm3_stm32f4.a(gpio_common_f0234.o)
 .debug_info    0x0000000000008244      0xaca /home/luisja01/Documents/Laboratorio_de_Micros/libopencm3-examples/libopencm3/lib/libopencm3_stm32f4.a(rcc_common_all.o)
 .debug_info    0x0000000000008d0e     0x1124 /home/luisja01/Documents/Laboratorio_de_Micros/libopencm3-examples/libopencm3/lib/libopencm3_stm32f4.a(rcc.o)
 .debug_info    0x0000000000009e32      0xbd0 /home/luisja01/Documents/Laboratorio_de_Micros/libopencm3-examples/libopencm3/lib/libopencm3_stm32f4.a(spi_common_all.o)
 .debug_info    0x000000000000aa02      0x2f0 /home/luisja01/Documents/Laboratorio_de_Micros/libopencm3-examples/libopencm3/lib/libopencm3_stm32f4.a(spi_common_v1.o)
 .debug_info    0x000000000000acf2      0x71e /home/luisja01/Documents/Laboratorio_de_Micros/libopencm3-examples/libopencm3/lib/libopencm3_stm32f4.a(usart_common_all.o)
 .debug_info    0x000000000000b410      0x2e6 /home/luisja01/Documents/Laboratorio_de_Micros/libopencm3-examples/libopencm3/lib/libopencm3_stm32f4.a(vector.o)
 .debug_info    0x000000000000b6f6      0x268 /home/luisja01/Documents/Laboratorio_de_Micros/libopencm3-examples/libopencm3/lib/libopencm3_stm32f4.a(systick.o)
 .debug_info    0x000000000000b95e      0x962 /home/luisja01/Documents/Laboratorio_de_Micros/libopencm3-examples/libopencm3/lib/libopencm3_stm32f4.a(scb.o)
 .debug_info    0x000000000000c2c0      0x22d /home/luisja01/Documents/Laboratorio_de_Micros/libopencm3-examples/libopencm3/lib/libopencm3_stm32f4.a(nvic.o)
 .debug_info    0x000000000000c4ed       0xf0 /home/luisja01/Documents/Laboratorio_de_Micros/libopencm3-examples/libopencm3/lib/libopencm3_stm32f4.a(flash_common_all.o)
 .debug_info    0x000000000000c5dd       0xe8 /home/luisja01/Documents/Laboratorio_de_Micros/libopencm3-examples/libopencm3/lib/libopencm3_stm32f4.a(flash_common_idcache.o)
 .debug_info    0x000000000000c6c5       0xdc /home/luisja01/Documents/Laboratorio_de_Micros/libopencm3-examples/libopencm3/lib/libopencm3_stm32f4.a(pwr.o)
 .debug_info    0x000000000000c7a1      0xc90 /usr/lib/gcc/arm-none-eabi/9.2.1/../../../arm-none-eabi/lib/thumb/v7e-m+fp/hard/libc.a(lib_a-sprintf.o)
 .debug_info    0x000000000000d431      0x9a4 /usr/lib/gcc/arm-none-eabi/9.2.1/../../../arm-none-eabi/lib/thumb/v7e-m+fp/hard/libc.a(lib_a-strcat.o)
 .debug_info    0x000000000000ddd5      0x943 /usr/lib/gcc/arm-none-eabi/9.2.1/../../../arm-none-eabi/lib/thumb/v7e-m+fp/hard/libc.a(lib_a-strcpy.o)
 .debug_info    0x000000000000e718     0x1ebd /usr/lib/gcc/arm-none-eabi/9.2.1/../../../arm-none-eabi/lib/thumb/v7e-m+fp/hard/libc.a(lib_a-svfprintf.o)
 .debug_info    0x00000000000105d5     0x1acf /usr/lib/gcc/arm-none-eabi/9.2.1/../../../arm-none-eabi/lib/thumb/v7e-m+fp/hard/libc.a(lib_a-dtoa.o)
 .debug_info    0x00000000000120a4      0x92a /usr/lib/gcc/arm-none-eabi/9.2.1/../../../arm-none-eabi/lib/thumb/v7e-m+fp/hard/libc.a(lib_a-impure.o)
 .debug_info    0x00000000000129ce      0xf49 /usr/lib/gcc/arm-none-eabi/9.2.1/../../../arm-none-eabi/lib/thumb/v7e-m+fp/hard/libc.a(lib_a-localeconv.o)
 .debug_info    0x0000000000013917      0xf41 /usr/lib/gcc/arm-none-eabi/9.2.1/../../../arm-none-eabi/lib/thumb/v7e-m+fp/hard/libc.a(lib_a-mallocr.o)
 .debug_info    0x0000000000014858       0x26 /usr/lib/gcc/arm-none-eabi/9.2.1/../../../arm-none-eabi/lib/thumb/v7e-m+fp/hard/libc.a(lib_a-memchr.o)
 .debug_info    0x000000000001487e       0x26 /usr/lib/gcc/arm-none-eabi/9.2.1/../../../arm-none-eabi/lib/thumb/v7e-m+fp/hard/libc.a(lib_a-memcpy.o)
 .debug_info    0x00000000000148a4      0x961 /usr/lib/gcc/arm-none-eabi/9.2.1/../../../arm-none-eabi/lib/thumb/v7e-m+fp/hard/libc.a(lib_a-mlock.o)
 .debug_info    0x0000000000015205     0x228d /usr/lib/gcc/arm-none-eabi/9.2.1/../../../arm-none-eabi/lib/thumb/v7e-m+fp/hard/libc.a(lib_a-mprec.o)
 .debug_info    0x0000000000017492      0x9fb /usr/lib/gcc/arm-none-eabi/9.2.1/../../../arm-none-eabi/lib/thumb/v7e-m+fp/hard/libc.a(lib_a-sbrkr.o)
 .debug_info    0x0000000000017e8d       0x26 /usr/lib/gcc/arm-none-eabi/9.2.1/../../../arm-none-eabi/lib/thumb/v7e-m+fp/hard/libc.a(lib_a-strlen.o)
 .debug_info    0x0000000000017eb3     0x18fe /usr/lib/gcc/arm-none-eabi/9.2.1/../../../arm-none-eabi/lib/thumb/v7e-m+fp/hard/libc.a(lib_a-svfiprintf.o)
 .debug_info    0x00000000000197b1      0xa41 /usr/lib/gcc/arm-none-eabi/9.2.1/../../../arm-none-eabi/lib/thumb/v7e-m+fp/hard/libc.a(lib_a-assert.o)
 .debug_info    0x000000000001a1f2      0xc2f /usr/lib/gcc/arm-none-eabi/9.2.1/../../../arm-none-eabi/lib/thumb/v7e-m+fp/hard/libc.a(lib_a-callocr.o)
 .debug_info    0x000000000001ae21      0xa71 /usr/lib/gcc/arm-none-eabi/9.2.1/../../../arm-none-eabi/lib/thumb/v7e-m+fp/hard/libc.a(lib_a-fiprintf.o)
 .debug_info    0x000000000001b892      0xdc4 /usr/lib/gcc/arm-none-eabi/9.2.1/../../../arm-none-eabi/lib/thumb/v7e-m+fp/hard/libc.a(lib_a-freer.o)
 .debug_info    0x000000000001c656     0x10ca /usr/lib/gcc/arm-none-eabi/9.2.1/../../../arm-none-eabi/lib/thumb/v7e-m+fp/hard/libc.a(lib_a-locale.o)
 .debug_info    0x000000000001d720     0x1044 /usr/lib/gcc/arm-none-eabi/9.2.1/../../../arm-none-eabi/lib/thumb/v7e-m+fp/hard/libc.a(lib_a-mbtowc_r.o)
 .debug_info    0x000000000001e764      0xf2b /usr/lib/gcc/arm-none-eabi/9.2.1/../../../arm-none-eabi/lib/thumb/v7e-m+fp/hard/libc.a(lib_a-memmove.o)
 .debug_info    0x000000000001f68f      0xf21 /usr/lib/gcc/arm-none-eabi/9.2.1/../../../arm-none-eabi/lib/thumb/v7e-m+fp/hard/libc.a(lib_a-memset.o)
 .debug_info    0x00000000000205b0      0xefd /usr/lib/gcc/arm-none-eabi/9.2.1/../../../arm-none-eabi/lib/thumb/v7e-m+fp/hard/libc.a(lib_a-reallocr.o)
 .debug_info    0x00000000000214ad      0xac5 /usr/lib/gcc/arm-none-eabi/9.2.1/../../../arm-none-eabi/lib/thumb/v7e-m+fp/hard/libc.a(lib_a-reent.o)
 .debug_info    0x0000000000021f72       0x26 /usr/lib/gcc/arm-none-eabi/9.2.1/../../../arm-none-eabi/lib/thumb/v7e-m+fp/hard/libc.a(lib_a-strcmp.o)
 .debug_info    0x0000000000021f98     0x1eb6 /usr/lib/gcc/arm-none-eabi/9.2.1/../../../arm-none-eabi/lib/thumb/v7e-m+fp/hard/libc.a(lib_a-vfiprintf.o)
 .debug_info    0x0000000000023e4e      0xffd /usr/lib/gcc/arm-none-eabi/9.2.1/../../../arm-none-eabi/lib/thumb/v7e-m+fp/hard/libc.a(lib_a-wctomb_r.o)
 .debug_info    0x0000000000024e4b      0xbf3 /usr/lib/gcc/arm-none-eabi/9.2.1/../../../arm-none-eabi/lib/thumb/v7e-m+fp/hard/libc.a(lib_a-wsetup.o)
 .debug_info    0x0000000000025a3e      0x9b5 /usr/lib/gcc/arm-none-eabi/9.2.1/../../../arm-none-eabi/lib/thumb/v7e-m+fp/hard/libc.a(lib_a-abort.o)
 .debug_info    0x00000000000263f3      0xe91 /usr/lib/gcc/arm-none-eabi/9.2.1/../../../arm-none-eabi/lib/thumb/v7e-m+fp/hard/libc.a(lib_a-ctype_.o)
 .debug_info    0x0000000000027284      0xd73 /usr/lib/gcc/arm-none-eabi/9.2.1/../../../arm-none-eabi/lib/thumb/v7e-m+fp/hard/libc.a(lib_a-fflush.o)
 .debug_info    0x0000000000027ff7     0x1143 /usr/lib/gcc/arm-none-eabi/9.2.1/../../../arm-none-eabi/lib/thumb/v7e-m+fp/hard/libc.a(lib_a-findfp.o)
 .debug_info    0x000000000002913a      0xe4a /usr/lib/gcc/arm-none-eabi/9.2.1/../../../arm-none-eabi/lib/thumb/v7e-m+fp/hard/libc.a(lib_a-fputwc.o)
 .debug_info    0x0000000000029f84      0xeed /usr/lib/gcc/arm-none-eabi/9.2.1/../../../arm-none-eabi/lib/thumb/v7e-m+fp/hard/libc.a(lib_a-fvwrite.o)
 .debug_info    0x000000000002ae71      0xca4 /usr/lib/gcc/arm-none-eabi/9.2.1/../../../arm-none-eabi/lib/thumb/v7e-m+fp/hard/libc.a(lib_a-fwalk.o)
 .debug_info    0x000000000002bb15      0xf69 /usr/lib/gcc/arm-none-eabi/9.2.1/../../../arm-none-eabi/lib/thumb/v7e-m+fp/hard/libc.a(lib_a-makebuf.o)
 .debug_info    0x000000000002ca7e      0xd5c /usr/lib/gcc/arm-none-eabi/9.2.1/../../../arm-none-eabi/lib/thumb/v7e-m+fp/hard/libc.a(lib_a-signal.o)
 .debug_info    0x000000000002d7da      0xa44 /usr/lib/gcc/arm-none-eabi/9.2.1/../../../arm-none-eabi/lib/thumb/v7e-m+fp/hard/libc.a(lib_a-signalr.o)
 .debug_info    0x000000000002e21e      0xe67 /usr/lib/gcc/arm-none-eabi/9.2.1/../../../arm-none-eabi/lib/thumb/v7e-m+fp/hard/libc.a(lib_a-stdio.o)
 .debug_info    0x000000000002f085      0xc90 /usr/lib/gcc/arm-none-eabi/9.2.1/../../../arm-none-eabi/lib/thumb/v7e-m+fp/hard/libc.a(lib_a-wbuf.o)
 .debug_info    0x000000000002fd15     0x10b3 /usr/lib/gcc/arm-none-eabi/9.2.1/../../../arm-none-eabi/lib/thumb/v7e-m+fp/hard/libc.a(lib_a-wcrtomb.o)
 .debug_info    0x0000000000030dc8      0xa2c /usr/lib/gcc/arm-none-eabi/9.2.1/../../../arm-none-eabi/lib/thumb/v7e-m+fp/hard/libc.a(lib_a-writer.o)
 .debug_info    0x00000000000317f4      0x9d8 /usr/lib/gcc/arm-none-eabi/9.2.1/../../../arm-none-eabi/lib/thumb/v7e-m+fp/hard/libc.a(lib_a-closer.o)
 .debug_info    0x00000000000321cc      0xcd5 /usr/lib/gcc/arm-none-eabi/9.2.1/../../../arm-none-eabi/lib/thumb/v7e-m+fp/hard/libc.a(lib_a-fclose.o)
 .debug_info    0x0000000000032ea1      0xc24 /usr/lib/gcc/arm-none-eabi/9.2.1/../../../arm-none-eabi/lib/thumb/v7e-m+fp/hard/libc.a(lib_a-fstatr.o)
 .debug_info    0x0000000000033ac5      0x9d8 /usr/lib/gcc/arm-none-eabi/9.2.1/../../../arm-none-eabi/lib/thumb/v7e-m+fp/hard/libc.a(lib_a-isattyr.o)
 .debug_info    0x000000000003449d      0xa0d /usr/lib/gcc/arm-none-eabi/9.2.1/../../../arm-none-eabi/lib/thumb/v7e-m+fp/hard/libc.a(lib_a-lseekr.o)
 .debug_info    0x0000000000034eaa      0xa25 /usr/lib/gcc/arm-none-eabi/9.2.1/../../../arm-none-eabi/lib/thumb/v7e-m+fp/hard/libc.a(lib_a-readr.o)
 .debug_info    0x00000000000358cf       0x26 /usr/lib/gcc/arm-none-eabi/9.2.1/thumb/v7e-m+fp/hard/libgcc.a(_arm_addsubdf3.o)
 .debug_info    0x00000000000358f5       0x26 /usr/lib/gcc/arm-none-eabi/9.2.1/thumb/v7e-m+fp/hard/libgcc.a(_arm_muldivdf3.o)
 .debug_info    0x000000000003591b       0x26 /usr/lib/gcc/arm-none-eabi/9.2.1/thumb/v7e-m+fp/hard/libgcc.a(_arm_cmpdf2.o)
 .debug_info    0x0000000000035941       0x26 /usr/lib/gcc/arm-none-eabi/9.2.1/thumb/v7e-m+fp/hard/libgcc.a(_arm_unorddf2.o)
 .debug_info    0x0000000000035967       0x26 /usr/lib/gcc/arm-none-eabi/9.2.1/thumb/v7e-m+fp/hard/libgcc.a(_arm_fixdfsi.o)
 .debug_info    0x000000000003598d       0x26 /usr/lib/gcc/arm-none-eabi/9.2.1/thumb/v7e-m+fp/hard/libgcc.a(_arm_truncdfsf2.o)
 .debug_info    0x00000000000359b3       0x26 /usr/lib/gcc/arm-none-eabi/9.2.1/thumb/v7e-m+fp/hard/libgcc.a(_aeabi_uldivmod.o)
 .debug_info    0x00000000000359d9      0xd7c /usr/lib/gcc/arm-none-eabi/9.2.1/thumb/v7e-m+fp/hard/libgcc.a(_udivmoddi4.o)
 .debug_info    0x0000000000036755       0x26 /usr/lib/gcc/arm-none-eabi/9.2.1/thumb/v7e-m+fp/hard/libgcc.a(_dvmd_tls.o)
 .debug_info    0x000000000003677b      0x96e /usr/lib/gcc/arm-none-eabi/9.2.1/../../../arm-none-eabi/lib/thumb/v7e-m+fp/hard/libnosys.a(close.o)
 .debug_info    0x00000000000370e9      0xbb1 /usr/lib/gcc/arm-none-eabi/9.2.1/../../../arm-none-eabi/lib/thumb/v7e-m+fp/hard/libnosys.a(fstat.o)
 .debug_info    0x0000000000037c9a      0x959 /usr/lib/gcc/arm-none-eabi/9.2.1/../../../arm-none-eabi/lib/thumb/v7e-m+fp/hard/libnosys.a(getpid.o)
 .debug_info    0x00000000000385f3      0x96e /usr/lib/gcc/arm-none-eabi/9.2.1/../../../arm-none-eabi/lib/thumb/v7e-m+fp/hard/libnosys.a(isatty.o)
 .debug_info    0x0000000000038f61      0x97c /usr/lib/gcc/arm-none-eabi/9.2.1/../../../arm-none-eabi/lib/thumb/v7e-m+fp/hard/libnosys.a(kill.o)
 .debug_info    0x00000000000398dd      0x990 /usr/lib/gcc/arm-none-eabi/9.2.1/../../../arm-none-eabi/lib/thumb/v7e-m+fp/hard/libnosys.a(lseek.o)
 .debug_info    0x000000000003a26d      0x990 /usr/lib/gcc/arm-none-eabi/9.2.1/../../../arm-none-eabi/lib/thumb/v7e-m+fp/hard/libnosys.a(read.o)
 .debug_info    0x000000000003abfd       0x9d /usr/lib/gcc/arm-none-eabi/9.2.1/../../../arm-none-eabi/lib/thumb/v7e-m+fp/hard/libnosys.a(sbrk.o)
 .debug_info    0x000000000003ac9a      0x990 /usr/lib/gcc/arm-none-eabi/9.2.1/../../../arm-none-eabi/lib/thumb/v7e-m+fp/hard/libnosys.a(write.o)
 .debug_info    0x000000000003b62a       0xa3 /usr/lib/gcc/arm-none-eabi/9.2.1/../../../arm-none-eabi/lib/thumb/v7e-m+fp/hard/libnosys.a(_exit.o)

.debug_abbrev   0x0000000000000000     0xb45b
 .debug_abbrev  0x0000000000000000      0x1a7 sdram.o
 .debug_abbrev  0x00000000000001a7      0x1a7 clock.o
 .debug_abbrev  0x000000000000034e      0x248 console.o
 .debug_abbrev  0x0000000000000596      0x3ab lcd-spi.o
 .debug_abbrev  0x0000000000000941      0x43d gfx.o
 .debug_abbrev  0x0000000000000d7e      0x3c4 labo5.o
 .debug_abbrev  0x0000000000001142      0x181 /home/luisja01/Documents/Laboratorio_de_Micros/libopencm3-examples/libopencm3/lib/libopencm3_stm32f4.a(adc_common_v1.o)
 .debug_abbrev  0x00000000000012c3      0x167 /home/luisja01/Documents/Laboratorio_de_Micros/libopencm3-examples/libopencm3/lib/libopencm3_stm32f4.a(adc_common_v1_multi.o)
 .debug_abbrev  0x000000000000142a       0xea /home/luisja01/Documents/Laboratorio_de_Micros/libopencm3-examples/libopencm3/lib/libopencm3_stm32f4.a(adc_common_f47.o)
 .debug_abbrev  0x0000000000001514      0x10c /home/luisja01/Documents/Laboratorio_de_Micros/libopencm3-examples/libopencm3/lib/libopencm3_stm32f4.a(fmc_common_f47.o)
 .debug_abbrev  0x0000000000001620      0x116 /home/luisja01/Documents/Laboratorio_de_Micros/libopencm3-examples/libopencm3/lib/libopencm3_stm32f4.a(gpio_common_all.o)
 .debug_abbrev  0x0000000000001736       0xbf /home/luisja01/Documents/Laboratorio_de_Micros/libopencm3-examples/libopencm3/lib/libopencm3_stm32f4.a(gpio_common_f0234.o)
 .debug_abbrev  0x00000000000017f5      0x1da /home/luisja01/Documents/Laboratorio_de_Micros/libopencm3-examples/libopencm3/lib/libopencm3_stm32f4.a(rcc_common_all.o)
 .debug_abbrev  0x00000000000019cf      0x2d1 /home/luisja01/Documents/Laboratorio_de_Micros/libopencm3-examples/libopencm3/lib/libopencm3_stm32f4.a(rcc.o)
 .debug_abbrev  0x0000000000001ca0      0x244 /home/luisja01/Documents/Laboratorio_de_Micros/libopencm3-examples/libopencm3/lib/libopencm3_stm32f4.a(spi_common_all.o)
 .debug_abbrev  0x0000000000001ee4      0x13e /home/luisja01/Documents/Laboratorio_de_Micros/libopencm3-examples/libopencm3/lib/libopencm3_stm32f4.a(spi_common_v1.o)
 .debug_abbrev  0x0000000000002022      0x182 /home/luisja01/Documents/Laboratorio_de_Micros/libopencm3-examples/libopencm3/lib/libopencm3_stm32f4.a(usart_common_all.o)
 .debug_abbrev  0x00000000000021a4      0x15b /home/luisja01/Documents/Laboratorio_de_Micros/libopencm3-examples/libopencm3/lib/libopencm3_stm32f4.a(vector.o)
 .debug_abbrev  0x00000000000022ff      0x155 /home/luisja01/Documents/Laboratorio_de_Micros/libopencm3-examples/libopencm3/lib/libopencm3_stm32f4.a(systick.o)
 .debug_abbrev  0x0000000000002454      0x1f2 /home/luisja01/Documents/Laboratorio_de_Micros/libopencm3-examples/libopencm3/lib/libopencm3_stm32f4.a(scb.o)
 .debug_abbrev  0x0000000000002646       0xb5 /home/luisja01/Documents/Laboratorio_de_Micros/libopencm3-examples/libopencm3/lib/libopencm3_stm32f4.a(nvic.o)
 .debug_abbrev  0x00000000000026fb       0x9a /home/luisja01/Documents/Laboratorio_de_Micros/libopencm3-examples/libopencm3/lib/libopencm3_stm32f4.a(flash_common_all.o)
 .debug_abbrev  0x0000000000002795       0x56 /home/luisja01/Documents/Laboratorio_de_Micros/libopencm3-examples/libopencm3/lib/libopencm3_stm32f4.a(flash_common_idcache.o)
 .debug_abbrev  0x00000000000027eb       0x9c /home/luisja01/Documents/Laboratorio_de_Micros/libopencm3-examples/libopencm3/lib/libopencm3_stm32f4.a(pwr.o)
 .debug_abbrev  0x0000000000002887      0x2b2 /usr/lib/gcc/arm-none-eabi/9.2.1/../../../arm-none-eabi/lib/thumb/v7e-m+fp/hard/libc.a(lib_a-sprintf.o)
 .debug_abbrev  0x0000000000002b39      0x22c /usr/lib/gcc/arm-none-eabi/9.2.1/../../../arm-none-eabi/lib/thumb/v7e-m+fp/hard/libc.a(lib_a-strcat.o)
 .debug_abbrev  0x0000000000002d65      0x1e3 /usr/lib/gcc/arm-none-eabi/9.2.1/../../../arm-none-eabi/lib/thumb/v7e-m+fp/hard/libc.a(lib_a-strcpy.o)
 .debug_abbrev  0x0000000000002f48      0x415 /usr/lib/gcc/arm-none-eabi/9.2.1/../../../arm-none-eabi/lib/thumb/v7e-m+fp/hard/libc.a(lib_a-svfprintf.o)
 .debug_abbrev  0x000000000000335d      0x343 /usr/lib/gcc/arm-none-eabi/9.2.1/../../../arm-none-eabi/lib/thumb/v7e-m+fp/hard/libc.a(lib_a-dtoa.o)
 .debug_abbrev  0x00000000000036a0      0x1b8 /usr/lib/gcc/arm-none-eabi/9.2.1/../../../arm-none-eabi/lib/thumb/v7e-m+fp/hard/libc.a(lib_a-impure.o)
 .debug_abbrev  0x0000000000003858      0x27d /usr/lib/gcc/arm-none-eabi/9.2.1/../../../arm-none-eabi/lib/thumb/v7e-m+fp/hard/libc.a(lib_a-localeconv.o)
 .debug_abbrev  0x0000000000003ad5      0x321 /usr/lib/gcc/arm-none-eabi/9.2.1/../../../arm-none-eabi/lib/thumb/v7e-m+fp/hard/libc.a(lib_a-mallocr.o)
 .debug_abbrev  0x0000000000003df6       0x14 /usr/lib/gcc/arm-none-eabi/9.2.1/../../../arm-none-eabi/lib/thumb/v7e-m+fp/hard/libc.a(lib_a-memchr.o)
 .debug_abbrev  0x0000000000003e0a       0x14 /usr/lib/gcc/arm-none-eabi/9.2.1/../../../arm-none-eabi/lib/thumb/v7e-m+fp/hard/libc.a(lib_a-memcpy.o)
 .debug_abbrev  0x0000000000003e1e      0x203 /usr/lib/gcc/arm-none-eabi/9.2.1/../../../arm-none-eabi/lib/thumb/v7e-m+fp/hard/libc.a(lib_a-mlock.o)
 .debug_abbrev  0x0000000000004021      0x4b7 /usr/lib/gcc/arm-none-eabi/9.2.1/../../../arm-none-eabi/lib/thumb/v7e-m+fp/hard/libc.a(lib_a-mprec.o)
 .debug_abbrev  0x00000000000044d8      0x250 /usr/lib/gcc/arm-none-eabi/9.2.1/../../../arm-none-eabi/lib/thumb/v7e-m+fp/hard/libc.a(lib_a-sbrkr.o)
 .debug_abbrev  0x0000000000004728       0x14 /usr/lib/gcc/arm-none-eabi/9.2.1/../../../arm-none-eabi/lib/thumb/v7e-m+fp/hard/libc.a(lib_a-strlen.o)
 .debug_abbrev  0x000000000000473c      0x352 /usr/lib/gcc/arm-none-eabi/9.2.1/../../../arm-none-eabi/lib/thumb/v7e-m+fp/hard/libc.a(lib_a-svfiprintf.o)
 .debug_abbrev  0x0000000000004a8e      0x23d /usr/lib/gcc/arm-none-eabi/9.2.1/../../../arm-none-eabi/lib/thumb/v7e-m+fp/hard/libc.a(lib_a-assert.o)
 .debug_abbrev  0x0000000000004ccb      0x275 /usr/lib/gcc/arm-none-eabi/9.2.1/../../../arm-none-eabi/lib/thumb/v7e-m+fp/hard/libc.a(lib_a-callocr.o)
 .debug_abbrev  0x0000000000004f40      0x255 /usr/lib/gcc/arm-none-eabi/9.2.1/../../../arm-none-eabi/lib/thumb/v7e-m+fp/hard/libc.a(lib_a-fiprintf.o)
 .debug_abbrev  0x0000000000005195      0x2c9 /usr/lib/gcc/arm-none-eabi/9.2.1/../../../arm-none-eabi/lib/thumb/v7e-m+fp/hard/libc.a(lib_a-freer.o)
 .debug_abbrev  0x000000000000545e      0x2e8 /usr/lib/gcc/arm-none-eabi/9.2.1/../../../arm-none-eabi/lib/thumb/v7e-m+fp/hard/libc.a(lib_a-locale.o)
 .debug_abbrev  0x0000000000005746      0x25f /usr/lib/gcc/arm-none-eabi/9.2.1/../../../arm-none-eabi/lib/thumb/v7e-m+fp/hard/libc.a(lib_a-mbtowc_r.o)
 .debug_abbrev  0x00000000000059a5      0x21c /usr/lib/gcc/arm-none-eabi/9.2.1/../../../arm-none-eabi/lib/thumb/v7e-m+fp/hard/libc.a(lib_a-memmove.o)
 .debug_abbrev  0x0000000000005bc1      0x217 /usr/lib/gcc/arm-none-eabi/9.2.1/../../../arm-none-eabi/lib/thumb/v7e-m+fp/hard/libc.a(lib_a-memset.o)
 .debug_abbrev  0x0000000000005dd8      0x2a8 /usr/lib/gcc/arm-none-eabi/9.2.1/../../../arm-none-eabi/lib/thumb/v7e-m+fp/hard/libc.a(lib_a-reallocr.o)
 .debug_abbrev  0x0000000000006080      0x2ba /usr/lib/gcc/arm-none-eabi/9.2.1/../../../arm-none-eabi/lib/thumb/v7e-m+fp/hard/libc.a(lib_a-reent.o)
 .debug_abbrev  0x000000000000633a       0x14 /usr/lib/gcc/arm-none-eabi/9.2.1/../../../arm-none-eabi/lib/thumb/v7e-m+fp/hard/libc.a(lib_a-strcmp.o)
 .debug_abbrev  0x000000000000634e      0x468 /usr/lib/gcc/arm-none-eabi/9.2.1/../../../arm-none-eabi/lib/thumb/v7e-m+fp/hard/libc.a(lib_a-vfiprintf.o)
 .debug_abbrev  0x00000000000067b6      0x269 /usr/lib/gcc/arm-none-eabi/9.2.1/../../../arm-none-eabi/lib/thumb/v7e-m+fp/hard/libc.a(lib_a-wctomb_r.o)
 .debug_abbrev  0x0000000000006a1f      0x283 /usr/lib/gcc/arm-none-eabi/9.2.1/../../../arm-none-eabi/lib/thumb/v7e-m+fp/hard/libc.a(lib_a-wsetup.o)
 .debug_abbrev  0x0000000000006ca2      0x20b /usr/lib/gcc/arm-none-eabi/9.2.1/../../../arm-none-eabi/lib/thumb/v7e-m+fp/hard/libc.a(lib_a-abort.o)
 .debug_abbrev  0x0000000000006ead      0x1b6 /usr/lib/gcc/arm-none-eabi/9.2.1/../../../arm-none-eabi/lib/thumb/v7e-m+fp/hard/libc.a(lib_a-ctype_.o)
 .debug_abbrev  0x0000000000007063      0x322 /usr/lib/gcc/arm-none-eabi/9.2.1/../../../arm-none-eabi/lib/thumb/v7e-m+fp/hard/libc.a(lib_a-fflush.o)
 .debug_abbrev  0x0000000000007385      0x425 /usr/lib/gcc/arm-none-eabi/9.2.1/../../../arm-none-eabi/lib/thumb/v7e-m+fp/hard/libc.a(lib_a-findfp.o)
 .debug_abbrev  0x00000000000077aa      0x38c /usr/lib/gcc/arm-none-eabi/9.2.1/../../../arm-none-eabi/lib/thumb/v7e-m+fp/hard/libc.a(lib_a-fputwc.o)
 .debug_abbrev  0x0000000000007b36      0x2ae /usr/lib/gcc/arm-none-eabi/9.2.1/../../../arm-none-eabi/lib/thumb/v7e-m+fp/hard/libc.a(lib_a-fvwrite.o)
 .debug_abbrev  0x0000000000007de4      0x24e /usr/lib/gcc/arm-none-eabi/9.2.1/../../../arm-none-eabi/lib/thumb/v7e-m+fp/hard/libc.a(lib_a-fwalk.o)
 .debug_abbrev  0x0000000000008032      0x334 /usr/lib/gcc/arm-none-eabi/9.2.1/../../../arm-none-eabi/lib/thumb/v7e-m+fp/hard/libc.a(lib_a-makebuf.o)
 .debug_abbrev  0x0000000000008366      0x36b /usr/lib/gcc/arm-none-eabi/9.2.1/../../../arm-none-eabi/lib/thumb/v7e-m+fp/hard/libc.a(lib_a-signal.o)
 .debug_abbrev  0x00000000000086d1      0x255 /usr/lib/gcc/arm-none-eabi/9.2.1/../../../arm-none-eabi/lib/thumb/v7e-m+fp/hard/libc.a(lib_a-signalr.o)
 .debug_abbrev  0x0000000000008926      0x2ad /usr/lib/gcc/arm-none-eabi/9.2.1/../../../arm-none-eabi/lib/thumb/v7e-m+fp/hard/libc.a(lib_a-stdio.o)
 .debug_abbrev  0x0000000000008bd3      0x2c3 /usr/lib/gcc/arm-none-eabi/9.2.1/../../../arm-none-eabi/lib/thumb/v7e-m+fp/hard/libc.a(lib_a-wbuf.o)
 .debug_abbrev  0x0000000000008e96      0x256 /usr/lib/gcc/arm-none-eabi/9.2.1/../../../arm-none-eabi/lib/thumb/v7e-m+fp/hard/libc.a(lib_a-wcrtomb.o)
 .debug_abbrev  0x00000000000090ec      0x22a /usr/lib/gcc/arm-none-eabi/9.2.1/../../../arm-none-eabi/lib/thumb/v7e-m+fp/hard/libc.a(lib_a-writer.o)
 .debug_abbrev  0x0000000000009316      0x225 /usr/lib/gcc/arm-none-eabi/9.2.1/../../../arm-none-eabi/lib/thumb/v7e-m+fp/hard/libc.a(lib_a-closer.o)
 .debug_abbrev  0x000000000000953b      0x327 /usr/lib/gcc/arm-none-eabi/9.2.1/../../../arm-none-eabi/lib/thumb/v7e-m+fp/hard/libc.a(lib_a-fclose.o)
 .debug_abbrev  0x0000000000009862      0x239 /usr/lib/gcc/arm-none-eabi/9.2.1/../../../arm-none-eabi/lib/thumb/v7e-m+fp/hard/libc.a(lib_a-fstatr.o)
 .debug_abbrev  0x0000000000009a9b      0x225 /usr/lib/gcc/arm-none-eabi/9.2.1/../../../arm-none-eabi/lib/thumb/v7e-m+fp/hard/libc.a(lib_a-isattyr.o)
 .debug_abbrev  0x0000000000009cc0      0x239 /usr/lib/gcc/arm-none-eabi/9.2.1/../../../arm-none-eabi/lib/thumb/v7e-m+fp/hard/libc.a(lib_a-lseekr.o)
 .debug_abbrev  0x0000000000009ef9      0x225 /usr/lib/gcc/arm-none-eabi/9.2.1/../../../arm-none-eabi/lib/thumb/v7e-m+fp/hard/libc.a(lib_a-readr.o)
 .debug_abbrev  0x000000000000a11e       0x14 /usr/lib/gcc/arm-none-eabi/9.2.1/thumb/v7e-m+fp/hard/libgcc.a(_arm_addsubdf3.o)
 .debug_abbrev  0x000000000000a132       0x14 /usr/lib/gcc/arm-none-eabi/9.2.1/thumb/v7e-m+fp/hard/libgcc.a(_arm_muldivdf3.o)
 .debug_abbrev  0x000000000000a146       0x14 /usr/lib/gcc/arm-none-eabi/9.2.1/thumb/v7e-m+fp/hard/libgcc.a(_arm_cmpdf2.o)
 .debug_abbrev  0x000000000000a15a       0x14 /usr/lib/gcc/arm-none-eabi/9.2.1/thumb/v7e-m+fp/hard/libgcc.a(_arm_unorddf2.o)
 .debug_abbrev  0x000000000000a16e       0x14 /usr/lib/gcc/arm-none-eabi/9.2.1/thumb/v7e-m+fp/hard/libgcc.a(_arm_fixdfsi.o)
 .debug_abbrev  0x000000000000a182       0x14 /usr/lib/gcc/arm-none-eabi/9.2.1/thumb/v7e-m+fp/hard/libgcc.a(_arm_truncdfsf2.o)
 .debug_abbrev  0x000000000000a196       0x14 /usr/lib/gcc/arm-none-eabi/9.2.1/thumb/v7e-m+fp/hard/libgcc.a(_aeabi_uldivmod.o)
 .debug_abbrev  0x000000000000a1aa      0x1c2 /usr/lib/gcc/arm-none-eabi/9.2.1/thumb/v7e-m+fp/hard/libgcc.a(_udivmoddi4.o)
 .debug_abbrev  0x000000000000a36c       0x14 /usr/lib/gcc/arm-none-eabi/9.2.1/thumb/v7e-m+fp/hard/libgcc.a(_dvmd_tls.o)
 .debug_abbrev  0x000000000000a380      0x1ea /usr/lib/gcc/arm-none-eabi/9.2.1/../../../arm-none-eabi/lib/thumb/v7e-m+fp/hard/libnosys.a(close.o)
 .debug_abbrev  0x000000000000a56a      0x1fd /usr/lib/gcc/arm-none-eabi/9.2.1/../../../arm-none-eabi/lib/thumb/v7e-m+fp/hard/libnosys.a(fstat.o)
 .debug_abbrev  0x000000000000a767      0x1d6 /usr/lib/gcc/arm-none-eabi/9.2.1/../../../arm-none-eabi/lib/thumb/v7e-m+fp/hard/libnosys.a(getpid.o)
 .debug_abbrev  0x000000000000a93d      0x1ea /usr/lib/gcc/arm-none-eabi/9.2.1/../../../arm-none-eabi/lib/thumb/v7e-m+fp/hard/libnosys.a(isatty.o)
 .debug_abbrev  0x000000000000ab27      0x1fb /usr/lib/gcc/arm-none-eabi/9.2.1/../../../arm-none-eabi/lib/thumb/v7e-m+fp/hard/libnosys.a(kill.o)
 .debug_abbrev  0x000000000000ad22      0x20f /usr/lib/gcc/arm-none-eabi/9.2.1/../../../arm-none-eabi/lib/thumb/v7e-m+fp/hard/libnosys.a(lseek.o)
 .debug_abbrev  0x000000000000af31      0x20f /usr/lib/gcc/arm-none-eabi/9.2.1/../../../arm-none-eabi/lib/thumb/v7e-m+fp/hard/libnosys.a(read.o)
 .debug_abbrev  0x000000000000b140       0xa2 /usr/lib/gcc/arm-none-eabi/9.2.1/../../../arm-none-eabi/lib/thumb/v7e-m+fp/hard/libnosys.a(sbrk.o)
 .debug_abbrev  0x000000000000b1e2      0x20f /usr/lib/gcc/arm-none-eabi/9.2.1/../../../arm-none-eabi/lib/thumb/v7e-m+fp/hard/libnosys.a(write.o)
 .debug_abbrev  0x000000000000b3f1       0x6a /usr/lib/gcc/arm-none-eabi/9.2.1/../../../arm-none-eabi/lib/thumb/v7e-m+fp/hard/libnosys.a(_exit.o)

.debug_loc      0x0000000000000000    0x1804b
 .debug_loc     0x0000000000000000       0xde sdram.o
 .debug_loc     0x00000000000000de       0x3a clock.o
 .debug_loc     0x0000000000000118      0x1f3 console.o
 .debug_loc     0x000000000000030b      0x43f lcd-spi.o
 .debug_loc     0x000000000000074a     0x1692 gfx.o
 .debug_loc     0x0000000000001ddc      0x3ce labo5.o
 .debug_loc     0x00000000000021aa      0x441 /home/luisja01/Documents/Laboratorio_de_Micros/libopencm3-examples/libopencm3/lib/libopencm3_stm32f4.a(adc_common_v1.o)
 .debug_loc     0x00000000000025eb      0x159 /home/luisja01/Documents/Laboratorio_de_Micros/libopencm3-examples/libopencm3/lib/libopencm3_stm32f4.a(adc_common_v1_multi.o)
 .debug_loc     0x0000000000002744       0xea /home/luisja01/Documents/Laboratorio_de_Micros/libopencm3-examples/libopencm3/lib/libopencm3_stm32f4.a(adc_common_f47.o)
 .debug_loc     0x000000000000282e      0x590 /home/luisja01/Documents/Laboratorio_de_Micros/libopencm3-examples/libopencm3/lib/libopencm3_stm32f4.a(fmc_common_f47.o)
 .debug_loc     0x0000000000002dbe       0xbe /home/luisja01/Documents/Laboratorio_de_Micros/libopencm3-examples/libopencm3/lib/libopencm3_stm32f4.a(gpio_common_all.o)
 .debug_loc     0x0000000000002e7c      0x14d /home/luisja01/Documents/Laboratorio_de_Micros/libopencm3-examples/libopencm3/lib/libopencm3_stm32f4.a(gpio_common_f0234.o)
 .debug_loc     0x0000000000002fc9      0x120 /home/luisja01/Documents/Laboratorio_de_Micros/libopencm3-examples/libopencm3/lib/libopencm3_stm32f4.a(rcc_common_all.o)
 .debug_loc     0x00000000000030e9      0x8c7 /home/luisja01/Documents/Laboratorio_de_Micros/libopencm3-examples/libopencm3/lib/libopencm3_stm32f4.a(rcc.o)
 .debug_loc     0x00000000000039b0      0x226 /home/luisja01/Documents/Laboratorio_de_Micros/libopencm3-examples/libopencm3/lib/libopencm3_stm32f4.a(spi_common_all.o)
 .debug_loc     0x0000000000003bd6      0x149 /home/luisja01/Documents/Laboratorio_de_Micros/libopencm3-examples/libopencm3/lib/libopencm3_stm32f4.a(spi_common_v1.o)
 .debug_loc     0x0000000000003d1f      0x206 /home/luisja01/Documents/Laboratorio_de_Micros/libopencm3-examples/libopencm3/lib/libopencm3_stm32f4.a(usart_common_all.o)
 .debug_loc     0x0000000000003f25      0x128 /home/luisja01/Documents/Laboratorio_de_Micros/libopencm3-examples/libopencm3/lib/libopencm3_stm32f4.a(vector.o)
 .debug_loc     0x000000000000404d      0x192 /home/luisja01/Documents/Laboratorio_de_Micros/libopencm3-examples/libopencm3/lib/libopencm3_stm32f4.a(systick.o)
 .debug_loc     0x00000000000041df       0x25 /home/luisja01/Documents/Laboratorio_de_Micros/libopencm3-examples/libopencm3/lib/libopencm3_stm32f4.a(scb.o)
 .debug_loc     0x0000000000004204      0x14d /home/luisja01/Documents/Laboratorio_de_Micros/libopencm3-examples/libopencm3/lib/libopencm3_stm32f4.a(nvic.o)
 .debug_loc     0x0000000000004351       0x47 /home/luisja01/Documents/Laboratorio_de_Micros/libopencm3-examples/libopencm3/lib/libopencm3_stm32f4.a(flash_common_all.o)
 .debug_loc     0x0000000000004398       0x47 /home/luisja01/Documents/Laboratorio_de_Micros/libopencm3-examples/libopencm3/lib/libopencm3_stm32f4.a(pwr.o)
 .debug_loc     0x00000000000043df       0xc2 /usr/lib/gcc/arm-none-eabi/9.2.1/../../../arm-none-eabi/lib/thumb/v7e-m+fp/hard/libc.a(lib_a-sprintf.o)
 .debug_loc     0x00000000000044a1       0xa9 /usr/lib/gcc/arm-none-eabi/9.2.1/../../../arm-none-eabi/lib/thumb/v7e-m+fp/hard/libc.a(lib_a-strcat.o)
 .debug_loc     0x000000000000454a       0x25 /usr/lib/gcc/arm-none-eabi/9.2.1/../../../arm-none-eabi/lib/thumb/v7e-m+fp/hard/libc.a(lib_a-strcpy.o)
 .debug_loc     0x000000000000456f     0x33c5 /usr/lib/gcc/arm-none-eabi/9.2.1/../../../arm-none-eabi/lib/thumb/v7e-m+fp/hard/libc.a(lib_a-svfprintf.o)
 .debug_loc     0x0000000000007934     0x305a /usr/lib/gcc/arm-none-eabi/9.2.1/../../../arm-none-eabi/lib/thumb/v7e-m+fp/hard/libc.a(lib_a-dtoa.o)
 .debug_loc     0x000000000000a98e       0x6f /usr/lib/gcc/arm-none-eabi/9.2.1/../../../arm-none-eabi/lib/thumb/v7e-m+fp/hard/libc.a(lib_a-localeconv.o)
 .debug_loc     0x000000000000a9fd      0xf44 /usr/lib/gcc/arm-none-eabi/9.2.1/../../../arm-none-eabi/lib/thumb/v7e-m+fp/hard/libc.a(lib_a-mallocr.o)
 .debug_loc     0x000000000000b941     0x234e /usr/lib/gcc/arm-none-eabi/9.2.1/../../../arm-none-eabi/lib/thumb/v7e-m+fp/hard/libc.a(lib_a-mprec.o)
 .debug_loc     0x000000000000dc8f       0x6c /usr/lib/gcc/arm-none-eabi/9.2.1/../../../arm-none-eabi/lib/thumb/v7e-m+fp/hard/libc.a(lib_a-sbrkr.o)
 .debug_loc     0x000000000000dcfb     0x1923 /usr/lib/gcc/arm-none-eabi/9.2.1/../../../arm-none-eabi/lib/thumb/v7e-m+fp/hard/libc.a(lib_a-svfiprintf.o)
 .debug_loc     0x000000000000f61e      0x15c /usr/lib/gcc/arm-none-eabi/9.2.1/../../../arm-none-eabi/lib/thumb/v7e-m+fp/hard/libc.a(lib_a-assert.o)
 .debug_loc     0x000000000000f77a      0x2d6 /usr/lib/gcc/arm-none-eabi/9.2.1/../../../arm-none-eabi/lib/thumb/v7e-m+fp/hard/libc.a(lib_a-callocr.o)
 .debug_loc     0x000000000000fa50       0xa6 /usr/lib/gcc/arm-none-eabi/9.2.1/../../../arm-none-eabi/lib/thumb/v7e-m+fp/hard/libc.a(lib_a-fiprintf.o)
 .debug_loc     0x000000000000faf6      0x6f8 /usr/lib/gcc/arm-none-eabi/9.2.1/../../../arm-none-eabi/lib/thumb/v7e-m+fp/hard/libc.a(lib_a-freer.o)
 .debug_loc     0x00000000000101ee      0x189 /usr/lib/gcc/arm-none-eabi/9.2.1/../../../arm-none-eabi/lib/thumb/v7e-m+fp/hard/libc.a(lib_a-locale.o)
 .debug_loc     0x0000000000010377      0x21d /usr/lib/gcc/arm-none-eabi/9.2.1/../../../arm-none-eabi/lib/thumb/v7e-m+fp/hard/libc.a(lib_a-mbtowc_r.o)
 .debug_loc     0x0000000000010594      0x2f1 /usr/lib/gcc/arm-none-eabi/9.2.1/../../../arm-none-eabi/lib/thumb/v7e-m+fp/hard/libc.a(lib_a-memmove.o)
 .debug_loc     0x0000000000010885      0x231 /usr/lib/gcc/arm-none-eabi/9.2.1/../../../arm-none-eabi/lib/thumb/v7e-m+fp/hard/libc.a(lib_a-memset.o)
 .debug_loc     0x0000000000010ab6     0x12c8 /usr/lib/gcc/arm-none-eabi/9.2.1/../../../arm-none-eabi/lib/thumb/v7e-m+fp/hard/libc.a(lib_a-reallocr.o)
 .debug_loc     0x0000000000011d7e      0x152 /usr/lib/gcc/arm-none-eabi/9.2.1/../../../arm-none-eabi/lib/thumb/v7e-m+fp/hard/libc.a(lib_a-reent.o)
 .debug_loc     0x0000000000011ed0     0x25f3 /usr/lib/gcc/arm-none-eabi/9.2.1/../../../arm-none-eabi/lib/thumb/v7e-m+fp/hard/libc.a(lib_a-vfiprintf.o)
 .debug_loc     0x00000000000144c3      0x13a /usr/lib/gcc/arm-none-eabi/9.2.1/../../../arm-none-eabi/lib/thumb/v7e-m+fp/hard/libc.a(lib_a-wctomb_r.o)
 .debug_loc     0x00000000000145fd       0xba /usr/lib/gcc/arm-none-eabi/9.2.1/../../../arm-none-eabi/lib/thumb/v7e-m+fp/hard/libc.a(lib_a-wsetup.o)
 .debug_loc     0x00000000000146b7      0x334 /usr/lib/gcc/arm-none-eabi/9.2.1/../../../arm-none-eabi/lib/thumb/v7e-m+fp/hard/libc.a(lib_a-fflush.o)
 .debug_loc     0x00000000000149eb      0x32c /usr/lib/gcc/arm-none-eabi/9.2.1/../../../arm-none-eabi/lib/thumb/v7e-m+fp/hard/libc.a(lib_a-findfp.o)
 .debug_loc     0x0000000000014d17      0x3cc /usr/lib/gcc/arm-none-eabi/9.2.1/../../../arm-none-eabi/lib/thumb/v7e-m+fp/hard/libc.a(lib_a-fputwc.o)
 .debug_loc     0x00000000000150e3      0x669 /usr/lib/gcc/arm-none-eabi/9.2.1/../../../arm-none-eabi/lib/thumb/v7e-m+fp/hard/libc.a(lib_a-fvwrite.o)
 .debug_loc     0x000000000001574c      0x24f /usr/lib/gcc/arm-none-eabi/9.2.1/../../../arm-none-eabi/lib/thumb/v7e-m+fp/hard/libc.a(lib_a-fwalk.o)
 .debug_loc     0x000000000001599b      0x192 /usr/lib/gcc/arm-none-eabi/9.2.1/../../../arm-none-eabi/lib/thumb/v7e-m+fp/hard/libc.a(lib_a-makebuf.o)
 .debug_loc     0x0000000000015b2d      0x560 /usr/lib/gcc/arm-none-eabi/9.2.1/../../../arm-none-eabi/lib/thumb/v7e-m+fp/hard/libc.a(lib_a-signal.o)
 .debug_loc     0x000000000001608d       0xd0 /usr/lib/gcc/arm-none-eabi/9.2.1/../../../arm-none-eabi/lib/thumb/v7e-m+fp/hard/libc.a(lib_a-signalr.o)
 .debug_loc     0x000000000001615d      0x393 /usr/lib/gcc/arm-none-eabi/9.2.1/../../../arm-none-eabi/lib/thumb/v7e-m+fp/hard/libc.a(lib_a-stdio.o)
 .debug_loc     0x00000000000164f0      0x1b0 /usr/lib/gcc/arm-none-eabi/9.2.1/../../../arm-none-eabi/lib/thumb/v7e-m+fp/hard/libc.a(lib_a-wbuf.o)
 .debug_loc     0x00000000000166a0      0x2b1 /usr/lib/gcc/arm-none-eabi/9.2.1/../../../arm-none-eabi/lib/thumb/v7e-m+fp/hard/libc.a(lib_a-wcrtomb.o)
 .debug_loc     0x0000000000016951       0xdd /usr/lib/gcc/arm-none-eabi/9.2.1/../../../arm-none-eabi/lib/thumb/v7e-m+fp/hard/libc.a(lib_a-writer.o)
 .debug_loc     0x0000000000016a2e       0x6c /usr/lib/gcc/arm-none-eabi/9.2.1/../../../arm-none-eabi/lib/thumb/v7e-m+fp/hard/libc.a(lib_a-closer.o)
 .debug_loc     0x0000000000016a9a      0x179 /usr/lib/gcc/arm-none-eabi/9.2.1/../../../arm-none-eabi/lib/thumb/v7e-m+fp/hard/libc.a(lib_a-fclose.o)
 .debug_loc     0x0000000000016c13       0xab /usr/lib/gcc/arm-none-eabi/9.2.1/../../../arm-none-eabi/lib/thumb/v7e-m+fp/hard/libc.a(lib_a-fstatr.o)
 .debug_loc     0x0000000000016cbe       0x6c /usr/lib/gcc/arm-none-eabi/9.2.1/../../../arm-none-eabi/lib/thumb/v7e-m+fp/hard/libc.a(lib_a-isattyr.o)
 .debug_loc     0x0000000000016d2a       0xdd /usr/lib/gcc/arm-none-eabi/9.2.1/../../../arm-none-eabi/lib/thumb/v7e-m+fp/hard/libc.a(lib_a-lseekr.o)
 .debug_loc     0x0000000000016e07       0xdd /usr/lib/gcc/arm-none-eabi/9.2.1/../../../arm-none-eabi/lib/thumb/v7e-m+fp/hard/libc.a(lib_a-readr.o)
 .debug_loc     0x0000000000016ee4      0xfa2 /usr/lib/gcc/arm-none-eabi/9.2.1/thumb/v7e-m+fp/hard/libgcc.a(_udivmoddi4.o)