Archive member included to satisfy reference by file (symbol)

/home/licit/Documentos/libopencm3/libopencm3-examples/libopencm3/lib/libopencm3_stm32f4.a(fmc_common_f47.o)
                              sdram.o (sdram_timing)
/home/licit/Documentos/libopencm3/libopencm3-examples/libopencm3/lib/libopencm3_stm32f4.a(gpio_common_all.o)
                              lcd-spi.o (gpio_set)
/home/licit/Documentos/libopencm3/libopencm3-examples/libopencm3/lib/libopencm3_stm32f4.a(gpio_common_f0234.o)
                              sdram.o (gpio_mode_setup)
/home/licit/Documentos/libopencm3/libopencm3-examples/libopencm3/lib/libopencm3_stm32f4.a(rcc_common_all.o)
                              sdram.o (rcc_periph_clock_enable)
/home/licit/Documentos/libopencm3/libopencm3-examples/libopencm3/lib/libopencm3_stm32f4.a(rcc.o)
                              clock.o (rcc_clock_setup_pll)
/home/licit/Documentos/libopencm3/libopencm3-examples/libopencm3/lib/libopencm3_stm32f4.a(spi_common_all.o)
                              lcd-spi.o (spi_enable)
/home/licit/Documentos/libopencm3/libopencm3-examples/libopencm3/lib/libopencm3_stm32f4.a(spi_common_v1.o)
                              lcd-spi.o (spi_init_master)
/home/licit/Documentos/libopencm3/libopencm3-examples/libopencm3/lib/libopencm3_stm32f4.a(usart_common_all.o)
                              console.o (usart_set_baudrate)
/home/licit/Documentos/libopencm3/libopencm3-examples/libopencm3/lib/libopencm3_stm32f4.a(usart_common_f124.o)
                              /home/licit/Documentos/libopencm3/libopencm3-examples/libopencm3/lib/libopencm3_stm32f4.a(usart_common_all.o) (usart_send)
/home/licit/Documentos/libopencm3/libopencm3-examples/libopencm3/lib/libopencm3_stm32f4.a(vector.o)
                              (reset_handler)
/home/licit/Documentos/libopencm3/libopencm3-examples/libopencm3/lib/libopencm3_stm32f4.a(systick.o)
                              clock.o (systick_set_reload)
/home/licit/Documentos/libopencm3/libopencm3-examples/libopencm3/lib/libopencm3_stm32f4.a(scb.o)
                              console.o (scb_reset_system)
/home/licit/Documentos/libopencm3/libopencm3-examples/libopencm3/lib/libopencm3_stm32f4.a(nvic.o)
                              console.o (nvic_enable_irq)
/home/licit/Documentos/libopencm3/libopencm3-examples/libopencm3/lib/libopencm3_stm32f4.a(flash_common_all.o)
                              /home/licit/Documentos/libopencm3/libopencm3-examples/libopencm3/lib/libopencm3_stm32f4.a(rcc.o) (flash_set_ws)
/home/licit/Documentos/libopencm3/libopencm3-examples/libopencm3/lib/libopencm3_stm32f4.a(flash_common_idcache.o)
                              /home/licit/Documentos/libopencm3/libopencm3-examples/libopencm3/lib/libopencm3_stm32f4.a(rcc.o) (flash_dcache_enable)
/home/licit/Documentos/libopencm3/libopencm3-examples/libopencm3/lib/libopencm3_stm32f4.a(pwr.o)
                              /home/licit/Documentos/libopencm3/libopencm3-examples/libopencm3/lib/libopencm3_stm32f4.a(rcc.o) (pwr_set_vos_scale)

Discarded input sections

 .group         0x0000000000000000        0xc sdram.o
 .group         0x0000000000000000        0xc sdram.o
 .group         0x0000000000000000        0xc sdram.o
 .group         0x0000000000000000        0xc sdram.o
 .group         0x0000000000000000        0xc sdram.o
 .group         0x0000000000000000        0xc sdram.o
 .group         0x0000000000000000        0xc sdram.o
 .group         0x0000000000000000        0xc sdram.o
 .group         0x0000000000000000        0xc sdram.o
 .group         0x0000000000000000        0xc sdram.o
 .group         0x0000000000000000        0xc sdram.o
 .group         0x0000000000000000        0xc sdram.o
 .group         0x0000000000000000        0xc sdram.o
 .group         0x0000000000000000        0xc sdram.o
 .group         0x0000000000000000        0xc sdram.o
 .group         0x0000000000000000        0xc sdram.o
 .text          0x0000000000000000        0x0 sdram.o
 .data          0x0000000000000000        0x0 sdram.o
 .bss           0x0000000000000000        0x0 sdram.o
 .group         0x0000000000000000        0xc clock.o
 .group         0x0000000000000000        0xc clock.o
 .group         0x0000000000000000        0xc clock.o
 .group         0x0000000000000000        0xc clock.o
 .group         0x0000000000000000        0xc clock.o
 .group         0x0000000000000000        0xc clock.o
 .group         0x0000000000000000        0xc clock.o
 .group         0x0000000000000000        0xc clock.o
 .group         0x0000000000000000        0xc clock.o
 .group         0x0000000000000000        0xc clock.o
 .group         0x0000000000000000        0xc clock.o
 .group         0x0000000000000000        0xc clock.o
 .group         0x0000000000000000        0xc clock.o
 .group         0x0000000000000000        0xc clock.o
 .group         0x0000000000000000        0xc clock.o
 .group         0x0000000000000000        0xc clock.o
 .group         0x0000000000000000        0xc clock.o
[...]
Memory Configuration

Name             Origin             Length             Attributes
rom              0x0000000008000000 0x0000000000200000 xr
ccm              0x0000000010000000 0x0000000000010000 xrw
ram              0x0000000020000000 0x0000000000030000 xrw
*default*        0x0000000000000000 0xffffffffffffffff

Linker script and memory map

LOAD sdram.o
LOAD clock.o
LOAD console.o
LOAD lcd-spi.o
LOAD gfx.o
LOAD labo4.o
LOAD /usr/lib/gcc/arm-none-eabi/8.3.1/../../../arm-none-eabi/lib/thumb/v7e-m+fp/hard/libm.a
LOAD /home/licit/Documentos/libopencm3/libopencm3-examples/libopencm3/lib/libopencm3_stm32f4.a
START GROUP
LOAD /usr/lib/gcc/arm-none-eabi/8.3.1/../../../arm-none-eabi/lib/thumb/v7e-m+fp/hard/libc.a
LOAD /usr/lib/gcc/arm-none-eabi/8.3.1/thumb/v7e-m+fp/hard/libgcc.a
LOAD /usr/lib/gcc/arm-none-eabi/8.3.1/../../../arm-none-eabi/lib/thumb/v7e-m+fp/hard/libnosys.a
END GROUP
START GROUP
LOAD /usr/lib/gcc/arm-none-eabi/8.3.1/thumb/v7e-m+fp/hard/libgcc.a
LOAD /usr/lib/gcc/arm-none-eabi/8.3.1/../../../arm-none-eabi/lib/thumb/v7e-m+fp/hard/libg.a
LOAD /usr/lib/gcc/arm-none-eabi/8.3.1/../../../arm-none-eabi/lib/thumb/v7e-m+fp/hard/libc.a
END GROUP

.text           0x0000000008000000     0x1934
 *(.vectors)
 .vectors       0x0000000008000000      0x1ac /home/licit/Documentos/libopencm3/libopencm3-examples/libopencm3/lib/libopencm3_stm32f4.a(vector.o)
                0x0000000008000000                vector_table
 *(.text*)
 .text.sdram_init
                0x00000000080001ac       0xf8 sdram.o
                0x00000000080001ac                sdram_init
 .text.sys_tick_handler
                0x00000000080002a4       0x10 clock.o
                0x00000000080002a4                sys_tick_handler
 .text.msleep   0x00000000080002b4       0x14 clock.o
                0x00000000080002b4                msleep
 .text.clock_setup
                0x00000000080002c8       0x40 clock.o
                0x00000000080002c8                clock_setup
 .text.usart1_isr
                0x0000000008000308       0x58 console.o
                0x0000000008000308                usart1_isr
 .text.console_putc
                0x0000000008000360       0x18 console.o
                0x0000000008000360                console_putc
 .text.console_puts
                0x0000000008000378       0x1e console.o
                0x0000000008000378                console_puts
 *fill*         0x0000000008000396        0x2 
 .text.console_setup
                0x0000000008000398       0x80 console.o
                0x0000000008000398                console_setup
 .text.lcd_command
                0x0000000008000418       0x64 lcd-spi.o
 .text.print_hex
                0x000000000800047c       0x4c lcd-spi.o
 .text.lcd_draw_pixel
                0x00000000080004c8       0x14 lcd-spi.o
                0x00000000080004c8                lcd_draw_pixel
 .text.lcd_show_frame
                0x00000000080004dc       0x50 lcd-spi.o
                0x00000000080004dc                lcd_show_frame
 .text.lcd_spi_init
                0x000000000800052c      0x1b4 lcd-spi.o
                0x000000000800052c                lcd_spi_init
 .text.gfx_drawPixel
                0x00000000080006e0       0x2c gfx.o
                0x00000000080006e0                gfx_drawPixel
 .text.gfx_init
                0x000000000800070c       0x20 gfx.o
                0x000000000800070c                gfx_init
 .text.gfx_drawLine
                0x000000000800072c       0xb6 gfx.o
                0x000000000800072c                gfx_drawLine
 .text.gfx_drawFastVLine
                0x00000000080007e2       0x16 gfx.o
                0x00000000080007e2                gfx_drawFastVLine
 .text.gfx_fillRect
                0x00000000080007f8       0x2a gfx.o
                0x00000000080007f8                gfx_fillRect
 *fill*         0x0000000008000822        0x2 
 .text.gfx_fillScreen
                0x0000000008000824       0x20 gfx.o
                0x0000000008000824                gfx_fillScreen
 .text.gfx_drawChar
                0x0000000008000844       0xdc gfx.o
                0x0000000008000844                gfx_drawChar
 .text.gfx_write
                0x0000000008000920       0x74 gfx.o
                0x0000000008000920                gfx_write
 .text.gfx_puts
                0x0000000008000994       0x12 gfx.o
                0x0000000008000994                gfx_puts
 *fill*         0x00000000080009a6        0x2 
 .text.gfx_setCursor
                0x00000000080009a8        0xc gfx.o
                0x00000000080009a8                gfx_setCursor
 .text.gfx_setTextSize
                0x00000000080009b4       0x10 gfx.o
                0x00000000080009b4                gfx_setTextSize
 .text.gfx_setTextColor
                0x00000000080009c4        0xc gfx.o
                0x00000000080009c4                gfx_setTextColor
 .text.startup.main
                0x00000000080009d0      0x1fc labo4.o
                0x00000000080009d0                main
 .text.sdram_timing
                0x0000000008000bcc       0x4e /home/licit/Documentos/libopencm3/libopencm3-examples/libopencm3/lib/libopencm3_stm32f4.a(fmc_common_f47.o)
                0x0000000008000bcc                sdram_timing
 *fill*         0x0000000008000c1a        0x2 
 .text.sdram_command
                0x0000000008000c1c       0x64 /home/licit/Documentos/libopencm3/libopencm3-examples/libopencm3/lib/libopencm3_stm32f4.a(fmc_common_f47.o)
                0x0000000008000c1c                sdram_command
 .text.gpio_set
                0x0000000008000c80        0x4 /home/licit/Documentos/libopencm3/libopencm3-examples/libopencm3/lib/libopencm3_stm32f4.a(gpio_common_all.o)
                0x0000000008000c80                gpio_set
 .text.gpio_clear
                0x0000000008000c84        0x6 /home/licit/Documentos/libopencm3/libopencm3-examples/libopencm3/lib/libopencm3_stm32f4.a(gpio_common_all.o)
                0x0000000008000c84                gpio_clear
 .text.gpio_mode_setup
                0x0000000008000c8a       0x44 /home/licit/Documentos/libopencm3/libopencm3-examples/libopencm3/lib/libopencm3_stm32f4.a(gpio_common_f0234.o)
                0x0000000008000c8a                gpio_mode_setup
 .text.gpio_set_output_options
                0x0000000008000cce       0x36 /home/licit/Documentos/libopencm3/libopencm3-examples/libopencm3/lib/libopencm3_stm32f4.a(gpio_common_f0234.o)
                0x0000000008000cce                gpio_set_output_options
 .text.gpio_set_af
                0x0000000008000d04       0x54 /home/licit/Documentos/libopencm3/libopencm3-examples/libopencm3/lib/libopencm3_stm32f4.a(gpio_common_f0234.o)
                0x0000000008000d04                gpio_set_af
 .text.rcc_periph_clock_enable
                0x0000000008000d58       0x1a /home/licit/Documentos/libopencm3/libopencm3-examples/libopencm3/lib/libopencm3_stm32f4.a(rcc_common_all.o)
                0x0000000008000d58                rcc_periph_clock_enable
 *fill*         0x0000000008000d72        0x2 
 .text.rcc_is_osc_ready
                0x0000000008000d74       0x5c /home/licit/Documentos/libopencm3/libopencm3-examples/libopencm3/lib/libopencm3_stm32f4.a(rcc.o)
                0x0000000008000d74                rcc_is_osc_ready
 .text.rcc_wait_for_osc_ready
                0x0000000008000dd0       0x10 /home/licit/Documentos/libopencm3/libopencm3-examples/libopencm3/lib/libopencm3_stm32f4.a(rcc.o)
                0x0000000008000dd0                rcc_wait_for_osc_ready
 .text.rcc_osc_on
                0x0000000008000de0       0x58 /home/licit/Documentos/libopencm3/libopencm3-examples/libopencm3/lib/libopencm3_stm32f4.a(rcc.o)
                0x0000000008000de0                rcc_osc_on
 .text.rcc_osc_off
                0x0000000008000e38       0x58 /home/licit/Documentos/libopencm3/libopencm3-examples/libopencm3/lib/libopencm3_stm32f4.a(rcc.o)
                0x0000000008000e38                rcc_osc_off
 .text.rcc_set_sysclk_source
                0x0000000008000e90       0x14 /home/licit/Documentos/libopencm3/libopencm3-examples/libopencm3/lib/libopencm3_stm32f4.a(rcc.o)
                0x0000000008000e90                rcc_set_sysclk_source
 .text.rcc_set_ppre2
                0x0000000008000ea4       0x14 /home/licit/Documentos/libopencm3/libopencm3-examples/libopencm3/lib/libopencm3_stm32f4.a(rcc.o)
                0x0000000008000ea4                rcc_set_ppre2
 .text.rcc_set_ppre1
                0x0000000008000eb8       0x14 /home/licit/Documentos/libopencm3/libopencm3-examples/libopencm3/lib/libopencm3_stm32f4.a(rcc.o)
                0x0000000008000eb8                rcc_set_ppre1
 .text.rcc_set_hpre
                0x0000000008000ecc       0x14 /home/licit/Documentos/libopencm3/libopencm3-examples/libopencm3/lib/libopencm3_stm32f4.a(rcc.o)
                0x0000000008000ecc                rcc_set_hpre
 .text.rcc_set_main_pll_hsi
                0x0000000008000ee0       0x44 /home/licit/Documentos/libopencm3/libopencm3-examples/libopencm3/lib/libopencm3_stm32f4.a(rcc.o)
                0x0000000008000ee0                rcc_set_main_pll_hsi
 .text.rcc_set_main_pll_hse
                0x0000000008000f24       0x44 /home/licit/Documentos/libopencm3/libopencm3-examples/libopencm3/lib/libopencm3_stm32f4.a(rcc.o)
                0x0000000008000f24                rcc_set_main_pll_hse
 .text.rcc_clock_setup_pll
                0x0000000008000f68       0xf4 /home/licit/Documentos/libopencm3/libopencm3-examples/libopencm3/lib/libopencm3_stm32f4.a(rcc.o)
                0x0000000008000f68                rcc_clock_setup_pll
 .text.spi_enable
                0x000000000800105c        0xa /home/licit/Documentos/libopencm3/libopencm3-examples/libopencm3/lib/libopencm3_stm32f4.a(spi_common_all.o)
                0x000000000800105c                spi_enable
 .text.spi_xfer
                0x0000000008001066        0xe /home/licit/Documentos/libopencm3/libopencm3-examples/libopencm3/lib/libopencm3_stm32f4.a(spi_common_all.o)
                0x0000000008001066                spi_xfer
 .text.spi_enable_ss_output
                0x0000000008001074        0xa /home/licit/Documentos/libopencm3/libopencm3-examples/libopencm3/lib/libopencm3_stm32f4.a(spi_common_all.o)
                0x0000000008001074                spi_enable_ss_output
 .text.spi_init_master
                0x000000000800107e       0x28 /home/licit/Documentos/libopencm3/libopencm3-examples/libopencm3/lib/libopencm3_stm32f4.a(spi_common_v1.o)
                0x000000000800107e                spi_init_master
 *fill*         0x00000000080010a6        0x2 
 .text.usart_set_baudrate
                0x00000000080010a8       0x2c /home/licit/Documentos/libopencm3/libopencm3-examples/libopencm3/lib/libopencm3_stm32f4.a(usart_common_all.o)
                0x00000000080010a8                usart_set_baudrate
 .text.usart_set_databits
                0x00000000080010d4       0x12 /home/licit/Documentos/libopencm3/libopencm3-examples/libopencm3/lib/libopencm3_stm32f4.a(usart_common_all.o)
                0x00000000080010d4                usart_set_databits
 .text.usart_set_stopbits
                0x00000000080010e6        0xc /home/licit/Documentos/libopencm3/libopencm3-examples/libopencm3/lib/libopencm3_stm32f4.a(usart_common_all.o)
                0x00000000080010e6                usart_set_stopbits
 .text.usart_set_parity
                0x00000000080010f2        0xc /home/licit/Documentos/libopencm3/libopencm3-examples/libopencm3/lib/libopencm3_stm32f4.a(usart_common_all.o)
                0x00000000080010f2                usart_set_parity
 .text.usart_set_mode
                0x00000000080010fe        0xc /home/licit/Documentos/libopencm3/libopencm3-examples/libopencm3/lib/libopencm3_stm32f4.a(usart_common_all.o)
                0x00000000080010fe                usart_set_mode
 .text.usart_set_flow_control
                0x000000000800110a        0xc /home/licit/Documentos/libopencm3/libopencm3-examples/libopencm3/lib/libopencm3_stm32f4.a(usart_common_all.o)
                0x000000000800110a                usart_set_flow_control
 .text.usart_enable
                0x0000000008001116        0xa /home/licit/Documentos/libopencm3/libopencm3-examples/libopencm3/lib/libopencm3_stm32f4.a(usart_common_all.o)
                0x0000000008001116                usart_enable
 .text.usart_send_blocking
                0x0000000008001120       0x16 /home/licit/Documentos/libopencm3/libopencm3-examples/libopencm3/lib/libopencm3_stm32f4.a(usart_common_all.o)
                0x0000000008001120                usart_send_blocking
 .text.usart_enable_rx_interrupt
                0x0000000008001136        0xa /home/licit/Documentos/libopencm3/libopencm3-examples/libopencm3/lib/libopencm3_stm32f4.a(usart_common_all.o)
                0x0000000008001136                usart_enable_rx_interrupt
 .text.usart_send
                0x0000000008001140        0x8 /home/licit/Documentos/libopencm3/libopencm3-examples/libopencm3/lib/libopencm3_stm32f4.a(usart_common_f124.o)
                0x0000000008001140                usart_send
 .text.usart_wait_send_ready
                0x0000000008001148        0x8 /home/licit/Documentos/libopencm3/libopencm3-examples/libopencm3/lib/libopencm3_stm32f4.a(usart_common_f124.o)
                0x0000000008001148                usart_wait_send_ready
 .text.blocking_handler
                0x0000000008001150        0x2 /home/licit/Documentos/libopencm3/libopencm3-examples/libopencm3/lib/libopencm3_stm32f4.a(vector.o)
                0x0000000008001150                dma2_stream1_isr
                0x0000000008001150                tim8_brk_tim12_isr
                0x0000000008001150                dma1_stream7_isr
                0x0000000008001150                usart3_isr
                0x0000000008001150                tim7_isr
                0x0000000008001150                dma2d_isr
                0x0000000008001150                uart8_isr
                0x0000000008001150                dma1_stream2_isr
                0x0000000008001150                otg_hs_isr
                0x0000000008001150                blocking_handler
                0x0000000008001150                tim5_isr
                0x0000000008001150                rtc_wkup_isr
                0x0000000008001150                otg_fs_isr
                0x0000000008001150                spi1_isr
                0x0000000008001150                i2c3_er_isr
                0x0000000008001150                exti2_isr
                0x0000000008001150                spi5_isr
                0x0000000008001150                usb_fs_wkup_isr
                0x0000000008001150                tamp_stamp_isr
                0x0000000008001150                can1_rx1_isr
                0x0000000008001150                dma2_stream0_isr
                0x0000000008001150                i2c3_ev_isr
                0x0000000008001150                usage_fault_handler
                0x0000000008001150                can2_rx0_isr
                0x0000000008001150                dma1_stream6_isr
                0x0000000008001150                can2_rx1_isr
                0x0000000008001150                can1_sce_isr
                0x0000000008001150                tim1_cc_isr
                0x0000000008001150                can1_tx_isr
                0x0000000008001150                tim1_up_tim10_isr
                0x0000000008001150                sdio_isr
                0x0000000008001150                eth_isr
                0x0000000008001150                spi6_isr
                0x0000000008001150                dma2_stream5_isr
                0x0000000008001150                pvd_isr
                0x0000000008001150                can1_rx0_isr
                0x0000000008001150                rcc_isr
                0x0000000008001150                dma2_stream3_isr
                0x0000000008001150                flash_isr
                0x0000000008001150                uart4_isr
                0x0000000008001150                lcd_tft_isr
                0x0000000008001150                rtc_alarm_isr
                0x0000000008001150                exti15_10_isr
                0x0000000008001150                hash_rng_isr
                0x0000000008001150                tim1_trg_com_tim11_isr
                0x0000000008001150                hard_fault_handler
                0x0000000008001150                exti1_isr
                0x0000000008001150                i2c1_ev_isr
                0x0000000008001150                usart6_isr
                0x0000000008001150                spi2_isr
                0x0000000008001150                cryp_isr
                0x0000000008001150                nvic_wwdg_isr
                0x0000000008001150                dma1_stream1_isr
                0x0000000008001150                dma2_stream4_isr
                0x0000000008001150                exti3_isr
                0x0000000008001150                tim3_isr
                0x0000000008001150                usart2_isr
                0x0000000008001150                sai1_isr
                0x0000000008001150                fpu_isr
                0x0000000008001150                dma1_stream4_isr
                0x0000000008001150                i2c2_er_isr
                0x0000000008001150                i2c2_ev_isr
                0x0000000008001150                uart5_isr
                0x0000000008001150                dma2_stream6_isr
                0x0000000008001150                spi4_isr
                0x0000000008001150                adc_isr
                0x0000000008001150                dma2_stream7_isr
                0x0000000008001150                tim8_up_tim13_isr
                0x0000000008001150                fsmc_isr
                0x0000000008001150                exti4_isr
                0x0000000008001150                tim6_dac_isr
                0x0000000008001150                dma1_stream3_isr
                0x0000000008001150                tim8_trg_com_tim14_isr
                0x0000000008001150                mem_manage_handler
                0x0000000008001150                lcd_tft_err_isr
                0x0000000008001150                can2_tx_isr
                0x0000000008001150                exti9_5_isr
                0x0000000008001150                tim1_brk_tim9_isr
                0x0000000008001150                uart7_isr
                0x0000000008001150                can2_sce_isr
                0x0000000008001150                tim4_isr
                0x0000000008001150                otg_hs_wkup_isr
                0x0000000008001150                i2c1_er_isr
                0x0000000008001150                dma1_stream0_isr
                0x0000000008001150                tim8_cc_isr
                0x0000000008001150                dcmi_isr
                0x0000000008001150                dma2_stream2_isr
                0x0000000008001150                eth_wkup_isr
                0x0000000008001150                bus_fault_handler
                0x0000000008001150                otg_hs_ep1_out_isr
                0x0000000008001150                spi3_isr
                0x0000000008001150                dma1_stream5_isr
                0x0000000008001150                otg_hs_ep1_in_isr
                0x0000000008001150                tim2_isr
                0x0000000008001150                exti0_isr
 .text.null_handler
                0x0000000008001152        0x2 /home/licit/Documentos/libopencm3/libopencm3-examples/libopencm3/lib/libopencm3_stm32f4.a(vector.o)
                0x0000000008001152                null_handler
                0x0000000008001152                sv_call_handler
                0x0000000008001152                pend_sv_handler
                0x0000000008001152                debug_monitor_handler
                0x0000000008001152                nmi_handler
 .text.reset_handler
                0x0000000008001154       0x98 /home/licit/Documentos/libopencm3/libopencm3-examples/libopencm3/lib/libopencm3_stm32f4.a(vector.o)
                0x0000000008001154                reset_handler
 .text.systick_set_reload
                0x00000000080011ec       0x10 /home/licit/Documentos/libopencm3/libopencm3-examples/libopencm3/lib/libopencm3_stm32f4.a(systick.o)
                0x00000000080011ec                systick_set_reload
 .text.systick_set_clocksource
                0x00000000080011fc       0x18 /home/licit/Documentos/libopencm3/libopencm3-examples/libopencm3/lib/libopencm3_stm32f4.a(systick.o)
                0x00000000080011fc                systick_set_clocksource
 .text.systick_interrupt_enable
                0x0000000008001214       0x10 /home/licit/Documentos/libopencm3/libopencm3-examples/libopencm3/lib/libopencm3_stm32f4.a(systick.o)
                0x0000000008001214                systick_interrupt_enable
 .text.systick_counter_enable
                0x0000000008001224       0x10 /home/licit/Documentos/libopencm3/libopencm3-examples/libopencm3/lib/libopencm3_stm32f4.a(systick.o)
                0x0000000008001224                systick_counter_enable
 .text.scb_reset_system
                0x0000000008001234       0x10 /home/licit/Documentos/libopencm3/libopencm3-examples/libopencm3/lib/libopencm3_stm32f4.a(scb.o)
                0x0000000008001234                scb_reset_system
 .text.nvic_enable_irq
                0x0000000008001244       0x1c /home/licit/Documentos/libopencm3/libopencm3-examples/libopencm3/lib/libopencm3_stm32f4.a(nvic.o)
                0x0000000008001244                nvic_enable_irq
 .text.flash_set_ws
                0x0000000008001260       0x14 /home/licit/Documentos/libopencm3/libopencm3-examples/libopencm3/lib/libopencm3_stm32f4.a(flash_common_all.o)
                0x0000000008001260                flash_set_ws
 .text.flash_dcache_enable
                0x0000000008001274       0x10 /home/licit/Documentos/libopencm3/libopencm3-examples/libopencm3/lib/libopencm3_stm32f4.a(flash_common_idcache.o)
                0x0000000008001274                flash_dcache_enable
 .text.flash_dcache_disable
                0x0000000008001284       0x10 /home/licit/Documentos/libopencm3/libopencm3-examples/libopencm3/lib/libopencm3_stm32f4.a(flash_common_idcache.o)
                0x0000000008001284                flash_dcache_disable
 .text.flash_icache_enable
                0x0000000008001294       0x10 /home/licit/Documentos/libopencm3/libopencm3-examples/libopencm3/lib/libopencm3_stm32f4.a(flash_common_idcache.o)
                0x0000000008001294                flash_icache_enable
 .text.flash_icache_disable
                0x00000000080012a4       0x10 /home/licit/Documentos/libopencm3/libopencm3-examples/libopencm3/lib/libopencm3_stm32f4.a(flash_common_idcache.o)
                0x00000000080012a4                flash_icache_disable
 .text.pwr_set_vos_scale
                0x00000000080012b4       0x18 /home/licit/Documentos/libopencm3/libopencm3-examples/libopencm3/lib/libopencm3_stm32f4.a(pwr.o)
                0x00000000080012b4                pwr_set_vos_scale
                0x00000000080012cc                . = ALIGN (0x4)
 *(.rodata*)
 .rodata.sdram_pins
                0x00000000080012cc       0x30 sdram.o
 .rodata.cmd_args
                0x00000000080012fc       0x3a lcd-spi.o
 .rodata.initialization
                0x0000000008001336       0x50 lcd-spi.o
                0x0000000008001336                initialization
 .rodata.lcd_spi_init.str1.1
                0x0000000008001386       0x62 lcd-spi.o
 .rodata.print_hex.str1.1
                0x00000000080013e8        0x3 lcd-spi.o
 .rodata.mcm_font
                0x00000000080013eb      0x480 gfx.o
 .rodata.main.str1.1
                0x000000000800186b       0x6f labo4.o
                                         0x71 (size before relaxing)
 .rodata.CSWTCH.0
                0x00000000080018da        0x3 /home/licit/Documentos/libopencm3/libopencm3-examples/libopencm3/lib/libopencm3_stm32f4.a(fmc_common_f47.o)
 *fill*         0x00000000080018dd        0x3 
 .rodata.rcc_hse_8mhz_3v3
                0x00000000080018e0       0x54 /home/licit/Documentos/libopencm3/libopencm3-examples/libopencm3/lib/libopencm3_stm32f4.a(rcc.o)
                0x00000000080018e0                rcc_hse_8mhz_3v3
                0x0000000008001934                . = ALIGN (0x4)

.glue_7         0x0000000008001934        0x0
 .glue_7        0x0000000008001934        0x0 linker stubs

.glue_7t        0x0000000008001934        0x0
 .glue_7t       0x0000000008001934        0x0 linker stubs

.vfp11_veneer   0x0000000008001934        0x0
 .vfp11_veneer  0x0000000008001934        0x0 linker stubs

.v4_bx          0x0000000008001934        0x0
 .v4_bx         0x0000000008001934        0x0 linker stubs

.iplt           0x0000000008001934        0x0
 .iplt          0x0000000008001934        0x0 sdram.o

.rel.dyn        0x0000000008001934        0x0
 .rel.iplt      0x0000000008001934        0x0 sdram.o

.preinit_array  0x0000000008001934        0x0
                0x0000000008001934                . = ALIGN (0x4)
                0x0000000008001934                __preinit_array_start = .
 *(.preinit_array)
                0x0000000008001934                __preinit_array_end = .

.init_array     0x0000000008001934        0x0
                0x0000000008001934                . = ALIGN (0x4)
                0x0000000008001934                __init_array_start = .
 *(SORT_BY_NAME(.init_array.*))
 *(.init_array)
                0x0000000008001934                __init_array_end = .

.fini_array     0x0000000008001934        0x0
                0x0000000008001934                . = ALIGN (0x4)
                0x0000000008001934                __fini_array_start = .
 *(.fini_array)
 *(SORT_BY_NAME(.fini_array.*))
                0x0000000008001934                __fini_array_end = .

.ARM.extab
 *(.ARM.extab*)

.ARM.exidx      0x0000000008001934        0x0
                0x0000000008001934                __exidx_start = .
 *(.ARM.exidx*)
                0x0000000008001934                __exidx_end = .
                0x0000000008001934                . = ALIGN (0x4)
                0x0000000008001934                _etext = .

.noinit
 *(.noinit*)
                0x0000000008001934                . = ALIGN (0x4)

.data           0x0000000020000000       0x28 load address 0x0000000008001934
                0x0000000020000000                _data = .
 *(.data*)
 .data.timing   0x0000000020000000       0x1c sdram.o
 .data.rcc_ahb_frequency
                0x000000002000001c        0x4 /home/licit/Documentos/libopencm3/libopencm3-examples/libopencm3/lib/libopencm3_stm32f4.a(rcc.o)
                0x000000002000001c                rcc_ahb_frequency
 .data.rcc_apb1_frequency
                0x0000000020000020        0x4 /home/licit/Documentos/libopencm3/libopencm3-examples/libopencm3/lib/libopencm3_stm32f4.a(rcc.o)
                0x0000000020000020                rcc_apb1_frequency
 .data.rcc_apb2_frequency
                0x0000000020000024        0x4 /home/licit/Documentos/libopencm3/libopencm3-examples/libopencm3/lib/libopencm3_stm32f4.a(rcc.o)
                0x0000000020000024                rcc_apb2_frequency
 *(.ramtext*)
                0x0000000020000028                . = ALIGN (0x4)
                0x0000000020000028                _edata = .
                0x0000000008001934                _data_loadaddr = LOADADDR (.data)

.igot.plt       0x0000000020000028        0x0 load address 0x000000000800195c
 .igot.plt      0x0000000020000028        0x0 sdram.o

.bss            0x0000000020000028       0xa8 load address 0x000000000800195c
 *(.bss*)
 .bss.system_millis
                0x0000000020000028        0x4 clock.o
 .bss.recv_buf  0x000000002000002c       0x80 console.o
                0x000000002000002c                recv_buf
 .bss.recv_ndx_cur
                0x00000000200000ac        0x4 console.o
                0x00000000200000ac                recv_ndx_cur
 .bss.recv_ndx_nxt
                0x00000000200000b0        0x4 console.o
                0x00000000200000b0                recv_ndx_nxt
 .bss.cur_frame
                0x00000000200000b4        0x4 lcd-spi.o
                0x00000000200000b4                cur_frame
 .bss.display_frame
                0x00000000200000b8        0x4 lcd-spi.o
                0x00000000200000b8                display_frame
 .bss.__gfx_state
                0x00000000200000bc       0x14 gfx.o
                0x00000000200000bc                __gfx_state
 *(COMMON)
                0x00000000200000d0                . = ALIGN (0x4)
                0x00000000200000d0                _ebss = .

/DISCARD/
 *(.eh_frame)
                0x00000000200000d0                . = ALIGN (0x4)
                0x00000000200000d0                end = .
                0x0000000020030000                PROVIDE (_stack = (ORIGIN (ram) + LENGTH (ram)))
OUTPUT(labo4.elf elf32-littlearm)
LOAD linker stubs

.debug_info     0x0000000000000000     0xac94
 .debug_info    0x0000000000000000      0x9fb sdram.o
 .debug_info    0x00000000000009fb      0x7e2 clock.o
 .debug_info    0x00000000000011dd      0xacb console.o
 .debug_info    0x0000000000001ca8      0xed3 lcd-spi.o
 .debug_info    0x0000000000002b7b     0x200f gfx.o
 .debug_info    0x0000000000004b8a     0x11f6 labo4.o
 .debug_info    0x0000000000005d80      0x203 /home/licit/Documentos/libopencm3/libopencm3-examples/libopencm3/lib/libopencm3_stm32f4.a(fmc_common_f47.o)
 .debug_info    0x0000000000005f83      0x24e /home/licit/Documentos/libopencm3/libopencm3-examples/libopencm3/lib/libopencm3_stm32f4.a(gpio_common_all.o)
 .debug_info    0x00000000000061d1      0x20f /home/licit/Documentos/libopencm3/libopencm3-examples/libopencm3/lib/libopencm3_stm32f4.a(gpio_common_f0234.o)
 .debug_info    0x00000000000063e0      0xaee /home/licit/Documentos/libopencm3/libopencm3-examples/libopencm3/lib/libopencm3_stm32f4.a(rcc_common_all.o)
 .debug_info    0x0000000000006ece     0x111e /home/licit/Documentos/libopencm3/libopencm3-examples/libopencm3/lib/libopencm3_stm32f4.a(rcc.o)
 .debug_info    0x0000000000007fec      0xbc4 /home/licit/Documentos/libopencm3/libopencm3-examples/libopencm3/lib/libopencm3_stm32f4.a(spi_common_all.o)
 .debug_info    0x0000000000008bb0      0x2ea /home/licit/Documentos/libopencm3/libopencm3-examples/libopencm3/lib/libopencm3_stm32f4.a(spi_common_v1.o)
 .debug_info    0x0000000000008e9a      0x710 /home/licit/Documentos/libopencm3/libopencm3-examples/libopencm3/lib/libopencm3_stm32f4.a(usart_common_all.o)
 .debug_info    0x00000000000095aa      0x30c /home/licit/Documentos/libopencm3/libopencm3-examples/libopencm3/lib/libopencm3_stm32f4.a(usart_common_f124.o)
 .debug_info    0x00000000000098b6      0x333 /home/licit/Documentos/libopencm3/libopencm3-examples/libopencm3/lib/libopencm3_stm32f4.a(vector.o)
 .debug_info    0x0000000000009be9      0x268 /home/licit/Documentos/libopencm3/libopencm3-examples/libopencm3/lib/libopencm3_stm32f4.a(systick.o)
 .debug_info    0x0000000000009e51      0x962 /home/licit/Documentos/libopencm3/libopencm3-examples/libopencm3/lib/libopencm3_stm32f4.a(scb.o)
 .debug_info    0x000000000000a7b3      0x22d /home/licit/Documentos/libopencm3/libopencm3-examples/libopencm3/lib/libopencm3_stm32f4.a(nvic.o)
 .debug_info    0x000000000000a9e0       0xf0 /home/licit/Documentos/libopencm3/libopencm3-examples/libopencm3/lib/libopencm3_stm32f4.a(flash_common_all.o)
 .debug_info    0x000000000000aad0       0xe8 /home/licit/Documentos/libopencm3/libopencm3-examples/libopencm3/lib/libopencm3_stm32f4.a(flash_common_idcache.o)
 .debug_info    0x000000000000abb8       0xdc /home/licit/Documentos/libopencm3/libopencm3-examples/libopencm3/lib/libopencm3_stm32f4.a(pwr.o)

.debug_abbrev   0x0000000000000000     0x24dc
 .debug_abbrev  0x0000000000000000      0x1a7 sdram.o
 .debug_abbrev  0x00000000000001a7      0x1b0 clock.o
 .debug_abbrev  0x0000000000000357      0x251 console.o
 .debug_abbrev  0x00000000000005a8      0x3b4 lcd-spi.o
 .debug_abbrev  0x000000000000095c      0x43f gfx.o
 .debug_abbrev  0x0000000000000d9b      0x26e labo4.o
 .debug_abbrev  0x0000000000001009      0x11d /home/licit/Documentos/libopencm3/libopencm3-examples/libopencm3/lib/libopencm3_stm32f4.a(fmc_common_f47.o)
 .debug_abbrev  0x0000000000001126      0x116 /home/licit/Documentos/libopencm3/libopencm3-examples/libopencm3/lib/libopencm3_stm32f4.a(gpio_common_all.o)
 .debug_abbrev  0x000000000000123c       0xbf /home/licit/Documentos/libopencm3/libopencm3-examples/libopencm3/lib/libopencm3_stm32f4.a(gpio_common_f0234.o)
 .debug_abbrev  0x00000000000012fb      0x1da /home/licit/Documentos/libopencm3/libopencm3-examples/libopencm3/lib/libopencm3_stm32f4.a(rcc_common_all.o)
 .debug_abbrev  0x00000000000014d5      0x2d1 /home/licit/Documentos/libopencm3/libopencm3-examples/libopencm3/lib/libopencm3_stm32f4.a(rcc.o)
 .debug_abbrev  0x00000000000017a6      0x241 /home/licit/Documentos/libopencm3/libopencm3-examples/libopencm3/lib/libopencm3_stm32f4.a(spi_common_all.o)
 .debug_abbrev  0x00000000000019e7      0x13e /home/licit/Documentos/libopencm3/libopencm3-examples/libopencm3/lib/libopencm3_stm32f4.a(spi_common_v1.o)
 .debug_abbrev  0x0000000000001b25      0x182 /home/licit/Documentos/libopencm3/libopencm3-examples/libopencm3/lib/libopencm3_stm32f4.a(usart_common_all.o)
 .debug_abbrev  0x0000000000001ca7      0x121 /home/licit/Documentos/libopencm3/libopencm3-examples/libopencm3/lib/libopencm3_stm32f4.a(usart_common_f124.o)
 .debug_abbrev  0x0000000000001dc8      0x18c /home/licit/Documentos/libopencm3/libopencm3-examples/libopencm3/lib/libopencm3_stm32f4.a(vector.o)
 .debug_abbrev  0x0000000000001f54      0x155 /home/licit/Documentos/libopencm3/libopencm3-examples/libopencm3/lib/libopencm3_stm32f4.a(systick.o)
 .debug_abbrev  0x00000000000020a9      0x1f2 /home/licit/Documentos/libopencm3/libopencm3-examples/libopencm3/lib/libopencm3_stm32f4.a(scb.o)
 .debug_abbrev  0x000000000000229b       0xb5 /home/licit/Documentos/libopencm3/libopencm3-examples/libopencm3/lib/libopencm3_stm32f4.a(nvic.o)
 .debug_abbrev  0x0000000000002350       0x9a /home/licit/Documentos/libopencm3/libopencm3-examples/libopencm3/lib/libopencm3_stm32f4.a(flash_common_all.o)
 .debug_abbrev  0x00000000000023ea       0x56 /home/licit/Documentos/libopencm3/libopencm3-examples/libopencm3/lib/libopencm3_stm32f4.a(flash_common_idcache.o)
 .debug_abbrev  0x0000000000002440       0x9c /home/licit/Documentos/libopencm3/libopencm3-examples/libopencm3/lib/libopencm3_stm32f4.a(pwr.o)

.debug_loc      0x0000000000000000     0x3987
 .debug_loc     0x0000000000000000       0xde sdram.o
 .debug_loc     0x00000000000000de       0x3a clock.o
 .debug_loc     0x0000000000000118      0x1f3 console.o
 .debug_loc     0x000000000000030b      0x49d lcd-spi.o
 .debug_loc     0x00000000000007a8     0x1667 gfx.o
 .debug_loc     0x0000000000001e0f      0x556 /home/licit/Documentos/libopencm3/libopencm3-examples/libopencm3/lib/libopencm3_stm32f4.a(fmc_common_f47.o)
 .debug_loc     0x0000000000002365       0xbe /home/licit/Documentos/libopencm3/libopencm3-examples/libopencm3/lib/libopencm3_stm32f4.a(gpio_common_all.o)
 .debug_loc     0x0000000000002423      0x14d /home/licit/Documentos/libopencm3/libopencm3-examples/libopencm3/lib/libopencm3_stm32f4.a(gpio_common_f0234.o)
 .debug_loc     0x0000000000002570      0x16a /home/licit/Documentos/libopencm3/libopencm3-examples/libopencm3/lib/libopencm3_stm32f4.a(rcc_common_all.o)
 .debug_loc     0x00000000000026da      0x87d /home/licit/Documentos/libopencm3/libopencm3-examples/libopencm3/lib/libopencm3_stm32f4.a(rcc.o)
 .debug_loc     0x0000000000002f57      0x1ec /home/licit/Documentos/libopencm3/libopencm3-examples/libopencm3/lib/libopencm3_stm32f4.a(spi_common_all.o)
 .debug_loc     0x0000000000003143      0x124 /home/licit/Documentos/libopencm3/libopencm3-examples/libopencm3/lib/libopencm3_stm32f4.a(spi_common_v1.o)
 .debug_loc     0x0000000000003267      0x1e1 /home/licit/Documentos/libopencm3/libopencm3-examples/libopencm3/lib/libopencm3_stm32f4.a(usart_common_all.o)
 .debug_loc     0x0000000000003448       0x99 /home/licit/Documentos/libopencm3/libopencm3-examples/libopencm3/lib/libopencm3_stm32f4.a(usart_common_f124.o)
 .debug_loc     0x00000000000034e1      0x114 /home/licit/Documentos/libopencm3/libopencm3-examples/libopencm3/lib/libopencm3_stm32f4.a(vector.o)
 .debug_loc     0x00000000000035f5      0x192 /home/licit/Documentos/libopencm3/libopencm3-examples/libopencm3/lib/libopencm3_stm32f4.a(systick.o)
 .debug_loc     0x0000000000003787       0x25 /home/licit/Documentos/libopencm3/libopencm3-examples/libopencm3/lib/libopencm3_stm32f4.a(scb.o)
 .debug_loc     0x00000000000037ac      0x14d /home/licit/Documentos/libopencm3/libopencm3-examples/libopencm3/lib/libopencm3_stm32f4.a(nvic.o)
 .debug_loc     0x00000000000038f9       0x47 /home/licit/Documentos/libopencm3/libopencm3-examples/libopencm3/lib/libopencm3_stm32f4.a(flash_common_all.o)
 .debug_loc     0x0000000000003940       0x47 /home/licit/Documentos/libopencm3/libopencm3-examples/libopencm3/lib/libopencm3_stm32f4.a(pwr.o)

.debug_aranges  0x0000000000000000      0x8b8
 .debug_aranges
                0x0000000000000000       0x20 sdram.o
 .debug_aranges
                0x0000000000000020       0x38 clock.o
 .debug_aranges
                0x0000000000000058       0x48 console.o
 .debug_aranges
                0x00000000000000a0       0x40 lcd-spi.o
 .debug_aranges
                0x00000000000000e0       0xf8 gfx.o
 .debug_aranges
                0x00000000000001d8       0x20 labo4.o
 .debug_aranges
                0x00000000000001f8       0x28 /home/licit/Documentos/libopencm3/libopencm3-examples/libopencm3/lib/libopencm3_stm32f4.a(fmc_common_f47.o)
 .debug_aranges
                0x0000000000000220       0x50 /home/licit/Documentos/libopencm3/libopencm3-examples/libopencm3/lib/libopencm3_stm32f4.a(gpio_common_all.o)
 .debug_aranges
                0x0000000000000270       0x30 /home/licit/Documentos/libopencm3/libopencm3-examples/libopencm3/lib/libopencm3_stm32f4.a(gpio_common_f0234.o)
 .debug_aranges
                0x00000000000002a0       0x70 /home/licit/Documentos/libopencm3/libopencm3-examples/libopencm3/lib/libopencm3_stm32f4.a(rcc_common_all.o)
 .debug_aranges
                0x0000000000000310      0x110 /home/licit/Documentos/libopencm3/libopencm3-examples/libopencm3/lib/libopencm3_stm32f4.a(rcc.o)
 .debug_aranges
                0x0000000000000420      0x178 /home/licit/Documentos/libopencm3/libopencm3-examples/libopencm3/lib/libopencm3_stm32f4.a(spi_common_all.o)
 .debug_aranges
                0x0000000000000598       0x30 /home/licit/Documentos/libopencm3/libopencm3-examples/libopencm3/lib/libopencm3_stm32f4.a(spi_common_v1.o)
 .debug_aranges
                0x00000000000005c8       0xd8 /home/licit/Documentos/libopencm3/libopencm3-examples/libopencm3/lib/libopencm3_stm32f4.a(usart_common_all.o)
 .debug_aranges
                0x00000000000006a0       0x40 /home/licit/Documentos/libopencm3/libopencm3-examples/libopencm3/lib/libopencm3_stm32f4.a(usart_common_f124.o)
 .debug_aranges
                0x00000000000006e0       0x30 /home/licit/Documentos/libopencm3/libopencm3-examples/libopencm3/lib/libopencm3_stm32f4.a(vector.o)
 .debug_aranges
                0x0000000000000710       0x78 /home/licit/Documentos/libopencm3/libopencm3-examples/libopencm3/lib/libopencm3_stm32f4.a(systick.o)
 .debug_aranges
                0x0000000000000788       0x30 /home/licit/Documentos/libopencm3/libopencm3-examples/libopencm3/lib/libopencm3_stm32f4.a(scb.o)
 .debug_aranges
                0x00000000000007b8       0x60 /home/licit/Documentos/libopencm3/libopencm3-examples/libopencm3/lib/libopencm3_stm32f4.a(nvic.o)
 .debug_aranges
                0x0000000000000818       0x38 /home/licit/Documentos/libopencm3/libopencm3-examples/libopencm3/lib/libopencm3_stm32f4.a(flash_common_all.o)
 .debug_aranges
                0x0000000000000850       0x48 /home/licit/Documentos/libopencm3/libopencm3-examples/libopencm3/lib/libopencm3_stm32f4.a(flash_common_idcache.o)
 .debug_aranges
                0x0000000000000898       0x20 /home/licit/Documentos/libopencm3/libopencm3-examples/libopencm3/lib/libopencm3_stm32f4.a(pwr.o)

.debug_ranges   0x0000000000000000      0x8e0
 .debug_ranges  0x0000000000000000       0x10 sdram.o
 .debug_ranges  0x0000000000000010       0x28 clock.o
 .debug_ranges  0x0000000000000038       0x38 console.o
 .debug_ranges  0x0000000000000070       0xb0 lcd-spi.o
 .debug_ranges  0x0000000000000120      0x130 gfx.o
 .debug_ranges  0x0000000000000250       0x28 labo4.o
 .debug_ranges  0x0000000000000278       0x18 /home/licit/Documentos/libopencm3/libopencm3-examples/libopencm3/lib/libopencm3_stm32f4.a(fmc_common_f47.o)
 .debug_ranges  0x0000000000000290       0x40 /home/licit/Documentos/libopencm3/libopencm3-examples/libopencm3/lib/libopencm3_stm32f4.a(gpio_common_all.o)
 .debug_ranges  0x00000000000002d0       0x20 /home/licit/Documentos/libopencm3/libopencm3-examples/libopencm3/lib/libopencm3_stm32f4.a(gpio_common_f0234.o)
 .debug_ranges  0x00000000000002f0       0x60 /home/licit/Documentos/libopencm3/libopencm3-examples/libopencm3/lib/libopencm3_stm32f4.a(rcc_common_all.o)
 .debug_ranges  0x0000000000000350      0x178 /home/licit/Documentos/libopencm3/libopencm3-examples/libopencm3/lib/libopencm3_stm32f4.a(rcc.o)
 .debug_ranges  0x00000000000004c8      0x168 /home/licit/Documentos/libopencm3/libopencm3-examples/libopencm3/lib/libopencm3_stm32f4.a(spi_common_all.o)
 .debug_ranges  0x0000000000000630       0x20 /home/licit/Documentos/libopencm3/libopencm3-examples/libopencm3/lib/libopencm3_stm32f4.a(spi_common_v1.o)
 .debug_ranges  0x0000000000000650       0xc8 /home/licit/Documentos/libopencm3/libopencm3-examples/libopencm3/lib/libopencm3_stm32f4.a(usart_common_all.o)
 .debug_ranges  0x0000000000000718       0x30 /home/licit/Documentos/libopencm3/libopencm3-examples/libopencm3/lib/libopencm3_stm32f4.a(usart_common_f124.o)
 .debug_ranges  0x0000000000000748       0x38 /home/licit/Documentos/libopencm3/libopencm3-examples/libopencm3/lib/libopencm3_stm32f4.a(vector.o)
 .debug_ranges  0x0000000000000780       0x80 /home/licit/Documentos/libopencm3/libopencm3-examples/libopencm3/lib/libopencm3_stm32f4.a(systick.o)
 .debug_ranges  0x0000000000000800       0x20 /home/licit/Documentos/libopencm3/libopencm3-examples/libopencm3/lib/libopencm3_stm32f4.a(scb.o)
 .debug_ranges  0x0000000000000820       0x50 /home/licit/Documentos/libopencm3/libopencm3-examples/libopencm3/lib/libopencm3_stm32f4.a(nvic.o)
 .debug_ranges  0x0000000000000870       0x28 /home/licit/Documentos/libopencm3/libopencm3-examples/libopencm3/lib/libopencm3_stm32f4.a(flash_common_all.o)
 .debug_ranges  0x0000000000000898       0x38 /home/licit/Documentos/libopencm3/libopencm3-examples/libopencm3/lib/libopencm3_stm32f4.a(flash_common_idcache.o)
 .debug_ranges  0x00000000000008d0       0x10 /home/licit/Documentos/libopencm3/libopencm3-examples/libopencm3/lib/libopencm3_stm32f4.a(pwr.o)

.debug_macro    0x0000000000000000     0x5df9
 .debug_macro   0x0000000000000000       0xf7 sdram.o
 .debug_macro   0x00000000000000f7      0xa90 sdram.o
 .debug_macro   0x0000000000000b87      0x34e sdram.o
 .debug_macro   0x0000000000000ed5       0x1c sdram.o
 .debug_macro   0x0000000000000ef1       0x22 sdram.o
 .debug_macro   0x0000000000000f13       0xe8 sdram.o
 .debug_macro   0x0000000000000ffb       0x76 sdram.o
 .debug_macro   0x0000000000001071      0x280 sdram.o
 .debug_macro   0x00000000000012f1       0x76 sdram.o
 .debug_macro   0x0000000000001367      0x37e sdram.o
 .debug_macro   0x00000000000016e5       0xca sdram.o
 .debug_macro   0x00000000000017af       0x8e sdram.o
 .debug_macro   0x000000000000183d       0x28 sdram.o
 .debug_macro   0x0000000000001865      0xcea sdram.o
 .debug_macro   0x000000000000254f      0x285 sdram.o
 .debug_macro   0x00000000000027d4      0x2b3 sdram.o
 .debug_macro   0x0000000000002a87       0x16 sdram.o
 .debug_macro   0x0000000000002a9d      0x12f clock.o
 .debug_macro   0x0000000000002bcc       0x6e clock.o
 .debug_macro   0x0000000000002c3a      0x22c clock.o
 .debug_macro   0x0000000000002e66       0x6f clock.o
 .debug_macro   0x0000000000002ed5       0x94 clock.o
 .debug_macro   0x0000000000002f69      0x29e clock.o
 .debug_macro   0x0000000000003207       0xa0 clock.o
 .debug_macro   0x00000000000032a7      0x1b6 console.o
 .debug_macro   0x000000000000345d       0x22 console.o
 .debug_macro   0x000000000000347f       0x52 console.o
 .debug_macro   0x00000000000034d1       0x18 console.o
 .debug_macro   0x00000000000034e9       0x5c console.o
 .debug_macro   0x0000000000003545       0x35 console.o
 .debug_macro   0x000000000000357a       0x34 console.o
 .debug_macro   0x00000000000035ae       0x70 console.o
 .debug_macro   0x000000000000361e      0x458 console.o
 .debug_macro   0x0000000000003a76       0x1f console.o
 .debug_macro   0x0000000000003a95       0x16 console.o
 .debug_macro   0x0000000000003aab      0x131 lcd-spi.o
 .debug_macro   0x0000000000003bdc      0x2eb lcd-spi.o
 .debug_macro   0x0000000000003ec7       0x16 lcd-spi.o
 .debug_macro   0x0000000000003edd       0x22 lcd-spi.o
 .debug_macro   0x0000000000003eff       0x76 lcd-spi.o
 .debug_macro   0x0000000000003f75      0x125 gfx.o
 .debug_macro   0x000000000000409a      0x16d gfx.o
 .debug_macro   0x0000000000004207       0x16 gfx.o
 .debug_macro   0x000000000000421d       0x43 gfx.o
 .debug_macro   0x0000000000004260       0x57 gfx.o
 .debug_macro   0x00000000000042b7       0x34 gfx.o
 .debug_macro   0x00000000000042eb       0x10 gfx.o
 .debug_macro   0x00000000000042fb       0x52 gfx.o
 .debug_macro   0x000000000000434d      0x182 gfx.o
 .debug_macro   0x00000000000044cf      0x35c gfx.o
 .debug_macro   0x000000000000482b       0xde gfx.o
 .debug_macro   0x0000000000004909       0x16 gfx.o
 .debug_macro   0x000000000000491f       0x35 gfx.o
 .debug_macro   0x0000000000004954       0x22 gfx.o
 .debug_macro   0x0000000000004976       0x58 gfx.o
 .debug_macro   0x00000000000049ce       0x16 gfx.o
 .debug_macro   0x00000000000049e4      0x1e7 labo4.o
 .debug_macro   0x0000000000004bcb       0x10 labo4.o
 .debug_macro   0x0000000000004bdb       0x75 /home/licit/Documentos/libopencm3/libopencm3-examples/libopencm3/lib/libopencm3_stm32f4.a(fmc_common_f47.o)
 .debug_macro   0x0000000000004c50       0x88 /home/licit/Documentos/libopencm3/libopencm3-examples/libopencm3/lib/libopencm3_stm32f4.a(gpio_common_all.o)
 .debug_macro   0x0000000000004cd8       0x88 /home/licit/Documentos/libopencm3/libopencm3-examples/libopencm3/lib/libopencm3_stm32f4.a(gpio_common_f0234.o)
 .debug_macro   0x0000000000004d60       0xa7 /home/licit/Documentos/libopencm3/libopencm3-examples/libopencm3/lib/libopencm3_stm32f4.a(rcc_common_all.o)
 .debug_macro   0x0000000000004e07       0xdb /home/licit/Documentos/libopencm3/libopencm3-examples/libopencm3/lib/libopencm3_stm32f4.a(rcc.o)
 .debug_macro   0x0000000000004ee2       0x16 /home/licit/Documentos/libopencm3/libopencm3-examples/libopencm3/lib/libopencm3_stm32f4.a(rcc.o)
 .debug_macro   0x0000000000004ef8       0x1c /home/licit/Documentos/libopencm3/libopencm3-examples/libopencm3/lib/libopencm3_stm32f4.a(rcc.o)
 .debug_macro   0x0000000000004f14      0x143 /home/licit/Documentos/libopencm3/libopencm3-examples/libopencm3/lib/libopencm3_stm32f4.a(rcc.o)
 .debug_macro   0x0000000000005057       0x10 /home/licit/Documentos/libopencm3/libopencm3-examples/libopencm3/lib/libopencm3_stm32f4.a(rcc.o)
 .debug_macro   0x0000000000005067       0xb6 /home/licit/Documentos/libopencm3/libopencm3-examples/libopencm3/lib/libopencm3_stm32f4.a(spi_common_all.o)
 .debug_macro   0x000000000000511d       0xb6 /home/licit/Documentos/libopencm3/libopencm3-examples/libopencm3/lib/libopencm3_stm32f4.a(spi_common_v1.o)
 .debug_macro   0x00000000000051d3       0xc2 /home/licit/Documentos/libopencm3/libopencm3-examples/libopencm3/lib/libopencm3_stm32f4.a(usart_common_all.o)
 .debug_macro   0x0000000000005295       0xc2 /home/licit/Documentos/libopencm3/libopencm3-examples/libopencm3/lib/libopencm3_stm32f4.a(usart_common_f124.o)
 .debug_macro   0x0000000000005357       0x8a /home/licit/Documentos/libopencm3/libopencm3-examples/libopencm3/lib/libopencm3_stm32f4.a(vector.o)
 .debug_macro   0x00000000000053e1      0x452 /home/licit/Documentos/libopencm3/libopencm3-examples/libopencm3/lib/libopencm3_stm32f4.a(vector.o)
 .debug_macro   0x0000000000005833       0x49 /home/licit/Documentos/libopencm3/libopencm3-examples/libopencm3/lib/libopencm3_stm32f4.a(systick.o)
 .debug_macro   0x000000000000587c       0x69 /home/licit/Documentos/libopencm3/libopencm3-examples/libopencm3/lib/libopencm3_stm32f4.a(systick.o)
 .debug_macro   0x00000000000058e5      0x123 /home/licit/Documentos/libopencm3/libopencm3-examples/libopencm3/lib/libopencm3_stm32f4.a(scb.o)
 .debug_macro   0x0000000000005a08      0x10e /home/licit/Documentos/libopencm3/libopencm3-examples/libopencm3/lib/libopencm3_stm32f4.a(scb.o)
 .debug_macro   0x0000000000005b16       0x86 /home/licit/Documentos/libopencm3/libopencm3-examples/libopencm3/lib/libopencm3_stm32f4.a(scb.o)
 .debug_macro   0x0000000000005b9c       0x6a /home/licit/Documentos/libopencm3/libopencm3-examples/libopencm3/lib/libopencm3_stm32f4.a(nvic.o)
 .debug_macro   0x0000000000005c06       0x68 /home/licit/Documentos/libopencm3/libopencm3-examples/libopencm3/lib/libopencm3_stm32f4.a(nvic.o)
 .debug_macro   0x0000000000005c6e       0x8e /home/licit/Documentos/libopencm3/libopencm3-examples/libopencm3/lib/libopencm3_stm32f4.a(flash_common_all.o)
 .debug_macro   0x0000000000005cfc       0x8e /home/licit/Documentos/libopencm3/libopencm3-examples/libopencm3/lib/libopencm3_stm32f4.a(flash_common_idcache.o)
 .debug_macro   0x0000000000005d8a       0x6f /home/licit/Documentos/libopencm3/libopencm3-examples/libopencm3/lib/libopencm3_stm32f4.a(pwr.o)

.debug_line     0x0000000000000000     0x5f04
 .debug_line    0x0000000000000000      0x3a3 sdram.o
 .debug_line    0x00000000000003a3      0x437 clock.o
 .debug_line    0x00000000000007da      0x6d2 console.o
 .debug_line    0x0000000000000eac      0x664 lcd-spi.o
 .debug_line    0x0000000000001510      0xccc gfx.o
 .debug_line    0x00000000000021dc      0x5a7 labo4.o
 .debug_line    0x0000000000002783      0x26e /home/licit/Documentos/libopencm3/libopencm3-examples/libopencm3/lib/libopencm3_stm32f4.a(fmc_common_f47.o)
 .debug_line    0x00000000000029f1      0x2a5 /home/licit/Documentos/libopencm3/libopencm3-examples/libopencm3/lib/libopencm3_stm32f4.a(gpio_common_all.o)
 .debug_line    0x0000000000002c96      0x330 /home/licit/Documentos/libopencm3/libopencm3-examples/libopencm3/lib/libopencm3_stm32f4.a(gpio_common_f0234.o)
 .debug_line    0x0000000000002fc6      0x35e /home/licit/Documentos/libopencm3/libopencm3-examples/libopencm3/lib/libopencm3_stm32f4.a(rcc_common_all.o)
 .debug_line    0x0000000000003324      0x9b1 /home/licit/Documentos/libopencm3/libopencm3-examples/libopencm3/lib/libopencm3_stm32f4.a(rcc.o)
 .debug_line    0x0000000000003cd5      0x7ed /home/licit/Documentos/libopencm3/libopencm3-examples/libopencm3/lib/libopencm3_stm32f4.a(spi_common_all.o)
 .debug_line    0x00000000000044c2      0x26c /home/licit/Documentos/libopencm3/libopencm3-examples/libopencm3/lib/libopencm3_stm32f4.a(spi_common_v1.o)
 .debug_line    0x000000000000472e      0x52b /home/licit/Documentos/libopencm3/libopencm3-examples/libopencm3/lib/libopencm3_stm32f4.a(usart_common_all.o)
 .debug_line    0x0000000000004c59      0x29c /home/licit/Documentos/libopencm3/libopencm3-examples/libopencm3/lib/libopencm3_stm32f4.a(usart_common_f124.o)
 .debug_line    0x0000000000004ef5      0x2c3 /home/licit/Documentos/libopencm3/libopencm3-examples/libopencm3/lib/libopencm3_stm32f4.a(vector.o)
 .debug_line    0x00000000000051b8      0x26e /home/licit/Documentos/libopencm3/libopencm3-examples/libopencm3/lib/libopencm3_stm32f4.a(systick.o)
 .debug_line    0x0000000000005426      0x232 /home/licit/Documentos/libopencm3/libopencm3-examples/libopencm3/lib/libopencm3_stm32f4.a(scb.o)
 .debug_line    0x0000000000005658      0x27e /home/licit/Documentos/libopencm3/libopencm3-examples/libopencm3/lib/libopencm3_stm32f4.a(nvic.o)
 .debug_line    0x00000000000058d6      0x245 /home/licit/Documentos/libopencm3/libopencm3-examples/libopencm3/lib/libopencm3_stm32f4.a(flash_common_all.o)
 .debug_line    0x0000000000005b1b      0x25e /home/licit/Documentos/libopencm3/libopencm3-examples/libopencm3/lib/libopencm3_stm32f4.a(flash_common_idcache.o)
 .debug_line    0x0000000000005d79      0x18b /home/licit/Documentos/libopencm3/libopencm3-examples/libopencm3/lib/libopencm3_stm32f4.a(pwr.o)

.debug_str      0x0000000000000000    0x16a7c
 .debug_str     0x0000000000000000     0xbf72 sdram.o
                                       0xc14f (size before relaxing)
 .debug_str     0x000000000000bf72     0x1f18 clock.o
                                       0xc5a1 (size before relaxing)
 .debug_str     0x000000000000de8a     0x1d7d console.o
                                       0xe062 (size before relaxing)
 .debug_str     0x000000000000fc07     0x1091 lcd-spi.o
                                       0xc1d4 (size before relaxing)
 .debug_str     0x0000000000010c98     0x34dd gfx.o
                                       0x72f7 (size before relaxing)
 .debug_str     0x0000000000014175       0x45 labo4.o
                                       0xec9f (size before relaxing)
 .debug_str     0x00000000000141ba      0x157 /home/licit/Documentos/libopencm3/libopencm3-examples/libopencm3/lib/libopencm3_stm32f4.a(fmc_common_f47.o)
                                       0x6891 (size before relaxing)
 .debug_str     0x0000000000014311       0x7b /home/licit/Documentos/libopencm3/libopencm3-examples/libopencm3/lib/libopencm3_stm32f4.a(gpio_common_all.o)
                                       0x627a (size before relaxing)
 .debug_str     0x000000000001438c       0x61 /home/licit/Documentos/libopencm3/libopencm3-examples/libopencm3/lib/libopencm3_stm32f4.a(gpio_common_f0234.o)
                                       0x6292 (size before relaxing)
 .debug_str     0x00000000000143ed      0x475 /home/licit/Documentos/libopencm3/libopencm3-examples/libopencm3/lib/libopencm3_stm32f4.a(rcc_common_all.o)
                                       0x96fb (size before relaxing)
 .debug_str     0x0000000000014862      0xad3 /home/licit/Documentos/libopencm3/libopencm3-examples/libopencm3/lib/libopencm3_stm32f4.a(rcc.o)
                                       0x9e12 (size before relaxing)
 .debug_str     0x0000000000015335      0x3fa /home/licit/Documentos/libopencm3/libopencm3-examples/libopencm3/lib/libopencm3_stm32f4.a(spi_common_all.o)
                                       0xa17b (size before relaxing)
 .debug_str     0x000000000001572f       0x50 /home/licit/Documentos/libopencm3/libopencm3-examples/libopencm3/lib/libopencm3_stm32f4.a(spi_common_v1.o)
                                       0x9afc (size before relaxing)
 .debug_str     0x000000000001577f      0x1ea /home/licit/Documentos/libopencm3/libopencm3-examples/libopencm3/lib/libopencm3_stm32f4.a(usart_common_all.o)
                                       0xa181 (size before relaxing)
 .debug_str     0x0000000000015969       0x2d /home/licit/Documentos/libopencm3/libopencm3-examples/libopencm3/lib/libopencm3_stm32f4.a(usart_common_f124.o)
                                       0x9f3b (size before relaxing)
 .debug_str     0x0000000000015996      0xe72 /home/licit/Documentos/libopencm3/libopencm3-examples/libopencm3/lib/libopencm3_stm32f4.a(vector.o)
                                       0x6b36 (size before relaxing)
 .debug_str     0x0000000000016808       0xbd /home/licit/Documentos/libopencm3/libopencm3-examples/libopencm3/lib/libopencm3_stm32f4.a(systick.o)
                                       0x4193 (size before relaxing)
 .debug_str     0x00000000000168c5       0x42 /home/licit/Documentos/libopencm3/libopencm3-examples/libopencm3/lib/libopencm3_stm32f4.a(scb.o)
                                       0x847f (size before relaxing)
 .debug_str     0x0000000000016907       0xc4 /home/licit/Documentos/libopencm3/libopencm3-examples/libopencm3/lib/libopencm3_stm32f4.a(nvic.o)
                                       0x5da1 (size before relaxing)
 .debug_str     0x00000000000169cb       0x64 /home/licit/Documentos/libopencm3/libopencm3-examples/libopencm3/lib/libopencm3_stm32f4.a(flash_common_all.o)
                                       0x55dc (size before relaxing)
 .debug_str     0x0000000000016a2f       0x47 /home/licit/Documentos/libopencm3/libopencm3-examples/libopencm3/lib/libopencm3_stm32f4.a(flash_common_idcache.o)
                                       0x55fe (size before relaxing)
 .debug_str     0x0000000000016a76        0x6 /home/licit/Documentos/libopencm3/libopencm3-examples/libopencm3/lib/libopencm3_stm32f4.a(pwr.o)
                                       0x51da (size before relaxing)

.comment        0x0000000000000000       0x51
 .comment       0x0000000000000000       0x51 sdram.o
                                         0x52 (size before relaxing)
 .comment       0x0000000000000051       0x52 clock.o
 .comment       0x0000000000000051       0x52 console.o
 .comment       0x0000000000000051       0x52 lcd-spi.o
 .comment       0x0000000000000051       0x52 gfx.o
 .comment       0x0000000000000051       0x52 labo4.o
 .comment       0x0000000000000051       0x52 /home/licit/Documentos/libopencm3/libopencm3-examples/libopencm3/lib/libopencm3_stm32f4.a(fmc_common_f47.o)
 .comment       0x0000000000000051       0x52 /home/licit/Documentos/libopencm3/libopencm3-examples/libopencm3/lib/libopencm3_stm32f4.a(gpio_common_all.o)
 .comment       0x0000000000000051       0x52 /home/licit/Documentos/libopencm3/libopencm3-examples/libopencm3/lib/libopencm3_stm32f4.a(gpio_common_f0234.o)
 .comment       0x0000000000000051       0x52 /home/licit/Documentos/libopencm3/libopencm3-examples/libopencm3/lib/libopencm3_stm32f4.a(rcc_common_all.o)
 .comment       0x0000000000000051       0x52 /home/licit/Documentos/libopencm3/libopencm3-examples/libopencm3/lib/libopencm3_stm32f4.a(rcc.o)
 .comment       0x0000000000000051       0x52 /home/licit/Documentos/libopencm3/libopencm3-examples/libopencm3/lib/libopencm3_stm32f4.a(spi_common_all.o)
 .comment       0x0000000000000051       0x52 /home/licit/Documentos/libopencm3/libopencm3-examples/libopencm3/lib/libopencm3_stm32f4.a(spi_common_v1.o)
 .comment       0x0000000000000051       0x52 /home/licit/Documentos/libopencm3/libopencm3-examples/libopencm3/lib/libopencm3_stm32f4.a(usart_common_all.o)
 .comment       0x0000000000000051       0x52 /home/licit/Documentos/libopencm3/libopencm3-examples/libopencm3/lib/libopencm3_stm32f4.a(usart_common_f124.o)
 .comment       0x0000000000000051       0x52 /home/licit/Documentos/libopencm3/libopencm3-examples/libopencm3/lib/libopencm3_stm32f4.a(vector.o)
 .comment       0x0000000000000051       0x52 /home/licit/Documentos/libopencm3/libopencm3-examples/libopencm3/lib/libopencm3_stm32f4.a(systick.o)
 .comment       0x0000000000000051       0x52 /home/licit/Documentos/libopencm3/libopencm3-examples/libopencm3/lib/libopencm3_stm32f4.a(scb.o)
 .comment       0x0000000000000051       0x52 /home/licit/Documentos/libopencm3/libopencm3-examples/libopencm3/lib/libopencm3_stm32f4.a(nvic.o)
 .comment       0x0000000000000051       0x52 /home/licit/Documentos/libopencm3/libopencm3-examples/libopencm3/lib/libopencm3_stm32f4.a(flash_common_all.o)
 .comment       0x0000000000000051       0x52 /home/licit/Documentos/libopencm3/libopencm3-examples/libopencm3/lib/libopencm3_stm32f4.a(flash_common_idcache.o)
 .comment       0x0000000000000051       0x52 /home/licit/Documentos/libopencm3/libopencm3-examples/libopencm3/lib/libopencm3_stm32f4.a(pwr.o)

.ARM.attributes
                0x0000000000000000       0x34
 .ARM.attributes
                0x0000000000000000       0x34 sdram.o
 .ARM.attributes
                0x0000000000000034       0x34 clock.o
 .ARM.attributes
                0x0000000000000068       0x34 console.o
 .ARM.attributes
                0x000000000000009c       0x34 lcd-spi.o
 .ARM.attributes
                0x00000000000000d0       0x34 gfx.o
 .ARM.attributes
                0x0000000000000104       0x34 labo4.o
 .ARM.attributes
                0x0000000000000138       0x34 /home/licit/Documentos/libopencm3/libopencm3-examples/libopencm3/lib/libopencm3_stm32f4.a(fmc_common_f47.o)
 .ARM.attributes
                0x000000000000016c       0x34 /home/licit/Documentos/libopencm3/libopencm3-examples/libopencm3/lib/libopencm3_stm32f4.a(gpio_common_all.o)
 .ARM.attributes
                0x00000000000001a0       0x34 /home/licit/Documentos/libopencm3/libopencm3-examples/libopencm3/lib/libopencm3_stm32f4.a(gpio_common_f0234.o)
 .ARM.attributes
                0x00000000000001d4       0x34 /home/licit/Documentos/libopencm3/libopencm3-examples/libopencm3/lib/libopencm3_stm32f4.a(rcc_common_all.o)
 .ARM.attributes
                0x0000000000000208       0x34 /home/licit/Documentos/libopencm3/libopencm3-examples/libopencm3/lib/libopencm3_stm32f4.a(rcc.o)
 .ARM.attributes
                0x000000000000023c       0x34 /home/licit/Documentos/libopencm3/libopencm3-examples/libopencm3/lib/libopencm3_stm32f4.a(spi_common_all.o)
 .ARM.attributes
                0x0000000000000270       0x34 /home/licit/Documentos/libopencm3/libopencm3-examples/libopencm3/lib/libopencm3_stm32f4.a(spi_common_v1.o)
 .ARM.attributes
                0x00000000000002a4       0x34 /home/licit/Documentos/libopencm3/libopencm3-examples/libopencm3/lib/libopencm3_stm32f4.a(usart_common_all.o)
 .ARM.attributes
                0x00000000000002d8       0x34 /home/licit/Documentos/libopencm3/libopencm3-examples/libopencm3/lib/libopencm3_stm32f4.a(usart_common_f124.o)
 .ARM.attributes
                0x000000000000030c       0x34 /home/licit/Documentos/libopencm3/libopencm3-examples/libopencm3/lib/libopencm3_stm32f4.a(vector.o)
 .ARM.attributes
                0x0000000000000340       0x34 /home/licit/Documentos/libopencm3/libopencm3-examples/libopencm3/lib/libopencm3_stm32f4.a(systick.o)
 .ARM.attributes
                0x0000000000000374       0x34 /home/licit/Documentos/libopencm3/libopencm3-examples/libopencm3/lib/libopencm3_stm32f4.a(scb.o)
 .ARM.attributes
                0x00000000000003a8       0x34 /home/licit/Documentos/libopencm3/libopencm3-examples/libopencm3/lib/libopencm3_stm32f4.a(nvic.o)
 .ARM.attributes
                0x00000000000003dc       0x34 /home/licit/Documentos/libopencm3/libopencm3-examples/libopencm3/lib/libopencm3_stm32f4.a(flash_common_all.o)
 .ARM.attributes
                0x0000000000000410       0x34 /home/licit/Documentos/libopencm3/libopencm3-examples/libopencm3/lib/libopencm3_stm32f4.a(flash_common_idcache.o)
 .ARM.attributes
                0x0000000000000444       0x34 /home/licit/Documentos/libopencm3/libopencm3-examples/libopencm3/lib/libopencm3_stm32f4.a(pwr.o)

.debug_frame    0x0000000000000000     0x122c
 .debug_frame   0x0000000000000000       0x30 sdram.o
 .debug_frame   0x0000000000000030       0x5c clock.o
 .debug_frame   0x000000000000008c       0xb0 console.o
 .debug_frame   0x000000000000013c       0xc4 lcd-spi.o
 .debug_frame   0x0000000000000200      0x3a8 gfx.o
 .debug_frame   0x00000000000005a8       0x30 labo4.o
 .debug_frame   0x00000000000005d8       0x38 /home/licit/Documentos/libopencm3/libopencm3-examples/libopencm3/lib/libopencm3_stm32f4.a(fmc_common_f47.o)
 .debug_frame   0x0000000000000610       0x80 /home/licit/Documentos/libopencm3/libopencm3-examples/libopencm3/lib/libopencm3_stm32f4.a(gpio_common_all.o)
 .debug_frame   0x0000000000000690       0x70 /home/licit/Documentos/libopencm3/libopencm3-examples/libopencm3/lib/libopencm3_stm32f4.a(gpio_common_f0234.o)
 .debug_frame   0x0000000000000700       0xe0 /home/licit/Documentos/libopencm3/libopencm3-examples/libopencm3/lib/libopencm3_stm32f4.a(rcc_common_all.o)
 .debug_frame   0x00000000000007e0      0x234 /home/licit/Documentos/libopencm3/libopencm3-examples/libopencm3/lib/libopencm3_stm32f4.a(rcc.o)
 .debug_frame   0x0000000000000a14      0x2d0 /home/licit/Documentos/libopencm3/libopencm3-examples/libopencm3/lib/libopencm3_stm32f4.a(spi_common_all.o)
 .debug_frame   0x0000000000000ce4       0x4c /home/licit/Documentos/libopencm3/libopencm3-examples/libopencm3/lib/libopencm3_stm32f4.a(spi_common_v1.o)
 .debug_frame   0x0000000000000d30      0x1b8 /home/licit/Documentos/libopencm3/libopencm3-examples/libopencm3/lib/libopencm3_stm32f4.a(usart_common_all.o)
 .debug_frame   0x0000000000000ee8       0x60 /home/licit/Documentos/libopencm3/libopencm3-examples/libopencm3/lib/libopencm3_stm32f4.a(usart_common_f124.o)
 .debug_frame   0x0000000000000f48       0x4c /home/licit/Documentos/libopencm3/libopencm3-examples/libopencm3/lib/libopencm3_stm32f4.a(vector.o)
 .debug_frame   0x0000000000000f94       0xd8 /home/licit/Documentos/libopencm3/libopencm3-examples/libopencm3/lib/libopencm3_stm32f4.a(systick.o)
 .debug_frame   0x000000000000106c       0x40 /home/licit/Documentos/libopencm3/libopencm3-examples/libopencm3/lib/libopencm3_stm32f4.a(scb.o)
 .debug_frame   0x00000000000010ac       0xa0 /home/licit/Documentos/libopencm3/libopencm3-examples/libopencm3/lib/libopencm3_stm32f4.a(nvic.o)
 .debug_frame   0x000000000000114c       0x50 /home/licit/Documentos/libopencm3/libopencm3-examples/libopencm3/lib/libopencm3_stm32f4.a(flash_common_all.o)
 .debug_frame   0x000000000000119c       0x70 /home/licit/Documentos/libopencm3/libopencm3-examples/libopencm3/lib/libopencm3_stm32f4.a(flash_common_idcache.o)
 .debug_frame   0x000000000000120c       0x20 /home/licit/Documentos/libopencm3/libopencm3-examples/libopencm3/lib/libopencm3_stm32f4.a(pwr.o)

Cross Reference Table

Symbol                                            File
__fini_array_end                                  /home/licit/Documentos/libopencm3/libopencm3-examples/libopencm3/lib/libopencm3_stm32f4.a(vector.o)
__fini_array_start                                /home/licit/Documentos/libopencm3/libopencm3-examples/libopencm3/lib/libopencm3_stm32f4.a(vector.o)
__gfx_state                                       gfx.o
__init_array_end                                  /home/licit/Documentos/libopencm3/libopencm3-examples/libopencm3/lib/libopencm3_stm32f4.a(vector.o)
__init_array_start                                /home/licit/Documentos/libopencm3/libopencm3-examples/libopencm3/lib/libopencm3_stm32f4.a(vector.o)
__preinit_array_end                               /home/licit/Documentos/libopencm3/libopencm3-examples/libopencm3/lib/libopencm3_stm32f4.a(vector.o)
__preinit_array_start                             /home/licit/Documentos/libopencm3/libopencm3-examples/libopencm3/lib/libopencm3_stm32f4.a(vector.o)
_data                                             /home/licit/Documentos/libopencm3/libopencm3-examples/libopencm3/lib/libopencm3_stm32f4.a(vector.o)
_data_loadaddr                                    /home/licit/Documentos/libopencm3/libopencm3-examples/libopencm3/lib/libopencm3_stm32f4.a(vector.o)
_ebss                                             /home/licit/Documentos/libopencm3/libopencm3-examples/libopencm3/lib/libopencm3_stm32f4.a(vector.o)
_edata                                            /home/licit/Documentos/libopencm3/libopencm3-examples/libopencm3/lib/libopencm3_stm32f4.a(vector.o)
_stack                                            /home/licit/Documentos/libopencm3/libopencm3-examples/libopencm3/lib/libopencm3_stm32f4.a(vector.o)
adc_isr                                           /home/licit/Documentos/libopencm3/libopencm3-examples/libopencm3/lib/libopencm3_stm32f4.a(vector.o)
blocking_handler                                  /home/licit/Documentos/libopencm3/libopencm3-examples/libopencm3/lib/libopencm3_stm32f4.a(vector.o)
bus_fault_handler                                 /home/licit/Documentos/libopencm3/libopencm3-examples/libopencm3/lib/libopencm3_stm32f4.a(vector.o)
can1_rx0_isr                                      /home/licit/Documentos/libopencm3/libopencm3-examples/libopencm3/lib/libopencm3_stm32f4.a(vector.o)
can1_rx1_isr                                      /home/licit/Documentos/libopencm3/libopencm3-examples/libopencm3/lib/libopencm3_stm32f4.a(vector.o)
can1_sce_isr                                      /home/licit/Documentos/libopencm3/libopencm3-examples/libopencm3/lib/libopencm3_stm32f4.a(vector.o)
can1_tx_isr                                       /home/licit/Documentos/libopencm3/libopencm3-examples/libopencm3/lib/libopencm3_stm32f4.a(vector.o)
can2_rx0_isr                                      /home/licit/Documentos/libopencm3/libopencm3-examples/libopencm3/lib/libopencm3_stm32f4.a(vector.o)
can2_rx1_isr                                      /home/licit/Documentos/libopencm3/libopencm3-examples/libopencm3/lib/libopencm3_stm32f4.a(vector.o)
can2_sce_isr                                      /home/licit/Documentos/libopencm3/libopencm3-examples/libopencm3/lib/libopencm3_stm32f4.a(vector.o)
can2_tx_isr                                       /home/licit/Documentos/libopencm3/libopencm3-examples/libopencm3/lib/libopencm3_stm32f4.a(vector.o)
clock_setup                                       clock.o
                                                  labo4.o
console_getc                                      console.o
console_gets                                      console.o
console_putc                                      console.o
                                                  lcd-spi.o
console_puts                                      console.o
                                                  lcd-spi.o
console_setup                                     console.o
                                                  labo4.o
cryp_isr                                          /home/licit/Documentos/libopencm3/libopencm3-examples/libopencm3/lib/libopencm3_stm32f4.a(vector.o)
cur_frame                                         lcd-spi.o
dcmi_isr                                          /home/licit/Documentos/libopencm3/libopencm3-examples/libopencm3/lib/libopencm3_stm32f4.a(vector.o)
debug_monitor_handler                             /home/licit/Documentos/libopencm3/libopencm3-examples/libopencm3/lib/libopencm3_stm32f4.a(vector.o)
display_frame                                     lcd-spi.o
dma1_stream0_isr                                  /home/licit/Documentos/libopencm3/libopencm3-examples/libopencm3/lib/libopencm3_stm32f4.a(vector.o)
dma1_stream1_isr                                  /home/licit/Documentos/libopencm3/libopencm3-examples/libopencm3/lib/libopencm3_stm32f4.a(vector.o)
dma1_stream2_isr                                  /home/licit/Documentos/libopencm3/libopencm3-examples/libopencm3/lib/libopencm3_stm32f4.a(vector.o)
dma1_stream3_isr                                  /home/licit/Documentos/libopencm3/libopencm3-examples/libopencm3/lib/libopencm3_stm32f4.a(vector.o)
dma1_stream4_isr                                  /home/licit/Documentos/libopencm3/libopencm3-examples/libopencm3/lib/libopencm3_stm32f4.a(vector.o)
dma1_stream5_isr                                  /home/licit/Documentos/libopencm3/libopencm3-examples/libopencm3/lib/libopencm3_stm32f4.a(vector.o)
dma1_stream6_isr                                  /home/licit/Documentos/libopencm3/libopencm3-examples/libopencm3/lib/libopencm3_stm32f4.a(vector.o)
dma1_stream7_isr                                  /home/licit/Documentos/libopencm3/libopencm3-examples/libopencm3/lib/libopencm3_stm32f4.a(vector.o)
dma2_stream0_isr                                  /home/licit/Documentos/libopencm3/libopencm3-examples/libopencm3/lib/libopencm3_stm32f4.a(vector.o)
dma2_stream1_isr                                  /home/licit/Documentos/libopencm3/libopencm3-examples/libopencm3/lib/libopencm3_stm32f4.a(vector.o)
dma2_stream2_isr                                  /home/licit/Documentos/libopencm3/libopencm3-examples/libopencm3/lib/libopencm3_stm32f4.a(vector.o)
dma2_stream3_isr                                  /home/licit/Documentos/libopencm3/libopencm3-examples/libopencm3/lib/libopencm3_stm32f4.a(vector.o)
dma2_stream4_isr                                  /home/licit/Documentos/libopencm3/libopencm3-examples/libopencm3/lib/libopencm3_stm32f4.a(vector.o)
dma2_stream5_isr                                  /home/licit/Documentos/libopencm3/libopencm3-examples/libopencm3/lib/libopencm3_stm32f4.a(vector.o)
dma2_stream6_isr                                  /home/licit/Documentos/libopencm3/libopencm3-examples/libopencm3/lib/libopencm3_stm32f4.a(vector.o)
dma2_stream7_isr                                  /home/licit/Documentos/libopencm3/libopencm3-examples/libopencm3/lib/libopencm3_stm32f4.a(vector.o)
dma2d_isr                                         /home/licit/Documentos/libopencm3/libopencm3-examples/libopencm3/lib/libopencm3_stm32f4.a(vector.o)
eth_isr                                           /home/licit/Documentos/libopencm3/libopencm3-examples/libopencm3/lib/libopencm3_stm32f4.a(vector.o)
eth_wkup_isr                                      /home/licit/Documentos/libopencm3/libopencm3-examples/libopencm3/lib/libopencm3_stm32f4.a(vector.o)
exti0_isr                                         /home/licit/Documentos/libopencm3/libopencm3-examples/libopencm3/lib/libopencm3_stm32f4.a(vector.o)
exti15_10_isr                                     /home/licit/Documentos/libopencm3/libopencm3-examples/libopencm3/lib/libopencm3_stm32f4.a(vector.o)
exti1_isr                                         /home/licit/Documentos/libopencm3/libopencm3-examples/libopencm3/lib/libopencm3_stm32f4.a(vector.o)
exti2_isr                                         /home/licit/Documentos/libopencm3/libopencm3-examples/libopencm3/lib/libopencm3_stm32f4.a(vector.o)
exti3_isr                                         /home/licit/Documentos/libopencm3/libopencm3-examples/libopencm3/lib/libopencm3_stm32f4.a(vector.o)
exti4_isr                                         /home/licit/Documentos/libopencm3/libopencm3-examples/libopencm3/lib/libopencm3_stm32f4.a(vector.o)
exti9_5_isr                                       /home/licit/Documentos/libopencm3/libopencm3-examples/libopencm3/lib/libopencm3_stm32f4.a(vector.o)
flash_dcache_disable                              /home/licit/Documentos/libopencm3/libopencm3-examples/libopencm3/lib/libopencm3_stm32f4.a(flash_common_idcache.o)
                                                  /home/licit/Documentos/libopencm3/libopencm3-examples/libopencm3/lib/libopencm3_stm32f4.a(rcc.o)
flash_dcache_enable                               /home/licit/Documentos/libopencm3/libopencm3-examples/libopencm3/lib/libopencm3_stm32f4.a(flash_common_idcache.o)
                                                  /home/licit/Documentos/libopencm3/libopencm3-examples/libopencm3/lib/libopencm3_stm32f4.a(rcc.o)
flash_dcache_reset                                /home/licit/Documentos/libopencm3/libopencm3-examples/libopencm3/lib/libopencm3_stm32f4.a(flash_common_idcache.o)
flash_icache_disable                              /home/licit/Documentos/libopencm3/libopencm3-examples/libopencm3/lib/libopencm3_stm32f4.a(flash_common_idcache.o)
                                                  /home/licit/Documentos/libopencm3/libopencm3-examples/libopencm3/lib/libopencm3_stm32f4.a(rcc.o)
flash_icache_enable                               /home/licit/Documentos/libopencm3/libopencm3-examples/libopencm3/lib/libopencm3_stm32f4.a(flash_common_idcache.o)
                                                  /home/licit/Documentos/libopencm3/libopencm3-examples/libopencm3/lib/libopencm3_stm32f4.a(rcc.o)
flash_icache_reset                                /home/licit/Documentos/libopencm3/libopencm3-examples/libopencm3/lib/libopencm3_stm32f4.a(flash_common_idcache.o)
flash_isr                                         /home/licit/Documentos/libopencm3/libopencm3-examples/libopencm3/lib/libopencm3_stm32f4.a(vector.o)
flash_prefetch_disable                            /home/licit/Documentos/libopencm3/libopencm3-examples/libopencm3/lib/libopencm3_stm32f4.a(flash_common_all.o)
flash_prefetch_enable                             /home/licit/Documentos/libopencm3/libopencm3-examples/libopencm3/lib/libopencm3_stm32f4.a(flash_common_all.o)
flash_set_ws                                      /home/licit/Documentos/libopencm3/libopencm3-examples/libopencm3/lib/libopencm3_stm32f4.a(flash_common_all.o)
                                                  /home/licit/Documentos/libopencm3/libopencm3-examples/libopencm3/lib/libopencm3_stm32f4.a(rcc.o)
flash_unlock_option_bytes                         /home/licit/Documentos/libopencm3/libopencm3-examples/libopencm3/lib/libopencm3_stm32f4.a(flash_common_all.o)
fpu_isr                                           /home/licit/Documentos/libopencm3/libopencm3-examples/libopencm3/lib/libopencm3_stm32f4.a(vector.o)
fsmc_isr                                          /home/licit/Documentos/libopencm3/libopencm3-examples/libopencm3/lib/libopencm3_stm32f4.a(vector.o)
gfx_drawBitmap                                    gfx.o
gfx_drawChar                                      gfx.o
gfx_drawCircle                                    gfx.o
gfx_drawCircleHelper                              gfx.o
gfx_drawFastHLine                                 gfx.o
gfx_drawFastVLine                                 gfx.o
gfx_drawLine                                      gfx.o
gfx_drawPixel                                     gfx.o
gfx_drawRect                                      gfx.o
gfx_drawRoundRect                                 gfx.o
gfx_drawTriangle                                  gfx.o
gfx_fillCircle                                    gfx.o
gfx_fillCircleHelper                              gfx.o
gfx_fillRect                                      gfx.o
gfx_fillRoundRect                                 gfx.o
gfx_fillScreen                                    gfx.o
                                                  labo4.o
gfx_fillTriangle                                  gfx.o
gfx_getRotation                                   gfx.o
gfx_height                                        gfx.o
gfx_init                                          gfx.o
                                                  labo4.o
gfx_puts                                          gfx.o
                                                  labo4.o
gfx_setCursor                                     gfx.o
                                                  labo4.o
gfx_setRotation                                   gfx.o
gfx_setTextColor                                  gfx.o
                                                  labo4.o
gfx_setTextSize                                   gfx.o
                                                  labo4.o
gfx_setTextWrap                                   gfx.o
gfx_width                                         gfx.o
gfx_write                                         gfx.o
gpio_clear                                        /home/licit/Documentos/libopencm3/libopencm3-examples/libopencm3/lib/libopencm3_stm32f4.a(gpio_common_all.o)
                                                  lcd-spi.o
gpio_get                                          /home/licit/Documentos/libopencm3/libopencm3-examples/libopencm3/lib/libopencm3_stm32f4.a(gpio_common_all.o)
gpio_mode_setup                                   /home/licit/Documentos/libopencm3/libopencm3-examples/libopencm3/lib/libopencm3_stm32f4.a(gpio_common_f0234.o)
                                                  lcd-spi.o
                                                  console.o
                                                  sdram.o
gpio_port_config_lock                             /home/licit/Documentos/libopencm3/libopencm3-examples/libopencm3/lib/libopencm3_stm32f4.a(gpio_common_all.o)
gpio_port_read                                    /home/licit/Documentos/libopencm3/libopencm3-examples/libopencm3/lib/libopencm3_stm32f4.a(gpio_common_all.o)
gpio_port_write                                   /home/licit/Documentos/libopencm3/libopencm3-examples/libopencm3/lib/libopencm3_stm32f4.a(gpio_common_all.o)
gpio_set                                          /home/licit/Documentos/libopencm3/libopencm3-examples/libopencm3/lib/libopencm3_stm32f4.a(gpio_common_all.o)
                                                  lcd-spi.o
gpio_set_af                                       /home/licit/Documentos/libopencm3/libopencm3-examples/libopencm3/lib/libopencm3_stm32f4.a(gpio_common_f0234.o)
                                                  lcd-spi.o
                                                  console.o
                                                  sdram.o
gpio_set_output_options                           /home/licit/Documentos/libopencm3/libopencm3-examples/libopencm3/lib/libopencm3_stm32f4.a(gpio_common_f0234.o)
                                                  sdram.o
gpio_toggle                                       /home/licit/Documentos/libopencm3/libopencm3-examples/libopencm3/lib/libopencm3_stm32f4.a(gpio_common_all.o)
hard_fault_handler                                /home/licit/Documentos/libopencm3/libopencm3-examples/libopencm3/lib/libopencm3_stm32f4.a(vector.o)
hash_rng_isr                                      /home/licit/Documentos/libopencm3/libopencm3-examples/libopencm3/lib/libopencm3_stm32f4.a(vector.o)
i2c1_er_isr                                       /home/licit/Documentos/libopencm3/libopencm3-examples/libopencm3/lib/libopencm3_stm32f4.a(vector.o)
i2c1_ev_isr                                       /home/licit/Documentos/libopencm3/libopencm3-examples/libopencm3/lib/libopencm3_stm32f4.a(vector.o)
i2c2_er_isr                                       /home/licit/Documentos/libopencm3/libopencm3-examples/libopencm3/lib/libopencm3_stm32f4.a(vector.o)
i2c2_ev_isr                                       /home/licit/Documentos/libopencm3/libopencm3-examples/libopencm3/lib/libopencm3_stm32f4.a(vector.o)
i2c3_er_isr                                       /home/licit/Documentos/libopencm3/libopencm3-examples/libopencm3/lib/libopencm3_stm32f4.a(vector.o)
i2c3_ev_isr                                       /home/licit/Documentos/libopencm3/libopencm3-examples/libopencm3/lib/libopencm3_stm32f4.a(vector.o)
initialization                                    lcd-spi.o
lcd_draw_pixel                                    lcd-spi.o
                                                  labo4.o
lcd_show_frame                                    lcd-spi.o
                                                  labo4.o
lcd_spi_init                                      lcd-spi.o
                                                  labo4.o
lcd_tft_err_isr                                   /home/licit/Documentos/libopencm3/libopencm3-examples/libopencm3/lib/libopencm3_stm32f4.a(vector.o)
lcd_tft_isr                                       /home/licit/Documentos/libopencm3/libopencm3-examples/libopencm3/lib/libopencm3_stm32f4.a(vector.o)
main                                              labo4.o
                                                  /home/licit/Documentos/libopencm3/libopencm3-examples/libopencm3/lib/libopencm3_stm32f4.a(vector.o)
mem_manage_handler                                /home/licit/Documentos/libopencm3/libopencm3-examples/libopencm3/lib/libopencm3_stm32f4.a(vector.o)
msleep                                            clock.o
                                                  lcd-spi.o
                                                  sdram.o
mtime                                             clock.o
nmi_handler                                       /home/licit/Documentos/libopencm3/libopencm3-examples/libopencm3/lib/libopencm3_stm32f4.a(vector.o)
null_handler                                      /home/licit/Documentos/libopencm3/libopencm3-examples/libopencm3/lib/libopencm3_stm32f4.a(vector.o)
nvic_clear_pending_irq                            /home/licit/Documentos/libopencm3/libopencm3-examples/libopencm3/lib/libopencm3_stm32f4.a(nvic.o)
nvic_disable_irq                                  /home/licit/Documentos/libopencm3/libopencm3-examples/libopencm3/lib/libopencm3_stm32f4.a(nvic.o)
nvic_enable_irq                                   /home/licit/Documentos/libopencm3/libopencm3-examples/libopencm3/lib/libopencm3_stm32f4.a(nvic.o)
                                                  console.o
nvic_generate_software_interrupt                  /home/licit/Documentos/libopencm3/libopencm3-examples/libopencm3/lib/libopencm3_stm32f4.a(nvic.o)
nvic_get_active_irq                               /home/licit/Documentos/libopencm3/libopencm3-examples/libopencm3/lib/libopencm3_stm32f4.a(nvic.o)
nvic_get_irq_enabled                              /home/licit/Documentos/libopencm3/libopencm3-examples/libopencm3/lib/libopencm3_stm32f4.a(nvic.o)
nvic_get_pending_irq                              /home/licit/Documentos/libopencm3/libopencm3-examples/libopencm3/lib/libopencm3_stm32f4.a(nvic.o)
nvic_set_pending_irq                              /home/licit/Documentos/libopencm3/libopencm3-examples/libopencm3/lib/libopencm3_stm32f4.a(nvic.o)
nvic_set_priority                                 /home/licit/Documentos/libopencm3/libopencm3-examples/libopencm3/lib/libopencm3_stm32f4.a(nvic.o)
nvic_wwdg_isr                                     /home/licit/Documentos/libopencm3/libopencm3-examples/libopencm3/lib/libopencm3_stm32f4.a(vector.o)
otg_fs_isr                                        /home/licit/Documentos/libopencm3/libopencm3-examples/libopencm3/lib/libopencm3_stm32f4.a(vector.o)
otg_hs_ep1_in_isr                                 /home/licit/Documentos/libopencm3/libopencm3-examples/libopencm3/lib/libopencm3_stm32f4.a(vector.o)
otg_hs_ep1_out_isr                                /home/licit/Documentos/libopencm3/libopencm3-examples/libopencm3/lib/libopencm3_stm32f4.a(vector.o)
otg_hs_isr                                        /home/licit/Documentos/libopencm3/libopencm3-examples/libopencm3/lib/libopencm3_stm32f4.a(vector.o)
otg_hs_wkup_isr                                   /home/licit/Documentos/libopencm3/libopencm3-examples/libopencm3/lib/libopencm3_stm32f4.a(vector.o)
pend_sv_handler                                   /home/licit/Documentos/libopencm3/libopencm3-examples/libopencm3/lib/libopencm3_stm32f4.a(vector.o)
pvd_isr                                           /home/licit/Documentos/libopencm3/libopencm3-examples/libopencm3/lib/libopencm3_stm32f4.a(vector.o)
pwr_set_vos_scale                                 /home/licit/Documentos/libopencm3/libopencm3-examples/libopencm3/lib/libopencm3_stm32f4.a(pwr.o)
                                                  /home/licit/Documentos/libopencm3/libopencm3-examples/libopencm3/lib/libopencm3_stm32f4.a(rcc.o)
rcc_ahb_frequency                                 /home/licit/Documentos/libopencm3/libopencm3-examples/libopencm3/lib/libopencm3_stm32f4.a(rcc.o)
rcc_apb1_frequency                                /home/licit/Documentos/libopencm3/libopencm3-examples/libopencm3/lib/libopencm3_stm32f4.a(rcc.o)
                                                  /home/licit/Documentos/libopencm3/libopencm3-examples/libopencm3/lib/libopencm3_stm32f4.a(usart_common_all.o)
rcc_apb2_frequency                                /home/licit/Documentos/libopencm3/libopencm3-examples/libopencm3/lib/libopencm3_stm32f4.a(rcc.o)
                                                  /home/licit/Documentos/libopencm3/libopencm3-examples/libopencm3/lib/libopencm3_stm32f4.a(usart_common_all.o)
rcc_clock_setup_hse_3v3                           /home/licit/Documentos/libopencm3/libopencm3-examples/libopencm3/lib/libopencm3_stm32f4.a(rcc.o)
rcc_clock_setup_pll                               /home/licit/Documentos/libopencm3/libopencm3-examples/libopencm3/lib/libopencm3_stm32f4.a(rcc.o)
                                                  clock.o
rcc_css_disable                                   /home/licit/Documentos/libopencm3/libopencm3-examples/libopencm3/lib/libopencm3_stm32f4.a(rcc.o)
rcc_css_enable                                    /home/licit/Documentos/libopencm3/libopencm3-examples/libopencm3/lib/libopencm3_stm32f4.a(rcc.o)
rcc_css_int_clear                                 /home/licit/Documentos/libopencm3/libopencm3-examples/libopencm3/lib/libopencm3_stm32f4.a(rcc.o)
rcc_css_int_flag                                  /home/licit/Documentos/libopencm3/libopencm3-examples/libopencm3/lib/libopencm3_stm32f4.a(rcc.o)
rcc_get_div_from_hpre                             /home/licit/Documentos/libopencm3/libopencm3-examples/libopencm3/lib/libopencm3_stm32f4.a(rcc_common_all.o)
rcc_get_i2c_clk_freq                              /home/licit/Documentos/libopencm3/libopencm3-examples/libopencm3/lib/libopencm3_stm32f4.a(rcc.o)
rcc_get_spi_clk_freq                              /home/licit/Documentos/libopencm3/libopencm3-examples/libopencm3/lib/libopencm3_stm32f4.a(rcc.o)
rcc_get_timer_clk_freq                            /home/licit/Documentos/libopencm3/libopencm3-examples/libopencm3/lib/libopencm3_stm32f4.a(rcc.o)
rcc_get_usart_clk_freq                            /home/licit/Documentos/libopencm3/libopencm3-examples/libopencm3/lib/libopencm3_stm32f4.a(rcc.o)
rcc_hse_12mhz_3v3                                 /home/licit/Documentos/libopencm3/libopencm3-examples/libopencm3/lib/libopencm3_stm32f4.a(rcc.o)
rcc_hse_16mhz_3v3                                 /home/licit/Documentos/libopencm3/libopencm3-examples/libopencm3/lib/libopencm3_stm32f4.a(rcc.o)
rcc_hse_25mhz_3v3                                 /home/licit/Documentos/libopencm3/libopencm3-examples/libopencm3/lib/libopencm3_stm32f4.a(rcc.o)
rcc_hse_8mhz_3v3                                  /home/licit/Documentos/libopencm3/libopencm3-examples/libopencm3/lib/libopencm3_stm32f4.a(rcc.o)
                                                  clock.o
rcc_hsi_configs                                   /home/licit/Documentos/libopencm3/libopencm3-examples/libopencm3/lib/libopencm3_stm32f4.a(rcc.o)
rcc_is_osc_ready                                  /home/licit/Documentos/libopencm3/libopencm3-examples/libopencm3/lib/libopencm3_stm32f4.a(rcc.o)
rcc_isr                                           /home/licit/Documentos/libopencm3/libopencm3-examples/libopencm3/lib/libopencm3_stm32f4.a(vector.o)
rcc_osc_bypass_disable                            /home/licit/Documentos/libopencm3/libopencm3-examples/libopencm3/lib/libopencm3_stm32f4.a(rcc_common_all.o)
rcc_osc_bypass_enable                             /home/licit/Documentos/libopencm3/libopencm3-examples/libopencm3/lib/libopencm3_stm32f4.a(rcc_common_all.o)
rcc_osc_off                                       /home/licit/Documentos/libopencm3/libopencm3-examples/libopencm3/lib/libopencm3_stm32f4.a(rcc.o)
rcc_osc_on                                        /home/licit/Documentos/libopencm3/libopencm3-examples/libopencm3/lib/libopencm3_stm32f4.a(rcc.o)
rcc_osc_ready_int_clear                           /home/licit/Documentos/libopencm3/libopencm3-examples/libopencm3/lib/libopencm3_stm32f4.a(rcc.o)
rcc_osc_ready_int_disable                         /home/licit/Documentos/libopencm3/libopencm3-examples/libopencm3/lib/libopencm3_stm32f4.a(rcc.o)
rcc_osc_ready_int_enable                          /home/licit/Documentos/libopencm3/libopencm3-examples/libopencm3/lib/libopencm3_stm32f4.a(rcc.o)
rcc_osc_ready_int_flag                            /home/licit/Documentos/libopencm3/libopencm3-examples/libopencm3/lib/libopencm3_stm32f4.a(rcc.o)
rcc_periph_clock_disable                          /home/licit/Documentos/libopencm3/libopencm3-examples/libopencm3/lib/libopencm3_stm32f4.a(rcc_common_all.o)
rcc_periph_clock_enable                           /home/licit/Documentos/libopencm3/libopencm3-examples/libopencm3/lib/libopencm3_stm32f4.a(rcc_common_all.o)
                                                  /home/licit/Documentos/libopencm3/libopencm3-examples/libopencm3/lib/libopencm3_stm32f4.a(rcc.o)
                                                  lcd-spi.o
                                                  console.o
                                                  clock.o
                                                  sdram.o
rcc_periph_reset_hold                             /home/licit/Documentos/libopencm3/libopencm3-examples/libopencm3/lib/libopencm3_stm32f4.a(rcc_common_all.o)
rcc_periph_reset_pulse                            /home/licit/Documentos/libopencm3/libopencm3-examples/libopencm3/lib/libopencm3_stm32f4.a(rcc_common_all.o)
                                                  /home/licit/Documentos/libopencm3/libopencm3-examples/libopencm3/lib/libopencm3_stm32f4.a(spi_common_all.o)
rcc_periph_reset_release                          /home/licit/Documentos/libopencm3/libopencm3-examples/libopencm3/lib/libopencm3_stm32f4.a(rcc_common_all.o)
rcc_peripheral_clear_reset                        /home/licit/Documentos/libopencm3/libopencm3-examples/libopencm3/lib/libopencm3_stm32f4.a(rcc_common_all.o)
rcc_peripheral_disable_clock                      /home/licit/Documentos/libopencm3/libopencm3-examples/libopencm3/lib/libopencm3_stm32f4.a(rcc_common_all.o)
rcc_peripheral_enable_clock                       /home/licit/Documentos/libopencm3/libopencm3-examples/libopencm3/lib/libopencm3_stm32f4.a(rcc_common_all.o)
rcc_peripheral_reset                              /home/licit/Documentos/libopencm3/libopencm3-examples/libopencm3/lib/libopencm3_stm32f4.a(rcc_common_all.o)
rcc_plli2s_config                                 /home/licit/Documentos/libopencm3/libopencm3-examples/libopencm3/lib/libopencm3_stm32f4.a(rcc.o)
rcc_pllsai_config                                 /home/licit/Documentos/libopencm3/libopencm3-examples/libopencm3/lib/libopencm3_stm32f4.a(rcc.o)
rcc_pllsai_postscalers                            /home/licit/Documentos/libopencm3/libopencm3-examples/libopencm3/lib/libopencm3_stm32f4.a(rcc.o)
rcc_set_hpre                                      /home/licit/Documentos/libopencm3/libopencm3-examples/libopencm3/lib/libopencm3_stm32f4.a(rcc.o)
rcc_set_main_pll_hse                              /home/licit/Documentos/libopencm3/libopencm3-examples/libopencm3/lib/libopencm3_stm32f4.a(rcc.o)
rcc_set_main_pll_hsi                              /home/licit/Documentos/libopencm3/libopencm3-examples/libopencm3/lib/libopencm3_stm32f4.a(rcc.o)
rcc_set_mco                                       /home/licit/Documentos/libopencm3/libopencm3-examples/libopencm3/lib/libopencm3_stm32f4.a(rcc_common_all.o)