Archive member included to satisfy reference by file (symbol)

/home/juan/Documents/VIII_Semestre/Labo_Micros/opencm3/libopencm3-examples/libopencm3/lib/libopencm3_stm32f4.a(fmc_common_f47.o)
                              sdram.o (sdram_timing)
/home/juan/Documents/VIII_Semestre/Labo_Micros/opencm3/libopencm3-examples/libopencm3/lib/libopencm3_stm32f4.a(gpio_common_all.o)
                              lcd-spi.o (gpio_set)
/home/juan/Documents/VIII_Semestre/Labo_Micros/opencm3/libopencm3-examples/libopencm3/lib/libopencm3_stm32f4.a(gpio_common_f0234.o)
                              sdram.o (gpio_mode_setup)
/home/juan/Documents/VIII_Semestre/Labo_Micros/opencm3/libopencm3-examples/libopencm3/lib/libopencm3_stm32f4.a(rcc_common_all.o)
                              sdram.o (rcc_periph_clock_enable)
/home/juan/Documents/VIII_Semestre/Labo_Micros/opencm3/libopencm3-examples/libopencm3/lib/libopencm3_stm32f4.a(rcc.o)
                              clock.o (rcc_clock_setup_pll)
/home/juan/Documents/VIII_Semestre/Labo_Micros/opencm3/libopencm3-examples/libopencm3/lib/libopencm3_stm32f4.a(spi_common_all.o)
                              lcd-spi.o (spi_enable)
/home/juan/Documents/VIII_Semestre/Labo_Micros/opencm3/libopencm3-examples/libopencm3/lib/libopencm3_stm32f4.a(spi_common_v1.o)
                              lcd-spi.o (spi_init_master)
/home/juan/Documents/VIII_Semestre/Labo_Micros/opencm3/libopencm3-examples/libopencm3/lib/libopencm3_stm32f4.a(usart_common_all.o)
                              console.o (usart_set_baudrate)
/home/juan/Documents/VIII_Semestre/Labo_Micros/opencm3/libopencm3-examples/libopencm3/lib/libopencm3_stm32f4.a(usart_common_f124.o)
                              /home/juan/Documents/VIII_Semestre/Labo_Micros/opencm3/libopencm3-examples/libopencm3/lib/libopencm3_stm32f4.a(usart_common_all.o) (usart_send)
/home/juan/Documents/VIII_Semestre/Labo_Micros/opencm3/libopencm3-examples/libopencm3/lib/libopencm3_stm32f4.a(vector.o)
                              (reset_handler)
/home/juan/Documents/VIII_Semestre/Labo_Micros/opencm3/libopencm3-examples/libopencm3/lib/libopencm3_stm32f4.a(systick.o)
                              clock.o (systick_set_reload)
/home/juan/Documents/VIII_Semestre/Labo_Micros/opencm3/libopencm3-examples/libopencm3/lib/libopencm3_stm32f4.a(scb.o)
                              console.o (scb_reset_system)
/home/juan/Documents/VIII_Semestre/Labo_Micros/opencm3/libopencm3-examples/libopencm3/lib/libopencm3_stm32f4.a(nvic.o)
                              console.o (nvic_enable_irq)
/home/juan/Documents/VIII_Semestre/Labo_Micros/opencm3/libopencm3-examples/libopencm3/lib/libopencm3_stm32f4.a(flash_common_all.o)
                              /home/juan/Documents/VIII_Semestre/Labo_Micros/opencm3/libopencm3-examples/libopencm3/lib/libopencm3_stm32f4.a(rcc.o) (flash_set_ws)
/home/juan/Documents/VIII_Semestre/Labo_Micros/opencm3/libopencm3-examples/libopencm3/lib/libopencm3_stm32f4.a(flash_common_idcache.o)
                              /home/juan/Documents/VIII_Semestre/Labo_Micros/opencm3/libopencm3-examples/libopencm3/lib/libopencm3_stm32f4.a(rcc.o) (flash_dcache_enable)
/home/juan/Documents/VIII_Semestre/Labo_Micros/opencm3/libopencm3-examples/libopencm3/lib/libopencm3_stm32f4.a(pwr.o)
                              /home/juan/Documents/VIII_Semestre/Labo_Micros/opencm3/libopencm3-examples/libopencm3/lib/libopencm3_stm32f4.a(rcc.o) (pwr_set_vos_scale)
/usr/lib/gcc/arm-none-eabi/9.2.1/../../../arm-none-eabi/lib/thumb/v7e-m+fp/hard/libc.a(lib_a-sprintf.o)
                              labo4.o (sprintf)
/usr/lib/gcc/arm-none-eabi/9.2.1/../../../arm-none-eabi/lib/thumb/v7e-m+fp/hard/libc.a(lib_a-svfprintf.o)
                              /usr/lib/gcc/arm-none-eabi/9.2.1/../../../arm-none-eabi/lib/thumb/v7e-m+fp/hard/libc.a(lib_a-sprintf.o) (_svfprintf_r)
/usr/lib/gcc/arm-none-eabi/9.2.1/../../../arm-none-eabi/lib/thumb/v7e-m+fp/hard/libc.a(lib_a-dtoa.o)
                              /usr/lib/gcc/arm-none-eabi/9.2.1/../../../arm-none-eabi/lib/thumb/v7e-m+fp/hard/libc.a(lib_a-svfprintf.o) (_dtoa_r)
/usr/lib/gcc/arm-none-eabi/9.2.1/../../../arm-none-eabi/lib/thumb/v7e-m+fp/hard/libc.a(lib_a-impure.o)
                              /usr/lib/gcc/arm-none-eabi/9.2.1/../../../arm-none-eabi/lib/thumb/v7e-m+fp/hard/libc.a(lib_a-sprintf.o) (_impure_ptr)
/usr/lib/gcc/arm-none-eabi/9.2.1/../../../arm-none-eabi/lib/thumb/v7e-m+fp/hard/libc.a(lib_a-localeconv.o)
                              /usr/lib/gcc/arm-none-eabi/9.2.1/../../../arm-none-eabi/lib/thumb/v7e-m+fp/hard/libc.a(lib_a-svfprintf.o) (_localeconv_r)
/usr/lib/gcc/arm-none-eabi/9.2.1/../../../arm-none-eabi/lib/thumb/v7e-m+fp/hard/libc.a(lib_a-mallocr.o)
                              /usr/lib/gcc/arm-none-eabi/9.2.1/../../../arm-none-eabi/lib/thumb/v7e-m+fp/hard/libc.a(lib_a-svfprintf.o) (_malloc_r)
/usr/lib/gcc/arm-none-eabi/9.2.1/../../../arm-none-eabi/lib/thumb/v7e-m+fp/hard/libc.a(lib_a-memchr.o)
[...]
Memory Configuration

Name             Origin             Length             Attributes
rom              0x0000000008000000 0x0000000000200000 xr
ccm              0x0000000010000000 0x0000000000010000 xrw
ram              0x0000000020000000 0x0000000000030000 xrw
*default*        0x0000000000000000 0xffffffffffffffff

Linker script and memory map

LOAD sdram.o
LOAD clock.o
LOAD console.o
LOAD lcd-spi.o
LOAD gfx.o
LOAD labo4.o
LOAD /usr/lib/gcc/arm-none-eabi/9.2.1/../../../arm-none-eabi/lib/thumb/v7e-m+fp/hard/libm.a
LOAD /home/juan/Documents/VIII_Semestre/Labo_Micros/opencm3/libopencm3-examples/libopencm3/lib/libopencm3_stm32f4.a
START GROUP
LOAD /usr/lib/gcc/arm-none-eabi/9.2.1/../../../arm-none-eabi/lib/thumb/v7e-m+fp/hard/libc.a
LOAD /usr/lib/gcc/arm-none-eabi/9.2.1/thumb/v7e-m+fp/hard/libgcc.a
LOAD /usr/lib/gcc/arm-none-eabi/9.2.1/../../../arm-none-eabi/lib/thumb/v7e-m+fp/hard/libnosys.a
END GROUP
START GROUP
LOAD /usr/lib/gcc/arm-none-eabi/9.2.1/thumb/v7e-m+fp/hard/libgcc.a
LOAD /usr/lib/gcc/arm-none-eabi/9.2.1/../../../arm-none-eabi/lib/thumb/v7e-m+fp/hard/libg.a
LOAD /usr/lib/gcc/arm-none-eabi/9.2.1/../../../arm-none-eabi/lib/thumb/v7e-m+fp/hard/libc.a
END GROUP

.text           0x0000000008000000     0x97e8
 *(.vectors)
 .vectors       0x0000000008000000      0x1ac /home/juan/Documents/VIII_Semestre/Labo_Micros/opencm3/libopencm3-examples/libopencm3/lib/libopencm3_stm32f4.a(vector.o)
                0x0000000008000000                vector_table
 *(.text*)
 .text.sdram_init
                0x00000000080001ac       0xfc sdram.o
                0x00000000080001ac                sdram_init
 .text.sys_tick_handler
                0x00000000080002a8       0x10 clock.o
                0x00000000080002a8                sys_tick_handler
 .text.msleep   0x00000000080002b8       0x14 clock.o
                0x00000000080002b8                msleep
 .text.clock_setup
                0x00000000080002cc       0x40 clock.o
                0x00000000080002cc                clock_setup
 .text.usart1_isr
                0x000000000800030c       0x58 console.o
                0x000000000800030c                usart1_isr
 .text.console_putc
                0x0000000008000364       0x18 console.o
                0x0000000008000364                console_putc
 .text.console_puts
                0x000000000800037c       0x1e console.o
                0x000000000800037c                console_puts
 *fill*         0x000000000800039a        0x2 
 .text.console_setup
                0x000000000800039c       0x80 console.o
                0x000000000800039c                console_setup
 .text.lcd_command
                0x000000000800041c       0x64 lcd-spi.o
 .text.print_hex
                0x0000000008000480       0x4c lcd-spi.o
 .text.lcd_draw_pixel
                0x00000000080004cc       0x14 lcd-spi.o
                0x00000000080004cc                lcd_draw_pixel
 .text.lcd_show_frame
                0x00000000080004e0       0x50 lcd-spi.o
                0x00000000080004e0                lcd_show_frame
 .text.lcd_spi_init
                0x0000000008000530      0x1b0 lcd-spi.o
                0x0000000008000530                lcd_spi_init
 .text.gfx_drawPixel
                0x00000000080006e0       0x2c gfx.o
                0x00000000080006e0                gfx_drawPixel
 .text.gfx_init
                0x000000000800070c       0x20 gfx.o
                0x000000000800070c                gfx_init
 .text.gfx_drawLine
                0x000000000800072c       0xb4 gfx.o
                0x000000000800072c                gfx_drawLine
 .text.gfx_drawFastVLine
                0x00000000080007e0       0x16 gfx.o
                0x00000000080007e0                gfx_drawFastVLine
 .text.gfx_fillRect
                0x00000000080007f6       0x2a gfx.o
                0x00000000080007f6                gfx_fillRect
 .text.gfx_fillScreen
                0x0000000008000820       0x20 gfx.o
                0x0000000008000820                gfx_fillScreen
 .text.gfx_drawChar
                0x0000000008000840       0xdc gfx.o
                0x0000000008000840                gfx_drawChar
 .text.gfx_write
                0x000000000800091c       0x70 gfx.o
                0x000000000800091c                gfx_write
 .text.gfx_puts
                0x000000000800098c       0x12 gfx.o
                0x000000000800098c                gfx_puts
 *fill*         0x000000000800099e        0x2 
 .text.gfx_setCursor
                0x00000000080009a0        0xc gfx.o
                0x00000000080009a0                gfx_setCursor
 .text.gfx_setTextSize
                0x00000000080009ac       0x10 gfx.o
                0x00000000080009ac                gfx_setTextSize
 .text.gfx_setTextColor
                0x00000000080009bc        0xc gfx.o
                0x00000000080009bc                gfx_setTextColor
 .text.print_decimal
                0x00000000080009c8       0x52 labo4.o
                0x00000000080009c8                print_decimal
 *fill*         0x0000000008000a1a        0x2 
 .text.startup.main
                0x0000000008000a1c      0x500 labo4.o
                0x0000000008000a1c                main
 .text.sdram_timing
                0x0000000008000f1c       0x4e /home/juan/Documents/VIII_Semestre/Labo_Micros/opencm3/libopencm3-examples/libopencm3/lib/libopencm3_stm32f4.a(fmc_common_f47.o)
                0x0000000008000f1c                sdram_timing
 *fill*         0x0000000008000f6a        0x2 
 .text.sdram_command
                0x0000000008000f6c       0x64 /home/juan/Documents/VIII_Semestre/Labo_Micros/opencm3/libopencm3-examples/libopencm3/lib/libopencm3_stm32f4.a(fmc_common_f47.o)
                0x0000000008000f6c                sdram_command
 .text.gpio_set
                0x0000000008000fd0        0x4 /home/juan/Documents/VIII_Semestre/Labo_Micros/opencm3/libopencm3-examples/libopencm3/lib/libopencm3_stm32f4.a(gpio_common_all.o)
                0x0000000008000fd0                gpio_set
 .text.gpio_clear
                0x0000000008000fd4        0x6 /home/juan/Documents/VIII_Semestre/Labo_Micros/opencm3/libopencm3-examples/libopencm3/lib/libopencm3_stm32f4.a(gpio_common_all.o)
                0x0000000008000fd4                gpio_clear
 .text.gpio_get
                0x0000000008000fda        0x6 /home/juan/Documents/VIII_Semestre/Labo_Micros/opencm3/libopencm3-examples/libopencm3/lib/libopencm3_stm32f4.a(gpio_common_all.o)
                0x0000000008000fda                gpio_get
 .text.gpio_toggle
                0x0000000008000fe0       0x12 /home/juan/Documents/VIII_Semestre/Labo_Micros/opencm3/libopencm3-examples/libopencm3/lib/libopencm3_stm32f4.a(gpio_common_all.o)
                0x0000000008000fe0                gpio_toggle
 .text.gpio_mode_setup
                0x0000000008000ff2       0x40 /home/juan/Documents/VIII_Semestre/Labo_Micros/opencm3/libopencm3-examples/libopencm3/lib/libopencm3_stm32f4.a(gpio_common_f0234.o)
                0x0000000008000ff2                gpio_mode_setup
 .text.gpio_set_output_options
                0x0000000008001032       0x36 /home/juan/Documents/VIII_Semestre/Labo_Micros/opencm3/libopencm3-examples/libopencm3/lib/libopencm3_stm32f4.a(gpio_common_f0234.o)
                0x0000000008001032                gpio_set_output_options
 .text.gpio_set_af
                0x0000000008001068       0x54 /home/juan/Documents/VIII_Semestre/Labo_Micros/opencm3/libopencm3-examples/libopencm3/lib/libopencm3_stm32f4.a(gpio_common_f0234.o)
                0x0000000008001068                gpio_set_af
 .text.rcc_periph_clock_enable
                0x00000000080010bc       0x1c /home/juan/Documents/VIII_Semestre/Labo_Micros/opencm3/libopencm3-examples/libopencm3/lib/libopencm3_stm32f4.a(rcc_common_all.o)
                0x00000000080010bc                rcc_periph_clock_enable
 .text.rcc_is_osc_ready
                0x00000000080010d8       0x5c /home/juan/Documents/VIII_Semestre/Labo_Micros/opencm3/libopencm3-examples/libopencm3/lib/libopencm3_stm32f4.a(rcc.o)
                0x00000000080010d8                rcc_is_osc_ready
 .text.rcc_wait_for_osc_ready
                0x0000000008001134       0x10 /home/juan/Documents/VIII_Semestre/Labo_Micros/opencm3/libopencm3-examples/libopencm3/lib/libopencm3_stm32f4.a(rcc.o)
                0x0000000008001134                rcc_wait_for_osc_ready
 .text.rcc_osc_on
                0x0000000008001144       0x58 /home/juan/Documents/VIII_Semestre/Labo_Micros/opencm3/libopencm3-examples/libopencm3/lib/libopencm3_stm32f4.a(rcc.o)
                0x0000000008001144                rcc_osc_on
 .text.rcc_osc_off
                0x000000000800119c       0x58 /home/juan/Documents/VIII_Semestre/Labo_Micros/opencm3/libopencm3-examples/libopencm3/lib/libopencm3_stm32f4.a(rcc.o)
                0x000000000800119c                rcc_osc_off
 .text.rcc_set_sysclk_source
                0x00000000080011f4       0x14 /home/juan/Documents/VIII_Semestre/Labo_Micros/opencm3/libopencm3-examples/libopencm3/lib/libopencm3_stm32f4.a(rcc.o)
                0x00000000080011f4                rcc_set_sysclk_source
 .text.rcc_set_ppre2
                0x0000000008001208       0x14 /home/juan/Documents/VIII_Semestre/Labo_Micros/opencm3/libopencm3-examples/libopencm3/lib/libopencm3_stm32f4.a(rcc.o)
                0x0000000008001208                rcc_set_ppre2
 .text.rcc_set_ppre1
                0x000000000800121c       0x14 /home/juan/Documents/VIII_Semestre/Labo_Micros/opencm3/libopencm3-examples/libopencm3/lib/libopencm3_stm32f4.a(rcc.o)
                0x000000000800121c                rcc_set_ppre1
 .text.rcc_set_hpre
                0x0000000008001230       0x14 /home/juan/Documents/VIII_Semestre/Labo_Micros/opencm3/libopencm3-examples/libopencm3/lib/libopencm3_stm32f4.a(rcc.o)
                0x0000000008001230                rcc_set_hpre
 .text.rcc_set_main_pll_hsi
                0x0000000008001244       0x44 /home/juan/Documents/VIII_Semestre/Labo_Micros/opencm3/libopencm3-examples/libopencm3/lib/libopencm3_stm32f4.a(rcc.o)
                0x0000000008001244                rcc_set_main_pll_hsi
 .text.rcc_set_main_pll_hse
                0x0000000008001288       0x44 /home/juan/Documents/VIII_Semestre/Labo_Micros/opencm3/libopencm3-examples/libopencm3/lib/libopencm3_stm32f4.a(rcc.o)
                0x0000000008001288                rcc_set_main_pll_hse
 .text.rcc_clock_setup_pll
                0x00000000080012cc       0xf4 /home/juan/Documents/VIII_Semestre/Labo_Micros/opencm3/libopencm3-examples/libopencm3/lib/libopencm3_stm32f4.a(rcc.o)
                0x00000000080012cc                rcc_clock_setup_pll
 .text.spi_enable
                0x00000000080013c0        0xa /home/juan/Documents/VIII_Semestre/Labo_Micros/opencm3/libopencm3-examples/libopencm3/lib/libopencm3_stm32f4.a(spi_common_all.o)
                0x00000000080013c0                spi_enable
 .text.spi_send
                0x00000000080013ca        0xa /home/juan/Documents/VIII_Semestre/Labo_Micros/opencm3/libopencm3-examples/libopencm3/lib/libopencm3_stm32f4.a(spi_common_all.o)
                0x00000000080013ca                spi_send
 .text.spi_read
                0x00000000080013d4        0xc /home/juan/Documents/VIII_Semestre/Labo_Micros/opencm3/libopencm3-examples/libopencm3/lib/libopencm3_stm32f4.a(spi_common_all.o)
                0x00000000080013d4                spi_read
 .text.spi_xfer
                0x00000000080013e0        0xe /home/juan/Documents/VIII_Semestre/Labo_Micros/opencm3/libopencm3-examples/libopencm3/lib/libopencm3_stm32f4.a(spi_common_all.o)
                0x00000000080013e0                spi_xfer
 .text.spi_set_unidirectional_mode
                0x00000000080013ee        0xa /home/juan/Documents/VIII_Semestre/Labo_Micros/opencm3/libopencm3-examples/libopencm3/lib/libopencm3_stm32f4.a(spi_common_all.o)
                0x00000000080013ee                spi_set_unidirectional_mode
 .text.spi_set_full_duplex_mode
                0x00000000080013f8        0xa /home/juan/Documents/VIII_Semestre/Labo_Micros/opencm3/libopencm3-examples/libopencm3/lib/libopencm3_stm32f4.a(spi_common_all.o)
                0x00000000080013f8                spi_set_full_duplex_mode
 .text.spi_enable_software_slave_management
                0x0000000008001402       0x12 /home/juan/Documents/VIII_Semestre/Labo_Micros/opencm3/libopencm3-examples/libopencm3/lib/libopencm3_stm32f4.a(spi_common_all.o)
                0x0000000008001402                spi_enable_software_slave_management
 .text.spi_set_nss_high
                0x0000000008001414        0xa /home/juan/Documents/VIII_Semestre/Labo_Micros/opencm3/libopencm3-examples/libopencm3/lib/libopencm3_stm32f4.a(spi_common_all.o)
                0x0000000008001414                spi_set_nss_high
 .text.spi_send_msb_first
                0x000000000800141e        0xa /home/juan/Documents/VIII_Semestre/Labo_Micros/opencm3/libopencm3-examples/libopencm3/lib/libopencm3_stm32f4.a(spi_common_all.o)
                0x000000000800141e                spi_send_msb_first
 .text.spi_set_baudrate_prescaler
                0x0000000008001428       0x16 /home/juan/Documents/VIII_Semestre/Labo_Micros/opencm3/libopencm3-examples/libopencm3/lib/libopencm3_stm32f4.a(spi_common_all.o)
                0x0000000008001428                spi_set_baudrate_prescaler
 .text.spi_set_master_mode
                0x000000000800143e        0xa /home/juan/Documents/VIII_Semestre/Labo_Micros/opencm3/libopencm3-examples/libopencm3/lib/libopencm3_stm32f4.a(spi_common_all.o)
                0x000000000800143e                spi_set_master_mode
 .text.spi_set_clock_polarity_0
                0x0000000008001448        0xa /home/juan/Documents/VIII_Semestre/Labo_Micros/opencm3/libopencm3-examples/libopencm3/lib/libopencm3_stm32f4.a(spi_common_all.o)
                0x0000000008001448                spi_set_clock_polarity_0
 .text.spi_set_clock_phase_0
                0x0000000008001452        0xa /home/juan/Documents/VIII_Semestre/Labo_Micros/opencm3/libopencm3-examples/libopencm3/lib/libopencm3_stm32f4.a(spi_common_all.o)
                0x0000000008001452                spi_set_clock_phase_0
 .text.spi_enable_ss_output
                0x000000000800145c        0xa /home/juan/Documents/VIII_Semestre/Labo_Micros/opencm3/libopencm3-examples/libopencm3/lib/libopencm3_stm32f4.a(spi_common_all.o)
                0x000000000800145c                spi_enable_ss_output
 .text.spi_init_master
                0x0000000008001466       0x28 /home/juan/Documents/VIII_Semestre/Labo_Micros/opencm3/libopencm3-examples/libopencm3/lib/libopencm3_stm32f4.a(spi_common_v1.o)
                0x0000000008001466                spi_init_master
 *fill*         0x000000000800148e        0x2 
 .text.usart_set_baudrate
                0x0000000008001490       0x2c /home/juan/Documents/VIII_Semestre/Labo_Micros/opencm3/libopencm3-examples/libopencm3/lib/libopencm3_stm32f4.a(usart_common_all.o)
                0x0000000008001490                usart_set_baudrate
 .text.usart_set_databits
                0x00000000080014bc       0x12 /home/juan/Documents/VIII_Semestre/Labo_Micros/opencm3/libopencm3-examples/libopencm3/lib/libopencm3_stm32f4.a(usart_common_all.o)
                0x00000000080014bc                usart_set_databits
 .text.usart_set_stopbits
                0x00000000080014ce        0xc /home/juan/Documents/VIII_Semestre/Labo_Micros/opencm3/libopencm3-examples/libopencm3/lib/libopencm3_stm32f4.a(usart_common_all.o)
                0x00000000080014ce                usart_set_stopbits
 .text.usart_set_parity
                0x00000000080014da        0xc /home/juan/Documents/VIII_Semestre/Labo_Micros/opencm3/libopencm3-examples/libopencm3/lib/libopencm3_stm32f4.a(usart_common_all.o)
                0x00000000080014da                usart_set_parity
 .text.usart_set_mode
                0x00000000080014e6        0xc /home/juan/Documents/VIII_Semestre/Labo_Micros/opencm3/libopencm3-examples/libopencm3/lib/libopencm3_stm32f4.a(usart_common_all.o)
                0x00000000080014e6                usart_set_mode
 .text.usart_set_flow_control
                0x00000000080014f2        0xc /home/juan/Documents/VIII_Semestre/Labo_Micros/opencm3/libopencm3-examples/libopencm3/lib/libopencm3_stm32f4.a(usart_common_all.o)
                0x00000000080014f2                usart_set_flow_control
 .text.usart_enable
                0x00000000080014fe        0xa /home/juan/Documents/VIII_Semestre/Labo_Micros/opencm3/libopencm3-examples/libopencm3/lib/libopencm3_stm32f4.a(usart_common_all.o)
                0x00000000080014fe                usart_enable
 .text.usart_enable_rx_interrupt
                0x0000000008001508        0xa /home/juan/Documents/VIII_Semestre/Labo_Micros/opencm3/libopencm3-examples/libopencm3/lib/libopencm3_stm32f4.a(usart_common_all.o)
                0x0000000008001508                usart_enable_rx_interrupt
 .text.blocking_handler
                0x0000000008001512        0x2 /home/juan/Documents/VIII_Semestre/Labo_Micros/opencm3/libopencm3-examples/libopencm3/lib/libopencm3_stm32f4.a(vector.o)
                0x0000000008001512                dma2_stream1_isr
                0x0000000008001512                tim8_brk_tim12_isr
                0x0000000008001512                dma1_stream7_isr
                0x0000000008001512                usart3_isr
                0x0000000008001512                tim7_isr
                0x0000000008001512                dma2d_isr
                0x0000000008001512                uart8_isr
                0x0000000008001512                dma1_stream2_isr
                0x0000000008001512                otg_hs_isr
                0x0000000008001512                blocking_handler
                0x0000000008001512                tim5_isr
                0x0000000008001512                rtc_wkup_isr
                0x0000000008001512                otg_fs_isr
                0x0000000008001512                spi1_isr
                0x0000000008001512                i2c3_er_isr
                0x0000000008001512                exti2_isr
                0x0000000008001512                spi5_isr
                0x0000000008001512                usb_fs_wkup_isr
                0x0000000008001512                tamp_stamp_isr
                0x0000000008001512                can1_rx1_isr
                0x0000000008001512                dma2_stream0_isr
                0x0000000008001512                i2c3_ev_isr
                0x0000000008001512                usage_fault_handler
                0x0000000008001512                can2_rx0_isr
                0x0000000008001512                dma1_stream6_isr
                0x0000000008001512                can2_rx1_isr
                0x0000000008001512                can1_sce_isr
                0x0000000008001512                tim1_cc_isr
                0x0000000008001512                can1_tx_isr
                0x0000000008001512                tim1_up_tim10_isr
                0x0000000008001512                sdio_isr
                0x0000000008001512                eth_isr
                0x0000000008001512                spi6_isr
                0x0000000008001512                dma2_stream5_isr
                0x0000000008001512                pvd_isr
                0x0000000008001512                can1_rx0_isr
                0x0000000008001512                rcc_isr
                0x0000000008001512                dma2_stream3_isr
                0x0000000008001512                flash_isr
                0x0000000008001512                uart4_isr
                0x0000000008001512                lcd_tft_isr
                0x0000000008001512                rtc_alarm_isr
                0x0000000008001512                exti15_10_isr
                0x0000000008001512                hash_rng_isr
                0x0000000008001512                tim1_trg_com_tim11_isr
                0x0000000008001512                hard_fault_handler
                0x0000000008001512                exti1_isr
                0x0000000008001512                i2c1_ev_isr
                0x0000000008001512                usart6_isr
                0x0000000008001512                spi2_isr
                0x0000000008001512                cryp_isr
                0x0000000008001512                nvic_wwdg_isr
                0x0000000008001512                dma1_stream1_isr
                0x0000000008001512                dma2_stream4_isr
                0x0000000008001512                exti3_isr
                0x0000000008001512                tim3_isr
                0x0000000008001512                usart2_isr
                0x0000000008001512                sai1_isr
                0x0000000008001512                fpu_isr
                0x0000000008001512                dma1_stream4_isr
                0x0000000008001512                i2c2_er_isr
                0x0000000008001512                i2c2_ev_isr
                0x0000000008001512                uart5_isr
                0x0000000008001512                dma2_stream6_isr
                0x0000000008001512                spi4_isr
                0x0000000008001512                adc_isr
                0x0000000008001512                dma2_stream7_isr
                0x0000000008001512                tim8_up_tim13_isr
                0x0000000008001512                fsmc_isr
                0x0000000008001512                exti4_isr
                0x0000000008001512                tim6_dac_isr
                0x0000000008001512                dma1_stream3_isr
                0x0000000008001512                tim8_trg_com_tim14_isr
                0x0000000008001512                mem_manage_handler
                0x0000000008001512                lcd_tft_err_isr
                0x0000000008001512                can2_tx_isr
                0x0000000008001512                exti9_5_isr
                0x0000000008001512                tim1_brk_tim9_isr
                0x0000000008001512                uart7_isr
                0x0000000008001512                can2_sce_isr
                0x0000000008001512                tim4_isr
                0x0000000008001512                otg_hs_wkup_isr
                0x0000000008001512                i2c1_er_isr
                0x0000000008001512                dma1_stream0_isr
                0x0000000008001512                tim8_cc_isr
                0x0000000008001512                dcmi_isr
                0x0000000008001512                dma2_stream2_isr
                0x0000000008001512                eth_wkup_isr
                0x0000000008001512                bus_fault_handler
                0x0000000008001512                otg_hs_ep1_out_isr
                0x0000000008001512                spi3_isr
                0x0000000008001512                dma1_stream5_isr
                0x0000000008001512                otg_hs_ep1_in_isr
                0x0000000008001512                tim2_isr
                0x0000000008001512                exti0_isr
 .text.null_handler
                0x0000000008001514        0x2 /home/juan/Documents/VIII_Semestre/Labo_Micros/opencm3/libopencm3-examples/libopencm3/lib/libopencm3_stm32f4.a(vector.o)
                0x0000000008001514                null_handler
                0x0000000008001514                sv_call_handler
                0x0000000008001514                pend_sv_handler
                0x0000000008001514                debug_monitor_handler
                0x0000000008001514                nmi_handler
 *fill*         0x0000000008001516        0x2 
 .text.reset_handler
                0x0000000008001518       0x98 /home/juan/Documents/VIII_Semestre/Labo_Micros/opencm3/libopencm3-examples/libopencm3/lib/libopencm3_stm32f4.a(vector.o)
                0x0000000008001518                reset_handler
 .text.systick_set_reload
                0x00000000080015b0       0x10 /home/juan/Documents/VIII_Semestre/Labo_Micros/opencm3/libopencm3-examples/libopencm3/lib/libopencm3_stm32f4.a(systick.o)
                0x00000000080015b0                systick_set_reload
 .text.systick_set_clocksource
                0x00000000080015c0       0x18 /home/juan/Documents/VIII_Semestre/Labo_Micros/opencm3/libopencm3-examples/libopencm3/lib/libopencm3_stm32f4.a(systick.o)
                0x00000000080015c0                systick_set_clocksource
 .text.systick_interrupt_enable
                0x00000000080015d8       0x10 /home/juan/Documents/VIII_Semestre/Labo_Micros/opencm3/libopencm3-examples/libopencm3/lib/libopencm3_stm32f4.a(systick.o)
                0x00000000080015d8                systick_interrupt_enable
 .text.systick_counter_enable
                0x00000000080015e8       0x10 /home/juan/Documents/VIII_Semestre/Labo_Micros/opencm3/libopencm3-examples/libopencm3/lib/libopencm3_stm32f4.a(systick.o)
                0x00000000080015e8                systick_counter_enable
 .text.scb_reset_system
                0x00000000080015f8       0x10 /home/juan/Documents/VIII_Semestre/Labo_Micros/opencm3/libopencm3-examples/libopencm3/lib/libopencm3_stm32f4.a(scb.o)
                0x00000000080015f8                scb_reset_system
 .text.nvic_enable_irq
                0x0000000008001608       0x1c /home/juan/Documents/VIII_Semestre/Labo_Micros/opencm3/libopencm3-examples/libopencm3/lib/libopencm3_stm32f4.a(nvic.o)
                0x0000000008001608                nvic_enable_irq
 .text.flash_set_ws
                0x0000000008001624       0x14 /home/juan/Documents/VIII_Semestre/Labo_Micros/opencm3/libopencm3-examples/libopencm3/lib/libopencm3_stm32f4.a(flash_common_all.o)
                0x0000000008001624                flash_set_ws
 .text.flash_dcache_enable
                0x0000000008001638       0x10 /home/juan/Documents/VIII_Semestre/Labo_Micros/opencm3/libopencm3-examples/libopencm3/lib/libopencm3_stm32f4.a(flash_common_idcache.o)
                0x0000000008001638                flash_dcache_enable
 .text.flash_dcache_disable
                0x0000000008001648       0x10 /home/juan/Documents/VIII_Semestre/Labo_Micros/opencm3/libopencm3-examples/libopencm3/lib/libopencm3_stm32f4.a(flash_common_idcache.o)
                0x0000000008001648                flash_dcache_disable
 .text.flash_icache_enable
                0x0000000008001658       0x10 /home/juan/Documents/VIII_Semestre/Labo_Micros/opencm3/libopencm3-examples/libopencm3/lib/libopencm3_stm32f4.a(flash_common_idcache.o)
                0x0000000008001658                flash_icache_enable
 .text.flash_icache_disable
                0x0000000008001668       0x10 /home/juan/Documents/VIII_Semestre/Labo_Micros/opencm3/libopencm3-examples/libopencm3/lib/libopencm3_stm32f4.a(flash_common_idcache.o)
                0x0000000008001668                flash_icache_disable
 .text.pwr_set_vos_scale
                0x0000000008001678       0x18 /home/juan/Documents/VIII_Semestre/Labo_Micros/opencm3/libopencm3-examples/libopencm3/lib/libopencm3_stm32f4.a(pwr.o)
                0x0000000008001678                pwr_set_vos_scale
 .text          0x0000000008001690       0x80 /usr/lib/gcc/arm-none-eabi/9.2.1/../../../arm-none-eabi/lib/thumb/v7e-m+fp/hard/libc.a(lib_a-sprintf.o)
                0x0000000008001690                _sprintf_r
                0x00000000080016cc                sprintf
 .text          0x0000000008001710     0x1498 /usr/lib/gcc/arm-none-eabi/9.2.1/../../../arm-none-eabi/lib/thumb/v7e-m+fp/hard/libc.a(lib_a-svfprintf.o)
                0x0000000008001710                _svfprintf_r
 .text          0x0000000008002ba8      0xfc0 /usr/lib/gcc/arm-none-eabi/9.2.1/../../../arm-none-eabi/lib/thumb/v7e-m+fp/hard/libc.a(lib_a-dtoa.o)
                0x0000000008002ccc                _dtoa_r
 .text          0x0000000008003b68       0x14 /usr/lib/gcc/arm-none-eabi/9.2.1/../../../arm-none-eabi/lib/thumb/v7e-m+fp/hard/libc.a(lib_a-localeconv.o)
                0x0000000008003b68                __localeconv_l
                0x0000000008003b6c                _localeconv_r
                0x0000000008003b74                localeconv
 .text          0x0000000008003b7c      0x564 /usr/lib/gcc/arm-none-eabi/9.2.1/../../../arm-none-eabi/lib/thumb/v7e-m+fp/hard/libc.a(lib_a-mallocr.o)
                0x0000000008003b7c                _malloc_r
 .text          0x00000000080040e0       0xa0 /usr/lib/gcc/arm-none-eabi/9.2.1/../../../arm-none-eabi/lib/thumb/v7e-m+fp/hard/libc.a(lib_a-memchr.o)
                0x00000000080040e0                memchr
 .text          0x0000000008004180      0x134 /usr/lib/gcc/arm-none-eabi/9.2.1/../../../arm-none-eabi/lib/thumb/v7e-m+fp/hard/libc.a(lib_a-memcpy.o)
                0x0000000008004180                memcpy
 .text          0x00000000080042b4        0x8 /usr/lib/gcc/arm-none-eabi/9.2.1/../../../arm-none-eabi/lib/thumb/v7e-m+fp/hard/libc.a(lib_a-mlock.o)
                0x00000000080042b4                __malloc_lock
                0x00000000080042b8                __malloc_unlock
 .text          0x00000000080042bc      0x9a8 /usr/lib/gcc/arm-none-eabi/9.2.1/../../../arm-none-eabi/lib/thumb/v7e-m+fp/hard/libc.a(lib_a-mprec.o)
                0x00000000080042bc                _Balloc
                0x0000000008004308                _Bfree
                0x000000000800431c                __multadd
                0x00000000080043c0                __s2b
                0x000000000800446c                __hi0bits
                0x00000000080044ac                __lo0bits
                0x000000000800450c                __i2b
                0x0000000008004538                __multiply
                0x0000000008004684                __pow5mult
                0x000000000800471c                __lshift
                0x00000000080047e8                __mcmp
                0x0000000008004820                __mdiff
                0x0000000008004948                __ulp
                0x0000000008004998                __b2d
                0x0000000008004a50                __d2b
                0x0000000008004b24                __ratio
                0x0000000008004b84                _mprec_log10
                0x0000000008004bc4                __copybits
                0x0000000008004c0c                __any_on
 .text          0x0000000008004c64       0x24 /usr/lib/gcc/arm-none-eabi/9.2.1/../../../arm-none-eabi/lib/thumb/v7e-m+fp/hard/libc.a(lib_a-sbrkr.o)
                0x0000000008004c64                _sbrk_r
 *fill*         0x0000000008004c88       0x38 
 .text          0x0000000008004cc0       0xdc /usr/lib/gcc/arm-none-eabi/9.2.1/../../../arm-none-eabi/lib/thumb/v7e-m+fp/hard/libc.a(lib_a-strlen.o)
                0x0000000008004cc0                strlen
 .text          0x0000000008004d9c      0xb64 /usr/lib/gcc/arm-none-eabi/9.2.1/../../../arm-none-eabi/lib/thumb/v7e-m+fp/hard/libc.a(lib_a-svfiprintf.o)
                0x0000000008004d9c                __ssprint_r
                0x0000000008004e94                _svfiprintf_r
 .text          0x0000000008005900       0x48 /usr/lib/gcc/arm-none-eabi/9.2.1/../../../arm-none-eabi/lib/thumb/v7e-m+fp/hard/libc.a(lib_a-assert.o)
                0x0000000008005900                __assert_func
                0x000000000800593c                __assert
 .text          0x0000000008005948       0x60 /usr/lib/gcc/arm-none-eabi/9.2.1/../../../arm-none-eabi/lib/thumb/v7e-m+fp/hard/libc.a(lib_a-callocr.o)
                0x0000000008005948                _calloc_r
 .text          0x00000000080059a8       0x44 /usr/lib/gcc/arm-none-eabi/9.2.1/../../../arm-none-eabi/lib/thumb/v7e-m+fp/hard/libc.a(lib_a-fiprintf.o)
                0x00000000080059a8                _fiprintf_r
                0x00000000080059c4                fiprintf
 .text          0x00000000080059ec      0x294 /usr/lib/gcc/arm-none-eabi/9.2.1/../../../arm-none-eabi/lib/thumb/v7e-m+fp/hard/libc.a(lib_a-freer.o)
                0x00000000080059ec                _malloc_trim_r
                0x0000000008005a8c                _free_r
 .text          0x0000000008005c80       0x5c /usr/lib/gcc/arm-none-eabi/9.2.1/../../../arm-none-eabi/lib/thumb/v7e-m+fp/hard/libc.a(lib_a-locale.o)
                0x0000000008005c80                _setlocale_r
                0x0000000008005cc0                __locale_mb_cur_max
                0x0000000008005ccc                setlocale
 .text          0x0000000008005cdc       0x40 /usr/lib/gcc/arm-none-eabi/9.2.1/../../../arm-none-eabi/lib/thumb/v7e-m+fp/hard/libc.a(lib_a-mbtowc_r.o)
                0x0000000008005cdc                _mbtowc_r
                0x0000000008005cf0                __ascii_mbtowc
 .text          0x0000000008005d1c       0xd0 /usr/lib/gcc/arm-none-eabi/9.2.1/../../../arm-none-eabi/lib/thumb/v7e-m+fp/hard/libc.a(lib_a-memmove.o)
                0x0000000008005d1c                memmove
 .text          0x0000000008005dec       0xa0 /usr/lib/gcc/arm-none-eabi/9.2.1/../../../arm-none-eabi/lib/thumb/v7e-m+fp/hard/libc.a(lib_a-memset.o)
                0x0000000008005dec                memset
 .text          0x0000000008005e8c      0x36c /usr/lib/gcc/arm-none-eabi/9.2.1/../../../arm-none-eabi/lib/thumb/v7e-m+fp/hard/libc.a(lib_a-reallocr.o)
                0x0000000008005e8c                _realloc_r
 *fill*         0x00000000080061f8        0x8 
 .text          0x0000000008006200      0x2dc /usr/lib/gcc/arm-none-eabi/9.2.1/../../../arm-none-eabi/lib/thumb/v7e-m+fp/hard/libc.a(lib_a-strcmp.o)
                0x0000000008006208                strcmp
 .text          0x00000000080064dc      0xd00 /usr/lib/gcc/arm-none-eabi/9.2.1/../../../arm-none-eabi/lib/thumb/v7e-m+fp/hard/libc.a(lib_a-vfiprintf.o)
                0x0000000008006554                __sprint_r
                0x0000000008006568                _vfiprintf_r
                0x0000000008007158                vfiprintf
 .text          0x00000000080071dc       0x30 /usr/lib/gcc/arm-none-eabi/9.2.1/../../../arm-none-eabi/lib/thumb/v7e-m+fp/hard/libc.a(lib_a-wctomb_r.o)
                0x00000000080071dc                _wctomb_r
                0x00000000080071f0                __ascii_wctomb
 .text          0x000000000800720c       0xd0 /usr/lib/gcc/arm-none-eabi/9.2.1/../../../arm-none-eabi/lib/thumb/v7e-m+fp/hard/libc.a(lib_a-wsetup.o)
                0x000000000800720c                __swsetup_r
 .text          0x00000000080072dc       0x10 /usr/lib/gcc/arm-none-eabi/9.2.1/../../../arm-none-eabi/lib/thumb/v7e-m+fp/hard/libc.a(lib_a-abort.o)
                0x00000000080072dc                abort
 .text          0x00000000080072ec      0x1a4 /usr/lib/gcc/arm-none-eabi/9.2.1/../../../arm-none-eabi/lib/thumb/v7e-m+fp/hard/libc.a(lib_a-fflush.o)
                0x00000000080072ec                __sflush_r
                0x0000000008007438                _fflush_r
                0x000000000800746c                fflush
 .text          0x0000000008007490      0x1f4 /usr/lib/gcc/arm-none-eabi/9.2.1/../../../arm-none-eabi/lib/thumb/v7e-m+fp/hard/libc.a(lib_a-findfp.o)
                0x0000000008007494                _cleanup_r
                0x0000000008007578                __sfmoreglue
                0x00000000080075a8                __sfp
                0x0000000008007630                _cleanup
                0x0000000008007644                __sinit
                0x000000000800764c                __sfp_lock_acquire
                0x0000000008007650                __sfp_lock_release
                0x0000000008007654                __sinit_lock_acquire
                0x0000000008007658                __sinit_lock_release
                0x000000000800765c                __fp_lock_all
                0x0000000008007670                __fp_unlock_all
 .text          0x0000000008007684      0x110 /usr/lib/gcc/arm-none-eabi/9.2.1/../../../arm-none-eabi/lib/thumb/v7e-m+fp/hard/libc.a(lib_a-fputwc.o)
                0x0000000008007684                __fputwc
                0x000000000800772c                _fputwc_r
                0x0000000008007754                fputwc
 .text          0x0000000008007794      0x308 /usr/lib/gcc/arm-none-eabi/9.2.1/../../../arm-none-eabi/lib/thumb/v7e-m+fp/hard/libc.a(lib_a-fvwrite.o)
                0x0000000008007794                __sfvwrite_r
 .text          0x0000000008007a9c       0xa0 /usr/lib/gcc/arm-none-eabi/9.2.1/../../../arm-none-eabi/lib/thumb/v7e-m+fp/hard/libc.a(lib_a-fwalk.o)
                0x0000000008007a9c                _fwalk
                0x0000000008007ae8                _fwalk_reent
 .text          0x0000000008007b3c       0xf0 /usr/lib/gcc/arm-none-eabi/9.2.1/../../../arm-none-eabi/lib/thumb/v7e-m+fp/hard/libc.a(lib_a-makebuf.o)
                0x0000000008007b3c                __swhatbuf_r
                0x0000000008007b98                __smakebuf_r
 .text          0x0000000008007c2c      0x15c /usr/lib/gcc/arm-none-eabi/9.2.1/../../../arm-none-eabi/lib/thumb/v7e-m+fp/hard/libc.a(lib_a-signal.o)
                0x0000000008007c54                _init_signal_r
                0x0000000008007c60                _signal_r
                0x0000000008007c98                _raise_r
                0x0000000008007cf0                __sigtramp_r
                0x0000000008007d44                raise
                0x0000000008007d54                signal
                0x0000000008007d64                _init_signal
                0x0000000008007d78                __sigtramp
 .text          0x0000000008007d88       0x2c /usr/lib/gcc/arm-none-eabi/9.2.1/../../../arm-none-eabi/lib/thumb/v7e-m+fp/hard/libc.a(lib_a-signalr.o)
                0x0000000008007d88                _kill_r
                0x0000000008007db0                _getpid_r
 .text          0x0000000008007db4       0x90 /usr/lib/gcc/arm-none-eabi/9.2.1/../../../arm-none-eabi/lib/thumb/v7e-m+fp/hard/libc.a(lib_a-stdio.o)
                0x0000000008007db4                __sread
                0x0000000008007dd8                __seofread
                0x0000000008007ddc                __swrite
                0x0000000008007e1c                __sseek
                0x0000000008007e3c                __sclose
 .text          0x0000000008007e44       0xc0 /usr/lib/gcc/arm-none-eabi/9.2.1/../../../arm-none-eabi/lib/thumb/v7e-m+fp/hard/libc.a(lib_a-wbuf.o)
                0x0000000008007e44                __swbuf_r
                0x0000000008007ef4                __swbuf
 .text          0x0000000008007f04       0x7c /usr/lib/gcc/arm-none-eabi/9.2.1/../../../arm-none-eabi/lib/thumb/v7e-m+fp/hard/libc.a(lib_a-wcrtomb.o)
                0x0000000008007f04                _wcrtomb_r
                0x0000000008007f38                wcrtomb
 .text          0x0000000008007f80       0x2c /usr/lib/gcc/arm-none-eabi/9.2.1/../../../arm-none-eabi/lib/thumb/v7e-m+fp/hard/libc.a(lib_a-writer.o)
                0x0000000008007f80                _write_r
 .text          0x0000000008007fac       0x24 /usr/lib/gcc/arm-none-eabi/9.2.1/../../../arm-none-eabi/lib/thumb/v7e-m+fp/hard/libc.a(lib_a-closer.o)
                0x0000000008007fac                _close_r
 .text          0x0000000008007fd0       0x98 /usr/lib/gcc/arm-none-eabi/9.2.1/../../../arm-none-eabi/lib/thumb/v7e-m+fp/hard/libc.a(lib_a-fclose.o)
                0x0000000008007fd0                _fclose_r
                0x0000000008008058                fclose
 .text          0x0000000008008068       0x28 /usr/lib/gcc/arm-none-eabi/9.2.1/../../../arm-none-eabi/lib/thumb/v7e-m+fp/hard/libc.a(lib_a-fstatr.o)
                0x0000000008008068                _fstat_r
 .text          0x0000000008008090       0x24 /usr/lib/gcc/arm-none-eabi/9.2.1/../../../arm-none-eabi/lib/thumb/v7e-m+fp/hard/libc.a(lib_a-isattyr.o)
                0x0000000008008090                _isatty_r
 .text          0x00000000080080b4       0x2c /usr/lib/gcc/arm-none-eabi/9.2.1/../../../arm-none-eabi/lib/thumb/v7e-m+fp/hard/libc.a(lib_a-lseekr.o)
                0x00000000080080b4                _lseek_r
 .text          0x00000000080080e0       0x2c /usr/lib/gcc/arm-none-eabi/9.2.1/../../../arm-none-eabi/lib/thumb/v7e-m+fp/hard/libc.a(lib_a-readr.o)
                0x00000000080080e0                _read_r
 .text          0x000000000800810c      0x378 /usr/lib/gcc/arm-none-eabi/9.2.1/thumb/v7e-m+fp/hard/libgcc.a(_arm_addsubdf3.o)
                0x000000000800810c                __aeabi_drsub
                0x0000000008008114                __aeabi_dsub
                0x0000000008008114                __subdf3
                0x0000000008008118                __adddf3
                0x0000000008008118                __aeabi_dadd
                0x0000000008008390                __aeabi_ui2d
                0x0000000008008390                __floatunsidf
                0x00000000080083b0                __floatsidf
                0x00000000080083b0                __aeabi_i2d
                0x00000000080083d4                __extendsfdf2
                0x00000000080083d4                __aeabi_f2d
                0x0000000008008418                __aeabi_ul2d
                0x0000000008008418                __floatundidf
                0x0000000008008428                __floatdidf
                0x0000000008008428                __aeabi_l2d
 .text          0x0000000008008484      0x424 /usr/lib/gcc/arm-none-eabi/9.2.1/thumb/v7e-m+fp/hard/libgcc.a(_arm_muldivdf3.o)
                0x0000000008008484                __aeabi_dmul
                0x0000000008008484                __muldf3
                0x00000000080086d8                __aeabi_ddiv
                0x00000000080086d8                __divdf3
 .text          0x00000000080088a8      0x110 /usr/lib/gcc/arm-none-eabi/9.2.1/thumb/v7e-m+fp/hard/libgcc.a(_arm_cmpdf2.o)
                0x00000000080088a8                __gtdf2
                0x00000000080088a8                __gedf2
                0x00000000080088b0                __ltdf2
                0x00000000080088b0                __ledf2
                0x00000000080088b8                __cmpdf2
                0x00000000080088b8                __eqdf2
                0x00000000080088b8                __nedf2
                0x0000000008008934                __aeabi_cdrcmple
                0x0000000008008944                __aeabi_cdcmple
                0x0000000008008944                __aeabi_cdcmpeq
                0x0000000008008954                __aeabi_dcmpeq
                0x0000000008008968                __aeabi_dcmplt
                0x000000000800897c                __aeabi_dcmple
                0x0000000008008990                __aeabi_dcmpge
                0x00000000080089a4                __aeabi_dcmpgt
 .text          0x00000000080089b8       0x2c /usr/lib/gcc/arm-none-eabi/9.2.1/thumb/v7e-m+fp/hard/libgcc.a(_arm_unorddf2.o)
                0x00000000080089b8                __aeabi_dcmpun
                0x00000000080089b8                __unorddf2
 .text          0x00000000080089e4       0x50 /usr/lib/gcc/arm-none-eabi/9.2.1/thumb/v7e-m+fp/hard/libgcc.a(_arm_fixdfsi.o)
                0x00000000080089e4                __fixdfsi
                0x00000000080089e4                __aeabi_d2iz
 .text          0x0000000008008a34       0x30 /usr/lib/gcc/arm-none-eabi/9.2.1/thumb/v7e-m+fp/hard/libgcc.a(_aeabi_uldivmod.o)
                0x0000000008008a34                __aeabi_uldivmod
 .text          0x0000000008008a64      0x2c4 /usr/lib/gcc/arm-none-eabi/9.2.1/thumb/v7e-m+fp/hard/libgcc.a(_udivmoddi4.o)
                0x0000000008008a64                __udivmoddi4
 .text          0x0000000008008d28        0x4 /usr/lib/gcc/arm-none-eabi/9.2.1/thumb/v7e-m+fp/hard/libgcc.a(_dvmd_tls.o)
                0x0000000008008d28                __aeabi_ldiv0
                0x0000000008008d28                __aeabi_idiv0
 .text          0x0000000008008d2c       0x10 /usr/lib/gcc/arm-none-eabi/9.2.1/../../../arm-none-eabi/lib/thumb/v7e-m+fp/hard/libnosys.a(close.o)
                0x0000000008008d2c                _close
 .text          0x0000000008008d3c       0x10 /usr/lib/gcc/arm-none-eabi/9.2.1/../../../arm-none-eabi/lib/thumb/v7e-m+fp/hard/libnosys.a(fstat.o)
                0x0000000008008d3c                _fstat
 .text          0x0000000008008d4c       0x10 /usr/lib/gcc/arm-none-eabi/9.2.1/../../../arm-none-eabi/lib/thumb/v7e-m+fp/hard/libnosys.a(getpid.o)
                0x0000000008008d4c                _getpid
 .text          0x0000000008008d5c       0x10 /usr/lib/gcc/arm-none-eabi/9.2.1/../../../arm-none-eabi/lib/thumb/v7e-m+fp/hard/libnosys.a(isatty.o)
                0x0000000008008d5c                _isatty
 .text          0x0000000008008d6c       0x10 /usr/lib/gcc/arm-none-eabi/9.2.1/../../../arm-none-eabi/lib/thumb/v7e-m+fp/hard/libnosys.a(kill.o)
                0x0000000008008d6c                _kill
 .text          0x0000000008008d7c       0x10 /usr/lib/gcc/arm-none-eabi/9.2.1/../../../arm-none-eabi/lib/thumb/v7e-m+fp/hard/libnosys.a(lseek.o)
                0x0000000008008d7c                _lseek
 .text          0x0000000008008d8c       0x10 /usr/lib/gcc/arm-none-eabi/9.2.1/../../../arm-none-eabi/lib/thumb/v7e-m+fp/hard/libnosys.a(read.o)
                0x0000000008008d8c                _read
 .text          0x0000000008008d9c       0x1c /usr/lib/gcc/arm-none-eabi/9.2.1/../../../arm-none-eabi/lib/thumb/v7e-m+fp/hard/libnosys.a(sbrk.o)
                0x0000000008008d9c                _sbrk
 .text          0x0000000008008db8       0x10 /usr/lib/gcc/arm-none-eabi/9.2.1/../../../arm-none-eabi/lib/thumb/v7e-m+fp/hard/libnosys.a(write.o)
                0x0000000008008db8                _write
 .text          0x0000000008008dc8        0x4 /usr/lib/gcc/arm-none-eabi/9.2.1/../../../arm-none-eabi/lib/thumb/v7e-m+fp/hard/libnosys.a(_exit.o)
                0x0000000008008dc8                _exit
                0x0000000008008dcc                . = ALIGN (0x4)
 *(.rodata*)
 .rodata.sdram_pins
                0x0000000008008dcc       0x30 sdram.o
 .rodata.print_hex.str1.1
                0x0000000008008dfc        0x3 lcd-spi.o
 .rodata.lcd_spi_init.str1.1
                0x0000000008008dff       0x62 lcd-spi.o
 .rodata.cmd_args
                0x0000000008008e61       0x3a lcd-spi.o
 *fill*         0x0000000008008e9b        0x1 
 .rodata.initialization
                0x0000000008008e9c       0x50 lcd-spi.o
                0x0000000008008e9c                initialization
 .rodata.mcm_font
                0x0000000008008eec      0x480 gfx.o
 .rodata.main.str1.1
                0x000000000800936c       0x6e labo4.o
                                         0x70 (size before relaxing)
 .rodata.CSWTCH.2
                0x00000000080093da        0x3 /home/juan/Documents/VIII_Semestre/Labo_Micros/opencm3/libopencm3-examples/libopencm3/lib/libopencm3_stm32f4.a(fmc_common_f47.o)
 *fill*         0x00000000080093dd        0x3 
 .rodata.rcc_hse_8mhz_3v3
                0x00000000080093e0       0x54 /home/juan/Documents/VIII_Semestre/Labo_Micros/opencm3/libopencm3-examples/libopencm3/lib/libopencm3_stm32f4.a(rcc.o)
                0x00000000080093e0                rcc_hse_8mhz_3v3
 .rodata        0x0000000008009434       0x20 /usr/lib/gcc/arm-none-eabi/9.2.1/../../../arm-none-eabi/lib/thumb/v7e-m+fp/hard/libc.a(lib_a-svfprintf.o)
 .rodata.str1.4
                0x0000000008009454       0x42 /usr/lib/gcc/arm-none-eabi/9.2.1/../../../arm-none-eabi/lib/thumb/v7e-m+fp/hard/libc.a(lib_a-svfprintf.o)
 *fill*         0x0000000008009496        0x2 
 .rodata.str1.4
                0x0000000008009498       0x56 /usr/lib/gcc/arm-none-eabi/9.2.1/../../../arm-none-eabi/lib/thumb/v7e-m+fp/hard/libc.a(lib_a-dtoa.o)
                                         0x5a (size before relaxing)
 *fill*         0x00000000080094ee        0x2 
 .rodata        0x00000000080094f0        0x4 /usr/lib/gcc/arm-none-eabi/9.2.1/../../../arm-none-eabi/lib/thumb/v7e-m+fp/hard/libc.a(lib_a-impure.o)
                0x00000000080094f0                _global_impure_ptr
 *fill*         0x00000000080094f4        0x4 
 .rodata        0x00000000080094f8      0x128 /usr/lib/gcc/arm-none-eabi/9.2.1/../../../arm-none-eabi/lib/thumb/v7e-m+fp/hard/libc.a(lib_a-mprec.o)
                0x0000000008009508                __mprec_tens
                0x00000000080095d0                __mprec_tinytens
                0x00000000080095f8                __mprec_bigtens
 .rodata.str1.4
                0x0000000008009620       0x33 /usr/lib/gcc/arm-none-eabi/9.2.1/../../../arm-none-eabi/lib/thumb/v7e-m+fp/hard/libc.a(lib_a-mprec.o)
                                         0x47 (size before relaxing)
 *fill*         0x0000000008009653        0x1 
 .rodata        0x0000000008009654       0x20 /usr/lib/gcc/arm-none-eabi/9.2.1/../../../arm-none-eabi/lib/thumb/v7e-m+fp/hard/libc.a(lib_a-svfiprintf.o)
 .rodata.str1.4
                0x0000000008009674       0x2f /usr/lib/gcc/arm-none-eabi/9.2.1/../../../arm-none-eabi/lib/thumb/v7e-m+fp/hard/libc.a(lib_a-svfiprintf.o)
 .rodata.str1.4
                0x0000000008009674       0x3f /usr/lib/gcc/arm-none-eabi/9.2.1/../../../arm-none-eabi/lib/thumb/v7e-m+fp/hard/libc.a(lib_a-assert.o)
                                         0x43 (size before relaxing)
 *fill*         0x00000000080096b3        0x1 
 .rodata.str1.4
                0x00000000080096b4        0xe /usr/lib/gcc/arm-none-eabi/9.2.1/../../../arm-none-eabi/lib/thumb/v7e-m+fp/hard/libc.a(lib_a-locale.o)
                                         0x12 (size before relaxing)
 *fill*         0x00000000080096c2        0x2 
 .rodata        0x00000000080096c4       0x20 /usr/lib/gcc/arm-none-eabi/9.2.1/../../../arm-none-eabi/lib/thumb/v7e-m+fp/hard/libc.a(lib_a-vfiprintf.o)
 .rodata.str1.4
                0x00000000080096e4       0x2f /usr/lib/gcc/arm-none-eabi/9.2.1/../../../arm-none-eabi/lib/thumb/v7e-m+fp/hard/libc.a(lib_a-vfiprintf.o)
 .rodata        0x00000000080096e4      0x101 /usr/lib/gcc/arm-none-eabi/9.2.1/../../../arm-none-eabi/lib/thumb/v7e-m+fp/hard/libc.a(lib_a-ctype_.o)
                0x00000000080096e4                _ctype_
                0x00000000080097e8                . = ALIGN (0x4)
 *fill*         0x00000000080097e5        0x3 

.glue_7         0x00000000080097e8        0x0
 .glue_7        0x00000000080097e8        0x0 linker stubs

.glue_7t        0x00000000080097e8        0x0
 .glue_7t       0x00000000080097e8        0x0 linker stubs

.vfp11_veneer   0x00000000080097e8        0x0
 .vfp11_veneer  0x00000000080097e8        0x0 linker stubs

.v4_bx          0x00000000080097e8        0x0
 .v4_bx         0x00000000080097e8        0x0 linker stubs

.iplt           0x00000000080097e8        0x0
 .iplt          0x00000000080097e8        0x0 sdram.o

.preinit_array  0x00000000080097e8        0x0
                0x00000000080097e8                . = ALIGN (0x4)
                0x00000000080097e8                __preinit_array_start = .
 *(.preinit_array)
                0x00000000080097e8                __preinit_array_end = .

.init_array     0x00000000080097e8        0x0
                0x00000000080097e8                . = ALIGN (0x4)
                0x00000000080097e8                __init_array_start = .
 *(SORT_BY_NAME(.init_array.*))
 *(.init_array)
                0x00000000080097e8                __init_array_end = .

.fini_array     0x00000000080097e8        0x0
                0x00000000080097e8                . = ALIGN (0x4)
                0x00000000080097e8                __fini_array_start = .
 *(.fini_array)
 *(SORT_BY_NAME(.fini_array.*))
                0x00000000080097e8                __fini_array_end = .

.ARM.extab
 *(.ARM.extab*)

.ARM.exidx      0x00000000080097e8        0x8
                0x00000000080097e8                __exidx_start = .
 *(.ARM.exidx*)
 .ARM.exidx     0x00000000080097e8        0x8 /usr/lib/gcc/arm-none-eabi/9.2.1/thumb/v7e-m+fp/hard/libgcc.a(_udivmoddi4.o)
                0x00000000080097f0                __exidx_end = .

.rel.dyn        0x00000000080097f0        0x0
 .rel.iplt      0x00000000080097f0        0x0 sdram.o
                0x00000000080097f0                . = ALIGN (0x4)
                0x00000000080097f0                _etext = .

.noinit
 *(.noinit*)
                0x00000000080097f0                . = ALIGN (0x4)

.data           0x0000000020000000      0x9d4 load address 0x00000000080097f0
                0x0000000020000000                _data = .
 *(.data*)
 .data.timing   0x0000000020000000       0x1c sdram.o
 .data.rcc_ahb_frequency
                0x000000002000001c        0x4 /home/juan/Documents/VIII_Semestre/Labo_Micros/opencm3/libopencm3-examples/libopencm3/lib/libopencm3_stm32f4.a(rcc.o)
                0x000000002000001c                rcc_ahb_frequency
 .data.rcc_apb1_frequency
                0x0000000020000020        0x4 /home/juan/Documents/VIII_Semestre/Labo_Micros/opencm3/libopencm3-examples/libopencm3/lib/libopencm3_stm32f4.a(rcc.o)
                0x0000000020000020                rcc_apb1_frequency
 .data.rcc_apb2_frequency
                0x0000000020000024        0x4 /home/juan/Documents/VIII_Semestre/Labo_Micros/opencm3/libopencm3-examples/libopencm3/lib/libopencm3_stm32f4.a(rcc.o)
                0x0000000020000024                rcc_apb2_frequency
 .data          0x0000000020000028      0x430 /usr/lib/gcc/arm-none-eabi/9.2.1/../../../arm-none-eabi/lib/thumb/v7e-m+fp/hard/libc.a(lib_a-impure.o)
                0x0000000020000028                _impure_ptr
 .data          0x0000000020000458      0x410 /usr/lib/gcc/arm-none-eabi/9.2.1/../../../arm-none-eabi/lib/thumb/v7e-m+fp/hard/libc.a(lib_a-mallocr.o)
                0x0000000020000458                __malloc_av_
                0x0000000020000860                __malloc_sbrk_base
                0x0000000020000864                __malloc_trim_threshold
 .data          0x0000000020000868      0x16c /usr/lib/gcc/arm-none-eabi/9.2.1/../../../arm-none-eabi/lib/thumb/v7e-m+fp/hard/libc.a(lib_a-locale.o)
                0x0000000020000868                __global_locale
 *(.ramtext*)
                0x00000000200009d4                . = ALIGN (0x4)
                0x00000000200009d4                _edata = .
                0x00000000080097f0                _data_loadaddr = LOADADDR (.data)

.igot.plt       0x00000000200009d4        0x0 load address 0x000000000800a1c4
 .igot.plt      0x00000000200009d4        0x0 sdram.o

.bss            0x00000000200009d4       0xe4 load address 0x000000000800a1c4
 *(.bss*)
 .bss.system_millis
                0x00000000200009d4        0x4 clock.o
 .bss.recv_buf  0x00000000200009d8       0x80 console.o
                0x00000000200009d8                recv_buf
 .bss.recv_ndx_cur
                0x0000000020000a58        0x4 console.o
                0x0000000020000a58                recv_ndx_cur
 .bss.recv_ndx_nxt
                0x0000000020000a5c        0x4 console.o
                0x0000000020000a5c                recv_ndx_nxt
 .bss.cur_frame
                0x0000000020000a60        0x4 lcd-spi.o
                0x0000000020000a60                cur_frame
 .bss.display_frame
                0x0000000020000a64        0x4 lcd-spi.o
                0x0000000020000a64                display_frame
 .bss.__gfx_state
                0x0000000020000a68       0x14 gfx.o
                0x0000000020000a68                __gfx_state
 .bss           0x0000000020000a7c       0x34 /usr/lib/gcc/arm-none-eabi/9.2.1/../../../arm-none-eabi/lib/thumb/v7e-m+fp/hard/libc.a(lib_a-mallocr.o)
                0x0000000020000a7c                __malloc_top_pad
                0x0000000020000a80                __malloc_current_mallinfo
                0x0000000020000aa8                __malloc_max_sbrked_mem
                0x0000000020000aac                __malloc_max_total_mem
 .bss           0x0000000020000ab0        0x4 /usr/lib/gcc/arm-none-eabi/9.2.1/../../../arm-none-eabi/lib/thumb/v7e-m+fp/hard/libnosys.a(sbrk.o)
 *(COMMON)
 COMMON         0x0000000020000ab4        0x4 /usr/lib/gcc/arm-none-eabi/9.2.1/../../../arm-none-eabi/lib/thumb/v7e-m+fp/hard/libc.a(lib_a-reent.o)
                0x0000000020000ab4                errno
                0x0000000020000ab8                . = ALIGN (0x4)
                0x0000000020000ab8                _ebss = .

/DISCARD/
 *(.eh_frame)
                0x0000000020000ab8                . = ALIGN (0x4)
                0x0000000020000ab8                end = .
                0x0000000020030000                PROVIDE (_stack = (ORIGIN (ram) + LENGTH (ram)))
OUTPUT(labo4.elf elf32-littlearm)
LOAD linker stubs

.debug_info     0x0000000000000000    0x395c4
 .debug_info    0x0000000000000000      0x9fe sdram.o
 .debug_info    0x00000000000009fe      0x7e2 clock.o
 .debug_info    0x00000000000011e0      0xac7 console.o
 .debug_info    0x0000000000001ca7      0xec9 lcd-spi.o
 .debug_info    0x0000000000002b70     0x20a2 gfx.o
 .debug_info    0x0000000000004c12     0x21d0 labo4.o
 .debug_info    0x0000000000006de2      0x209 /home/juan/Documents/VIII_Semestre/Labo_Micros/opencm3/libopencm3-examples/libopencm3/lib/libopencm3_stm32f4.a(fmc_common_f47.o)
 .debug_info    0x0000000000006feb      0x24e /home/juan/Documents/VIII_Semestre/Labo_Micros/opencm3/libopencm3-examples/libopencm3/lib/libopencm3_stm32f4.a(gpio_common_all.o)
 .debug_info    0x0000000000007239      0x20f /home/juan/Documents/VIII_Semestre/Labo_Micros/opencm3/libopencm3-examples/libopencm3/lib/libopencm3_stm32f4.a(gpio_common_f0234.o)
 .debug_info    0x0000000000007448      0xaca /home/juan/Documents/VIII_Semestre/Labo_Micros/opencm3/libopencm3-examples/libopencm3/lib/libopencm3_stm32f4.a(rcc_common_all.o)
 .debug_info    0x0000000000007f12     0x1124 /home/juan/Documents/VIII_Semestre/Labo_Micros/opencm3/libopencm3-examples/libopencm3/lib/libopencm3_stm32f4.a(rcc.o)
 .debug_info    0x0000000000009036      0xbd0 /home/juan/Documents/VIII_Semestre/Labo_Micros/opencm3/libopencm3-examples/libopencm3/lib/libopencm3_stm32f4.a(spi_common_all.o)
 .debug_info    0x0000000000009c06      0x2f0 /home/juan/Documents/VIII_Semestre/Labo_Micros/opencm3/libopencm3-examples/libopencm3/lib/libopencm3_stm32f4.a(spi_common_v1.o)
 .debug_info    0x0000000000009ef6      0x71e /home/juan/Documents/VIII_Semestre/Labo_Micros/opencm3/libopencm3-examples/libopencm3/lib/libopencm3_stm32f4.a(usart_common_all.o)
 .debug_info    0x000000000000a614      0x2e6 /home/juan/Documents/VIII_Semestre/Labo_Micros/opencm3/libopencm3-examples/libopencm3/lib/libopencm3_stm32f4.a(vector.o)
 .debug_info    0x000000000000a8fa      0x268 /home/juan/Documents/VIII_Semestre/Labo_Micros/opencm3/libopencm3-examples/libopencm3/lib/libopencm3_stm32f4.a(systick.o)
 .debug_info    0x000000000000ab62      0x962 /home/juan/Documents/VIII_Semestre/Labo_Micros/opencm3/libopencm3-examples/libopencm3/lib/libopencm3_stm32f4.a(scb.o)
 .debug_info    0x000000000000b4c4      0x22d /home/juan/Documents/VIII_Semestre/Labo_Micros/opencm3/libopencm3-examples/libopencm3/lib/libopencm3_stm32f4.a(nvic.o)
 .debug_info    0x000000000000b6f1       0xf0 /home/juan/Documents/VIII_Semestre/Labo_Micros/opencm3/libopencm3-examples/libopencm3/lib/libopencm3_stm32f4.a(flash_common_all.o)
 .debug_info    0x000000000000b7e1       0xe8 /home/juan/Documents/VIII_Semestre/Labo_Micros/opencm3/libopencm3-examples/libopencm3/lib/libopencm3_stm32f4.a(flash_common_idcache.o)
 .debug_info    0x000000000000b8c9       0xdc /home/juan/Documents/VIII_Semestre/Labo_Micros/opencm3/libopencm3-examples/libopencm3/lib/libopencm3_stm32f4.a(pwr.o)
 .debug_info    0x000000000000b9a5      0xc90 /usr/lib/gcc/arm-none-eabi/9.2.1/../../../arm-none-eabi/lib/thumb/v7e-m+fp/hard/libc.a(lib_a-sprintf.o)
 .debug_info    0x000000000000c635     0x1ebd /usr/lib/gcc/arm-none-eabi/9.2.1/../../../arm-none-eabi/lib/thumb/v7e-m+fp/hard/libc.a(lib_a-svfprintf.o)
 .debug_info    0x000000000000e4f2     0x1acf /usr/lib/gcc/arm-none-eabi/9.2.1/../../../arm-none-eabi/lib/thumb/v7e-m+fp/hard/libc.a(lib_a-dtoa.o)
 .debug_info    0x000000000000ffc1      0x92a /usr/lib/gcc/arm-none-eabi/9.2.1/../../../arm-none-eabi/lib/thumb/v7e-m+fp/hard/libc.a(lib_a-impure.o)
 .debug_info    0x00000000000108eb      0xf49 /usr/lib/gcc/arm-none-eabi/9.2.1/../../../arm-none-eabi/lib/thumb/v7e-m+fp/hard/libc.a(lib_a-localeconv.o)
 .debug_info    0x0000000000011834      0xf41 /usr/lib/gcc/arm-none-eabi/9.2.1/../../../arm-none-eabi/lib/thumb/v7e-m+fp/hard/libc.a(lib_a-mallocr.o)
 .debug_info    0x0000000000012775       0x26 /usr/lib/gcc/arm-none-eabi/9.2.1/../../../arm-none-eabi/lib/thumb/v7e-m+fp/hard/libc.a(lib_a-memchr.o)
 .debug_info    0x000000000001279b       0x26 /usr/lib/gcc/arm-none-eabi/9.2.1/../../../arm-none-eabi/lib/thumb/v7e-m+fp/hard/libc.a(lib_a-memcpy.o)
 .debug_info    0x00000000000127c1      0x961 /usr/lib/gcc/arm-none-eabi/9.2.1/../../../arm-none-eabi/lib/thumb/v7e-m+fp/hard/libc.a(lib_a-mlock.o)
 .debug_info    0x0000000000013122     0x228d /usr/lib/gcc/arm-none-eabi/9.2.1/../../../arm-none-eabi/lib/thumb/v7e-m+fp/hard/libc.a(lib_a-mprec.o)
 .debug_info    0x00000000000153af      0x9fb /usr/lib/gcc/arm-none-eabi/9.2.1/../../../arm-none-eabi/lib/thumb/v7e-m+fp/hard/libc.a(lib_a-sbrkr.o)
 .debug_info    0x0000000000015daa       0x26 /usr/lib/gcc/arm-none-eabi/9.2.1/../../../arm-none-eabi/lib/thumb/v7e-m+fp/hard/libc.a(lib_a-strlen.o)
 .debug_info    0x0000000000015dd0     0x18fe /usr/lib/gcc/arm-none-eabi/9.2.1/../../../arm-none-eabi/lib/thumb/v7e-m+fp/hard/libc.a(lib_a-svfiprintf.o)
 .debug_info    0x00000000000176ce      0xa41 /usr/lib/gcc/arm-none-eabi/9.2.1/../../../arm-none-eabi/lib/thumb/v7e-m+fp/hard/libc.a(lib_a-assert.o)
 .debug_info    0x000000000001810f      0xc2f /usr/lib/gcc/arm-none-eabi/9.2.1/../../../arm-none-eabi/lib/thumb/v7e-m+fp/hard/libc.a(lib_a-callocr.o)
 .debug_info    0x0000000000018d3e      0xa71 /usr/lib/gcc/arm-none-eabi/9.2.1/../../../arm-none-eabi/lib/thumb/v7e-m+fp/hard/libc.a(lib_a-fiprintf.o)
 .debug_info    0x00000000000197af      0xdc4 /usr/lib/gcc/arm-none-eabi/9.2.1/../../../arm-none-eabi/lib/thumb/v7e-m+fp/hard/libc.a(lib_a-freer.o)
 .debug_info    0x000000000001a573     0x10ca /usr/lib/gcc/arm-none-eabi/9.2.1/../../../arm-none-eabi/lib/thumb/v7e-m+fp/hard/libc.a(lib_a-locale.o)
 .debug_info    0x000000000001b63d     0x1044 /usr/lib/gcc/arm-none-eabi/9.2.1/../../../arm-none-eabi/lib/thumb/v7e-m+fp/hard/libc.a(lib_a-mbtowc_r.o)
 .debug_info    0x000000000001c681      0xf2b /usr/lib/gcc/arm-none-eabi/9.2.1/../../../arm-none-eabi/lib/thumb/v7e-m+fp/hard/libc.a(lib_a-memmove.o)
 .debug_info    0x000000000001d5ac      0xf21 /usr/lib/gcc/arm-none-eabi/9.2.1/../../../arm-none-eabi/lib/thumb/v7e-m+fp/hard/libc.a(lib_a-memset.o)
 .debug_info    0x000000000001e4cd      0xefd /usr/lib/gcc/arm-none-eabi/9.2.1/../../../arm-none-eabi/lib/thumb/v7e-m+fp/hard/libc.a(lib_a-reallocr.o)
 .debug_info    0x000000000001f3ca      0xac5 /usr/lib/gcc/arm-none-eabi/9.2.1/../../../arm-none-eabi/lib/thumb/v7e-m+fp/hard/libc.a(lib_a-reent.o)
 .debug_info    0x000000000001fe8f       0x26 /usr/lib/gcc/arm-none-eabi/9.2.1/../../../arm-none-eabi/lib/thumb/v7e-m+fp/hard/libc.a(lib_a-strcmp.o)
 .debug_info    0x000000000001feb5     0x1eb6 /usr/lib/gcc/arm-none-eabi/9.2.1/../../../arm-none-eabi/lib/thumb/v7e-m+fp/hard/libc.a(lib_a-vfiprintf.o)
 .debug_info    0x0000000000021d6b      0xffd /usr/lib/gcc/arm-none-eabi/9.2.1/../../../arm-none-eabi/lib/thumb/v7e-m+fp/hard/libc.a(lib_a-wctomb_r.o)
 .debug_info    0x0000000000022d68      0xbf3 /usr/lib/gcc/arm-none-eabi/9.2.1/../../../arm-none-eabi/lib/thumb/v7e-m+fp/hard/libc.a(lib_a-wsetup.o)
 .debug_info    0x000000000002395b      0x9b5 /usr/lib/gcc/arm-none-eabi/9.2.1/../../../arm-none-eabi/lib/thumb/v7e-m+fp/hard/libc.a(lib_a-abort.o)
 .debug_info    0x0000000000024310      0xe91 /usr/lib/gcc/arm-none-eabi/9.2.1/../../../arm-none-eabi/lib/thumb/v7e-m+fp/hard/libc.a(lib_a-ctype_.o)
 .debug_info    0x00000000000251a1      0xd73 /usr/lib/gcc/arm-none-eabi/9.2.1/../../../arm-none-eabi/lib/thumb/v7e-m+fp/hard/libc.a(lib_a-fflush.o)
 .debug_info    0x0000000000025f14     0x1143 /usr/lib/gcc/arm-none-eabi/9.2.1/../../../arm-none-eabi/lib/thumb/v7e-m+fp/hard/libc.a(lib_a-findfp.o)
 .debug_info    0x0000000000027057      0xe4a /usr/lib/gcc/arm-none-eabi/9.2.1/../../../arm-none-eabi/lib/thumb/v7e-m+fp/hard/libc.a(lib_a-fputwc.o)
 .debug_info    0x0000000000027ea1      0xeed /usr/lib/gcc/arm-none-eabi/9.2.1/../../../arm-none-eabi/lib/thumb/v7e-m+fp/hard/libc.a(lib_a-fvwrite.o)
 .debug_info    0x0000000000028d8e      0xca4 /usr/lib/gcc/arm-none-eabi/9.2.1/../../../arm-none-eabi/lib/thumb/v7e-m+fp/hard/libc.a(lib_a-fwalk.o)
 .debug_info    0x0000000000029a32      0xf69 /usr/lib/gcc/arm-none-eabi/9.2.1/../../../arm-none-eabi/lib/thumb/v7e-m+fp/hard/libc.a(lib_a-makebuf.o)
 .debug_info    0x000000000002a99b      0xd5c /usr/lib/gcc/arm-none-eabi/9.2.1/../../../arm-none-eabi/lib/thumb/v7e-m+fp/hard/libc.a(lib_a-signal.o)
 .debug_info    0x000000000002b6f7      0xa44 /usr/lib/gcc/arm-none-eabi/9.2.1/../../../arm-none-eabi/lib/thumb/v7e-m+fp/hard/libc.a(lib_a-signalr.o)
 .debug_info    0x000000000002c13b      0xe67 /usr/lib/gcc/arm-none-eabi/9.2.1/../../../arm-none-eabi/lib/thumb/v7e-m+fp/hard/libc.a(lib_a-stdio.o)
 .debug_info    0x000000000002cfa2      0xc90 /usr/lib/gcc/arm-none-eabi/9.2.1/../../../arm-none-eabi/lib/thumb/v7e-m+fp/hard/libc.a(lib_a-wbuf.o)
 .debug_info    0x000000000002dc32     0x10b3 /usr/lib/gcc/arm-none-eabi/9.2.1/../../../arm-none-eabi/lib/thumb/v7e-m+fp/hard/libc.a(lib_a-wcrtomb.o)
 .debug_info    0x000000000002ece5      0xa2c /usr/lib/gcc/arm-none-eabi/9.2.1/../../../arm-none-eabi/lib/thumb/v7e-m+fp/hard/libc.a(lib_a-writer.o)
 .debug_info    0x000000000002f711      0x9d8 /usr/lib/gcc/arm-none-eabi/9.2.1/../../../arm-none-eabi/lib/thumb/v7e-m+fp/hard/libc.a(lib_a-closer.o)
 .debug_info    0x00000000000300e9      0xcd5 /usr/lib/gcc/arm-none-eabi/9.2.1/../../../arm-none-eabi/lib/thumb/v7e-m+fp/hard/libc.a(lib_a-fclose.o)
 .debug_info    0x0000000000030dbe      0xc24 /usr/lib/gcc/arm-none-eabi/9.2.1/../../../arm-none-eabi/lib/thumb/v7e-m+fp/hard/libc.a(lib_a-fstatr.o)
 .debug_info    0x00000000000319e2      0x9d8 /usr/lib/gcc/arm-none-eabi/9.2.1/../../../arm-none-eabi/lib/thumb/v7e-m+fp/hard/libc.a(lib_a-isattyr.o)
 .debug_info    0x00000000000323ba      0xa0d /usr/lib/gcc/arm-none-eabi/9.2.1/../../../arm-none-eabi/lib/thumb/v7e-m+fp/hard/libc.a(lib_a-lseekr.o)
 .debug_info    0x0000000000032dc7      0xa25 /usr/lib/gcc/arm-none-eabi/9.2.1/../../../arm-none-eabi/lib/thumb/v7e-m+fp/hard/libc.a(lib_a-readr.o)
 .debug_info    0x00000000000337ec       0x26 /usr/lib/gcc/arm-none-eabi/9.2.1/thumb/v7e-m+fp/hard/libgcc.a(_arm_addsubdf3.o)
 .debug_info    0x0000000000033812       0x26 /usr/lib/gcc/arm-none-eabi/9.2.1/thumb/v7e-m+fp/hard/libgcc.a(_arm_muldivdf3.o)
 .debug_info    0x0000000000033838       0x26 /usr/lib/gcc/arm-none-eabi/9.2.1/thumb/v7e-m+fp/hard/libgcc.a(_arm_cmpdf2.o)
 .debug_info    0x000000000003385e       0x26 /usr/lib/gcc/arm-none-eabi/9.2.1/thumb/v7e-m+fp/hard/libgcc.a(_arm_unorddf2.o)
 .debug_info    0x0000000000033884       0x26 /usr/lib/gcc/arm-none-eabi/9.2.1/thumb/v7e-m+fp/hard/libgcc.a(_arm_fixdfsi.o)
 .debug_info    0x00000000000338aa       0x26 /usr/lib/gcc/arm-none-eabi/9.2.1/thumb/v7e-m+fp/hard/libgcc.a(_aeabi_uldivmod.o)
 .debug_info    0x00000000000338d0      0xd7c /usr/lib/gcc/arm-none-eabi/9.2.1/thumb/v7e-m+fp/hard/libgcc.a(_udivmoddi4.o)
 .debug_info    0x000000000003464c       0x26 /usr/lib/gcc/arm-none-eabi/9.2.1/thumb/v7e-m+fp/hard/libgcc.a(_dvmd_tls.o)
 .debug_info    0x0000000000034672      0x96e /usr/lib/gcc/arm-none-eabi/9.2.1/../../../arm-none-eabi/lib/thumb/v7e-m+fp/hard/libnosys.a(close.o)
 .debug_info    0x0000000000034fe0      0xbb1 /usr/lib/gcc/arm-none-eabi/9.2.1/../../../arm-none-eabi/lib/thumb/v7e-m+fp/hard/libnosys.a(fstat.o)
 .debug_info    0x0000000000035b91      0x959 /usr/lib/gcc/arm-none-eabi/9.2.1/../../../arm-none-eabi/lib/thumb/v7e-m+fp/hard/libnosys.a(getpid.o)
 .debug_info    0x00000000000364ea      0x96e /usr/lib/gcc/arm-none-eabi/9.2.1/../../../arm-none-eabi/lib/thumb/v7e-m+fp/hard/libnosys.a(isatty.o)
 .debug_info    0x0000000000036e58      0x97c /usr/lib/gcc/arm-none-eabi/9.2.1/../../../arm-none-eabi/lib/thumb/v7e-m+fp/hard/libnosys.a(kill.o)
 .debug_info    0x00000000000377d4      0x990 /usr/lib/gcc/arm-none-eabi/9.2.1/../../../arm-none-eabi/lib/thumb/v7e-m+fp/hard/libnosys.a(lseek.o)
 .debug_info    0x0000000000038164      0x990 /usr/lib/gcc/arm-none-eabi/9.2.1/../../../arm-none-eabi/lib/thumb/v7e-m+fp/hard/libnosys.a(read.o)
 .debug_info    0x0000000000038af4       0x9d /usr/lib/gcc/arm-none-eabi/9.2.1/../../../arm-none-eabi/lib/thumb/v7e-m+fp/hard/libnosys.a(sbrk.o)
 .debug_info    0x0000000000038b91      0x990 /usr/lib/gcc/arm-none-eabi/9.2.1/../../../arm-none-eabi/lib/thumb/v7e-m+fp/hard/libnosys.a(write.o)
 .debug_info    0x0000000000039521       0xa3 /usr/lib/gcc/arm-none-eabi/9.2.1/../../../arm-none-eabi/lib/thumb/v7e-m+fp/hard/libnosys.a(_exit.o)

.debug_abbrev   0x0000000000000000     0xac5d
 .debug_abbrev  0x0000000000000000      0x1a7 sdram.o
 .debug_abbrev  0x00000000000001a7      0x1b0 clock.o
 .debug_abbrev  0x0000000000000357      0x248 console.o
 .debug_abbrev  0x000000000000059f      0x3ab lcd-spi.o
 .debug_abbrev  0x000000000000094a      0x43d gfx.o
 .debug_abbrev  0x0000000000000d87      0x3b2 labo4.o
 .debug_abbrev  0x0000000000001139      0x10c /home/juan/Documents/VIII_Semestre/Labo_Micros/opencm3/libopencm3-examples/libopencm3/lib/libopencm3_stm32f4.a(fmc_common_f47.o)
 .debug_abbrev  0x0000000000001245      0x116 /home/juan/Documents/VIII_Semestre/Labo_Micros/opencm3/libopencm3-examples/libopencm3/lib/libopencm3_stm32f4.a(gpio_common_all.o)
 .debug_abbrev  0x000000000000135b       0xbf /home/juan/Documents/VIII_Semestre/Labo_Micros/opencm3/libopencm3-examples/libopencm3/lib/libopencm3_stm32f4.a(gpio_common_f0234.o)
 .debug_abbrev  0x000000000000141a      0x1da /home/juan/Documents/VIII_Semestre/Labo_Micros/opencm3/libopencm3-examples/libopencm3/lib/libopencm3_stm32f4.a(rcc_common_all.o)
 .debug_abbrev  0x00000000000015f4      0x2d1 /home/juan/Documents/VIII_Semestre/Labo_Micros/opencm3/libopencm3-examples/libopencm3/lib/libopencm3_stm32f4.a(rcc.o)
 .debug_abbrev  0x00000000000018c5      0x244 /home/juan/Documents/VIII_Semestre/Labo_Micros/opencm3/libopencm3-examples/libopencm3/lib/libopencm3_stm32f4.a(spi_common_all.o)
 .debug_abbrev  0x0000000000001b09      0x13e /home/juan/Documents/VIII_Semestre/Labo_Micros/opencm3/libopencm3-examples/libopencm3/lib/libopencm3_stm32f4.a(spi_common_v1.o)
 .debug_abbrev  0x0000000000001c47      0x182 /home/juan/Documents/VIII_Semestre/Labo_Micros/opencm3/libopencm3-examples/libopencm3/lib/libopencm3_stm32f4.a(usart_common_all.o)
 .debug_abbrev  0x0000000000001dc9      0x15b /home/juan/Documents/VIII_Semestre/Labo_Micros/opencm3/libopencm3-examples/libopencm3/lib/libopencm3_stm32f4.a(vector.o)
 .debug_abbrev  0x0000000000001f24      0x155 /home/juan/Documents/VIII_Semestre/Labo_Micros/opencm3/libopencm3-examples/libopencm3/lib/libopencm3_stm32f4.a(systick.o)
 .debug_abbrev  0x0000000000002079      0x1f2 /home/juan/Documents/VIII_Semestre/Labo_Micros/opencm3/libopencm3-examples/libopencm3/lib/libopencm3_stm32f4.a(scb.o)
 .debug_abbrev  0x000000000000226b       0xb5 /home/juan/Documents/VIII_Semestre/Labo_Micros/opencm3/libopencm3-examples/libopencm3/lib/libopencm3_stm32f4.a(nvic.o)
 .debug_abbrev  0x0000000000002320       0x9a /home/juan/Documents/VIII_Semestre/Labo_Micros/opencm3/libopencm3-examples/libopencm3/lib/libopencm3_stm32f4.a(flash_common_all.o)
 .debug_abbrev  0x00000000000023ba       0x56 /home/juan/Documents/VIII_Semestre/Labo_Micros/opencm3/libopencm3-examples/libopencm3/lib/libopencm3_stm32f4.a(flash_common_idcache.o)
 .debug_abbrev  0x0000000000002410       0x9c /home/juan/Documents/VIII_Semestre/Labo_Micros/opencm3/libopencm3-examples/libopencm3/lib/libopencm3_stm32f4.a(pwr.o)
 .debug_abbrev  0x00000000000024ac      0x2b2 /usr/lib/gcc/arm-none-eabi/9.2.1/../../../arm-none-eabi/lib/thumb/v7e-m+fp/hard/libc.a(lib_a-sprintf.o)
 .debug_abbrev  0x000000000000275e      0x415 /usr/lib/gcc/arm-none-eabi/9.2.1/../../../arm-none-eabi/lib/thumb/v7e-m+fp/hard/libc.a(lib_a-svfprintf.o)
 .debug_abbrev  0x0000000000002b73      0x343 /usr/lib/gcc/arm-none-eabi/9.2.1/../../../arm-none-eabi/lib/thumb/v7e-m+fp/hard/libc.a(lib_a-dtoa.o)
 .debug_abbrev  0x0000000000002eb6      0x1b8 /usr/lib/gcc/arm-none-eabi/9.2.1/../../../arm-none-eabi/lib/thumb/v7e-m+fp/hard/libc.a(lib_a-impure.o)
 .debug_abbrev  0x000000000000306e      0x27d /usr/lib/gcc/arm-none-eabi/9.2.1/../../../arm-none-eabi/lib/thumb/v7e-m+fp/hard/libc.a(lib_a-localeconv.o)
 .debug_abbrev  0x00000000000032eb      0x321 /usr/lib/gcc/arm-none-eabi/9.2.1/../../../arm-none-eabi/lib/thumb/v7e-m+fp/hard/libc.a(lib_a-mallocr.o)
 .debug_abbrev  0x000000000000360c       0x14 /usr/lib/gcc/arm-none-eabi/9.2.1/../../../arm-none-eabi/lib/thumb/v7e-m+fp/hard/libc.a(lib_a-memchr.o)
 .debug_abbrev  0x0000000000003620       0x14 /usr/lib/gcc/arm-none-eabi/9.2.1/../../../arm-none-eabi/lib/thumb/v7e-m+fp/hard/libc.a(lib_a-memcpy.o)
 .debug_abbrev  0x0000000000003634      0x203 /usr/lib/gcc/arm-none-eabi/9.2.1/../../../arm-none-eabi/lib/thumb/v7e-m+fp/hard/libc.a(lib_a-mlock.o)
 .debug_abbrev  0x0000000000003837      0x4b7 /usr/lib/gcc/arm-none-eabi/9.2.1/../../../arm-none-eabi/lib/thumb/v7e-m+fp/hard/libc.a(lib_a-mprec.o)
 .debug_abbrev  0x0000000000003cee      0x250 /usr/lib/gcc/arm-none-eabi/9.2.1/../../../arm-none-eabi/lib/thumb/v7e-m+fp/hard/libc.a(lib_a-sbrkr.o)
 .debug_abbrev  0x0000000000003f3e       0x14 /usr/lib/gcc/arm-none-eabi/9.2.1/../../../arm-none-eabi/lib/thumb/v7e-m+fp/hard/libc.a(lib_a-strlen.o)
 .debug_abbrev  0x0000000000003f52      0x352 /usr/lib/gcc/arm-none-eabi/9.2.1/../../../arm-none-eabi/lib/thumb/v7e-m+fp/hard/libc.a(lib_a-svfiprintf.o)
 .debug_abbrev  0x00000000000042a4      0x23d /usr/lib/gcc/arm-none-eabi/9.2.1/../../../arm-none-eabi/lib/thumb/v7e-m+fp/hard/libc.a(lib_a-assert.o)
 .debug_abbrev  0x00000000000044e1      0x275 /usr/lib/gcc/arm-none-eabi/9.2.1/../../../arm-none-eabi/lib/thumb/v7e-m+fp/hard/libc.a(lib_a-callocr.o)
 .debug_abbrev  0x0000000000004756      0x255 /usr/lib/gcc/arm-none-eabi/9.2.1/../../../arm-none-eabi/lib/thumb/v7e-m+fp/hard/libc.a(lib_a-fiprintf.o)
 .debug_abbrev  0x00000000000049ab      0x2c9 /usr/lib/gcc/arm-none-eabi/9.2.1/../../../arm-none-eabi/lib/thumb/v7e-m+fp/hard/libc.a(lib_a-freer.o)
 .debug_abbrev  0x0000000000004c74      0x2e8 /usr/lib/gcc/arm-none-eabi/9.2.1/../../../arm-none-eabi/lib/thumb/v7e-m+fp/hard/libc.a(lib_a-locale.o)
 .debug_abbrev  0x0000000000004f5c      0x25f /usr/lib/gcc/arm-none-eabi/9.2.1/../../../arm-none-eabi/lib/thumb/v7e-m+fp/hard/libc.a(lib_a-mbtowc_r.o)
 .debug_abbrev  0x00000000000051bb      0x21c /usr/lib/gcc/arm-none-eabi/9.2.1/../../../arm-none-eabi/lib/thumb/v7e-m+fp/hard/libc.a(lib_a-memmove.o)
 .debug_abbrev  0x00000000000053d7      0x217 /usr/lib/gcc/arm-none-eabi/9.2.1/../../../arm-none-eabi/lib/thumb/v7e-m+fp/hard/libc.a(lib_a-memset.o)
 .debug_abbrev  0x00000000000055ee      0x2a8 /usr/lib/gcc/arm-none-eabi/9.2.1/../../../arm-none-eabi/lib/thumb/v7e-m+fp/hard/libc.a(lib_a-reallocr.o)
 .debug_abbrev  0x0000000000005896      0x2ba /usr/lib/gcc/arm-none-eabi/9.2.1/../../../arm-none-eabi/lib/thumb/v7e-m+fp/hard/libc.a(lib_a-reent.o)
 .debug_abbrev  0x0000000000005b50       0x14 /usr/lib/gcc/arm-none-eabi/9.2.1/../../../arm-none-eabi/lib/thumb/v7e-m+fp/hard/libc.a(lib_a-strcmp.o)
 .debug_abbrev  0x0000000000005b64      0x468 /usr/lib/gcc/arm-none-eabi/9.2.1/../../../arm-none-eabi/lib/thumb/v7e-m+fp/hard/libc.a(lib_a-vfiprintf.o)
 .debug_abbrev  0x0000000000005fcc      0x269 /usr/lib/gcc/arm-none-eabi/9.2.1/../../../arm-none-eabi/lib/thumb/v7e-m+fp/hard/libc.a(lib_a-wctomb_r.o)
 .debug_abbrev  0x0000000000006235      0x283 /usr/lib/gcc/arm-none-eabi/9.2.1/../../../arm-none-eabi/lib/thumb/v7e-m+fp/hard/libc.a(lib_a-wsetup.o)
 .debug_abbrev  0x00000000000064b8      0x20b /usr/lib/gcc/arm-none-eabi/9.2.1/../../../arm-none-eabi/lib/thumb/v7e-m+fp/hard/libc.a(lib_a-abort.o)
 .debug_abbrev  0x00000000000066c3      0x1b6 /usr/lib/gcc/arm-none-eabi/9.2.1/../../../arm-none-eabi/lib/thumb/v7e-m+fp/hard/libc.a(lib_a-ctype_.o)
 .debug_abbrev  0x0000000000006879      0x322 /usr/lib/gcc/arm-none-eabi/9.2.1/../../../arm-none-eabi/lib/thumb/v7e-m+fp/hard/libc.a(lib_a-fflush.o)
 .debug_abbrev  0x0000000000006b9b      0x425 /usr/lib/gcc/arm-none-eabi/9.2.1/../../../arm-none-eabi/lib/thumb/v7e-m+fp/hard/libc.a(lib_a-findfp.o)
 .debug_abbrev  0x0000000000006fc0      0x38c /usr/lib/gcc/arm-none-eabi/9.2.1/../../../arm-none-eabi/lib/thumb/v7e-m+fp/hard/libc.a(lib_a-fputwc.o)
 .debug_abbrev  0x000000000000734c      0x2ae /usr/lib/gcc/arm-none-eabi/9.2.1/../../../arm-none-eabi/lib/thumb/v7e-m+fp/hard/libc.a(lib_a-fvwrite.o)
 .debug_abbrev  0x00000000000075fa      0x24e /usr/lib/gcc/arm-none-eabi/9.2.1/../../../arm-none-eabi/lib/thumb/v7e-m+fp/hard/libc.a(lib_a-fwalk.o)
 .debug_abbrev  0x0000000000007848      0x334 /usr/lib/gcc/arm-none-eabi/9.2.1/../../../arm-none-eabi/lib/thumb/v7e-m+fp/hard/libc.a(lib_a-makebuf.o)
 .debug_abbrev  0x0000000000007b7c      0x36b /usr/lib/gcc/arm-none-eabi/9.2.1/../../../arm-none-eabi/lib/thumb/v7e-m+fp/hard/libc.a(lib_a-signal.o)
 .debug_abbrev  0x0000000000007ee7      0x255 /usr/lib/gcc/arm-none-eabi/9.2.1/../../../arm-none-eabi/lib/thumb/v7e-m+fp/hard/libc.a(lib_a-signalr.o)
 .debug_abbrev  0x000000000000813c      0x2ad /usr/lib/gcc/arm-none-eabi/9.2.1/../../../arm-none-eabi/lib/thumb/v7e-m+fp/hard/libc.a(lib_a-stdio.o)
 .debug_abbrev  0x00000000000083e9      0x2c3 /usr/lib/gcc/arm-none-eabi/9.2.1/../../../arm-none-eabi/lib/thumb/v7e-m+fp/hard/libc.a(lib_a-wbuf.o)
 .debug_abbrev  0x00000000000086ac      0x256 /usr/lib/gcc/arm-none-eabi/9.2.1/../../../arm-none-eabi/lib/thumb/v7e-m+fp/hard/libc.a(lib_a-wcrtomb.o)
 .debug_abbrev  0x0000000000008902      0x22a /usr/lib/gcc/arm-none-eabi/9.2.1/../../../arm-none-eabi/lib/thumb/v7e-m+fp/hard/libc.a(lib_a-writer.o)
 .debug_abbrev  0x0000000000008b2c      0x225 /usr/lib/gcc/arm-none-eabi/9.2.1/../../../arm-none-eabi/lib/thumb/v7e-m+fp/hard/libc.a(lib_a-closer.o)
 .debug_abbrev  0x0000000000008d51      0x327 /usr/lib/gcc/arm-none-eabi/9.2.1/../../../arm-none-eabi/lib/thumb/v7e-m+fp/hard/libc.a(lib_a-fclose.o)
 .debug_abbrev  0x0000000000009078      0x239 /usr/lib/gcc/arm-none-eabi/9.2.1/../../../arm-none-eabi/lib/thumb/v7e-m+fp/hard/libc.a(lib_a-fstatr.o)
 .debug_abbrev  0x00000000000092b1      0x225 /usr/lib/gcc/arm-none-eabi/9.2.1/../../../arm-none-eabi/lib/thumb/v7e-m+fp/hard/libc.a(lib_a-isattyr.o)
 .debug_abbrev  0x00000000000094d6      0x239 /usr/lib/gcc/arm-none-eabi/9.2.1/../../../arm-none-eabi/lib/thumb/v7e-m+fp/hard/libc.a(lib_a-lseekr.o)
 .debug_abbrev  0x000000000000970f      0x225 /usr/lib/gcc/arm-none-eabi/9.2.1/../../../arm-none-eabi/lib/thumb/v7e-m+fp/hard/libc.a(lib_a-readr.o)
 .debug_abbrev  0x0000000000009934       0x14 /usr/lib/gcc/arm-none-eabi/9.2.1/thumb/v7e-m+fp/hard/libgcc.a(_arm_addsubdf3.o)
 .debug_abbrev  0x0000000000009948       0x14 /usr/lib/gcc/arm-none-eabi/9.2.1/thumb/v7e-m+fp/hard/libgcc.a(_arm_muldivdf3.o)
 .debug_abbrev  0x000000000000995c       0x14 /usr/lib/gcc/arm-none-eabi/9.2.1/thumb/v7e-m+fp/hard/libgcc.a(_arm_cmpdf2.o)
 .debug_abbrev  0x0000000000009970       0x14 /usr/lib/gcc/arm-none-eabi/9.2.1/thumb/v7e-m+fp/hard/libgcc.a(_arm_unorddf2.o)
 .debug_abbrev  0x0000000000009984       0x14 /usr/lib/gcc/arm-none-eabi/9.2.1/thumb/v7e-m+fp/hard/libgcc.a(_arm_fixdfsi.o)
 .debug_abbrev  0x0000000000009998       0x14 /usr/lib/gcc/arm-none-eabi/9.2.1/thumb/v7e-m+fp/hard/libgcc.a(_aeabi_uldivmod.o)
 .debug_abbrev  0x00000000000099ac      0x1c2 /usr/lib/gcc/arm-none-eabi/9.2.1/thumb/v7e-m+fp/hard/libgcc.a(_udivmoddi4.o)
 .debug_abbrev  0x0000000000009b6e       0x14 /usr/lib/gcc/arm-none-eabi/9.2.1/thumb/v7e-m+fp/hard/libgcc.a(_dvmd_tls.o)
 .debug_abbrev  0x0000000000009b82      0x1ea /usr/lib/gcc/arm-none-eabi/9.2.1/../../../arm-none-eabi/lib/thumb/v7e-m+fp/hard/libnosys.a(close.o)
 .debug_abbrev  0x0000000000009d6c      0x1fd /usr/lib/gcc/arm-none-eabi/9.2.1/../../../arm-none-eabi/lib/thumb/v7e-m+fp/hard/libnosys.a(fstat.o)
 .debug_abbrev  0x0000000000009f69      0x1d6 /usr/lib/gcc/arm-none-eabi/9.2.1/../../../arm-none-eabi/lib/thumb/v7e-m+fp/hard/libnosys.a(getpid.o)
 .debug_abbrev  0x000000000000a13f      0x1ea /usr/lib/gcc/arm-none-eabi/9.2.1/../../../arm-none-eabi/lib/thumb/v7e-m+fp/hard/libnosys.a(isatty.o)
 .debug_abbrev  0x000000000000a329      0x1fb /usr/lib/gcc/arm-none-eabi/9.2.1/../../../arm-none-eabi/lib/thumb/v7e-m+fp/hard/libnosys.a(kill.o)
 .debug_abbrev  0x000000000000a524      0x20f /usr/lib/gcc/arm-none-eabi/9.2.1/../../../arm-none-eabi/lib/thumb/v7e-m+fp/hard/libnosys.a(lseek.o)
 .debug_abbrev  0x000000000000a733      0x20f /usr/lib/gcc/arm-none-eabi/9.2.1/../../../arm-none-eabi/lib/thumb/v7e-m+fp/hard/libnosys.a(read.o)
 .debug_abbrev  0x000000000000a942       0xa2 /usr/lib/gcc/arm-none-eabi/9.2.1/../../../arm-none-eabi/lib/thumb/v7e-m+fp/hard/libnosys.a(sbrk.o)
 .debug_abbrev  0x000000000000a9e4      0x20f /usr/lib/gcc/arm-none-eabi/9.2.1/../../../arm-none-eabi/lib/thumb/v7e-m+fp/hard/libnosys.a(write.o)
 .debug_abbrev  0x000000000000abf3       0x6a /usr/lib/gcc/arm-none-eabi/9.2.1/../../../arm-none-eabi/lib/thumb/v7e-m+fp/hard/libnosys.a(_exit.o)

.debug_loc      0x0000000000000000    0x177df
 .debug_loc     0x0000000000000000       0xde sdram.o
 .debug_loc     0x00000000000000de       0x3a clock.o
 .debug_loc     0x0000000000000118      0x1f3 console.o
 .debug_loc     0x000000000000030b      0x43f lcd-spi.o
 .debug_loc     0x000000000000074a     0x1692 gfx.o
 .debug_loc     0x0000000000001ddc      0x2b4 labo4.o
 .debug_loc     0x0000000000002090      0x590 /home/juan/Documents/VIII_Semestre/Labo_Micros/opencm3/libopencm3-examples/libopencm3/lib/libopencm3_stm32f4.a(fmc_common_f47.o)
 .debug_loc     0x0000000000002620       0xbe /home/juan/Documents/VIII_Semestre/Labo_Micros/opencm3/libopencm3-examples/libopencm3/lib/libopencm3_stm32f4.a(gpio_common_all.o)
 .debug_loc     0x00000000000026de      0x14d /home/juan/Documents/VIII_Semestre/Labo_Micros/opencm3/libopencm3-examples/libopencm3/lib/libopencm3_stm32f4.a(gpio_common_f0234.o)
 .debug_loc     0x000000000000282b      0x120 /home/juan/Documents/VIII_Semestre/Labo_Micros/opencm3/libopencm3-examples/libopencm3/lib/libopencm3_stm32f4.a(rcc_common_all.o)
 .debug_loc     0x000000000000294b      0x8c7 /home/juan/Documents/VIII_Semestre/Labo_Micros/opencm3/libopencm3-examples/libopencm3/lib/libopencm3_stm32f4.a(rcc.o)
 .debug_loc     0x0000000000003212      0x226 /home/juan/Documents/VIII_Semestre/Labo_Micros/opencm3/libopencm3-examples/libopencm3/lib/libopencm3_stm32f4.a(spi_common_all.o)
 .debug_loc     0x0000000000003438      0x149 /home/juan/Documents/VIII_Semestre/Labo_Micros/opencm3/libopencm3-examples/libopencm3/lib/libopencm3_stm32f4.a(spi_common_v1.o)
 .debug_loc     0x0000000000003581      0x206 /home/juan/Documents/VIII_Semestre/Labo_Micros/opencm3/libopencm3-examples/libopencm3/lib/libopencm3_stm32f4.a(usart_common_all.o)
 .debug_loc     0x0000000000003787      0x128 /home/juan/Documents/VIII_Semestre/Labo_Micros/opencm3/libopencm3-examples/libopencm3/lib/libopencm3_stm32f4.a(vector.o)
 .debug_loc     0x00000000000038af      0x192 /home/juan/Documents/VIII_Semestre/Labo_Micros/opencm3/libopencm3-examples/libopencm3/lib/libopencm3_stm32f4.a(systick.o)
 .debug_loc     0x0000000000003a41       0x25 /home/juan/Documents/VIII_Semestre/Labo_Micros/opencm3/libopencm3-examples/libopencm3/lib/libopencm3_stm32f4.a(scb.o)
 .debug_loc     0x0000000000003a66      0x14d /home/juan/Documents/VIII_Semestre/Labo_Micros/opencm3/libopencm3-examples/libopencm3/lib/libopencm3_stm32f4.a(nvic.o)
 .debug_loc     0x0000000000003bb3       0x47 /home/juan/Documents/VIII_Semestre/Labo_Micros/opencm3/libopencm3-examples/libopencm3/lib/libopencm3_stm32f4.a(flash_common_all.o)
 .debug_loc     0x0000000000003bfa       0x47 /home/juan/Documents/VIII_Semestre/Labo_Micros/opencm3/libopencm3-examples/libopencm3/lib/libopencm3_stm32f4.a(pwr.o)
 .debug_loc     0x0000000000003c41       0xc2 /usr/lib/gcc/arm-none-eabi/9.2.1/../../../arm-none-eabi/lib/thumb/v7e-m+fp/hard/libc.a(lib_a-sprintf.o)
 .debug_loc     0x0000000000003d03     0x33c5 /usr/lib/gcc/arm-none-eabi/9.2.1/../../../arm-none-eabi/lib/thumb/v7e-m+fp/hard/libc.a(lib_a-svfprintf.o)
 .debug_loc     0x00000000000070c8     0x305a /usr/lib/gcc/arm-none-eabi/9.2.1/../../../arm-none-eabi/lib/thumb/v7e-m+fp/hard/libc.a(lib_a-dtoa.o)
 .debug_loc     0x000000000000a122       0x6f /usr/lib/gcc/arm-none-eabi/9.2.1/../../../arm-none-eabi/lib/thumb/v7e-m+fp/hard/libc.a(lib_a-localeconv.o)
 .debug_loc     0x000000000000a191      0xf44 /usr/lib/gcc/arm-none-eabi/9.2.1/../../../arm-none-eabi/lib/thumb/v7e-m+fp/hard/libc.a(lib_a-mallocr.o)
 .debug_loc     0x000000000000b0d5     0x234e /usr/lib/gcc/arm-none-eabi/9.2.1/../../../arm-none-eabi/lib/thumb/v7e-m+fp/hard/libc.a(lib_a-mprec.o)
 .debug_loc     0x000000000000d423       0x6c /usr/lib/gcc/arm-none-eabi/9.2.1/../../../arm-none-eabi/lib/thumb/v7e-m+fp/hard/libc.a(lib_a-sbrkr.o)
 .debug_loc     0x000000000000d48f     0x1923 /usr/lib/gcc/arm-none-eabi/9.2.1/../../../arm-none-eabi/lib/thumb/v7e-m+fp/hard/libc.a(lib_a-svfiprintf.o)
 .debug_loc     0x000000000000edb2      0x15c /usr/lib/gcc/arm-none-eabi/9.2.1/../../../arm-none-eabi/lib/thumb/v7e-m+fp/hard/libc.a(lib_a-assert.o)
 .debug_loc     0x000000000000ef0e      0x2d6 /usr/lib/gcc/arm-none-eabi/9.2.1/../../../arm-none-eabi/lib/thumb/v7e-m+fp/hard/libc.a(lib_a-callocr.o)
 .debug_loc     0x000000000000f1e4       0xa6 /usr/lib/gcc/arm-none-eabi/9.2.1/../../../arm-none-eabi/lib/thumb/v7e-m+fp/hard/libc.a(lib_a-fiprintf.o)
 .debug_loc     0x000000000000f28a      0x6f8 /usr/lib/gcc/arm-none-eabi/9.2.1/../../../arm-none-eabi/lib/thumb/v7e-m+fp/hard/libc.a(lib_a-freer.o)
 .debug_loc     0x000000000000f982      0x189 /usr/lib/gcc/arm-none-eabi/9.2.1/../../../arm-none-eabi/lib/thumb/v7e-m+fp/hard/libc.a(lib_a-locale.o)
 .debug_loc     0x000000000000fb0b      0x21d /usr/lib/gcc/arm-none-eabi/9.2.1/../../../arm-none-eabi/lib/thumb/v7e-m+fp/hard/libc.a(lib_a-mbtowc_r.o)
 .debug_loc     0x000000000000fd28      0x2f1 /usr/lib/gcc/arm-none-eabi/9.2.1/../../../arm-none-eabi/lib/thumb/v7e-m+fp/hard/libc.a(lib_a-memmove.o)
 .debug_loc     0x0000000000010019      0x231 /usr/lib/gcc/arm-none-eabi/9.2.1/../../../arm-none-eabi/lib/thumb/v7e-m+fp/hard/libc.a(lib_a-memset.o)
 .debug_loc     0x000000000001024a     0x12c8 /usr/lib/gcc/arm-none-eabi/9.2.1/../../../arm-none-eabi/lib/thumb/v7e-m+fp/hard/libc.a(lib_a-reallocr.o)
 .debug_loc     0x0000000000011512      0x152 /usr/lib/gcc/arm-none-eabi/9.2.1/../../../arm-none-eabi/lib/thumb/v7e-m+fp/hard/libc.a(lib_a-reent.o)
 .debug_loc     0x0000000000011664     0x25f3 /usr/lib/gcc/arm-none-eabi/9.2.1/../../../arm-none-eabi/lib/thumb/v7e-m+fp/hard/libc.a(lib_a-vfiprintf.o)
 .debug_loc     0x0000000000013c57      0x13a /usr/lib/gcc/arm-none-eabi/9.2.1/../../../arm-none-eabi/lib/thumb/v7e-m+fp/hard/libc.a(lib_a-wctomb_r.o)
 .debug_loc     0x0000000000013d91       0xba /usr/lib/gcc/arm-none-eabi/9.2.1/../../../arm-none-eabi/lib/thumb/v7e-m+fp/hard/libc.a(lib_a-wsetup.o)
 .debug_loc     0x0000000000013e4b      0x334 /usr/lib/gcc/arm-none-eabi/9.2.1/../../../arm-none-eabi/lib/thumb/v7e-m+fp/hard/libc.a(lib_a-fflush.o)
 .debug_loc     0x000000000001417f      0x32c /usr/lib/gcc/arm-none-eabi/9.2.1/../../../arm-none-eabi/lib/thumb/v7e-m+fp/hard/libc.a(lib_a-findfp.o)
 .debug_loc     0x00000000000144ab      0x3cc /usr/lib/gcc/arm-none-eabi/9.2.1/../../../arm-none-eabi/lib/thumb/v7e-m+fp/hard/libc.a(lib_a-fputwc.o)
 .debug_loc     0x0000000000014877      0x669 /usr/lib/gcc/arm-none-eabi/9.2.1/../../../arm-none-eabi/lib/thumb/v7e-m+fp/hard/libc.a(lib_a-fvwrite.o)
 .debug_loc     0x0000000000014ee0      0x24f /usr/lib/gcc/arm-none-eabi/9.2.1/../../../arm-none-eabi/lib/thumb/v7e-m+fp/hard/libc.a(lib_a-fwalk.o)
 .debug_loc     0x000000000001512f      0x192 /usr/lib/gcc/arm-none-eabi/9.2.1/../../../arm-none-eabi/lib/thumb/v7e-m+fp/hard/libc.a(lib_a-makebuf.o)
 .debug_loc     0x00000000000152c1      0x560 /usr/lib/gcc/arm-none-eabi/9.2.1/../../../arm-none-eabi/lib/thumb/v7e-m+fp/hard/libc.a(lib_a-signal.o)
 .debug_loc     0x0000000000015821       0xd0 /usr/lib/gcc/arm-none-eabi/9.2.1/../../../arm-none-eabi/lib/thumb/v7e-m+fp/hard/libc.a(lib_a-signalr.o)
 .debug_loc     0x00000000000158f1      0x393 /usr/lib/gcc/arm-none-eabi/9.2.1/../../../arm-none-eabi/lib/thumb/v7e-m+fp/hard/libc.a(lib_a-stdio.o)
 .debug_loc     0x0000000000015c84      0x1b0 /usr/lib/gcc/arm-none-eabi/9.2.1/../../../arm-none-eabi/lib/thumb/v7e-m+fp/hard/libc.a(lib_a-wbuf.o)
 .debug_loc     0x0000000000015e34      0x2b1 /usr/lib/gcc/arm-none-eabi/9.2.1/../../../arm-none-eabi/lib/thumb/v7e-m+fp/hard/libc.a(lib_a-wcrtomb.o)
 .debug_loc     0x00000000000160e5       0xdd /usr/lib/gcc/arm-none-eabi/9.2.1/../../../arm-none-eabi/lib/thumb/v7e-m+fp/hard/libc.a(lib_a-writer.o)
 .debug_loc     0x00000000000161c2       0x6c /usr/lib/gcc/arm-none-eabi/9.2.1/../../../arm-none-eabi/lib/thumb/v7e-m+fp/hard/libc.a(lib_a-closer.o)
 .debug_loc     0x000000000001622e      0x179 /usr/lib/gcc/arm-none-eabi/9.2.1/../../../arm-none-eabi/lib/thumb/v7e-m+fp/hard/libc.a(lib_a-fclose.o)
 .debug_loc     0x00000000000163a7       0xab /usr/lib/gcc/arm-none-eabi/9.2.1/../../../arm-none-eabi/lib/thumb/v7e-m+fp/hard/libc.a(lib_a-fstatr.o)
 .debug_loc     0x0000000000016452       0x6c /usr/lib/gcc/arm-none-eabi/9.2.1/../../../arm-none-eabi/lib/thumb/v7e-m+fp/hard/libc.a(lib_a-isattyr.o)
 .debug_loc     0x00000000000164be       0xdd /usr/lib/gcc/arm-none-eabi/9.2.1/../../../arm-none-eabi/lib/thumb/v7e-m+fp/hard/libc.a(lib_a-lseekr.o)
 .debug_loc     0x000000000001659b       0xdd /usr/lib/gcc/arm-none-eabi/9.2.1/../../../arm-none-eabi/lib/thumb/v7e-m+fp/hard/libc.a(lib_a-readr.o)
 .debug_loc     0x0000000000016678      0xfa2 /usr/lib/gcc/arm-none-eabi/9.2.1/thumb/v7e-m+fp/hard/libgcc.a(_udivmoddi4.o)
 .debug_loc     0x000000000001761a       0x25 /usr/lib/gcc/arm-none-eabi/9.2.1/../../../arm-none-eabi/lib/thumb/v7e-m+fp/hard/libnosys.a(close.o)
 .debug_loc     0x000000000001763f       0x25 /usr/lib/gcc/arm-none-eabi/9.2.1/../../../arm-none-eabi/lib/thumb/v7e-m+fp/hard/libnosys.a(fstat.o)
 .debug_loc     0x0000000000017664       0x25 /usr/lib/gcc/arm-none-eabi/9.2.1/../../../arm-none-eabi/lib/thumb/v7e-m+fp/hard/libnosys.a(isatty.o)
 .debug_loc     0x0000000000017689       0x25 /usr/lib/gcc/arm-none-eabi/9.2.1/../../../arm-none-eabi/lib/thumb/v7e-m+fp/hard/libnosys.a(kill.o)
 .debug_loc     0x00000000000176ae       0x4a /usr/lib/gcc/arm-none-eabi/9.2.1/../../../arm-none-eabi/lib/thumb/v7e-m+fp/hard/libnosys.a(lseek.o)
 .debug_loc     0x00000000000176f8       0x4a /usr/lib/gcc/arm-none-eabi/9.2.1/../../../arm-none-eabi/lib/thumb/v7e-m+fp/hard/libnosys.a(read.o)
 .debug_loc     0x0000000000017742       0x3e /usr/lib/gcc/arm-none-eabi/9.2.1/../../../arm-none-eabi/lib/thumb/v7e-m+fp/hard/libnosys.a(sbrk.o)
 .debug_loc     0x0000000000017780       0x4a /usr/lib/gcc/arm-none-eabi/9.2.1/../../../arm-none-eabi/lib/thumb/v7e-m+fp/hard/libnosys.a(write.o)
 .debug_loc     0x00000000000177ca       0x15 /usr/lib/gcc/arm-none-eabi/9.2.1/../../../arm-none-eabi/lib/thumb/v7e-m+fp/hard/libnosys.a(_exit.o)

.debug_aranges  0x0000000000000000     0x1080
 .debug_aranges
                0x0000000000000000       0x20 sdram.o
 .debug_aranges
                0x0000000000000020       0x38 clock.o
 .debug_aranges
                0x0000000000000058       0x48 console.o
 .debug_aranges
                0x00000000000000a0       0x40 lcd-spi.o
 .debug_aranges
                0x00000000000000e0       0xf8 gfx.o
 .debug_aranges
                0x00000000000001d8       0x28 labo4.o
 .debug_aranges
                0x0000000000000200       0x28 /home/juan/Documents/VIII_Semestre/Labo_Micros/opencm3/libopencm3-examples/libopencm3/lib/libopencm3_stm32f4.a(fmc_common_f47.o)
 .debug_aranges
                0x0000000000000228       0x50 /home/juan/Documents/VIII_Semestre/Labo_Micros/opencm3/libopencm3-examples/libopencm3/lib/libopencm3_stm32f4.a(gpio_common_all.o)
 .debug_aranges
                0x0000000000000278       0x30 /home/juan/Documents/VIII_Semestre/Labo_Micros/opencm3/libopencm3-examples/libopencm3/lib/libopencm3_stm32f4.a(gpio_common_f0234.o)
 .debug_aranges
                0x00000000000002a8       0x60 /home/juan/Documents/VIII_Semestre/Labo_Micros/opencm3/libopencm3-examples/libopencm3/lib/libopencm3_stm32f4.a(rcc_common_all.o)
 .debug_aranges
                0x0000000000000308      0x110 /home/juan/Documents/VIII_Semestre/Labo_Micros/opencm3/libopencm3-examples/libopencm3/lib/libopencm3_stm32f4.a(rcc.o)
 .debug_aranges
                0x0000000000000418      0x178 /home/juan/Documents/VIII_Semestre/Labo_Micros/opencm3/libopencm3-examples/libopencm3/lib/libopencm3_stm32f4.a(spi_common_all.o)
 .debug_aranges
                0x0000000000000590       0x30 /home/juan/Documents/VIII_Semestre/Labo_Micros/opencm3/libopencm3-examples/libopencm3/lib/libopencm3_stm32f4.a(spi_common_v1.o)
 .debug_aranges
                0x00000000000005c0       0xd8 /home/juan/Documents/VIII_Semestre/Labo_Micros/opencm3/libopencm3-examples/libopencm3/lib/libopencm3_stm32f4.a(usart_common_all.o)
 .debug_aranges
                0x0000000000000698       0x30 /home/juan/Documents/VIII_Semestre/Labo_Micros/opencm3/libopencm3-examples/libopencm3/lib/libopencm3_stm32f4.a(vector.o)
 .debug_aranges
                0x00000000000006c8       0x78 /home/juan/Documents/VIII_Semestre/Labo_Micros/opencm3/libopencm3-examples/libopencm3/lib/libopencm3_stm32f4.a(systick.o)
 .debug_aranges
                0x0000000000000740       0x30 /home/juan/Documents/VIII_Semestre/Labo_Micros/opencm3/libopencm3-examples/libopencm3/lib/libopencm3_stm32f4.a(scb.o)
 .debug_aranges
                0x0000000000000770       0x60 /home/juan/Documents/VIII_Semestre/Labo_Micros/opencm3/libopencm3-examples/libopencm3/lib/libopencm3_stm32f4.a(nvic.o)
 .debug_aranges
                0x00000000000007d0       0x38 /home/juan/Documents/VIII_Semestre/Labo_Micros/opencm3/libopencm3-examples/libopencm3/lib/libopencm3_stm32f4.a(flash_common_all.o)
 .debug_aranges
                0x0000000000000808       0x48 /home/juan/Documents/VIII_Semestre/Labo_Micros/opencm3/libopencm3-examples/libopencm3/lib/libopencm3_stm32f4.a(flash_common_idcache.o)
 .debug_aranges
                0x0000000000000850       0x20 /home/juan/Documents/VIII_Semestre/Labo_Micros/opencm3/libopencm3-examples/libopencm3/lib/libopencm3_stm32f4.a(pwr.o)
 .debug_aranges